layer at (0,0) size 800x600
  RenderView at (0,0) size 800x600
layer at (0,0) size 800x600
  RenderBlock {HTML} at (0,0) size 800x600
    RenderBody {BODY} at (8,8) size 784x584
      RenderFieldSet {FIELDSET} at (2,0) size 780x361 [border: (2px groove #C0C0C0)]
        RenderBlock {DIV} at (14,7) size 752x342
          RenderInline {DIV} at (0,0) size 122x18
            RenderInline {DIV} at (0,0) size 122x18
              RenderText {#text} at (0,0) size 0x0
              RenderInline {A} at (0,0) size 50x18 [color=#0000EE]
                RenderImage {IMG} at (0,0) size 50x34
              RenderText {#text} at (50,20) size 4x18
                text run at (50,20) width 4: " "
              RenderBlock {INPUT} at (58,22) size 12x12
              RenderInline {LABEL} at (0,0) size 45x18
                RenderText {#text} at (73,20) size 45x18
                  text run at (73,20) width 45: "Classic"
              RenderText {#text} at (118,20) size 4x18
                text run at (118,20) width 4: " "
          RenderText {#text} at (0,0) size 0x0
          RenderInline {DIV} at (0,0) size 117x18
            RenderInline {DIV} at (0,0) size 117x18
              RenderText {#text} at (0,0) size 0x0
              RenderInline {A} at (0,0) size 50x18 [color=#0000EE]
                RenderImage {IMG} at (122,0) size 50x34
              RenderText {#text} at (172,20) size 4x18
                text run at (172,20) width 4: " "
              RenderBlock {INPUT} at (180,22) size 12x12
              RenderInline {LABEL} at (0,0) size 40x18
                RenderText {#text} at (195,20) size 40x18
                  text run at (195,20) width 40: "Africa"
              RenderText {#text} at (235,20) size 4x18
                text run at (235,20) width 4: " "
          RenderText {#text} at (0,0) size 0x0
          RenderInline {DIV} at (0,0) size 202x18
            RenderInline {DIV} at (0,0) size 202x18
              RenderText {#text} at (0,0) size 0x0
              RenderInline {A} at (0,0) size 50x18 [color=#0000EE]
                RenderImage {IMG} at (239,0) size 50x34
              RenderText {#text} at (289,20) size 4x18
                text run at (289,20) width 4: " "
              RenderBlock {INPUT} at (297,22) size 12x12
              RenderInline {LABEL} at (0,0) size 125x18
                RenderText {#text} at (312,20) size 125x18
                  text run at (312,20) width 125: "Alexander's Empire"
              RenderText {#text} at (437,20) size 4x18
                text run at (437,20) width 4: " "
          RenderText {#text} at (0,0) size 0x0
          RenderInline {DIV} at (0,0) size 176x18
            RenderInline {DIV} at (0,0) size 176x18
              RenderText {#text} at (0,0) size 0x0
              RenderInline {A} at (0,0) size 50x18 [color=#0000EE]
                RenderImage {IMG} at (441,0) size 50x34
              RenderText {#text} at (491,20) size 4x18
                text run at (491,20) width 4: " "
              RenderBlock {INPUT} at (499,22) size 12x12
              RenderInline {LABEL} at (0,0) size 99x18
                RenderText {#text} at (514,20) size 99x18
                  text run at (514,20) width 99: "Ancient Greece"
              RenderText {#text} at (613,20) size 4x18
                text run at (613,20) width 4: " "
          RenderText {#text} at (0,0) size 0x0
          RenderInline {DIV} at (0,0) size 118x18
            RenderInline {DIV} at (0,0) size 118x18
              RenderText {#text} at (0,0) size 0x0
              RenderInline {A} at (0,0) size 50x18 [color=#0000EE]
                RenderImage {IMG} at (617,0) size 50x34
              RenderText {#text} at (667,20) size 4x18
                text run at (667,20) width 4: " "
              RenderBlock {INPUT} at (675,22) size 12x12
              RenderInline {LABEL} at (0,0) size 45x18
                RenderText {#text} at (690,20) size 45x18
                  text run at (690,20) width 45: "Classic"
              RenderText {#text} at (0,0) size 0x0
          RenderText {#text} at (0,0) size 0x0
          RenderInline {DIV} at (0,0) size 117x18
            RenderInline {DIV} at (0,0) size 117x18
              RenderText {#text} at (0,0) size 0x0
              RenderInline {A} at (0,0) size 50x18 [color=#0000EE]
                RenderImage {IMG} at (0,38) size 50x34
              RenderText {#text} at (50,58) size 4x18
                text run at (50,58) width 4: " "
              RenderBlock {INPUT} at (58,60) size 12x12
              RenderInline {LABEL} at (0,0) size 40x18
                RenderText {#text} at (73,58) size 40x18
                  text run at (73,58) width 40: "Africa"
              RenderText {#text} at (113,58) size 4x18
                text run at (113,58) width 4: " "
          RenderText {#text} at (0,0) size 0x0
          RenderInline {DIV} at (0,0) size 202x18
            RenderInline {DIV} at (0,0) size 202x18
              RenderText {#text} at (0,0) size 0x0
              RenderInline {A} at (0,0) size 50x18 [color=#0000EE]
                RenderImage {IMG} at (117,38) size 50x34
              RenderText {#text} at (167,58) size 4x18
                text run at (167,58) width 4: " "
              RenderBlock {INPUT} at (175,60) size 12x12
              RenderInline {LABEL} at (0,0) size 125x18
                RenderText {#text} at (190,58) size 125x18
                  text run at (190,58) width 125: "Alexander's Empire"
              RenderText {#text} at (315,58) size 4x18
                text run at (315,58) width 4: " "
          RenderText {#text} at (0,0) size 0x0
          RenderInline {DIV} at (0,0) size 176x18
            RenderInline {DIV} at (0,0) size 176x18
              RenderText {#text} at (0,0) size 0x0
              RenderInline {A} at (0,0) size 50x18 [color=#0000EE]
                RenderImage {IMG} at (319,38) size 50x34
              RenderText {#text} at (369,58) size 4x18
                text run at (369,58) width 4: " "
              RenderBlock {INPUT} at (377,60) size 12x12
              RenderInline {LABEL} at (0,0) size 99x18
                RenderText {#text} at (392,58) size 99x18
                  text run at (392,58) width 99: "Ancient Greece"
              RenderText {#text} at (491,58) size 4x18
                text run at (491,58) width 4: " "
          RenderText {#text} at (0,0) size 0x0
          RenderInline {DIV} at (0,0) size 122x18
            RenderInline {DIV} at (0,0) size 122x18
              RenderText {#text} at (0,0) size 0x0
              RenderInline {A} at (0,0) size 50x18 [color=#0000EE]
                RenderImage {IMG} at (495,38) size 50x34
              RenderText {#text} at (545,58) size 4x18
                text run at (545,58) width 4: " "
              RenderBlock {INPUT} at (553,60) size 12x12
              RenderInline {LABEL} at (0,0) size 45x18
                RenderText {#text} at (568,58) size 45x18
                  text run at (568,58) width 45: "Classic"
              RenderText {#text} at (613,58) size 4x18
                text run at (613,58) width 4: " "
          RenderText {#text} at (0,0) size 0x0
          RenderInline {DIV} at (0,0) size 113x18
            RenderInline {DIV} at (0,0) size 113x18
              RenderText {#text} at (0,0) size 0x0
              RenderInline {A} at (0,0) size 50x18 [color=#0000EE]
                RenderImage {IMG} at (617,38) size 50x34
              RenderText {#text} at (667,58) size 4x18
                text run at (667,58) width 4: " "
              RenderBlock {INPUT} at (675,60) size 12x12
              RenderInline {LABEL} at (0,0) size 40x18
                RenderText {#text} at (690,58) size 40x18
                  text run at (690,58) width 40: "Africa"
              RenderText {#text} at (0,0) size 0x0
          RenderText {#text} at (0,0) size 0x0
          RenderInline {DIV} at (0,0) size 202x18
            RenderInline {DIV} at (0,0) size 202x18
              RenderText {#text} at (0,0) size 0x0
              RenderInline {A} at (0,0) size 50x18 [color=#0000EE]
                RenderImage {IMG} at (0,76) size 50x34
              RenderText {#text} at (50,96) size 4x18
                text run at (50,96) width 4: " "
              RenderBlock {INPUT} at (58,98) size 12x12
              RenderInline {LABEL} at (0,0) size 125x18
                RenderText {#text} at (73,96) size 125x18
                  text run at (73,96) width 125: "Alexander's Empire"
              RenderText {#text} at (198,96) size 4x18
                text run at (198,96) width 4: " "
          RenderText {#text} at (0,0) size 0x0
          RenderInline {DIV} at (0,0) size 176x18
            RenderInline {DIV} at (0,0) size 176x18
              RenderText {#text} at (0,0) size 0x0
              RenderInline {A} at (0,0) size 50x18 [color=#0000EE]
                RenderImage {IMG} at (202,76) size 50x34
              RenderText {#text} at (252,96) size 4x18
                text run at (252,96) width 4: " "
              RenderBlock {INPUT} at (260,98) size 12x12
              RenderInline {LABEL} at (0,0) size 99x18
                RenderText {#text} at (275,96) size 99x18
                  text run at (275,96) width 99: "Ancient Greece"
              RenderText {#text} at (374,96) size 4x18
                text run at (374,96) width 4: " "
          RenderText {#text} at (0,0) size 0x0
          RenderInline {DIV} at (0,0) size 122x18
            RenderInline {DIV} at (0,0) size 122x18
              RenderText {#text} at (0,0) size 0x0
              RenderInline {A} at (0,0) size 50x18 [color=#0000EE]
                RenderImage {IMG} at (378,76) size 50x34
              RenderText {#text} at (428,96) size 4x18
                text run at (428,96) width 4: " "
              RenderBlock {INPUT} at (436,98) size 12x12
              RenderInline {LABEL} at (0,0) size 45x18
                RenderText {#text} at (451,96) size 45x18
                  text run at (451,96) width 45: "Classic"
              RenderText {#text} at (496,96) size 4x18
                text run at (496,96) width 4: " "
          RenderText {#text} at (0,0) size 0x0
          RenderInline {DIV} at (0,0) size 113x18
            RenderInline {DIV} at (0,0) size 113x18
              RenderText {#text} at (0,0) size 0x0
              RenderInline {A} at (0,0) size 50x18 [color=#0000EE]
                RenderImage {IMG} at (500,76) size 50x34
              RenderText {#text} at (550,96) size 4x18
                text run at (550,96) width 4: " "
              RenderBlock {INPUT} at (558,98) size 12x12
              RenderInline {LABEL} at (0,0) size 40x18
                RenderText {#text} at (573,96) size 40x18
                  text run at (573,96) width 40: "Africa"
              RenderText {#text} at (0,0) size 0x0
          RenderText {#text} at (0,0) size 0x0
          RenderInline {DIV} at (0,0) size 202x18
            RenderInline {DIV} at (0,0) size 202x18
              RenderText {#text} at (0,0) size 0x0
              RenderInline {A} at (0,0) size 50x18 [color=#0000EE]
                RenderImage {IMG} at (0,114) size 50x34
              RenderText {#text} at (50,134) size 4x18
                text run at (50,134) width 4: " "
              RenderBlock {INPUT} at (58,136) size 12x12
              RenderInline {LABEL} at (0,0) size 125x18
                RenderText {#text} at (73,134) size 125x18
                  text run at (73,134) width 125: "Alexander's Empire"
              RenderText {#text} at (198,134) size 4x18
                text run at (198,134) width 4: " "
          RenderText {#text} at (0,0) size 0x0
          RenderInline {DIV} at (0,0) size 176x18
            RenderInline {DIV} at (0,0) size 176x18
              RenderText {#text} at (0,0) size 0x0
              RenderInline {A} at (0,0) size 50x18 [color=#0000EE]
                RenderImage {IMG} at (202,114) size 50x34
              RenderText {#text} at (252,134) size 4x18
                text run at (252,134) width 4: " "
              RenderBlock {INPUT} at (260,136) size 12x12
              RenderInline {LABEL} at (0,0) size 99x18
                RenderText {#text} at (275,134) size 99x18
                  text run at (275,134) width 99: "Ancient Greece"
              RenderText {#text} at (374,134) size 4x18
                text run at (374,134) width 4: " "
          RenderText {#text} at (0,0) size 0x0
          RenderInline {DIV} at (0,0) size 122x18
            RenderInline {DIV} at (0,0) size 122x18
              RenderText {#text} at (0,0) size 0x0
              RenderInline {A} at (0,0) size 50x18 [color=#0000EE]
                RenderImage {IMG} at (378,114) size 50x34
              RenderText {#text} at (428,134) size 4x18
                text run at (428,134) width 4: " "
              RenderBlock {INPUT} at (436,136) size 12x12
              RenderInline {LABEL} at (0,0) size 45x18
                RenderText {#text} at (451,134) size 45x18
                  text run at (451,134) width 45: "Classic"
              RenderText {#text} at (496,134) size 4x18
                text run at (496,134) width 4: " "
          RenderText {#text} at (0,0) size 0x0
          RenderInline {DIV} at (0,0) size 113x18
            RenderInline {DIV} at (0,0) size 113x18
              RenderText {#text} at (0,0) size 0x0
              RenderInline {A} at (0,0) size 50x18 [color=#0000EE]
                RenderImage {IMG} at (500,114) size 50x34
              RenderText {#text} at (550,134) size 4x18
                text run at (550,134) width 4: " "
              RenderBlock {INPUT} at (558,136) size 12x12
              RenderInline {LABEL} at (0,0) size 40x18
                RenderText {#text} at (573,134) size 40x18
                  text run at (573,134) width 40: "Africa"
              RenderText {#text} at (0,0) size 0x0
          RenderText {#text} at (0,0) size 0x0
          RenderInline {DIV} at (0,0) size 202x18
            RenderInline {DIV} at (0,0) size 202x18
              RenderText {#text} at (0,0) size 0x0
              RenderInline {A} at (0,0) size 50x18 [color=#0000EE]
                RenderImage {IMG} at (0,152) size 50x34
              RenderText {#text} at (50,172) size 4x18
                text run at (50,172) width 4: " "
              RenderBlock {INPUT} at (58,174) size 12x12
              RenderInline {LABEL} at (0,0) size 125x18
                RenderText {#text} at (73,172) size 125x18
                  text run at (73,172) width 125: "Alexander's Empire"
              RenderText {#text} at (198,172) size 4x18
                text run at (198,172) width 4: " "
          RenderText {#text} at (0,0) size 0x0
          RenderInline {DIV} at (0,0) size 176x18
            RenderInline {DIV} at (0,0) size 176x18
              RenderText {#text} at (0,0) size 0x0
              RenderInline {A} at (0,0) size 50x18 [color=#0000EE]
                RenderImage {IMG} at (202,152) size 50x34
              RenderText {#text} at (252,172) size 4x18
                text run at (252,172) width 4: " "
              RenderBlock {INPUT} at (260,174) size 12x12
              RenderInline {LABEL} at (0,0) size 99x18
                RenderText {#text} at (275,172) size 99x18
                  text run at (275,172) width 99: "Ancient Greece"
              RenderText {#text} at (374,172) size 4x18
                text run at (374,172) width 4: " "
          RenderText {#text} at (0,0) size 0x0
          RenderInline {DIV} at (0,0) size 122x18
            RenderInline {DIV} at (0,0) size 122x18
              RenderText {#text} at (0,0) size 0x0
              RenderInline {A} at (0,0) size 50x18 [color=#0000EE]
                RenderImage {IMG} at (378,152) size 50x34
              RenderText {#text} at (428,172) size 4x18
                text run at (428,172) width 4: " "
              RenderBlock {INPUT} at (436,174) size 12x12
              RenderInline {LABEL} at (0,0) size 45x18
                RenderText {#text} at (451,172) size 45x18
                  text run at (451,172) width 45: "Classic"
              RenderText {#text} at (496,172) size 4x18
                text run at (496,172) width 4: " "
          RenderText {#text} at (0,0) size 0x0
          RenderInline {DIV} at (0,0) size 113x18
            RenderInline {DIV} at (0,0) size 113x18
              RenderText {#text} at (0,0) size 0x0
              RenderInline {A} at (0,0) size 50x18 [color=#0000EE]
                RenderImage {IMG} at (500,152) size 50x34
              RenderText {#text} at (550,172) size 4x18
                text run at (550,172) width 4: " "
              RenderBlock {INPUT} at (558,174) size 12x12
              RenderInline {LABEL} at (0,0) size 40x18
                RenderText {#text} at (573,172) size 40x18
                  text run at (573,172) width 40: "Africa"
              RenderText {#text} at (0,0) size 0x0
          RenderText {#text} at (0,0) size 0x0
          RenderInline {DIV} at (0,0) size 202x18
            RenderInline {DIV} at (0,0) size 202x18
              RenderText {#text} at (0,0) size 0x0
              RenderInline {A} at (0,0) size 50x18 [color=#0000EE]
                RenderImage {IMG} at (0,190) size 50x34
              RenderText {#text} at (50,210) size 4x18
                text run at (50,210) width 4: " "
              RenderBlock {INPUT} at (58,212) size 12x12
              RenderInline {LABEL} at (0,0) size 125x18
                RenderText {#text} at (73,210) size 125x18
                  text run at (73,210) width 125: "Alexander's Empire"
              RenderText {#text} at (198,210) size 4x18
                text run at (198,210) width 4: " "
          RenderText {#text} at (0,0) size 0x0
          RenderInline {DIV} at (0,0) size 176x18
            RenderInline {DIV} at (0,0) size 176x18
              RenderText {#text} at (0,0) size 0x0
              RenderInline {A} at (0,0) size 50x18 [color=#0000EE]
                RenderImage {IMG} at (202,190) size 50x34
              RenderText {#text} at (252,210) size 4x18
                text run at (252,210) width 4: " "
              RenderBlock {INPUT} at (260,212) size 12x12
              RenderInline {LABEL} at (0,0) size 99x18
                RenderText {#text} at (275,210) size 99x18
                  text run at (275,210) width 99: "Ancient Greece"
              RenderText {#text} at (374,210) size 4x18
                text run at (374,210) width 4: " "
          RenderText {#text} at (0,0) size 0x0
          RenderInline {DIV} at (0,0) size 122x18
            RenderInline {DIV} at (0,0) size 122x18
              RenderText {#text} at (0,0) size 0x0
              RenderInline {A} at (0,0) size 50x18 [color=#0000EE]
                RenderImage {IMG} at (378,190) size 50x34
              RenderText {#text} at (428,210) size 4x18
                text run at (428,210) width 4: " "
              RenderBlock {INPUT} at (436,212) size 12x12
              RenderInline {LABEL} at (0,0) size 45x18
                RenderText {#text} at (451,210) size 45x18
                  text run at (451,210) width 45: "Classic"
              RenderText {#text} at (496,210) size 4x18
                text run at (496,210) width 4: " "
          RenderText {#text} at (0,0) size 0x0
          RenderInline {DIV} at (0,0) size 113x18
            RenderInline {DIV} at (0,0) size 113x18
              RenderText {#text} at (0,0) size 0x0
              RenderInline {A} at (0,0) size 50x18 [color=#0000EE]
                RenderImage {IMG} at (500,190) size 50x34
              RenderText {#text} at (550,210) size 4x18
                text run at (550,210) width 4: " "
              RenderBlock {INPUT} at (558,212) size 12x12
              RenderInline {LABEL} at (0,0) size 40x18
                RenderText {#text} at (573,210) size 40x18
                  text run at (573,210) width 40: "Africa"
              RenderText {#text} at (0,0) size 0x0
          RenderText {#text} at (0,0) size 0x0
          RenderInline {DIV} at (0,0) size 202x18
            RenderInline {DIV} at (0,0) size 202x18
              RenderText {#text} at (0,0) size 0x0
              RenderInline {A} at (0,0) size 50x18 [color=#0000EE]
                RenderImage {IMG} at (0,228) size 50x34
              RenderText {#text} at (50,248) size 4x18
                text run at (50,248) width 4: " "
              RenderBlock {INPUT} at (58,250) size 12x12
              RenderInline {LABEL} at (0,0) size 125x18
                RenderText {#text} at (73,248) size 125x18
                  text run at (73,248) width 125: "Alexander's Empire"
              RenderText {#text} at (198,248) size 4x18
                text run at (198,248) width 4: " "
          RenderText {#text} at (0,0) size 0x0
          RenderInline {DIV} at (0,0) size 176x18
            RenderInline {DIV} at (0,0) size 176x18
              RenderText {#text} at (0,0) size 0x0
              RenderInline {A} at (0,0) size 50x18 [color=#0000EE]
                RenderImage {IMG} at (202,228) size 50x34
              RenderText {#text} at (252,248) size 4x18
                text run at (252,248) width 4: " "
              RenderBlock {INPUT} at (260,250) size 12x12
              RenderInline {LABEL} at (0,0) size 99x18
                RenderText {#text} at (275,248) size 99x18
                  text run at (275,248) width 99: "Ancient Greece"
              RenderText {#text} at (374,248) size 4x18
                text run at (374,248) width 4: " "
          RenderText {#text} at (0,0) size 0x0
          RenderInline {DIV} at (0,0) size 122x18
            RenderInline {DIV} at (0,0) size 122x18
              RenderText {#text} at (0,0) size 0x0
              RenderInline {A} at (0,0) size 50x18 [color=#0000EE]
                RenderImage {IMG} at (378,228) size 50x34
              RenderText {#text} at (428,248) size 4x18
                text run at (428,248) width 4: " "
              RenderBlock {INPUT} at (436,250) size 12x12
              RenderInline {LABEL} at (0,0) size 45x18
                RenderText {#text} at (451,248) size 45x18
                  text run at (451,248) width 45: "Classic"
              RenderText {#text} at (496,248) size 4x18
                text run at (496,248) width 4: " "
          RenderText {#text} at (0,0) size 0x0
          RenderInline {DIV} at (0,0) size 113x18
            RenderInline {DIV} at (0,0) size 113x18
              RenderText {#text} at (0,0) size 0x0
              RenderInline {A} at (0,0) size 50x18 [color=#0000EE]
                RenderImage {IMG} at (500,228) size 50x34
              RenderText {#text} at (550,248) size 4x18
                text run at (550,248) width 4: " "
              RenderBlock {INPUT} at (558,250) size 12x12
              RenderInline {LABEL} at (0,0) size 40x18
                RenderText {#text} at (573,248) size 40x18
                  text run at (573,248) width 40: "Africa"
              RenderText {#text} at (0,0) size 0x0
          RenderText {#text} at (0,0) size 0x0
          RenderInline {DIV} at (0,0) size 202x18
            RenderInline {DIV} at (0,0) size 202x18
              RenderText {#text} at (0,0) size 0x0
              RenderInline {A} at (0,0) size 50x18 [color=#0000EE]
                RenderImage {IMG} at (0,266) size 50x34
              RenderText {#text} at (50,286) size 4x18
                text run at (50,286) width 4: " "
              RenderBlock {INPUT} at (58,288) size 12x12
              RenderInline {LABEL} at (0,0) size 125x18
                RenderText {#text} at (73,286) size 125x18
                  text run at (73,286) width 125: "Alexander's Empire"
              RenderText {#text} at (198,286) size 4x18
                text run at (198,286) width 4: " "
          RenderText {#text} at (0,0) size 0x0
          RenderInline {DIV} at (0,0) size 176x18
            RenderInline {DIV} at (0,0) size 176x18
              RenderText {#text} at (0,0) size 0x0
              RenderInline {A} at (0,0) size 50x18 [color=#0000EE]
                RenderImage {IMG} at (202,266) size 50x34
              RenderText {#text} at (252,286) size 4x18
                text run at (252,286) width 4: " "
              RenderBlock {INPUT} at (260,288) size 12x12
              RenderInline {LABEL} at (0,0) size 99x18
                RenderText {#text} at (275,286) size 99x18
                  text run at (275,286) width 99: "Ancient Greece"
              RenderText {#text} at (374,286) size 4x18
                text run at (374,286) width 4: " "
          RenderText {#text} at (0,0) size 0x0
          RenderInline {DIV} at (0,0) size 122x18
            RenderInline {DIV} at (0,0) size 122x18
              RenderText {#text} at (0,0) size 0x0
              RenderInline {A} at (0,0) size 50x18 [color=#0000EE]
                RenderImage {IMG} at (378,266) size 50x34
              RenderText {#text} at (428,286) size 4x18
                text run at (428,286) width 4: " "
              RenderBlock {INPUT} at (436,288) size 12x12
              RenderInline {LABEL} at (0,0) size 45x18
                RenderText {#text} at (451,286) size 45x18
                  text run at (451,286) width 45: "Classic"
              RenderText {#text} at (496,286) size 4x18
                text run at (496,286) width 4: " "
          RenderText {#text} at (0,0) size 0x0
          RenderInline {DIV} at (0,0) size 113x18
            RenderInline {DIV} at (0,0) size 113x18
              RenderText {#text} at (0,0) size 0x0
              RenderInline {A} at (0,0) size 50x18 [color=#0000EE]
                RenderImage {IMG} at (500,266) size 50x34
              RenderText {#text} at (550,286) size 4x18
                text run at (550,286) width 4: " "
              RenderBlock {INPUT} at (558,288) size 12x12
              RenderInline {LABEL} at (0,0) size 40x18
                RenderText {#text} at (573,286) size 40x18
                  text run at (573,286) width 40: "Africa"
              RenderText {#text} at (0,0) size 0x0
          RenderText {#text} at (0,0) size 0x0
          RenderInline {DIV} at (0,0) size 202x18
            RenderInline {DIV} at (0,0) size 202x18
              RenderText {#text} at (0,0) size 0x0
              RenderInline {A} at (0,0) size 50x18 [color=#0000EE]
                RenderImage {IMG} at (0,304) size 50x34
              RenderText {#text} at (50,324) size 4x18
                text run at (50,324) width 4: " "
              RenderBlock {INPUT} at (58,326) size 12x12
              RenderInline {LABEL} at (0,0) size 125x18
                RenderText {#text} at (73,324) size 125x18
                  text run at (73,324) width 125: "Alexander's Empire"
              RenderText {#text} at (198,324) size 4x18
                text run at (198,324) width 4: " "
          RenderText {#text} at (0,0) size 0x0
          RenderInline {DIV} at (0,0) size 172x18
            RenderInline {DIV} at (0,0) size 172x18
              RenderText {#text} at (0,0) size 0x0
              RenderInline {A} at (0,0) size 50x18 [color=#0000EE]
                RenderImage {IMG} at (202,304) size 50x34
              RenderText {#text} at (252,324) size 4x18
                text run at (252,324) width 4: " "
              RenderBlock {INPUT} at (260,326) size 12x12
              RenderInline {LABEL} at (0,0) size 99x18
                RenderText {#text} at (275,324) size 99x18
                  text run at (275,324) width 99: "Ancient Greece"
              RenderText {#text} at (0,0) size 0x0
          RenderText {#text} at (0,0) size 0x0
