layer at (0,0) size 800x600
  LayoutView at (0,0) size 800x600
layer at (0,0) size 800x566
  LayoutBlockFlow {HTML} at (0,0) size 800x566
    LayoutBlockFlow {BODY} at (8,16) size 784x542
      LayoutBlockFlow {P} at (0,0) size 784x20
        LayoutText {#text} at (0,0) size 52x19
          text run at (0,0) width 52: "Test for "
        LayoutInline {A} at (0,0) size 49x19 [color=#0000EE]
          LayoutText {#text} at (51,0) size 49x19
            text run at (51,0) width 49: "101060"
        LayoutText {#text} at (99,0) size 492x19
          text run at (99,0) width 492: ": Fix the collapsing border code to handle mixed directionality at the row level"
      LayoutBlockFlow {P} at (0,36) size 784x20
        LayoutText {#text} at (0,0) size 613x19
          text run at (0,0) width 613: "This test checks that a table with dir=\"rtl\" and mixed directionality on the row works as expected."
      LayoutBlockFlow {P} at (0,72) size 784x40
        LayoutText {#text} at (0,0) size 769x39
          text run at (0,0) width 769: "The table below should render the same as one with dir=ltr, which has a green border all around except for the top-left cell"
          text run at (0,20) width 327: "which has a red left border and a green right border."
      LayoutTable {TABLE} at (0,128) size 210x414 [border: (1px solid #008000) (2px solid #FF0000) (2px solid #008000) (1px solid #FF0000)]
        LayoutTableSection {TBODY} at (1,1) size 207x411 [border: none (3px solid #008000) none none]
          LayoutTableRow {TR} at (0,0) size 207x104
            LayoutTableCell {TD} at (104,50) size 103x4 [border: (2px none #000000)] [r=0 c=0 rs=1 cs=1]
            LayoutTableCell {TD} at (0,50) size 104x4 [border: (2px none #000000) (2px solid #008000)] [r=0 c=1 rs=1 cs=1]
          LayoutTableRow {TR} at (0,104) size 207x102
            LayoutTableCell {TD} at (104,154) size 103x2 [border: none] [r=1 c=0 rs=1 cs=1]
            LayoutTableCell {TD} at (0,154) size 104x2 [border: none (2px solid #008000)] [r=1 c=1 rs=1 cs=1]
          LayoutTableRow {TR} at (0,206) size 207x102 [border: none (3px solid #008000)]
            LayoutTableCell {TD} at (104,256) size 103x2 [border: none] [r=2 c=0 rs=1 cs=1]
            LayoutTableCell {TD} at (0,256) size 104x2 [border: none] [r=2 c=1 rs=1 cs=1]
          LayoutTableRow {TR} at (0,308) size 207x103 [border: none (3px solid #008000)]
            LayoutTableCell {TD} at (104,358) size 103x3 [border: none] [r=3 c=0 rs=1 cs=1]
            LayoutTableCell {TD} at (0,358) size 104x3 [border: none] [r=3 c=1 rs=1 cs=1]
