layer at (0,0) size 800x600
  LayoutView at (0,0) size 800x600
layer at (0,0) size 800x227
  LayoutBlockFlow {HTML} at (0,0) size 800x227
    LayoutBlockFlow {BODY} at (8,16) size 784x195
      LayoutBlockFlow {P} at (0,0) size 784x20
        LayoutText {#text} at (0,0) size 300x19
          text run at (0,0) width 300: "Anything that is checked below should be blue."
      LayoutBlockFlow {P} at (0,36) size 784x21
        LayoutBlockFlow {INPUT} at (4,3) size 13x13 [color=#0000FF] [bgcolor=#000080]
        LayoutText {#text} at (20,1) size 4x19
          text run at (20,1) width 4: " "
        LayoutInline {SPAN} at (0,0) size 18x25 [color=#0000FF] [bgcolor=#000080] [border: (3px solid #0000FF)]
          LayoutText {#text} at (27,1) size 12x19
            text run at (27,1) width 12: "X"
      LayoutBlockFlow {P} at (0,73) size 784x21
        LayoutBlockFlow {INPUT} at (5,3) size 13x13
        LayoutText {#text} at (21,1) size 4x19
          text run at (21,1) width 4: " "
        LayoutInline {SPAN} at (0,0) size 12x19
          LayoutText {#text} at (25,1) size 12x19
            text run at (25,1) width 12: "X"
        LayoutText {#text} at (37,1) size 4x19
          text run at (37,1) width 4: " "
        LayoutBlockFlow {INPUT} at (46,3) size 13x13 [color=#0000FF] [bgcolor=#000080]
        LayoutText {#text} at (62,1) size 4x19
          text run at (62,1) width 4: " "
        LayoutInline {SPAN} at (0,0) size 18x25 [color=#0000FF] [bgcolor=#000080] [border: (3px solid #0000FF)]
          LayoutText {#text} at (69,1) size 12x19
            text run at (69,1) width 12: "X"
      LayoutBlockFlow {P} at (0,110) size 784x20
        LayoutMenuList {SELECT} at (0,0) size 31x20 [bgcolor=#C0C0C0] [border: (1px solid #A9A9A9)]
          LayoutBlockFlow (anonymous) at (1,1) size 29x18
            LayoutText (anonymous) at (4,1) size 9x16
              text run at (4,1) width 9: "X"
      LayoutBlockFlow {P} at (0,146) size 784x49
layer at (8,162) size 36x48 clip at (9,163) size 19x46
  LayoutListBox {SELECT} at (0,0) size 36x48 [bgcolor=#FFFFFF] [border: (1px solid #A9A9A9)]
    LayoutBlockFlow {OPTION} at (1,1) size 19x23 [color=#FFFFFF] [bgcolor=#999999] [border: (3px solid #0000FF)]
      LayoutText {#text} at (5,3) size 9x16
        text run at (5,3) width 9: "X"
