layer at (0,0) size 800x600
  LayoutView at (0,0) size 800x600
layer at (0,0) size 800x346
  LayoutBlockFlow {HTML} at (0,0) size 800x346
    LayoutBlockFlow {BODY} at (8,8) size 784x0
      LayoutBlockFlow (floating) {DIV} at (582.25,0) size 201.75x176
        LayoutBlockFlow {P} at (0,16) size 201.75x18
          LayoutText {#text} at (172,0) size 30x18
            text run at (172,0) width 30: "RTL"
        LayoutBlockFlow {DIV} at (0,50) size 201.75x18
          LayoutText {#text} at (128,0) size 74x18
            text run at (128,0) width 74: "markRtlAll"
        LayoutBlockFlow {DIV} at (0,68) size 201.75x18
          LayoutText {#text} at (91,0) size 111x18
            text run at (91,0) width 111: "markRtlAllThick"
        LayoutBlockFlow {DIV} at (0,86) size 201.75x18
          LayoutText {#text} at (82,0) size 120x18
            text run at (82,0) width 120: "markRtlBeginning"
        LayoutBlockFlow {DIV} at (0,104) size 201.75x18
          LayoutText {#text} at (0,0) size 202x18
            text run at (0,0) width 202: "markRtlAllExceptFirstAndLast"
        LayoutBlockFlow {DIV} at (0,122) size 201.75x18
          LayoutText {#text} at (123,0) size 79x18
            text run at (123,0) width 79: "markRtlEnd"
        LayoutBlockFlow {DIV} at (0,140) size 201.75x36
          LayoutBlockFlow {DIV} at (0,0) size 201.75x18
            LayoutText {#text} at (149,0) size 34x18
              text run at (149,0) width 34: "mark"
            LayoutInline {SPAN} at (0,0) size 20x18
              LayoutText {#text} at (182,0) size 20x18
                text run at (182,0) width 20: "Rtl"
          LayoutBlockFlow {DIV} at (0,18) size 201.75x18
            LayoutText {#text} at (116,0) size 86x18
              text run at (116,0) width 86: "AcrossNodes"
      LayoutBlockFlow (floating) {DIV} at (0,0) size 286.84x338
        LayoutBlockFlow {P} at (0,16) size 286.84x18
          LayoutText {#text} at (0,0) size 29x18
            text run at (0,0) width 29: "LTR"
        LayoutBlockFlow {DIV} at (0,50) size 286.84x18
          LayoutText {#text} at (0,0) size 54x18
            text run at (0,0) width 54: "markAll"
        LayoutBlockFlow {DIV} at (0,68) size 286.84x18
          LayoutText {#text} at (0,0) size 91x18
            text run at (0,0) width 91: "markAllThick"
        LayoutBlockFlow {DIV} at (0,86) size 286.84x18
          LayoutText {#text} at (0,0) size 155x18
            text run at (0,0) width 155: "markAllDifferentColors"
        LayoutBlockFlow {DIV} at (0,104) size 286.84x18
          LayoutText {#text} at (0,0) size 100x18
            text run at (0,0) width 100: "markBeginning"
        LayoutBlockFlow {DIV} at (0,122) size 286.84x18
          LayoutText {#text} at (0,0) size 183x18
            text run at (0,0) width 183: "markAllExceptFirstAndLast"
        LayoutBlockFlow {DIV} at (0,140) size 286.84x18
          LayoutText {#text} at (0,0) size 59x18
            text run at (0,0) width 59: "markEnd"
        LayoutBlockFlow {DIV} at (0,158) size 286.84x18
          LayoutText {#text} at (0,0) size 116x18
            text run at (0,0) width 116: "markNothingZero"
        LayoutBlockFlow {DIV} at (0,176) size 286.84x18
          LayoutText {#text} at (0,0) size 112x18
            text run at (0,0) width 112: "markNothingEnd"
        LayoutBlockFlow {DIV} at (0,194) size 286.84x36
          LayoutBlockFlow {DIV} at (0,0) size 286.84x18
            LayoutText {#text} at (0,0) size 33x18
              text run at (0,0) width 33: "mark"
            LayoutInline {SPAN} at (0,0) size 46x18
              LayoutText {#text} at (32,0) size 46x18
                text run at (32,0) width 46: "Across"
          LayoutBlockFlow {DIV} at (0,18) size 286.84x18
            LayoutText {#text} at (0,0) size 41x18
              text run at (0,0) width 41: "Nodes"
        LayoutBlockFlow {DIV} at (0,230) size 286.84x18
          LayoutText {#text} at (0,0) size 234x18
            text run at (0,0) width 234: "overridingSpellingMarkerBeginning"
        LayoutBlockFlow {DIV} at (0,248) size 286.84x18
          LayoutText {#text} at (0,0) size 193x18
            text run at (0,0) width 193: "overridingSpellingMarkerEnd"
        LayoutBlockFlow {DIV} at (0,266) size 286.84x18
          LayoutText {#text} at (0,0) size 258x18
            text run at (0,0) width 258: "notOverridingSpellingMarkersTouching"
        LayoutBlockFlow {DIV} at (0,284) size 286.84x18
          LayoutText {#text} at (0,0) size 264x18
            text run at (0,0) width 264: "overridingCompositionMarkerBeginning"
        LayoutBlockFlow {DIV} at (0,302) size 286.84x18
          LayoutText {#text} at (0,0) size 223x18
            text run at (0,0) width 223: "overridingCompositionMarkerEnd"
        LayoutBlockFlow {DIV} at (0,320) size 286.84x18
          LayoutText {#text} at (0,0) size 287x18
            text run at (0,0) width 287: "notOverridingCompositionMarkersTouching"
