layer at (0,0) size 800x600
  LayoutView at (0,0) size 800x600
layer at (0,0) size 800x600
  LayoutBlockFlow {HTML} at (0,0) size 800x600
    LayoutBlockFlow {BODY} at (8,8) size 784x584
      LayoutBlockFlow {P} at (0,0) size 784x18
        LayoutText {#text} at (0,0) size 453x18
          text run at (0,0) width 453: "This pixel test verifies that we position combining characters properly."
      LayoutBlockFlow {P} at (0,34) size 784x18
        LayoutText {#text} at (0,0) size 723x18
          text run at (0,0) width 723: "The backslash-looking mark should connect into the the character on the center, not be positioned off to the side."
      LayoutBlockFlow {DIV} at (0,68) size 784x113
        LayoutText {#text} at (0,1) size 226x82
          text run at (0,1) width 226: "\x{915}+\x{947} = \x{915}\x{947}"
      LayoutBlockFlow {DIV} at (0,181) size 784x48
        LayoutText {#text} at (0,0) size 97x36
          text run at (0,0) width 97: "\x{915}+\x{947} = \x{915}\x{947}"
      LayoutBlockFlow {P} at (0,245) size 784x18
        LayoutText {#text} at (0,0) size 612x18
          text run at (0,0) width 612: "The three words should be separated by spaces, and there should be no marks above the spaces."
      LayoutBlockFlow {DIV} at (0,279) size 784x97
        LayoutText {#text} at (0,14) size 737x82
          text run at (0,14) width 409: "\x{E40}\x{E01}\x{E21}\x{E2A}\x{E4C} \x{E1F}\x{E31}\x{E07}\x{E40}\x{E1E}\x{E25}\x{E07} "
          text run at (408,14) width 329: "\x{E42}\x{E1B}\x{E23}\x{E42}\x{E21}\x{E17}\x{E40}\x{E27}\x{E47}\x{E1A}"
      LayoutBlockFlow {DIV} at (0,376) size 784x41
        LayoutText {#text} at (0,5) size 316x36
          text run at (0,5) width 176: "\x{E40}\x{E01}\x{E21}\x{E2A}\x{E4C} \x{E1F}\x{E31}\x{E07}\x{E40}\x{E1E}\x{E25}\x{E07} "
          text run at (175,5) width 141: "\x{E42}\x{E1B}\x{E23}\x{E42}\x{E21}\x{E17}\x{E40}\x{E27}\x{E47}\x{E1A}"
