layer at (0,0) size 800x600
  RenderView at (0,0) size 800x600
layer at (0,0) size 800x600
  RenderBlock {HTML} at (0,0) size 800x600
    RenderBody {BODY} at (8,8) size 784x576
      RenderBlock {H2} at (0,0) size 784x28
        RenderText {#text} at (0,0) size 365x28
          text run at (0,0) width 365: "SeaMonkey XPInstall Trigger Page"
      RenderBlock {HR} at (0,47) size 784x2 [border: (1px inset #000000)]
      RenderBlock {FORM} at (0,57) size 784x48
        RenderTable {TABLE} at (0,0) size 562x48
          RenderTableSection {TBODY} at (0,0) size 562x48
            RenderTableRow {TR} at (0,2) size 562x21
              RenderTableCell {TD} at (2,2) size 107x20 [r=0 c=0 rs=1 cs=1]
                RenderInline {B} at (0,0) size 96x18
                  RenderText {#text} at (1,1) size 96x18
                    text run at (1,1) width 96: "Trigger URL:"
              RenderTableCell {TD} at (111,2) size 357x21 [r=0 c=1 rs=1 cs=1]
                RenderTextControl {INPUT} at (1,1) size 355x19 [bgcolor=#FFFFFF] [border: (2px inset #000000)]
              RenderTableCell {TD} at (470,2) size 90x21 [r=0 c=2 rs=1 cs=1]
                RenderButton {INPUT} at (1,1) size 61x19 [bgcolor=#C0C0C0] [border: (2px outset #C0C0C0)]
                  RenderBlock (anonymous) at (8,2) size 45x15
                    RenderText at (3,1) size 39x13
                      text run at (3,1) width 39: "Trigger"
            RenderTableRow {TR} at (0,25) size 562x21
              RenderTableCell {TD} at (2,25) size 107x20 [r=1 c=0 rs=1 cs=1]
                RenderInline {B} at (0,0) size 105x18
                  RenderText {#text} at (1,1) size 105x18
                    text run at (1,1) width 105: "Run Test Case:"
              RenderTableCell {TD} at (111,25) size 357x20 [r=1 c=1 rs=1 cs=1]
                RenderMenuList {SELECT} at (1,1) size 262x18 [bgcolor=#FFFFFF]
                  RenderBlock (anonymous) at (0,0) size 262x18
                    RenderText at (8,2) size 73x13
                      text run at (8,2) width 73: "a_abortinstall"
                RenderText {#text} at (0,0) size 0x0
              RenderTableCell {TD} at (470,25) size 90x21 [r=1 c=2 rs=1 cs=1]
                RenderButton {INPUT} at (1,1) size 88x19 [bgcolor=#C0C0C0] [border: (2px outset #C0C0C0)]
                  RenderBlock (anonymous) at (8,2) size 72x15
                    RenderText at (3,1) size 66x13
                      text run at (3,1) width 66: "Trigger case"
layer at (122,71) size 351x13
  RenderBlock {DIV} at (2,3) size 351x13
    RenderText {#text} at (1,0) size 106x13
      text run at (1,0) width 106: "http://jimbob/jars/"
