layer at (0,0) size 800x600
  LayoutView at (0,0) size 800x600
layer at (0,0) size 800x235
  LayoutBlockFlow {HTML} at (0,0) size 800x235
    LayoutBlockFlow {BODY} at (8,16) size 784x211
      LayoutBlockFlow {P} at (0,0) size 784x40
        LayoutText {#text} at (0,0) size 783x39
          text run at (0,0) width 783: "Test passes if the video is playing without sound output and the text 'The user agent doesn't support media element.' does not"
          text run at (0,20) width 188: "appear anywhere on this page"
      LayoutBlockFlow (anonymous) at (0,56) size 784x155
        LayoutText {#text} at (0,0) size 0x0
layer at (8,72) size 300x150
  LayoutVideo {VIDEO} at (0,0) size 300x150
layer at (8,72) size 300x150
  LayoutFlexibleBox (relative positioned) {DIV} at (0,0) size 300x150
    LayoutBlockFlow {DIV} at (0,118) size 300x32
layer at (8,72) size 300x108
  LayoutFlexibleBox (relative positioned) {DIV} at (0,0) size 300x108
layer at (8,190) size 300x32 scrollHeight 40
  LayoutFlexibleBox (relative positioned) {DIV} at (0,0) size 300x32 [bgcolor=#FAFAFA]
    LayoutButton {INPUT} at (0,0) size 32x32
    LayoutFlexibleBox {DIV} at (32,0) size 24x32 [color=#5A5A5A]
      LayoutBlockFlow (anonymous) at (0,0) size 24x32
        LayoutText {#text} at (0,8) size 24x15
          text run at (0,8) width 24: "0:00"
    LayoutSlider {INPUT} at (74,15) size 208x2
      LayoutFlexibleBox {DIV} at (0,0) size 208x2
        LayoutBlockFlow {DIV} at (-18,-23) size 244x48
          LayoutBlockFlow {DIV} at (0,0) size 36x48
