layer at (0,0) size 800x600
  LayoutView at (0,0) size 800x600
layer at (0,0) size 800x135
  LayoutBlockFlow {HTML} at (0,0) size 800x134.53
    LayoutBlockFlow {BODY} at (8,21.27) size 784x105.27
      LayoutBlockFlow {H4} at (0,0) size 784x20
        LayoutText {#text} at (0,0) size 504x19
          text run at (0,0) width 437: "Enter fullscreen or print preview. There should be no red on the "
          text run at (436,0) width 68: "first page."
      LayoutFlexibleBox {DIV} at (0,41.27) size 320x64
        LayoutBlockFlow {P} at (0,0) size 320x32 [bgcolor=#FFFFFF]
        LayoutBlockFlow {P} at (0,32) size 320x32 [bgcolor=#FF0000]
