layer at (0,0) size 800x600
  LayoutView at (0,0) size 800x600
layer at (0,0) size 800x196
  LayoutBlockFlow {HTML} at (0,0) size 800x196.41
    LayoutBlockFlow {BODY} at (8,21.27) size 784x153.70
      LayoutBlockFlow {H4} at (0,0) size 784x40
        LayoutText {#text} at (0,0) size 781x39
          text run at (0,0) width 427: "There should not be any red anytime. Enter fullscreen or print "
          text run at (426,0) width 355: "preview. You should not see the word fail on the first"
          text run at (0,20) width 36: "page "
          text run at (36,20) width 109: "after doing that."
      LayoutFlexibleBox {DIV} at (0,61.27) size 322x34 [bgcolor=#FF0000] [border: (1px solid #FFFFFF)]
        LayoutBlockFlow {P} at (1,1) size 320x32 [bgcolor=#FFFFFF]
      LayoutBlockFlow {H1} at (0,116.70) size 784x37
        LayoutText {#text} at (0,0) size 45x36
          text run at (0,0) width 45: "fail"
