layer at (0,0) size 800x600
  LayoutView at (0,0) size 800x600
layer at (0,0) size 800x137
  LayoutBlockFlow {HTML} at (0,0) size 800x136.53
    LayoutBlockFlow {BODY} at (8,21.27) size 784x107.27
      LayoutBlockFlow {H4} at (0,0) size 784x20
        LayoutText {#text} at (0,0) size 391x19
          text run at (0,0) width 391: "Enter fullscreen or print preview. There should be no red."
      LayoutFlexibleBox {DIV} at (0,41.27) size 322x66 [bgcolor=#FF0000] [border: (1px solid #000000)]
        LayoutBlockFlow {P} at (1,1) size 320x32 [bgcolor=#FFFFFF]
        LayoutBlockFlow {P} at (1,33) size 320x32
