layer at (0,0) size 800x600
  LayoutView at (0,0) size 800x600
layer at (0,0) size 800x169
  LayoutBlockFlow {HTML} at (0,0) size 800x168.53
    LayoutBlockFlow {BODY} at (8,21.27) size 784x139.27
      LayoutBlockFlow {H4} at (0,0) size 784x20
        LayoutText {#text} at (0,0) size 672x19
          text run at (0,0) width 450: "Enter fullscreen or print preview. You should not see the word fail "
          text run at (449,0) width 223: "on the first page after doing that."
      LayoutFlexibleBox {DIV} at (0,41.27) size 322x98 [border: (1px solid #FFFFFF)]
        LayoutBlockFlow {P} at (1,1) size 320x32 [bgcolor=#FFFFFF]
        LayoutBlockFlow {P} at (1,33) size 320x32 [bgcolor=#FFFFFF]
        LayoutBlockFlow {P} at (1,65) size 320x32 [bgcolor=#FFFFFF]
          LayoutText {#text} at (0,0) size 20x19
            text run at (0,0) width 20: "fail"
