layer at (0,0) size 800x600
  LayoutView at (0,0) size 800x600
layer at (0,0) size 800x105
  LayoutBlockFlow {HTML} at (0,0) size 800x104.53
    LayoutBlockFlow {BODY} at (8,21.27) size 784x75.27
      LayoutBlockFlow {H4} at (0,0) size 784x20
        LayoutText {#text} at (0,0) size 775x19
          text run at (0,0) width 427: "There should not be any red anytime. Enter fullscreen or print "
          text run at (426,0) width 349: "preview. You should not see the word fail after that."
      LayoutFlexibleBox {DIV} at (0,41.27) size 322x34 [bgcolor=#FF0000] [border: (1px solid #FFFFFF)]
        LayoutBlockFlow {P} at (1,1) size 320x32 [bgcolor=#FFFFFF]
          LayoutText {#text} at (0,0) size 20x19
            text run at (0,0) width 20: "fail"
