layer at (0,0) size 800x600
  LayoutView at (0,0) size 800x600
layer at (0,0) size 800x336
  LayoutBlockFlow {HTML} at (0,0) size 800x336
    LayoutBlockFlow {BODY} at (8,8) size 784x184
      LayoutFlexibleBox {DIV} at (0,0) size 320x128
        LayoutBlockFlow {SPAN} at (0,0) size 80x128 [bgcolor=#FFFF00]
          LayoutText {#text} at (0,0) size 8x19
            text run at (0,0) width 8: "x"
        LayoutBlockFlow {SPAN} at (80,0) size 80x128 [bgcolor=#3366CC]
        LayoutBlockFlow {SPAN} at (160,0) size 80x128 [bgcolor=#FFFF00]
          LayoutText {#text} at (0,0) size 8x19
            text run at (0,0) width 8: "x"
        LayoutBlockFlow {SPAN} at (240,0) size 80x128 [bgcolor=#FFFF00]
          LayoutText {#text} at (0,0) size 8x19
            text run at (0,0) width 8: "x"
      LayoutBlockFlow {P} at (0,144) size 784x40
        LayoutText {#text} at (0,0) size 693x19
          text run at (0,0) width 693: "Verify that the box above looks exactly like the first of the boxes below. Then hover the box above. On hover,"
        LayoutInline {EM} at (0,0) size 98x19
          LayoutText {#text} at (0,20) size 98x19
            text run at (0,20) width 98: "instantaneously"
        LayoutText {#text} at (98,20) size 579x19
          text run at (98,20) width 579: ", the box above should look like the second of the boxes below. Any delay constitutes a fail."
      LayoutBlockFlow (floating) {DIV} at (0,200) size 320x128
        LayoutBlockFlow (floating) {SPAN} at (0,0) size 80x128 [bgcolor=#FFFF00]
          LayoutText {#text} at (0,0) size 8x19
            text run at (0,0) width 8: "x"
        LayoutBlockFlow (floating) {SPAN} at (80,0) size 80x128 [bgcolor=#3366CC]
        LayoutBlockFlow (floating) {SPAN} at (160,0) size 80x128 [bgcolor=#FFFF00]
          LayoutText {#text} at (0,0) size 8x19
            text run at (0,0) width 8: "x"
        LayoutBlockFlow (floating) {SPAN} at (240,0) size 80x128 [bgcolor=#FFFF00]
          LayoutText {#text} at (0,0) size 8x19
            text run at (0,0) width 8: "x"
      LayoutBlockFlow (floating) {DIV} at (336,200) size 320x128
        LayoutBlockFlow (floating) {SPAN} at (0,0) size 64x128 [bgcolor=#FFFF00]
          LayoutText {#text} at (0,0) size 8x19
            text run at (0,0) width 8: "x"
        LayoutBlockFlow (floating) {SPAN} at (64,0) size 128x128 [bgcolor=#3366CC]
        LayoutBlockFlow (floating) {SPAN} at (192,0) size 64x128 [bgcolor=#FFFF00]
          LayoutText {#text} at (0,0) size 8x19
            text run at (0,0) width 8: "x"
        LayoutBlockFlow (floating) {SPAN} at (256,0) size 64x128 [bgcolor=#FFFF00]
          LayoutText {#text} at (0,0) size 8x19
            text run at (0,0) width 8: "x"
