layer at (0,0) size 800x600
  LayoutView at (0,0) size 800x600
layer at (0,0) size 800x196
  LayoutBlockFlow {HTML} at (0,0) size 800x196.41
    LayoutBlockFlow {BODY} at (8,21.27) size 784x153.70
      LayoutBlockFlow {H4} at (0,0) size 784x40
        LayoutText {#text} at (0,0) size 778x39
          text run at (0,0) width 423: "There should not be any red on the first page either onload, in "
          text run at (422,0) width 356: "print preview, or fullscreen. Enter fullscreen or print"
          text run at (0,20) width 61: "preview. "
          text run at (60,20) width 289: "You should not see the word fail after that."
      LayoutFlexibleBox {DIV} at (0,61.27) size 322x34 [bgcolor=#FF0000] [border: (1px solid #FFFFFF)]
        LayoutBlockFlow {P} at (1,1) size 320x32 [bgcolor=#FFFFFF]
      LayoutBlockFlow {H1} at (0,116.70) size 784x37
        LayoutText {#text} at (0,0) size 45x36
          text run at (0,0) width 45: "fail"
