layer at (0,0) size 800x600
  LayoutView at (0,0) size 800x600
layer at (0,0) size 800x58
  LayoutBlockFlow {HTML} at (0,0) size 800x58
    LayoutBlockFlow {BODY} at (8,8) size 784x42
layer at (8,8) size 500x42 scrollWidth 701
  LayoutBlockFlow {DIV} at (0,0) size 500x42 [bgcolor=#D3D3D3]
    LayoutBlockFlow (floating) {SPAN} at (88,0) size 12x12 [bgcolor=#0000FF] [border: (1px solid #000000)]
    LayoutInline {SPAN} at (0,0) size 162x21 [border: (1px solid #000000)]
      LayoutText {#text} at (1,21) size 160x19
        text run at (1,21) width 160: "01234567890123456789"
    LayoutBlockFlow {SPAN} at (162,0) size 113x42 [border: (1px solid #000000)]
      LayoutInline {SPAN} at (0,0) size 25x21 [border: (1px solid #000000)]
        LayoutText {#text} at (2,1) size 23x19
          text run at (2,1) width 23: "text"
      LayoutText {#text} at (26,1) size 75x19
        text run at (26,1) width 75: "inline-block"
      LayoutBR {BR} at (101,1) size 0x19
      LayoutText {#text} at (1,21) size 111x19
        text run at (1,21) width 111: "more inline-block"
    LayoutBlockFlow {SPAN} at (275,34) size 2x2 [border: (1px solid #000000)]
    LayoutBlockFlow {IMG} at (277,21) size 24x20
      LayoutInline {SPAN} at (0,0) size 24x19
        LayoutInline {SPAN} at (0,0) size 24x19
          LayoutText {#text} at (0,0) size 24x19
            text run at (0,0) width 24: "img"
    LayoutText {#text} at (0,0) size 0x0
