layer at (0,0) size 800x600 clip at (0,0) size 785x600 scrollHeight 2896
  LayoutView at (0,0) size 800x600
layer at (0,0) size 785x2896 backgroundClip at (0,0) size 785x600 clip at (0,0) size 785x600
  LayoutBlockFlow {HTML} at (0,0) size 785x2896
    LayoutBlockFlow {BODY} at (8,8) size 769x2880
      LayoutText {#text} at (0,0) size 0x0
      LayoutText {#text} at (0,0) size 0x0
      LayoutText {#text} at (0,0) size 0x0
      LayoutText {#text} at (300,1250) size 4x19
        text run at (300,1250) width 4: " "
      LayoutText {#text} at (0,0) size 0x0
      LayoutText {#text} at (0,0) size 0x0
      LayoutText {#text} at (0,0) size 0x0
layer at (8,8) size 300x150
  LayoutVideo {VIDEO} at (0,0) size 300x150
layer at (8,163) size 500x150
  LayoutVideo {VIDEO} at (0,155) size 500x150
layer at (8,318) size 500x150
  LayoutVideo {VIDEO} at (0,310) size 500x150
layer at (8,473) size 300x800 backgroundClip at (0,0) size 785x600 clip at (0,0) size 785x600
  LayoutVideo {VIDEO} at (0,465) size 300x800
layer at (312,473) size 300x800 backgroundClip at (0,0) size 785x600 clip at (0,0) size 785x600
  LayoutVideo {VIDEO} at (304,465) size 300x800
layer at (8,1278) size 500x800 backgroundClip at (0,0) size 785x600 clip at (0,0) size 785x600
  LayoutVideo {VIDEO} at (0,1270) size 500x800
layer at (8,2083) size 500x800 backgroundClip at (0,0) size 785x600 clip at (0,0) size 785x600
  LayoutVideo {VIDEO} at (0,2075) size 500x800
layer at (8,8) size 300x150
  LayoutFlexibleBox (relative positioned) {DIV} at (0,0) size 300x150
    LayoutBlockFlow {DIV} at (0,118) size 300x32
layer at (8,8) size 300x108
  LayoutFlexibleBox (relative positioned) {DIV} at (0,0) size 300x108
layer at (8,163) size 500x150
  LayoutFlexibleBox (relative positioned) {DIV} at (0,0) size 500x150
    LayoutBlockFlow {DIV} at (0,118) size 500x32
layer at (8,163) size 500x108
  LayoutFlexibleBox (relative positioned) {DIV} at (0,0) size 500x108
layer at (8,318) size 500x150
  LayoutFlexibleBox (relative positioned) {DIV} at (0,0) size 500x150
    LayoutBlockFlow {DIV} at (0,118) size 500x32
layer at (8,318) size 500x108
  LayoutFlexibleBox (relative positioned) {DIV} at (0,0) size 500x108
layer at (8,473) size 300x800 backgroundClip at (0,0) size 785x600 clip at (0,0) size 785x600
  LayoutFlexibleBox (relative positioned) {DIV} at (0,0) size 300x800
    LayoutBlockFlow {DIV} at (0,768) size 300x32
layer at (8,473) size 300x758 backgroundClip at (8,473) size 300x127 clip at (8,473) size 300x127
  LayoutFlexibleBox (relative positioned) {DIV} at (0,0) size 300x758
layer at (312,473) size 300x800 backgroundClip at (0,0) size 785x600 clip at (0,0) size 785x600
  LayoutFlexibleBox (relative positioned) {DIV} at (0,0) size 300x800
    LayoutBlockFlow {DIV} at (0,768) size 300x32
layer at (312,473) size 300x758 backgroundClip at (312,473) size 300x127 clip at (312,473) size 300x127
  LayoutFlexibleBox (relative positioned) {DIV} at (0,0) size 300x758
layer at (8,1278) size 500x800 backgroundClip at (0,0) size 785x600 clip at (0,0) size 785x600
  LayoutFlexibleBox (relative positioned) {DIV} at (0,0) size 500x800
    LayoutBlockFlow {DIV} at (0,768) size 500x32
layer at (8,1278) size 500x758 backgroundClip at (0,0) size 0x0 clip at (0,0) size 0x0
  LayoutFlexibleBox (relative positioned) {DIV} at (0,0) size 500x758
layer at (8,2083) size 500x800 backgroundClip at (0,0) size 785x600 clip at (0,0) size 785x600
  LayoutFlexibleBox (relative positioned) {DIV} at (0,0) size 500x800
    LayoutBlockFlow {DIV} at (0,768) size 500x32
layer at (8,2083) size 500x758 backgroundClip at (0,0) size 0x0 clip at (0,0) size 0x0
  LayoutFlexibleBox (relative positioned) {DIV} at (0,0) size 500x758
