layer at (0,0) size 800x600
  LayoutView at (0,0) size 800x600
layer at (0,0) size 800x90
  LayoutBlockFlow {HTML} at (0,0) size 800x90
    LayoutBlockFlow {BODY} at (8,16) size 784x66
      LayoutBlockFlow {P} at (0,0) size 784x20
        LayoutText {#text} at (0,0) size 625x19
          text run at (0,0) width 625: "Test passes if, when the element is focused and then removed, the outer element should change to green."
      LayoutBlockFlow {DIV} at (0,36) size 784x30 [border: (15px solid #008000)]
