layer at (0,0) size 800x600
  LayoutView at (0,0) size 800x600
layer at (0,0) size 800x149
  LayoutBlockFlow {HTML} at (0,0) size 800x149
    LayoutBlockFlow {BODY} at (8,16) size 784x125
      LayoutBlockFlow {P} at (0,0) size 784x18
        LayoutText {#text} at (0,0) size 628x18
          text run at (0,0) width 628: "First, use directional navigation to navigate the focus to the text input containing \"START\" below."
      LayoutBlockFlow {P} at (0,34) size 784x18
        LayoutText {#text} at (0,0) size 474x18
          text run at (0,0) width 474: "Test passes if navigating left once moves the focus to the \"FINISH\" input."
      LayoutBlockFlow {DIV} at (0,68) size 784x19
        LayoutTextControl {INPUT} at (0,0) size 131x19 [bgcolor=#FFFFFF] [border: (2px inset #EEEEEE)]
        LayoutText {#text} at (131,0) size 4x18
          text run at (131,0) width 4: " "
        LayoutTextControl {INPUT} at (135,0) size 131x19 [bgcolor=#FFFFFF] [border: (2px inset #EEEEEE)]
        LayoutText {#text} at (266,0) size 4x18
          text run at (266,0) width 4: " "
        LayoutTextControl {INPUT} at (270,0) size 131x19 [bgcolor=#FFFFFF] [border: (2px inset #EEEEEE)]
      LayoutBlockFlow {DIV} at (0,87) size 784x19
        LayoutTextControl {INPUT} at (0,0) size 131x19 [bgcolor=#FFFFFF] [border: (2px inset #EEEEEE)]
        LayoutText {#text} at (131,0) size 4x18
          text run at (131,0) width 4: " "
        LayoutTextControl {INPUT} at (135,0) size 131x19 [bgcolor=#FFFFFF] [border: (2px inset #EEEEEE)]
        LayoutText {#text} at (266,0) size 4x18
          text run at (266,0) width 4: " "
        LayoutTextControl {INPUT} at (270,0) size 131x19 [bgcolor=#FFFFFF] [border: (2px inset #EEEEEE)]
      LayoutBlockFlow {DIV} at (0,106) size 784x19
        LayoutTextControl {INPUT} at (0,0) size 131x19 [bgcolor=#FFFFFF] [border: (2px inset #EEEEEE)]
        LayoutText {#text} at (131,0) size 4x18
          text run at (131,0) width 4: " "
        LayoutTextControl {INPUT} at (135,0) size 131x19 [bgcolor=#FFFFFF] [border: (2px inset #EEEEEE)]
        LayoutText {#text} at (266,0) size 4x18
          text run at (266,0) width 4: " "
        LayoutTextControl {INPUT} at (270,0) size 131x19 [bgcolor=#FFFFFF] [border: (2px inset #EEEEEE)]
layer at (11,87) size 125x13
  LayoutBlockFlow {DIV} at (3,3) size 125x13
    LayoutText {#text} at (0,0) size 32x13
      text run at (0,0) width 32: "ignore"
layer at (146,87) size 125x13
  LayoutBlockFlow {DIV} at (3,3) size 125x13
    LayoutText {#text} at (0,0) size 34x13
      text run at (0,0) width 34: "START"
layer at (281,87) size 125x13
  LayoutBlockFlow {DIV} at (3,3) size 125x13
    LayoutText {#text} at (0,0) size 32x13
      text run at (0,0) width 32: "ignore"
layer at (11,106) size 125x13
  LayoutBlockFlow {DIV} at (3,3) size 125x13
    LayoutText {#text} at (0,0) size 32x13
      text run at (0,0) width 32: "ignore"
layer at (146,106) size 125x13
  LayoutBlockFlow {DIV} at (3,3) size 125x13
    LayoutText {#text} at (0,0) size 32x13
      text run at (0,0) width 32: "ignore"
layer at (281,106) size 125x13
  LayoutBlockFlow {DIV} at (3,3) size 125x13
    LayoutText {#text} at (0,0) size 32x13
      text run at (0,0) width 32: "ignore"
layer at (11,125) size 125x13
  LayoutBlockFlow {DIV} at (3,3) size 125x13
    LayoutText {#text} at (0,0) size 32x13
      text run at (0,0) width 32: "ignore"
layer at (146,125) size 125x13
  LayoutBlockFlow {DIV} at (3,3) size 125x13
    LayoutText {#text} at (0,0) size 36x13
      text run at (0,0) width 36: "FINISH"
layer at (281,125) size 125x13
  LayoutBlockFlow {DIV} at (3,3) size 125x13
    LayoutText {#text} at (0,0) size 32x13
      text run at (0,0) width 32: "ignore"
