layer at (0,0) size 800x600
  LayoutView at (0,0) size 800x600
layer at (0,0) size 800x244
  LayoutBlockFlow {HTML} at (0,0) size 800x244
    LayoutBlockFlow {BODY} at (8,16) size 784x220
      LayoutBlockFlow {P} at (0,0) size 784x18
        LayoutText {#text} at (0,0) size 552x18
          text run at (0,0) width 552: "First, use directional navigation to navigate the focus to the \"START\" text field below."
      LayoutBlockFlow {P} at (0,34) size 784x18
        LayoutText {#text} at (0,0) size 497x18
          text run at (0,0) width 497: "Test passes if navigating up twice moves the focus to the \"FINISH\" text field."
      LayoutBlockFlow {DIV} at (0,68) size 784x76
        LayoutTextControl {INPUT} at (0,0) size 131x19 [bgcolor=#FFFFFF] [border: (2px inset #EEEEEE)]
        LayoutTextControl {INPUT} at (0,19) size 131x19 [bgcolor=#FFFFFF] [border: (2px inset #EEEEEE)]
        LayoutTextControl {INPUT} at (0,38) size 131x19 [bgcolor=#FFFFFF] [border: (2px inset #EEEEEE)]
        LayoutTextControl {INPUT} at (0,57) size 131x19 [bgcolor=#FFFFFF] [border: (2px inset #EEEEEE)]
      LayoutBlockFlow {DIV} at (0,144) size 784x76
        LayoutTextControl {INPUT} at (0,0) size 131x19 [bgcolor=#FFFFFF] [border: (2px inset #EEEEEE)]
        LayoutTextControl {INPUT} at (0,19) size 131x19 [bgcolor=#FFFFFF] [border: (2px inset #EEEEEE)]
        LayoutTextControl {INPUT} at (0,38) size 131x19 [bgcolor=#FFFFFF] [border: (2px inset #EEEEEE)]
        LayoutTextControl {INPUT} at (0,57) size 131x19 [bgcolor=#FFFFFF] [border: (2px inset #EEEEEE)]
layer at (11,87) size 125x13
  LayoutBlockFlow {DIV} at (3,3) size 125x13
    LayoutText {#text} at (0,0) size 32x13
      text run at (0,0) width 32: "ignore"
layer at (11,106) size 125x13
  LayoutBlockFlow {DIV} at (3,3) size 125x13
    LayoutText {#text} at (0,0) size 32x13
      text run at (0,0) width 32: "ignore"
layer at (11,125) size 125x13
  LayoutBlockFlow {DIV} at (3,3) size 125x13
    LayoutText {#text} at (0,0) size 34x13
      text run at (0,0) width 34: "START"
layer at (11,144) size 125x13
  LayoutBlockFlow {DIV} at (3,3) size 125x13
    LayoutText {#text} at (0,0) size 32x13
      text run at (0,0) width 32: "ignore"
layer at (11,163) size 125x13
  LayoutBlockFlow {DIV} at (3,3) size 125x13
    LayoutText {#text} at (0,0) size 32x13
      text run at (0,0) width 32: "ignore"
layer at (11,182) size 125x13
  LayoutBlockFlow {DIV} at (3,3) size 125x13
    LayoutText {#text} at (0,0) size 36x13
      text run at (0,0) width 36: "FINISH"
layer at (11,201) size 125x13
  LayoutBlockFlow {DIV} at (3,3) size 125x13
    LayoutText {#text} at (0,0) size 32x13
      text run at (0,0) width 32: "ignore"
layer at (11,220) size 125x13
  LayoutBlockFlow {DIV} at (3,3) size 125x13
    LayoutText {#text} at (0,0) size 32x13
      text run at (0,0) width 32: "ignore"
