layer at (0,0) size 800x600
  RenderView at (0,0) size 800x600
layer at (0,0) size 800x600
  RenderBlock {HTML} at (0,0) size 800x600
    RenderBody {BODY} at (8,8) size 784x584
      RenderBlock {P} at (0,0) size 784x18
        RenderText {#text} at (0,0) size 539x18
          text run at (0,0) width 539: "This test checks if correct min width is applied to \"input type=text\". See Bug#718717"
      RenderBlock (anonymous) at (0,34) size 784x19
        RenderTextControl {INPUT} at (0,0) size 35x19 [bgcolor=#FFFFFF] [border: (2px inset #000000)]
        RenderText {#text} at (0,0) size 0x0
        RenderText {#text} at (0,0) size 0x0
layer at (10,45) size 31x13
  RenderBlock {DIV} at (2,3) size 31x13
    RenderText {#text} at (1,0) size 14x13
      text run at (1,0) width 14: "19"
