layer at (0,0) size 800x600
  RenderView at (0,0) size 800x600
layer at (0,0) size 800x600
  RenderBlock {HTML} at (0,0) size 800x600
    RenderBody {BODY} at (8,8) size 784x576
      RenderBlock {FORM} at (0,0) size 784x83
        RenderTable {TABLE} at (0,0) size 277x83 [border: (1px outset #808080)]
          RenderTableSection {TBODY} at (1,1) size 275x81
            RenderTableRow {TR} at (0,2) size 275x77
              RenderTableCell {TD} at (2,2) size 271x77 [border: (1px inset #808080)] [r=0 c=0 rs=1 cs=1]
                RenderTable {TABLE} at (2,2) size 267x73 [border: (2px outset #808080)]
                  RenderTableSection {TBODY} at (2,2) size 263x69
                    RenderTableRow {TR} at (0,2) size 263x40
                      RenderTableCell {TD} at (2,2) size 75x40 [border: (1px inset #808080)] [r=0 c=0 rs=1 cs=1]
                        RenderText {#text} at (2,2) size 56x36
                          text run at (2,2) width 53: "Member"
                          text run at (2,20) width 56: "Number:"
                      RenderTableCell {TD} at (79,10) size 176x23 [border: (1px inset #808080)] [r=0 c=1 rs=1 cs=1]
                        RenderTextControl {INPUT} at (2,2) size 130x19 [bgcolor=#FFFFFF] [border: (2px inset #000000)]
                        RenderText {#text} at (0,0) size 0x0
                    RenderTableRow {TR} at (0,44) size 263x23
                      RenderTableCell {TD} at (2,44) size 75x22 [border: (1px inset #808080)] [r=1 c=0 rs=1 cs=1]
                        RenderText {#text} at (2,2) size 30x18
                          text run at (2,2) width 30: "PIN:"
                      RenderTableCell {TD} at (79,44) size 176x23 [border: (1px inset #808080)] [r=1 c=1 rs=1 cs=1]
                        RenderTextControl {INPUT} at (2,2) size 130x19 [bgcolor=#FFFFFF] [border: (2px inset #000000)]
                        RenderText {#text} at (0,0) size 0x0
                      RenderTableCell {TD} at (257,53) size 4x4 [border: (1px inset #808080)] [r=1 c=2 rs=1 cs=1]
layer at (98,30) size 126x13
  RenderBlock {DIV} at (2,3) size 126x13
layer at (98,64) size 126x13
  RenderBlock {DIV} at (2,3) size 126x13
