layer at (0,0) size 800x600
  LayoutView at (0,0) size 800x600
layer at (0,0) size 800x525
  LayoutBlockFlow {HTML} at (0,0) size 800x525
    LayoutBlockFlow {BODY} at (8,8) size 784x509
      LayoutText {#text} at (0,0) size 0x0
layer at (8,8) size 504x504
  LayoutIFrame {IFRAME} at (0,0) size 504x504 [border: (2px solid #000000)]
    layer at (0,0) size 500x500
      LayoutView at (0,0) size 500x500
    layer at (0,0) size 500x318
      LayoutBlockFlow {HTML} at (0,0) size 500x318
        LayoutBlockFlow {BODY} at (8,8) size 484x302
    layer at (8,8) size 484x302 clip at (9,9) size 467x300 scrollY 500.00 scrollHeight 909
      LayoutBlockFlow {DIV} at (0,0) size 484x302 [border: (1px solid #000000)]
        LayoutText {#text} at (0,0) size 0x0
    layer at (9,-491) size 304x904 backgroundClip at (9,9) size 467x300 clip at (9,9) size 467x300
      LayoutIFrame {IFRAME} at (1,1) size 304x904 [border: (2px inset #EEEEEE)]
        layer at (0,0) size 300x900 clip at (0,0) size 285x900 scrollHeight 921
          LayoutView at (0,0) size 300x900
        layer at (0,0) size 285x921 backgroundClip at (0,0) size 285x900 clip at (0,0) size 285x900
          LayoutBlockFlow {HTML} at (0,0) size 285x920.84
            LayoutBlockFlow {BODY} at (8,8) size 269x904.84
              LayoutMenuList {SELECT} at (5,0) size 31x25.33 [bgcolor=#C0C0C0] [border: (1px solid #A9A9A9)]
                LayoutBlockFlow (anonymous) at (1,3.66) size 29x18
                  LayoutText (anonymous) at (4,1) size 7x16
                    text run at (4,1) width 7: "0"
              LayoutMenuList {SELECT} at (5,30.33) size 31x25.33 [bgcolor=#C0C0C0] [border: (1px solid #A9A9A9)]
                LayoutBlockFlow (anonymous) at (1,3.66) size 29x18
                  LayoutText (anonymous) at (4,1) size 7x16
                    text run at (4,1) width 7: "0"
              LayoutMenuList {SELECT} at (5,60.66) size 31x25.33 [bgcolor=#C0C0C0] [border: (1px solid #A9A9A9)]
                LayoutBlockFlow (anonymous) at (1,3.66) size 29x18
                  LayoutText (anonymous) at (4,1) size 7x16
                    text run at (4,1) width 7: "0"
              LayoutMenuList {SELECT} at (5,90.98) size 31x25.33 [bgcolor=#C0C0C0] [border: (1px solid #A9A9A9)]
                LayoutBlockFlow (anonymous) at (1,3.66) size 29x18
                  LayoutText (anonymous) at (4,1) size 7x16
                    text run at (4,1) width 7: "0"
              LayoutMenuList {SELECT} at (5,121.31) size 31x25.33 [bgcolor=#C0C0C0] [border: (1px solid #A9A9A9)]
                LayoutBlockFlow (anonymous) at (1,3.66) size 29x18
                  LayoutText (anonymous) at (4,1) size 7x16
                    text run at (4,1) width 7: "0"
              LayoutMenuList {SELECT} at (5,151.64) size 31x25.33 [bgcolor=#C0C0C0] [border: (1px solid #A9A9A9)]
                LayoutBlockFlow (anonymous) at (1,3.66) size 29x18
                  LayoutText (anonymous) at (4,1) size 7x16
                    text run at (4,1) width 7: "0"
              LayoutMenuList {SELECT} at (5,181.97) size 31x25.33 [bgcolor=#C0C0C0] [border: (1px solid #A9A9A9)]
                LayoutBlockFlow (anonymous) at (1,3.66) size 29x18
                  LayoutText (anonymous) at (4,1) size 7x16
                    text run at (4,1) width 7: "0"
              LayoutMenuList {SELECT} at (5,212.30) size 31x25.33 [bgcolor=#C0C0C0] [border: (1px solid #A9A9A9)]
                LayoutBlockFlow (anonymous) at (1,3.66) size 29x18
                  LayoutText (anonymous) at (4,1) size 7x16
                    text run at (4,1) width 7: "0"
              LayoutMenuList {SELECT} at (5,242.63) size 31x25.33 [bgcolor=#C0C0C0] [border: (1px solid #A9A9A9)]
                LayoutBlockFlow (anonymous) at (1,3.66) size 29x18
                  LayoutText (anonymous) at (4,1) size 7x16
                    text run at (4,1) width 7: "0"
              LayoutMenuList {SELECT} at (5,272.95) size 31x25.33 [bgcolor=#C0C0C0] [border: (1px solid #A9A9A9)]
                LayoutBlockFlow (anonymous) at (1,3.66) size 29x18
                  LayoutText (anonymous) at (4,1) size 7x16
                    text run at (4,1) width 7: "0"
              LayoutMenuList {SELECT} at (5,303.28) size 31x25.33 [bgcolor=#C0C0C0] [border: (1px solid #A9A9A9)]
                LayoutBlockFlow (anonymous) at (1,3.66) size 29x18
                  LayoutText (anonymous) at (4,1) size 7x16
                    text run at (4,1) width 7: "0"
              LayoutMenuList {SELECT} at (5,333.61) size 31x25.33 [bgcolor=#C0C0C0] [border: (1px solid #A9A9A9)]
                LayoutBlockFlow (anonymous) at (1,3.66) size 29x18
                  LayoutText (anonymous) at (4,1) size 7x16
                    text run at (4,1) width 7: "0"
              LayoutMenuList {SELECT} at (5,363.94) size 31x25.33 [bgcolor=#C0C0C0] [border: (1px solid #A9A9A9)]
                LayoutBlockFlow (anonymous) at (1,3.66) size 29x18
                  LayoutText (anonymous) at (4,1) size 7x16
                    text run at (4,1) width 7: "0"
              LayoutMenuList {SELECT} at (5,394.27) size 31x25.33 [bgcolor=#C0C0C0] [border: (1px solid #A9A9A9)]
                LayoutBlockFlow (anonymous) at (1,3.66) size 29x18
                  LayoutText (anonymous) at (4,1) size 7x16
                    text run at (4,1) width 7: "0"
              LayoutMenuList {SELECT} at (5,424.59) size 31x25.33 [bgcolor=#C0C0C0] [border: (1px solid #A9A9A9)]
                LayoutBlockFlow (anonymous) at (1,3.66) size 29x18
                  LayoutText (anonymous) at (4,1) size 7x16
                    text run at (4,1) width 7: "0"
              LayoutMenuList {SELECT} at (5,454.92) size 31x25.33 [bgcolor=#C0C0C0] [border: (1px solid #A9A9A9)]
                LayoutBlockFlow (anonymous) at (1,3.66) size 29x18
                  LayoutText (anonymous) at (4,1) size 7x16
                    text run at (4,1) width 7: "0"
              LayoutMenuList {SELECT} at (5,485.25) size 31x25.33 [bgcolor=#C0C0C0] [border: (1px solid #A9A9A9)]
                LayoutBlockFlow (anonymous) at (1,3.66) size 29x18
                  LayoutText (anonymous) at (4,1) size 7x16
                    text run at (4,1) width 7: "0"
              LayoutMenuList {SELECT} at (5,515.58) size 31x25.33 [bgcolor=#C0C0C0] [border: (1px solid #A9A9A9)]
                LayoutBlockFlow (anonymous) at (1,3.66) size 29x18
                  LayoutText (anonymous) at (4,1) size 7x16
                    text run at (4,1) width 7: "0"
              LayoutMenuList {SELECT} at (5,545.91) size 31x25.33 [bgcolor=#C0C0C0] [border: (1px solid #A9A9A9)]
                LayoutBlockFlow (anonymous) at (1,3.66) size 29x18
                  LayoutText (anonymous) at (4,1) size 7x16
                    text run at (4,1) width 7: "0"
              LayoutMenuList {SELECT} at (5,576.23) size 31x25.33 [bgcolor=#C0C0C0] [border: (1px solid #A9A9A9)]
                LayoutBlockFlow (anonymous) at (1,3.66) size 29x18
                  LayoutText (anonymous) at (4,1) size 7x16
                    text run at (4,1) width 7: "0"
              LayoutMenuList {SELECT} at (5,606.56) size 31x25.33 [bgcolor=#C0C0C0] [border: (1px solid #A9A9A9)]
                LayoutBlockFlow (anonymous) at (1,3.66) size 29x18
                  LayoutText (anonymous) at (4,1) size 7x16
                    text run at (4,1) width 7: "0"
              LayoutMenuList {SELECT} at (5,636.89) size 31x25.33 [bgcolor=#C0C0C0] [border: (1px solid #A9A9A9)]
                LayoutBlockFlow (anonymous) at (1,3.66) size 29x18
                  LayoutText (anonymous) at (4,1) size 7x16
                    text run at (4,1) width 7: "0"
              LayoutMenuList {SELECT} at (5,667.22) size 31x25.33 [bgcolor=#C0C0C0] [border: (1px solid #A9A9A9)]
                LayoutBlockFlow (anonymous) at (1,3.66) size 29x18
                  LayoutText (anonymous) at (4,1) size 7x16
                    text run at (4,1) width 7: "0"
              LayoutMenuList {SELECT} at (5,697.55) size 31x25.33 [bgcolor=#C0C0C0] [border: (1px solid #A9A9A9)]
                LayoutBlockFlow (anonymous) at (1,3.66) size 29x18
                  LayoutText (anonymous) at (4,1) size 7x16
                    text run at (4,1) width 7: "0"
              LayoutMenuList {SELECT} at (5,727.88) size 31x25.33 [bgcolor=#C0C0C0] [border: (1px solid #A9A9A9)]
                LayoutBlockFlow (anonymous) at (1,3.66) size 29x18
                  LayoutText (anonymous) at (4,1) size 7x16
                    text run at (4,1) width 7: "0"
              LayoutMenuList {SELECT} at (5,758.20) size 31x25.33 [bgcolor=#C0C0C0] [border: (1px solid #A9A9A9)]
                LayoutBlockFlow (anonymous) at (1,3.66) size 29x18
                  LayoutText (anonymous) at (4,1) size 7x16
                    text run at (4,1) width 7: "0"
              LayoutMenuList {SELECT} at (5,788.53) size 31x25.33 [bgcolor=#C0C0C0] [border: (1px solid #A9A9A9)]
                LayoutBlockFlow (anonymous) at (1,3.66) size 29x18
                  LayoutText (anonymous) at (4,1) size 7x16
                    text run at (4,1) width 7: "0"
              LayoutMenuList {SELECT} at (5,818.86) size 31x25.33 [bgcolor=#C0C0C0] [border: (1px solid #A9A9A9)]
                LayoutBlockFlow (anonymous) at (1,3.66) size 29x18
                  LayoutText (anonymous) at (4,1) size 7x16
                    text run at (4,1) width 7: "0"
              LayoutMenuList {SELECT} at (5,849.19) size 31x25.33 [bgcolor=#C0C0C0] [border: (1px solid #A9A9A9)]
                LayoutBlockFlow (anonymous) at (1,3.66) size 29x18
                  LayoutText (anonymous) at (4,1) size 7x16
                    text run at (4,1) width 7: "0"
              LayoutMenuList {SELECT} at (5,879.52) size 31x25.33 [bgcolor=#C0C0C0] [border: (1px solid #A9A9A9)]
                LayoutBlockFlow (anonymous) at (1,3.66) size 29x18
                  LayoutText (anonymous) at (4,1) size 7x16
                    text run at (4,1) width 7: "0"
