layer at (0,0) size 785x612
  LayoutView at (0,0) size 785x600
layer at (0,0) size 785x612
  LayoutBlockFlow {HTML} at (0,0) size 785x612
    LayoutBlockFlow {BODY} at (8,8) size 769x596
      LayoutBlockFlow {P} at (0,0) size 769x40
        LayoutText {#text} at (0,0) size 81x19
          text run at (0,0) width 81: "This tests for "
        LayoutInline {I} at (0,0) size 715x39
          LayoutText {#text} at (81,0) size 715x39
            text run at (81,0) width 634: "http://bugzilla.opendarwin.org/show_bug.cgi?id=6014 Bidi algorithm: incorrect resolved levels for"
            text run at (0,20) width 212: "neutrals between R and ET ON L"
        LayoutText {#text} at (212,20) size 4x19
          text run at (212,20) width 4: "."
      LayoutBlockFlow {P} at (0,56) size 769x40
        LayoutText {#text} at (0,0) size 768x39
          text run at (0,0) width 93: "The characters "
          text run at (93,0) width 8 RTL: "\x{5D0}"
          text run at (101,0) width 30: " and "
          text run at (131,0) width 7 RTL: "\x{5D1}"
          text run at (138,0) width 630: " are of type R; ^ and @ are of type ON; $ and % are of type ET; a is of type L; 1 is of type EN. In each"
          text run at (0,20) width 410: "of the following pairs, the two lines should be identical to each other."
      LayoutBlockFlow {HR} at (0,112) size 769x2 [border: (1px inset #EEEEEE)]
      LayoutBlockFlow {P} at (0,130) size 769x20
        LayoutText {#text} at (0,0) size 75x19
          text run at (0,0) width 8 RTL: "\x{5D0}"
          text run at (8,0) width 67: " ^ @ $% a"
      LayoutBlockFlow (anonymous) at (0,166) size 769x20
        LayoutInline {BDO} at (0,0) size 75x19
          LayoutText {#text} at (0,0) size 75x19
            text run at (0,0) width 75 LTR override: "\x{5D0} ^ @ $% a"
        LayoutText {#text} at (0,0) size 0x0
      LayoutBlockFlow {HR} at (0,194) size 769x2 [border: (1px inset #EEEEEE)]
      LayoutBlockFlow {P} at (0,212) size 769x20
        LayoutText {#text} at (0,0) size 75x19
          text run at (0,0) width 75 RTL: "\x{5D0} ^ @ $% \x{5D1}"
      LayoutBlockFlow (anonymous) at (0,248) size 769x20
        LayoutInline {BDO} at (0,0) size 75x19
          LayoutText {#text} at (0,0) size 75x19
            text run at (0,0) width 75 LTR override: "\x{5D1} %$ @ ^ \x{5D0}"
        LayoutText {#text} at (0,0) size 0x0
      LayoutBlockFlow {HR} at (0,276) size 769x2 [border: (1px inset #EEEEEE)]
      LayoutBlockFlow {P} at (0,294) size 769x20
        LayoutText {#text} at (0,0) size 72x19
          text run at (0,0) width 29: "$%1"
          text run at (29,0) width 43 RTL: "\x{5D0} ^ @ "
      LayoutBlockFlow (anonymous) at (0,330) size 769x20
        LayoutInline {BDO} at (0,0) size 72x19
          LayoutText {#text} at (0,0) size 72x19
            text run at (0,0) width 72 LTR override: "$%1 @ ^ \x{5D0}"
        LayoutText {#text} at (0,0) size 0x0
      LayoutBlockFlow {HR} at (0,358) size 769x2 [border: (1px inset #EEEEEE)]
      LayoutBlockFlow {P} at (0,376) size 769x20
        LayoutText {#text} at (0,0) size 75x19
          text run at (0,0) width 7: "a"
          text run at (7,0) width 68 RTL: "\x{5D0} ^ @ $% "
      LayoutBlockFlow (anonymous) at (0,412) size 769x20
        LayoutInline {BDO} at (0,0) size 75x19
          LayoutText {#text} at (0,0) size 75x19
            text run at (0,0) width 75 LTR override: "a %$ @ ^ \x{5D0}"
        LayoutText {#text} at (0,0) size 0x0
      LayoutBlockFlow {HR} at (0,440) size 769x2 [border: (1px inset #EEEEEE)]
      LayoutBlockFlow {P} at (0,458) size 769x20
        LayoutText {#text} at (0,0) size 75x19
          text run at (0,0) width 75 RTL: "\x{5D0} ^ @ $% \x{5D1}"
      LayoutBlockFlow (anonymous) at (0,494) size 769x20
        LayoutInline {BDO} at (0,0) size 75x19
          LayoutText {#text} at (0,0) size 75x19
            text run at (0,0) width 75 LTR override: "\x{5D1} %$ @ ^ \x{5D0}"
        LayoutText {#text} at (0,0) size 0x0
      LayoutBlockFlow {HR} at (0,522) size 769x2 [border: (1px inset #EEEEEE)]
      LayoutBlockFlow {P} at (0,540) size 769x20
        LayoutText {#text} at (0,0) size 72x19
          text run at (0,0) width 29: "$%1"
          text run at (29,0) width 43 RTL: "\x{5D0} ^ @ "
      LayoutBlockFlow (anonymous) at (0,576) size 769x20
        LayoutInline {BDO} at (0,0) size 72x19
          LayoutText {#text} at (0,0) size 72x19
            text run at (0,0) width 72 LTR override: "$%1 @ ^ \x{5D0}"
        LayoutText {#text} at (0,0) size 0x0
