layer at (0,0) size 800x600
  LayoutView at (0,0) size 800x600
layer at (0,0) size 800x146
  LayoutBlockFlow {html} at (0,0) size 800x146
    LayoutBlockFlow {body} at (8,16) size 784x114
      LayoutBlockFlow {p} at (0,0) size 784x40
        LayoutText {#text} at (0,0) size 780x39
          text run at (0,0) width 558: "If scripting is supported: there should be only a single static jumble below with the word "
          text run at (558,0) width 222: "\"Control\" blinking steadily. If there"
          text run at (0,20) width 159: "are two squares, or if the "
          text run at (159,20) width 267: "square is animated, then the test has failed."
      LayoutBlockFlow {p} at (0,56) size 784x20
        LayoutText {#text} at (0,0) size 512x19
          text run at (0,0) width 357: "If scripting is unsupported: there should be two identical "
          text run at (357,0) width 155: "patterned squares below."
      LayoutBlockFlow {p} at (0,92) size 784x22
        LayoutButton {button} at (0,0) size 67x22 [bgcolor=#C0C0C0] [border: (2px outset #C0C0C0)]
          LayoutBlockFlow (anonymous) at (8,3) size 51x16
            LayoutText {#text} at (0,0) size 51x16
              text run at (0,0) width 51: "Examine"
layer at (28,166) size 240x240
  LayoutBlockFlow (positioned) {pre} at (28,166) size 240x240 [color=#000080] [bgcolor=#FFFF00]
    LayoutText {#text} at (0,0) size 260x240
      text run at (0,0) width 240: "############"
      text run at (240,0) width 0: " "
      text run at (0,20) width 240: "#AA1       #"
      text run at (240,20) width 0: " "
      text run at (0,40) width 240: "#AA        #"
      text run at (240,40) width 0: " "
      text run at (0,60) width 240: "#B222222222#"
      text run at (240,60) width 0: " "
      text run at (0,80) width 240: "#BCDEEF3   #"
      text run at (240,80) width 0: " "
      text run at (0,100) width 240: "# C EE444  #"
      text run at (240,100) width 0: " "
      text run at (0,120) width 240: "# C55555555#"
      text run at (240,120) width 0: " "
      text run at (0,140) width 240: "# C66666   #"
      text run at (240,140) width 0: " "
      text run at (0,160) width 240: "# C        #"
      text run at (240,160) width 0: " "
      text run at (0,180) width 240: "#777777777 #"
      text run at (240,180) width 0: " "
      text run at (0,200) width 240: "#          #"
      text run at (240,200) width 0: " "
      text run at (0,220) width 260: "############ "
    LayoutInline {span} at (0,0) size 47x17
      LayoutText {#text} at (260,223) size 47x17
        text run at (260,223) width 47: "Control"
    LayoutText {#text} at (307,220) size 0x20
      text run at (307,220) width 0: " "
