layer at (0,0) size 800x600
  LayoutView at (0,0) size 800x600
layer at (0,0) size 800x556
  LayoutBlockFlow {html} at (0,0) size 800x556
    LayoutBlockFlow {body} at (8,16) size 784x60
      LayoutBlockFlow {p} at (0,0) size 784x60
        LayoutText {#text} at (0,0) size 719x39
          text run at (0,0) width 410: "Make your window an inch or two bigger than than the width of "
          text run at (410,0) width 309: "one float. All floats should be the same size. This"
          text run at (0,20) width 112: "document should "
          text run at (112,20) width 175: "be pixel-perfect identical to "
        LayoutInline {a} at (0,0) size 49x19 [color=#0000EE]
          LayoutText {#text} at (287,20) size 49x19
            text run at (287,20) width 49: "this one"
        LayoutText {#text} at (336,20) size 31x19
          text run at (336,20) width 31: " and "
        LayoutInline {a} at (0,0) size 49x19 [color=#0000EE]
          LayoutText {#text} at (367,20) size 49x19
            text run at (367,20) width 49: "this one"
        LayoutText {#text} at (416,20) size 748x39
          text run at (416,20) width 235: " at all window sizes. Try resizing the "
          text run at (650,20) width 98: "window so that"
          text run at (0,40) width 219: "floats wrap in one or two columns."
      LayoutBlockFlow (floating) {div} at (0,76) size 615x58
        LayoutBlockFlow {div} at (8,8) size 599x42 [border: (3px solid #000000)]
          LayoutText {#text} at (11,11) size 577x19
            text run at (11,11) width 577: "this is a float this is a float this is a float this is a float this is a float this is a float this is a float"
      LayoutBlockFlow (floating) {div} at (0,134) size 615x58
        LayoutBlockFlow {div} at (8,8) size 599x42 [border: (3px solid #000000)]
          LayoutText {#text} at (11,11) size 577x19
            text run at (11,11) width 577: "this is a float this is a float this is a float this is a float this is a float this is a float this is a float"
      LayoutBlockFlow (floating) {div} at (0,192) size 615x58
        LayoutBlockFlow {div} at (8,8) size 599x42 [border: (3px solid #000000)]
          LayoutText {#text} at (11,11) size 577x19
            text run at (11,11) width 577: "this is a float this is a float this is a float this is a float this is a float this is a float this is a float"
      LayoutBlockFlow (floating) {div} at (0,250) size 615x58
        LayoutBlockFlow {div} at (8,8) size 599x42 [border: (3px solid #000000)]
          LayoutText {#text} at (11,11) size 577x19
            text run at (11,11) width 577: "this is a float this is a float this is a float this is a float this is a float this is a float this is a float"
      LayoutBlockFlow (floating) {div} at (0,308) size 615x58
        LayoutBlockFlow {div} at (8,8) size 599x42 [border: (3px solid #000000)]
          LayoutText {#text} at (11,11) size 577x19
            text run at (11,11) width 577: "this is a float this is a float this is a float this is a float this is a float this is a float this is a float"
      LayoutBlockFlow (floating) {div} at (0,366) size 615x58
        LayoutBlockFlow {div} at (8,8) size 599x42 [border: (3px solid #000000)]
          LayoutText {#text} at (11,11) size 577x19
            text run at (11,11) width 577: "this is a float this is a float this is a float this is a float this is a float this is a float this is a float"
      LayoutBlockFlow (floating) {div} at (0,424) size 615x58
        LayoutBlockFlow {div} at (8,8) size 599x42 [border: (3px solid #000000)]
          LayoutText {#text} at (11,11) size 577x19
            text run at (11,11) width 577: "this is a float this is a float this is a float this is a float this is a float this is a float this is a float"
      LayoutBlockFlow (floating) {div} at (0,482) size 615x58
        LayoutBlockFlow {div} at (8,8) size 599x42 [border: (3px solid #000000)]
          LayoutText {#text} at (11,11) size 577x19
            text run at (11,11) width 577: "this is a float this is a float this is a float this is a float this is a float this is a float this is a float"
