layer at (0,0) size 800x600 clip at (0,0) size 785x600 scrollHeight 1360
  LayoutView at (0,0) size 800x600
layer at (0,0) size 785x1360 backgroundClip at (0,0) size 785x600 clip at (0,0) size 785x600
  LayoutBlockFlow {html} at (0,0) size 785x1360.38
    LayoutBlockFlow {body} at (8,8) size 769x0
      LayoutBlockFlow (floating) {div} at (0,0) size 769x1352.38
        LayoutBlockFlow {h1} at (0,21.44) size 769x37
          LayoutText {#text} at (0,0) size 443x37
            text run at (0,0) width 443: "SVG grid with percentage width"
        LayoutBlockFlow {h4} at (0,79.88) size 769x18
          LayoutText {#text} at (0,0) size 149x18
            text run at (0,0) width 149: "WICD Core 1.0 #20-3"
        LayoutBlockFlow {p} at (0,119.14) size 769x0
          LayoutBlockFlow (floating) {div} at (256.30,128.16) size 256.30x448.52
            LayoutBR {br} at (256,0) size 1x18
          LayoutBlockFlow (floating) {div} at (512.59,128.16) size 256.30x448.52
          LayoutBlockFlow (floating) {div} at (0,704.83) size 384.50x192.25
          LayoutBlockFlow (floating) {div} at (384.50,704.83) size 384.50x192.25
          LayoutBlockFlow (floating) {div} at (384.50,897.08) size 384.50x128.16
        LayoutBlockFlow {p} at (0,119.14) size 769x1043.23 [color=#FFFFFF]
          LayoutBR {br} at (769,0) size 0x18
          LayoutText {#text} at (0,1025) size 8x18
            text run at (0,1025) width 8: ".."
        LayoutBlockFlow {p} at (0,1178.38) size 769x54
          LayoutText {#text} at (0,0) size 766x54
            text run at (0,0) width 644: "Above, you should see a grid of 17 SVG child elements sticked together to build one rectangle grid. "
            text run at (643,0) width 123: "You should be able"
            text run at (0,18) width 764: "to resize your browser window and the grid rendering should adjust to it. The outcome should look like in these sample"
            text run at (0,36) width 83: "screenshots: "
          LayoutInline {a} at (0,0) size 35x18 [color=#0000EE]
            LayoutText {#text} at (82,36) size 35x18
              text run at (82,36) width 35: "small"
          LayoutText {#text} at (116,36) size 9x18
            text run at (116,36) width 9: ", "
          LayoutInline {a} at (0,0) size 42x18 [color=#0000EE]
            LayoutText {#text} at (124,36) size 42x18
              text run at (124,36) width 42: "bigger"
          LayoutText {#text} at (165,36) size 32x18
            text run at (165,36) width 32: " and "
          LayoutInline {a} at (0,0) size 22x18 [color=#0000EE]
            LayoutText {#text} at (196,36) size 22x18
              text run at (196,36) width 22: "big"
          LayoutText {#text} at (217,36) size 5x18
            text run at (217,36) width 5: "."
        LayoutBlockFlow {p} at (0,1248.38) size 769x36
          LayoutText {#text} at (0,0) size 762x36
            text run at (0,0) width 762: "The test is successful, if all SVG elements resize exacly dependend on the width of the browser window, but keep their"
            text run at (0,18) width 636: "aspect ratio and relative position. The complete grid should always show a perfect rectangle object."
        LayoutBlockFlow {p} at (0,1300.38) size 769x36
          LayoutBR {br} at (0,0) size 0x18
          LayoutInline {a} at (0,0) size 33x18 [color=#0000EE]
            LayoutText {#text} at (0,18) size 33x18
              text run at (0,18) width 33: "Back"
layer at (8,127) size 385x128
  LayoutEmbeddedObject (floating) {object} at (0,0) size 384.50x128.16
    layer at (0,0) size 385x128
      LayoutView at (0,0) size 385x128
    layer at (0,0) size 385x128
      LayoutSVGRoot {svg} at (0,0) size 385x128
        LayoutSVGHiddenContainer {defs} at (0,0) size 0x0
          LayoutSVGResourceLinearGradient {linearGradient} [id="surface"] [gradientUnits=objectBoundingBox] [start=(1,0)] [end=(1,1)]
            LayoutSVGGradientStop {stop} [offset=0.00] [color=#FFFFFF]
            LayoutSVGGradientStop {stop} [offset=1.00] [color=#FFEEAA]
        LayoutSVGRect {rect} at (0,0) size 385x128 [stroke={[type=SOLID] [color=#FFCC33] [stroke width=2.00]}] [fill={[type=LINEAR-GRADIENT] [id="surface"]}] [x=1.00] [y=1.00] [width=118.00] [height=38.00]
        LayoutSVGText {text} at (52,8) size 16x24 contains 1 chunk(s)
          LayoutSVGInlineText {#text} at (0,0) size 15x24
            chunk 1 (middle anchor) text run 1 at (52.78,27.00) startOffset 0 endOffset 1 width 14.44: "A"
layer at (393,127) size 384x128
  LayoutEmbeddedObject (floating) {object} at (384.50,0) size 384.50x128.16
    layer at (0,0) size 385x128
      LayoutView at (0,0) size 385x128
    layer at (0,0) size 385x128
      LayoutSVGRoot {svg} at (0,0) size 385x128
        LayoutSVGHiddenContainer {defs} at (0,0) size 0x0
          LayoutSVGResourceLinearGradient {linearGradient} [id="surface"] [gradientUnits=objectBoundingBox] [start=(1,0)] [end=(1,1)]
            LayoutSVGGradientStop {stop} [offset=0.00] [color=#FFFFFF]
            LayoutSVGGradientStop {stop} [offset=1.00] [color=#FFEEAA]
        LayoutSVGRect {rect} at (0,0) size 385x128 [stroke={[type=SOLID] [color=#FFCC33] [stroke width=2.00]}] [fill={[type=LINEAR-GRADIENT] [id="surface"]}] [x=1.00] [y=1.00] [width=118.00] [height=38.00]
        LayoutSVGText {text} at (53,8) size 14x24 contains 1 chunk(s)
          LayoutSVGInlineText {#text} at (0,0) size 13x24
            chunk 1 (middle anchor) text run 1 at (53.89,27.00) startOffset 0 endOffset 1 width 12.22: "L"
layer at (8,255) size 256x449 backgroundClip at (0,0) size 785x600 clip at (0,0) size 785x600
  LayoutEmbeddedObject (floating) {object} at (0,128.16) size 256.30x448.52
    layer at (0,0) size 256x449
      LayoutView at (0,0) size 256x449
    layer at (0,0) size 256x449
      LayoutSVGRoot {svg} at (0,0) size 256x449
        LayoutSVGHiddenContainer {defs} at (0,0) size 0x0
          LayoutSVGResourceLinearGradient {linearGradient} [id="surface"] [gradientUnits=objectBoundingBox] [start=(1,0)] [end=(1,1)]
            LayoutSVGGradientStop {stop} [offset=0.00] [color=#FFFFFF]
            LayoutSVGGradientStop {stop} [offset=1.00] [color=#FFEEAA]
        LayoutSVGContainer {a} at (0,0) size 128x129
          LayoutSVGRect {rect} at (0,0) size 128x129 [stroke={[type=SOLID] [color=#FFCC33] [stroke width=2.00]}] [fill={[type=LINEAR-GRADIENT] [id="surface"]}] [x=1.00] [y=1.00] [width=38.00] [height=38.00]
          LayoutSVGText {text} at (13,8) size 14x24 contains 1 chunk(s)
            LayoutSVGInlineText {#text} at (0,0) size 14x24
              chunk 1 (middle anchor) text run 1 at (13.33,27.00) startOffset 0 endOffset 1 width 13.34: "B"
        LayoutSVGContainer {a} at (128,0) size 128x129
          LayoutSVGRect {rect} at (128,0) size 128x129 [stroke={[type=SOLID] [color=#FFCC33] [stroke width=2.00]}] [fill={[type=LINEAR-GRADIENT] [id="surface"]}] [x=41.00] [y=1.00] [width=38.00] [height=38.00]
        LayoutSVGContainer {a} at (0,160) size 128x129
          LayoutSVGEllipse {circle} at (0,160) size 128x129 [stroke={[type=SOLID] [color=#FFCC33] [stroke width=2.00]}] [fill={[type=LINEAR-GRADIENT] [id="surface"]}] [cx=20.00] [cy=70.00] [r=19.00]
          LayoutSVGText {text} at (13,58) size 14x24 contains 1 chunk(s)
            LayoutSVGInlineText {#text} at (0,0) size 14x24
              chunk 1 (middle anchor) text run 1 at (13.33,77.00) startOffset 0 endOffset 1 width 13.34: "C"
        LayoutSVGContainer {a} at (128,160) size 128x129
          LayoutSVGEllipse {circle} at (128,160) size 128x129 [stroke={[type=SOLID] [color=#FFCC33] [stroke width=2.00]}] [fill={[type=LINEAR-GRADIENT] [id="surface"]}] [cx=60.00] [cy=70.00] [r=19.00]
        LayoutSVGContainer {a} at (0,320) size 128x129
          LayoutSVGEllipse {circle} at (0,320) size 128x129 [stroke={[type=SOLID] [color=#FFCC33] [stroke width=2.00]}] [fill={[type=LINEAR-GRADIENT] [id="surface"]}] [cx=20.00] [cy=120.00] [r=19.00]
          LayoutSVGText {text} at (12,108) size 16x24 contains 1 chunk(s)
            LayoutSVGInlineText {#text} at (0,0) size 15x24
              chunk 1 (middle anchor) text run 1 at (12.78,127.00) startOffset 0 endOffset 1 width 14.44: "D"
        LayoutSVGContainer {a} at (128,320) size 128x129
          LayoutSVGEllipse {circle} at (128,320) size 128x129 [stroke={[type=SOLID] [color=#FFCC33] [stroke width=2.00]}] [fill={[type=LINEAR-GRADIENT] [id="surface"]}] [cx=60.00] [cy=120.00] [r=19.00]
          LayoutSVGText {text} at (53,108) size 14x24 contains 1 chunk(s)
            LayoutSVGInlineText {#text} at (0,0) size 13x24
              chunk 1 (middle anchor) text run 1 at (53.89,127.00) startOffset 0 endOffset 1 width 12.22: "E"
layer at (264,255) size 256x256
  LayoutEmbeddedObject (floating) {object} at (0,0) size 256.30x256.30
    layer at (0,0) size 256x256
      LayoutView at (0,0) size 256x256
    layer at (0,0) size 256x256
      LayoutSVGRoot {svg} at (0,0) size 256x256
        LayoutSVGHiddenContainer {defs} at (0,0) size 0x0
          LayoutSVGResourceLinearGradient {linearGradient} [id="surface"] [gradientUnits=objectBoundingBox] [start=(1,0)] [end=(1,1)]
            LayoutSVGGradientStop {stop} [offset=0.00] [color=#FFFFFF]
            LayoutSVGGradientStop {stop} [offset=1.00] [color=#FFEEAA]
        LayoutSVGRect {rect} at (0,0) size 256x256 [stroke={[type=SOLID] [color=#FFCC33] [stroke width=2.00]}] [fill={[type=LINEAR-GRADIENT] [id="surface"]}] [x=1.00] [y=1.00] [width=78.00] [height=78.00]
        LayoutSVGText {text} at (32,28) size 16x24 contains 1 chunk(s)
          LayoutSVGInlineText {#text} at (0,0) size 15x24
            chunk 1 (middle anchor) text run 1 at (32.78,47.00) startOffset 0 endOffset 1 width 14.44: "K"
layer at (264,512) size 256x193 backgroundClip at (0,0) size 785x600 clip at (0,0) size 785x600
  LayoutEmbeddedObject (floating) {object} at (0,256.30) size 256.30x192.22
    layer at (0,0) size 256x192
      LayoutView at (0,0) size 256x192
    layer at (0,0) size 256x192
      LayoutSVGRoot {svg} at (0,0) size 256x192
        LayoutSVGHiddenContainer {defs} at (0,0) size 0x0
          LayoutSVGResourceLinearGradient {linearGradient} [id="surface"] [gradientUnits=objectBoundingBox] [start=(1,0)] [end=(1,1)]
            LayoutSVGGradientStop {stop} [offset=0.00] [color=#FFFFFF]
            LayoutSVGGradientStop {stop} [offset=1.00] [color=#FFEEAA]
        LayoutSVGRect {rect} at (0,0) size 256x192 [stroke={[type=SOLID] [color=#FFCC33] [stroke width=2.00]}] [fill={[type=LINEAR-GRADIENT] [id="surface"]}] [x=1.00] [y=1.00] [width=78.00] [height=58.00]
        LayoutSVGText {text} at (36,18) size 8x24 contains 1 chunk(s)
          LayoutSVGInlineText {#text} at (0,0) size 8x24
            chunk 1 (middle anchor) text run 1 at (36.11,37.00) startOffset 0 endOffset 1 width 7.78: "J"
layer at (521,255) size 256x256
  LayoutEmbeddedObject (floating) {object} at (0,0) size 256.30x256.30
    layer at (0,0) size 256x256
      LayoutView at (0,0) size 256x256
    layer at (0,0) size 256x256
      LayoutSVGRoot {svg} at (0,0) size 256x256
        LayoutSVGHiddenContainer {defs} at (0,0) size 0x0
          LayoutSVGResourceLinearGradient {linearGradient} [id="surface"] [gradientUnits=objectBoundingBox] [start=(1,0)] [end=(1,1)]
            LayoutSVGGradientStop {stop} [offset=0.00] [color=#FFFFFF]
            LayoutSVGGradientStop {stop} [offset=1.00] [color=#FFEEAA]
        LayoutSVGContainer {a} at (0,0) size 128x128
          LayoutSVGRect {rect} at (0,0) size 128x128 [stroke={[type=SOLID] [color=#FFCC33] [stroke width=2.00]}] [fill={[type=LINEAR-GRADIENT] [id="surface"]}] [x=1.00] [y=1.00] [width=38.00] [height=38.00]
          LayoutSVGText {text} at (11,8) size 18x24 contains 1 chunk(s)
            LayoutSVGInlineText {#text} at (0,0) size 18x24
              chunk 1 (middle anchor) text run 1 at (11.11,27.00) startOffset 0 endOffset 1 width 17.78: "M"
        LayoutSVGContainer {a} at (128,0) size 128x128
          LayoutSVGRect {rect} at (128,0) size 128x128 [stroke={[type=SOLID] [color=#FFCC33] [stroke width=2.00]}] [fill={[type=LINEAR-GRADIENT] [id="surface"]}] [x=41.00] [y=1.00] [width=38.00] [height=38.00]
          LayoutSVGText {text} at (52,8) size 16x24 contains 1 chunk(s)
            LayoutSVGInlineText {#text} at (0,0) size 15x24
              chunk 1 (middle anchor) text run 1 at (52.78,27.00) startOffset 0 endOffset 1 width 14.44: "N"
        LayoutSVGContainer {a} at (0,128) size 128x128
          LayoutSVGRect {rect} at (0,128) size 128x128 [stroke={[type=SOLID] [color=#FFCC33] [stroke width=2.00]}] [fill={[type=LINEAR-GRADIENT] [id="surface"]}] [x=1.00] [y=41.00] [width=38.00] [height=38.00]
          LayoutSVGText {text} at (14,48) size 12x24 contains 1 chunk(s)
            LayoutSVGInlineText {#text} at (0,0) size 12x24
              chunk 1 (middle anchor) text run 1 at (14.44,67.00) startOffset 0 endOffset 1 width 11.12: "P"
        LayoutSVGContainer {a} at (128,128) size 128x128
          LayoutSVGRect {rect} at (128,128) size 128x128 [stroke={[type=SOLID] [color=#FFCC33] [stroke width=2.00]}] [fill={[type=LINEAR-GRADIENT] [id="surface"]}] [x=41.00] [y=41.00] [width=38.00] [height=38.00]
          LayoutSVGText {text} at (52,48) size 16x24 contains 1 chunk(s)
            LayoutSVGInlineText {#text} at (0,0) size 15x24
              chunk 1 (middle anchor) text run 1 at (52.78,67.00) startOffset 0 endOffset 1 width 14.44: "O"
layer at (521,512) size 256x193 backgroundClip at (0,0) size 785x600 clip at (0,0) size 785x600
  LayoutEmbeddedObject (floating) {object} at (0,256.30) size 256.30x192.22
    layer at (0,0) size 256x192
      LayoutView at (0,0) size 256x192
    layer at (0,0) size 256x192
      LayoutSVGRoot {svg} at (0,0) size 256x192
        LayoutSVGHiddenContainer {defs} at (0,0) size 0x0
          LayoutSVGResourceLinearGradient {linearGradient} [id="surface"] [gradientUnits=objectBoundingBox] [start=(1,0)] [end=(1,1)]
            LayoutSVGGradientStop {stop} [offset=0.00] [color=#FFFFFF]
            LayoutSVGGradientStop {stop} [offset=1.00] [color=#FFEEAA]
        LayoutSVGEllipse {ellipse} at (0,0) size 256x192 [stroke={[type=SOLID] [color=#FFCC33] [stroke width=2.00]}] [fill={[type=LINEAR-GRADIENT] [id="surface"]}] [cx=40.00] [cy=30.00] [rx=39.00] [ry=29.00]
        LayoutSVGText {text} at (32,18) size 16x24 contains 1 chunk(s)
          LayoutSVGInlineText {#text} at (0,0) size 15x24
            chunk 1 (middle anchor) text run 1 at (32.78,37.00) startOffset 0 endOffset 1 width 14.44: "Q"
layer at (8,704) size 385x128 backgroundClip at (0,0) size 785x600 clip at (0,0) size 785x600
  LayoutEmbeddedObject (floating) {object} at (0,576.67) size 384.50x128.16
    layer at (0,0) size 385x128
      LayoutView at (0,0) size 385x128
    layer at (0,0) size 385x128
      LayoutSVGRoot {svg} at (0,0) size 385x128
        LayoutSVGHiddenContainer {defs} at (0,0) size 0x0
          LayoutSVGResourceLinearGradient {linearGradient} [id="surface"] [gradientUnits=objectBoundingBox] [start=(1,0)] [end=(1,1)]
            LayoutSVGGradientStop {stop} [offset=0.00] [color=#FFFFFF]
            LayoutSVGGradientStop {stop} [offset=1.00] [color=#FFEEAA]
        LayoutSVGRect {rect} at (0,0) size 385x128 [stroke={[type=SOLID] [color=#FFCC33] [stroke width=2.00]}] [fill={[type=LINEAR-GRADIENT] [id="surface"]}] [x=1.00] [y=1.00] [width=118.00] [height=38.00]
        LayoutSVGText {text} at (54,8) size 12x24 contains 1 chunk(s)
          LayoutSVGInlineText {#text} at (0,0) size 12x24
            chunk 1 (middle anchor) text run 1 at (54.44,27.00) startOffset 0 endOffset 1 width 11.12: "F"
layer at (393,704) size 384x128 backgroundClip at (0,0) size 785x600 clip at (0,0) size 785x600
  LayoutEmbeddedObject (floating) {object} at (384.50,576.67) size 384.50x128.16
    layer at (0,0) size 385x128
      LayoutView at (0,0) size 385x128
    layer at (0,0) size 385x128
      LayoutSVGRoot {svg} at (0,0) size 385x128
        LayoutSVGHiddenContainer {defs} at (0,0) size 0x0
          LayoutSVGResourceLinearGradient {linearGradient} [id="surface"] [gradientUnits=objectBoundingBox] [start=(1,0)] [end=(1,1)]
            LayoutSVGGradientStop {stop} [offset=0.00] [color=#FFFFFF]
            LayoutSVGGradientStop {stop} [offset=1.00] [color=#FFEEAA]
        LayoutSVGRect {rect} at (0,0) size 385x128 [stroke={[type=SOLID] [color=#FFCC33] [stroke width=2.00]}] [fill={[type=LINEAR-GRADIENT] [id="surface"]}] [x=1.00] [y=1.00] [width=118.00] [height=38.00]
        LayoutSVGText {text} at (56,8) size 8x24 contains 1 chunk(s)
          LayoutSVGInlineText {#text} at (0,0) size 7x24
            chunk 1 (middle anchor) text run 1 at (56.67,27.00) startOffset 0 endOffset 1 width 6.66: "I"
layer at (8,832) size 96x192 backgroundClip at (0,0) size 785x600 clip at (0,0) size 785x600
  LayoutEmbeddedObject (floating) {object} at (0,0) size 96.13x192.25
    layer at (0,0) size 96x192
      LayoutView at (0,0) size 96x192
    layer at (0,0) size 96x192
      LayoutSVGRoot {svg} at (0,0) size 96x192
        LayoutSVGHiddenContainer {defs} at (0,0) size 0x0
          LayoutSVGResourceLinearGradient {linearGradient} [id="surface"] [gradientUnits=objectBoundingBox] [start=(1,0)] [end=(1,1)]
            LayoutSVGGradientStop {stop} [offset=0.00] [color=#FFFFFF]
            LayoutSVGGradientStop {stop} [offset=1.00] [color=#FFEEAA]
        LayoutSVGRect {rect} at (0,0) size 96x192 [stroke={[type=SOLID] [color=#FFCC33] [stroke width=2.00]}] [fill={[type=LINEAR-GRADIENT] [id="surface"]}] [x=1.00] [y=1.00] [width=28.00] [height=58.00]
layer at (104,832) size 289x192 backgroundClip at (0,0) size 785x600 clip at (0,0) size 785x600
  LayoutEmbeddedObject (floating) {object} at (96.13,0) size 288.38x192.25
    layer at (0,0) size 288x192
      LayoutView at (0,0) size 288x192
    layer at (0,0) size 288x192
      LayoutSVGRoot {svg} at (0,0) size 288x192
        LayoutSVGHiddenContainer {defs} at (0,0) size 0x0
          LayoutSVGResourceLinearGradient {linearGradient} [id="surface"] [gradientUnits=objectBoundingBox] [start=(1,0)] [end=(1,1)]
            LayoutSVGGradientStop {stop} [offset=0.00] [color=#FFFFFF]
            LayoutSVGGradientStop {stop} [offset=1.00] [color=#FFEEAA]
        LayoutSVGRect {rect} at (0,0) size 288x192 [stroke={[type=SOLID] [color=#FFCC33] [stroke width=2.00]}] [fill={[type=LINEAR-GRADIENT] [id="surface"]}] [x=1.00] [y=1.00] [width=88.00] [height=58.00]
        LayoutSVGText {text} at (37,18) size 16x24 contains 1 chunk(s)
          LayoutSVGInlineText {#text} at (0,0) size 15x24
            chunk 1 (middle anchor) text run 1 at (37.78,37.00) startOffset 0 endOffset 1 width 14.44: "G"
layer at (393,832) size 192x192 backgroundClip at (0,0) size 785x600 clip at (0,0) size 785x600
  LayoutEmbeddedObject (floating) {object} at (0,0) size 192.25x192.25
    layer at (0,0) size 192x192
      LayoutView at (0,0) size 192x192
    layer at (0,0) size 192x192
      LayoutSVGRoot {svg} at (0,0) size 192x192
        LayoutSVGHiddenContainer {defs} at (0,0) size 0x0
          LayoutSVGResourceLinearGradient {linearGradient} [id="surface"] [gradientUnits=objectBoundingBox] [start=(1,0)] [end=(1,1)]
            LayoutSVGGradientStop {stop} [offset=0.00] [color=#FFFFFF]
            LayoutSVGGradientStop {stop} [offset=1.00] [color=#FFEEAA]
        LayoutSVGEllipse {ellipse} at (0,0) size 192x192 [stroke={[type=SOLID] [color=#FFCC33] [stroke width=2.00]}] [fill={[type=LINEAR-GRADIENT] [id="surface"]}] [cx=30.00] [cy=30.00] [rx=29.00] [ry=29.00]
        LayoutSVGText {text} at (22,18) size 16x24 contains 1 chunk(s)
          LayoutSVGInlineText {#text} at (0,0) size 15x24
            chunk 1 (middle anchor) text run 1 at (22.78,37.00) startOffset 0 endOffset 1 width 14.44: "H"
layer at (585,832) size 193x192 backgroundClip at (0,0) size 785x600 clip at (0,0) size 785x600
  LayoutEmbeddedObject (floating) {object} at (192.25,0) size 192.25x192.25
    layer at (0,0) size 192x192
      LayoutView at (0,0) size 192x192
    layer at (0,0) size 192x192
      LayoutSVGRoot {svg} at (0,0) size 192x192
        LayoutSVGHiddenContainer {defs} at (0,0) size 0x0
          LayoutSVGResourceLinearGradient {linearGradient} [id="surface"] [gradientUnits=objectBoundingBox] [start=(1,0)] [end=(1,1)]
            LayoutSVGGradientStop {stop} [offset=0.00] [color=#FFFFFF]
            LayoutSVGGradientStop {stop} [offset=1.00] [color=#FFEEAA]
        LayoutSVGRect {rect} at (0,0) size 192x192 [stroke={[type=SOLID] [color=#FFCC33] [stroke width=2.00]}] [fill={[type=LINEAR-GRADIENT] [id="surface"]}] [x=1.00] [y=1.00] [width=58.00] [height=58.00]
        LayoutSVGText {text} at (23,18) size 14x24 contains 1 chunk(s)
          LayoutSVGInlineText {#text} at (0,0) size 14x24
            chunk 1 (middle anchor) text run 1 at (23.33,37.00) startOffset 0 endOffset 1 width 13.34: "R"
layer at (8,1024) size 192x128 backgroundClip at (0,0) size 785x600 clip at (0,0) size 785x600
  LayoutEmbeddedObject (floating) {object} at (0,897.08) size 192.25x128.16
    layer at (0,0) size 192x128
      LayoutView at (0,0) size 192x128
    layer at (0,0) size 192x128
      LayoutSVGRoot {svg} at (0,0) size 192x128
        LayoutSVGHiddenContainer {defs} at (0,0) size 0x0
          LayoutSVGResourceLinearGradient {linearGradient} [id="surface"] [gradientUnits=objectBoundingBox] [start=(1,0)] [end=(1,1)]
            LayoutSVGGradientStop {stop} [offset=0.00] [color=#FFFFFF]
            LayoutSVGGradientStop {stop} [offset=1.00] [color=#FFEEAA]
        LayoutSVGEllipse {ellipse} at (0,0) size 192x128 [stroke={[type=SOLID] [color=#FFCC33] [stroke width=2.00]}] [fill={[type=LINEAR-GRADIENT] [id="surface"]}] [cx=30.00] [cy=20.00] [rx=29.00] [ry=19.00]
layer at (200,1024) size 193x128 backgroundClip at (0,0) size 785x600 clip at (0,0) size 785x600
  LayoutEmbeddedObject (floating) {object} at (192.25,897.08) size 192.25x128.16
    layer at (0,0) size 192x128
      LayoutView at (0,0) size 192x128
    layer at (0,0) size 192x128
      LayoutSVGRoot {svg} at (0,0) size 192x128
        LayoutSVGHiddenContainer {defs} at (0,0) size 0x0
          LayoutSVGResourceLinearGradient {linearGradient} [id="surface"] [gradientUnits=objectBoundingBox] [start=(1,0)] [end=(1,1)]
            LayoutSVGGradientStop {stop} [offset=0.00] [color=#FFFFFF]
            LayoutSVGGradientStop {stop} [offset=1.00] [color=#FFEEAA]
        LayoutSVGEllipse {ellipse} at (0,0) size 192x128 [stroke={[type=SOLID] [color=#FFCC33] [stroke width=2.00]}] [fill={[type=LINEAR-GRADIENT] [id="surface"]}] [cx=30.00] [cy=20.00] [rx=29.00] [ry=19.00]
layer at (393,1024) size 288x128 backgroundClip at (0,0) size 785x600 clip at (0,0) size 785x600
  LayoutEmbeddedObject (floating) {object} at (0,0) size 288.38x128.16
    layer at (0,0) size 288x128
      LayoutView at (0,0) size 288x128
    layer at (0,0) size 288x128
      LayoutSVGRoot {svg} at (0,0) size 288x128
        LayoutSVGHiddenContainer {defs} at (0,0) size 0x0
          LayoutSVGResourceLinearGradient {linearGradient} [id="surface"] [gradientUnits=objectBoundingBox] [start=(1,0)] [end=(1,1)]
            LayoutSVGGradientStop {stop} [offset=0.00] [color=#FFFFFF]
            LayoutSVGGradientStop {stop} [offset=1.00] [color=#FFEEAA]
        LayoutSVGRect {rect} at (0,0) size 288x128 [stroke={[type=SOLID] [color=#FFCC33] [stroke width=2.00]}] [fill={[type=LINEAR-GRADIENT] [id="surface"]}] [x=1.00] [y=1.00] [width=88.00] [height=38.00]
        LayoutSVGText {text} at (39,8) size 12x24 contains 1 chunk(s)
          LayoutSVGInlineText {#text} at (0,0) size 12x24
            chunk 1 (middle anchor) text run 1 at (39.44,27.00) startOffset 0 endOffset 1 width 11.12: "S"
layer at (681,1024) size 97x128 backgroundClip at (0,0) size 785x600 clip at (0,0) size 785x600
  LayoutEmbeddedObject (floating) {object} at (288.38,0) size 96.13x128.16
    layer at (0,0) size 96x128
      LayoutView at (0,0) size 96x128
    layer at (0,0) size 96x128
      LayoutSVGRoot {svg} at (0,0) size 96x128
        LayoutSVGHiddenContainer {defs} at (0,0) size 0x0
          LayoutSVGResourceLinearGradient {linearGradient} [id="surface"] [gradientUnits=objectBoundingBox] [start=(1,0)] [end=(1,1)]
            LayoutSVGGradientStop {stop} [offset=0.00] [color=#FFFFFF]
            LayoutSVGGradientStop {stop} [offset=1.00] [color=#FFEEAA]
        LayoutSVGRect {rect} at (0,0) size 96x128 [stroke={[type=SOLID] [color=#FFCC33] [stroke width=2.00]}] [fill={[type=LINEAR-GRADIENT] [id="surface"]}] [x=1.00] [y=1.00] [width=28.00] [height=38.00]
        LayoutSVGText {text} at (8,8) size 14x24 contains 1 chunk(s)
          LayoutSVGInlineText {#text} at (0,0) size 13x24
            chunk 1 (middle anchor) text run 1 at (8.89,27.00) startOffset 0 endOffset 1 width 12.22: "T"
