layer at (0,0) size 800x600
  LayoutView at (0,0) size 800x600
layer at (0,0) size 800x205
  LayoutBlockFlow {HTML} at (0,0) size 800x205
    LayoutBlockFlow {BODY} at (8,8) size 784x189
      LayoutButton {INPUT} at (4,4) size 31.95x18 [bgcolor=#FFFFFF]
        LayoutBlockFlow (anonymous) at (8,2) size 15.95x13
          LayoutText {#text} at (0,0) size 16x13
            text run at (0,0) width 16: "foo"
      LayoutText {#text} at (39,3) size 5x18
        text run at (39,3) width 5: " "
      LayoutBR {BR} at (43,3) size 1x18
      LayoutButton {INPUT} at (4,30) size 35.95x22 [bgcolor=#FFFFFF] [border: (3px solid #00FF00)]
        LayoutBlockFlow (anonymous) at (10,4) size 15.95x13
          LayoutText {#text} at (0,0) size 16x13
            text run at (0,0) width 16: "foo"
      LayoutText {#text} at (43,31) size 5x18
        text run at (43,31) width 5: " "
      LayoutButton {INPUT} at (51.95,32) size 31.95x18 [bgcolor=#FFFFFF] [border: (1px solid #D8D8D8) (1px solid #D1D1D1) (1px solid #BABABA) (1px solid #D1D1D1)]
        LayoutBlockFlow (anonymous) at (8,2) size 15.95x13
          LayoutText {#text} at (0,0) size 16x13
            text run at (0,0) width 16: "foo"
      LayoutText {#text} at (87,31) size 5x18
        text run at (87,31) width 5: " "
      LayoutBR {BR} at (91,31) size 1x18
      LayoutButton {INPUT} at (4,60) size 31.95x18 [border: (1px solid #D8D8D8) (1px solid #D1D1D1) (1px solid #BABABA) (1px solid #D1D1D1)]
        LayoutBlockFlow (anonymous) at (8,2) size 15.95x13
          LayoutText {#text} at (0,0) size 16x13
            text run at (0,0) width 16: "foo"
      LayoutText {#text} at (39,59) size 5x18
        text run at (39,59) width 5: " "
      LayoutBR {BR} at (43,59) size 1x18
      LayoutButton {INPUT} at (4,86) size 31.95x18 [bgcolor=#FFFFFF]
        LayoutBlockFlow (anonymous) at (8,2) size 15.95x13
          LayoutText {#text} at (0,0) size 16x13
            text run at (0,0) width 16: "foo"
      LayoutText {#text} at (39,85) size 5x18
        text run at (39,85) width 5: " "
      LayoutBR {BR} at (43,85) size 1x18
      LayoutButton {INPUT} at (4,112) size 34.86x21 [bgcolor=#FFFFFF]
        LayoutBlockFlow (anonymous) at (8,2) size 18.86x16
          LayoutText {#text} at (0,0) size 19x16
            text run at (0,0) width 19: "foo"
      LayoutText {#text} at (42,113) size 5x18
        text run at (42,113) width 5: " "
      LayoutButton {INPUT} at (50.86,112) size 34.86x21 [bgcolor=#FFFFFF]
        LayoutBlockFlow (anonymous) at (8,2) size 18.86x16
          LayoutText {#text} at (0,0) size 19x16
            text run at (0,0) width 19: "foo"
      LayoutText {#text} at (89,113) size 5x18
        text run at (89,113) width 5: " "
      LayoutButton {INPUT} at (97.72,112) size 34.86x21 [bgcolor=#FFFFFF]
        LayoutBlockFlow (anonymous) at (8,2) size 18.86x16
          LayoutText {#text} at (0,0) size 19x16
            text run at (0,0) width 19: "foo"
      LayoutText {#text} at (136,113) size 5x18
        text run at (136,113) width 5: " "
      LayoutBR {BR} at (140,113) size 1x18
      LayoutButton {INPUT} at (6,151) size 47.92x26.50 [bgcolor=#FFFFFF] [border: (1.50px solid #D8D8D8) (1.50px solid #D1D1D1) (1.50px solid #BABABA) (1.50px solid #D1D1D1)]
        LayoutBlockFlow (anonymous) at (12,3) size 23.92x19
          LayoutText {#text} at (0,0) size 24x19
            text run at (0,0) width 24: "foo"
      LayoutText {#text} at (59,156) size 5x18
        text run at (59,156) width 5: " "
      LayoutButton {INPUT} at (71.92,145) size 62.38x36 [bgcolor=#FFFFFF] [border: (2px solid #D8D8D8) (2px solid #D1D1D1) (2px solid #BABABA) (2px solid #D1D1D1)]
        LayoutBlockFlow (anonymous) at (16,4) size 30.38x26
          LayoutText {#text} at (0,0) size 31x26
            text run at (0,0) width 31: "foo"
      LayoutText {#text} at (142,156) size 5x18
        text run at (142,156) width 5: " "
      LayoutBR {BR} at (146,156) size 1x18
