layer at (0,0) size 800x600
  LayoutView at (0,0) size 800x600
layer at (0,0) size 800x600
  LayoutBlockFlow {HTML} at (0,0) size 800x600
    LayoutBlockFlow {BODY} at (8,8) size 784x584
      LayoutBlockFlow (anonymous) at (0,0) size 784x20
        LayoutText {#text} at (0,0) size 395x19
          text run at (0,0) width 395: "Pixel test for complex text rendering with opacity (Chromium bug "
        LayoutInline {A} at (0,0) size 32x19 [color=#0000EE]
          LayoutText {#text} at (395,0) size 32x19
            text run at (395,0) width 32: "8768"
        LayoutText {#text} at (427,0) size 9x19
          text run at (427,0) width 9: ")."
      LayoutBlockFlow {P} at (0,36) size 784x0
      LayoutBlockFlow {DIV} at (0,36) size 784x30
        LayoutInline {SPAN} at (0,0) size 48x29
          LayoutText {#text} at (0,0) size 48x29
            text run at (0,0) width 48: "\x{916}\x{94B}\x{91C}\x{947}\x{902}"
        LayoutText {#text} at (48,0) size 6x29
          text run at (48,0) width 6: " "
        LayoutText {#text} at (102,0) size 6x29
          text run at (102,0) width 6: " "
        LayoutText {#text} at (156,0) size 6x29
          text run at (156,0) width 6: " "
        LayoutText {#text} at (210,0) size 6x29
          text run at (210,0) width 6: " "
        LayoutText {#text} at (264,0) size 6x29
          text run at (264,0) width 6: " "
        LayoutText {#text} at (318,0) size 6x29
          text run at (318,0) width 6: " "
        LayoutText {#text} at (372,0) size 6x29
          text run at (372,0) width 6: " "
        LayoutText {#text} at (426,0) size 6x29
          text run at (426,0) width 6: " "
        LayoutText {#text} at (480,0) size 6x29
          text run at (480,0) width 6: " "
        LayoutText {#text} at (534,0) size 6x29
          text run at (534,0) width 6: " "
        LayoutText {#text} at (0,0) size 0x0
      LayoutBlockFlow {DIV} at (0,66) size 784x30
        LayoutInline {SPAN} at (0,0) size 53x29
          LayoutText {#text} at (590,0) size 53x29
            text run at (590,0) width 53 RTL: "\x{64A}\x{624}\x{644}\x{645}\x{646}\x{64A}"
        LayoutText {#text} at (584,0) size 6x29
          text run at (584,0) width 6 RTL: " "
        LayoutText {#text} at (525,0) size 6x29
          text run at (525,0) width 6 RTL: " "
        LayoutText {#text} at (466,0) size 6x29
          text run at (466,0) width 6 RTL: " "
        LayoutText {#text} at (407,0) size 6x29
          text run at (407,0) width 6 RTL: " "
        LayoutText {#text} at (348,0) size 6x29
          text run at (348,0) width 6 RTL: " "
        LayoutText {#text} at (289,0) size 6x29
          text run at (289,0) width 6 RTL: " "
        LayoutText {#text} at (230,0) size 6x29
          text run at (230,0) width 6 RTL: " "
        LayoutText {#text} at (171,0) size 6x29
          text run at (171,0) width 6 RTL: " "
        LayoutText {#text} at (112,0) size 6x29
          text run at (112,0) width 6 RTL: " "
        LayoutText {#text} at (53,0) size 6x29
          text run at (53,0) width 6 RTL: " "
        LayoutText {#text} at (0,0) size 0x0
layer at (8,44) size 48x29 transparent
  LayoutInline {SPAN} at (0,0) size 48x29
    LayoutText {#text} at (54,0) size 48x29
      text run at (54,0) width 48: "\x{916}\x{94B}\x{91C}\x{947}\x{902}"
layer at (8,44) size 48x29 transparent
  LayoutInline {SPAN} at (0,0) size 48x29
    LayoutText {#text} at (108,0) size 48x29
      text run at (108,0) width 48: "\x{916}\x{94B}\x{91C}\x{947}\x{902}"
layer at (8,44) size 48x29 transparent
  LayoutInline {SPAN} at (0,0) size 48x29
    LayoutText {#text} at (162,0) size 48x29
      text run at (162,0) width 48: "\x{916}\x{94B}\x{91C}\x{947}\x{902}"
layer at (8,44) size 48x29 transparent
  LayoutInline {SPAN} at (0,0) size 48x29
    LayoutText {#text} at (216,0) size 48x29
      text run at (216,0) width 48: "\x{916}\x{94B}\x{91C}\x{947}\x{902}"
layer at (8,44) size 48x29 transparent
  LayoutInline {SPAN} at (0,0) size 48x29
    LayoutText {#text} at (270,0) size 48x29
      text run at (270,0) width 48: "\x{916}\x{94B}\x{91C}\x{947}\x{902}"
layer at (8,44) size 48x29 transparent
  LayoutInline {SPAN} at (0,0) size 48x29
    LayoutText {#text} at (324,0) size 48x29
      text run at (324,0) width 48: "\x{916}\x{94B}\x{91C}\x{947}\x{902}"
layer at (8,44) size 48x29 transparent
  LayoutInline {SPAN} at (0,0) size 48x29
    LayoutText {#text} at (378,0) size 48x29
      text run at (378,0) width 48: "\x{916}\x{94B}\x{91C}\x{947}\x{902}"
layer at (8,44) size 48x29 transparent
  LayoutInline {SPAN} at (0,0) size 48x29
    LayoutText {#text} at (432,0) size 48x29
      text run at (432,0) width 48: "\x{916}\x{94B}\x{91C}\x{947}\x{902}"
layer at (8,44) size 48x29 transparent
  LayoutInline {SPAN} at (0,0) size 48x29
    LayoutText {#text} at (486,0) size 48x29
      text run at (486,0) width 48: "\x{916}\x{94B}\x{91C}\x{947}\x{902}"
layer at (8,44) size 48x29 transparent
  LayoutInline {SPAN} at (0,0) size 48x29
    LayoutText {#text} at (540,0) size 48x29
      text run at (540,0) width 48: "\x{916}\x{94B}\x{91C}\x{947}\x{902}"
layer at (8,74) size 53x29 transparent
  LayoutInline {SPAN} at (0,0) size 53x29
    LayoutText {#text} at (531,0) size 53x29
      text run at (531,0) width 53 RTL: "\x{64A}\x{624}\x{644}\x{645}\x{646}\x{64A}"
layer at (8,74) size 53x29 transparent
  LayoutInline {SPAN} at (0,0) size 53x29
    LayoutText {#text} at (472,0) size 53x29
      text run at (472,0) width 53 RTL: "\x{64A}\x{624}\x{644}\x{645}\x{646}\x{64A}"
layer at (8,74) size 53x29 transparent
  LayoutInline {SPAN} at (0,0) size 53x29
    LayoutText {#text} at (413,0) size 53x29
      text run at (413,0) width 53 RTL: "\x{64A}\x{624}\x{644}\x{645}\x{646}\x{64A}"
layer at (8,74) size 53x29 transparent
  LayoutInline {SPAN} at (0,0) size 53x29
    LayoutText {#text} at (354,0) size 53x29
      text run at (354,0) width 53 RTL: "\x{64A}\x{624}\x{644}\x{645}\x{646}\x{64A}"
layer at (8,74) size 53x29 transparent
  LayoutInline {SPAN} at (0,0) size 53x29
    LayoutText {#text} at (295,0) size 53x29
      text run at (295,0) width 53 RTL: "\x{64A}\x{624}\x{644}\x{645}\x{646}\x{64A}"
layer at (8,74) size 53x29 transparent
  LayoutInline {SPAN} at (0,0) size 53x29
    LayoutText {#text} at (236,0) size 53x29
      text run at (236,0) width 53 RTL: "\x{64A}\x{624}\x{644}\x{645}\x{646}\x{64A}"
layer at (8,74) size 53x29 transparent
  LayoutInline {SPAN} at (0,0) size 53x29
    LayoutText {#text} at (177,0) size 53x29
      text run at (177,0) width 53 RTL: "\x{64A}\x{624}\x{644}\x{645}\x{646}\x{64A}"
layer at (8,74) size 53x29 transparent
  LayoutInline {SPAN} at (0,0) size 53x29
    LayoutText {#text} at (118,0) size 53x29
      text run at (118,0) width 53 RTL: "\x{64A}\x{624}\x{644}\x{645}\x{646}\x{64A}"
layer at (8,74) size 53x29 transparent
  LayoutInline {SPAN} at (0,0) size 53x29
    LayoutText {#text} at (59,0) size 53x29
      text run at (59,0) width 53 RTL: "\x{64A}\x{624}\x{644}\x{645}\x{646}\x{64A}"
layer at (8,74) size 53x29 transparent
  LayoutInline {SPAN} at (0,0) size 53x29
    LayoutText {#text} at (0,0) size 53x29
      text run at (0,0) width 53 RTL: "\x{64A}\x{624}\x{644}\x{645}\x{646}\x{64A}"
