layer at (0,0) size 800x600
  LayoutView at (0,0) size 800x600
layer at (0,0) size 800x600
  LayoutBlockFlow {HTML} at (0,0) size 800x600
    LayoutBlockFlow {BODY} at (8,8) size 784x584
      LayoutBlockFlow {P} at (0,0) size 784x20
        LayoutText {#text} at (0,0) size 264x19
          text run at (0,0) width 264: "This tests GraphicsContext::drawBidiText()."
      LayoutListBox {SELECT} at (2,36) size 327x199 [bgcolor=#FFFFFF] [border: (1px solid #A9A9A9)]
      LayoutListBox {SELECT} at (2,237) size 365x18 [bgcolor=#FFFFFF] [border: (1px solid #A9A9A9)]
