layer at (0,0) size 800x600
  LayoutView at (0,0) size 800x600
layer at (0,0) size 800x0
  LayoutBlockFlow {HTML} at (0,0) size 800x0
    LayoutBlockFlow {BODY} at (0,0) size 800x0
layer at (0,16) size 464x20
  LayoutBlockFlow (positioned) {P} at (0,16) size 464.41x20 [bgcolor=#FFFFFF]
    LayoutText {#text} at (0,0) size 465x19
      text run at (0,0) width 465: "Place the mouse cursor over the blue area. You should see a green square."
