layer at (0,0) size 800x600
  LayoutView at (0,0) size 800x600
layer at (0,0) size 800x235
  LayoutBlockFlow {HTML} at (0,0) size 800x235
    LayoutBlockFlow {BODY} at (8,16) size 784x211
      LayoutBlockFlow {P} at (0,0) size 784x40
        LayoutText {#text} at (0,0) size 776x39
          text run at (0,0) width 776: "Test passes if, when the text area below is focused for editing, the text insertion caret color gradually changes from magenta"
          text run at (0,20) width 55: "to green."
      LayoutBlockFlow {P} at (0,56) size 784x20
        LayoutText {#text} at (0,0) size 432x19
          text run at (0,0) width 432: "The shape of the caret, and whether it flashes, are not part of the test."
      LayoutBlockFlow (anonymous) at (0,92) size 784x119
        LayoutText {#text} at (0,0) size 0x0
layer at (8,108) size 412x114 clip at (9,109) size 410x112
  LayoutTextControl {TEXTAREA} at (0,0) size 412x114 [color=#FFFFFF] [bgcolor=#000000] [border: (1px solid #A9A9A9)]
    LayoutBlockFlow {DIV} at (11,11) size 390x46
