layer at (0,0) size 800x600
  LayoutView at (0,0) size 800x600
layer at (0,0) size 800x246
  LayoutBlockFlow {HTML} at (0,0) size 800x246
    LayoutBlockFlow {BODY} at (8,16) size 784x222
      LayoutBlockFlow {P} at (0,0) size 784x77
        LayoutText {#text} at (0,30) size 181x19
          text run at (0,30) width 181: "Before running this test, this "
        LayoutInline {A} at (0,0) size 100x75 [color=#FFFF00] [bgcolor=#000000]
          LayoutText {#text} at (191,1) size 80x55
            text run at (191,1) width 80: "link"
        LayoutText {#text} at (281,30) size 760x46
          text run at (281,30) width 479: " must have been visited. It will have yellow text if this is not the case. If it its"
          text run at (0,57) width 324: "text is yellow, you need to navigate to this link first."
      LayoutBlockFlow {P} at (0,93) size 784x20
        LayoutText {#text} at (0,0) size 559x19
          text run at (0,0) width 559: "Test passes if, when the link below is focused for editing, the text insertion caret is green."
      LayoutBlockFlow {P} at (0,129) size 784x20
        LayoutText {#text} at (0,0) size 432x19
          text run at (0,0) width 432: "The shape of the caret, and whether it flashes, are not part of the test."
      LayoutBlockFlow (anonymous) at (0,165) size 784x57
        LayoutInline {A} at (0,0) size 100x75 [color=#FFFF00] [bgcolor=#000000]
          LayoutText {#text} at (10,1) size 80x55
            text run at (10,1) width 80: "link"
        LayoutText {#text} at (0,0) size 0x0
caret: position 0 of child 0 {#text} of child 6 {A} of body
