layer at (0,0) size 800x600
  LayoutView at (0,0) size 800x600
layer at (0,0) size 800x186
  LayoutBlockFlow {HTML} at (0,0) size 800x186
    LayoutBlockFlow {BODY} at (8,16) size 784x162
      LayoutBlockFlow {P} at (0,0) size 784x40
        LayoutText {#text} at (0,0) size 748x39
          text run at (0,0) width 712: "The test passes if, when moved inside the blue box, the cursor indicates that a cell or set of cells may be selected. "
          text run at (712,0) width 36: "Often"
          text run at (0,20) width 336: "rendered as a thick plus-sign with a dot in the middle."
      LayoutBlockFlow {DIV} at (0,56) size 106x106 [border: (3px solid #0000FF)]
