layer at (0,0) size 800x600
  LayoutView at (0,0) size 800x600
layer at (0,0) size 800x186
  LayoutBlockFlow {HTML} at (0,0) size 800x186
    LayoutBlockFlow {BODY} at (8,16) size 784x162
      LayoutBlockFlow {P} at (0,0) size 784x40
        LayoutText {#text} at (0,0) size 740x39
          text run at (0,0) width 740: "The test passes if, when moved inside the blue box, the cursor indicates that something can be grabbed (dragged to be"
          text run at (0,20) width 56: "moved). "
          text run at (56,20) width 304: "Often rendered as the backside of an open hand."
      LayoutBlockFlow {DIV} at (0,56) size 106x106 [border: (3px solid #0000FF)]
