layer at (0,0) size 800x600
  LayoutView at (0,0) size 800x600
layer at (0,0) size 800x248
  LayoutBlockFlow {HTML} at (0,0) size 800x248
    LayoutBlockFlow {BODY} at (8,16) size 784x224
      LayoutBlockFlow {P} at (0,0) size 784x40
        LayoutText {#text} at (0,0) size 777x39
          text run at (0,0) width 777: "The test passes if, when moved inside the colored rectangle, the cursor looks like gray stripes AND is not gray stripes when"
          text run at (0,20) width 49: "outside."
      LayoutBlockFlow {P} at (0,56) size 784x20
        LayoutText {#text} at (0,0) size 564x19
          text run at (0,0) width 564: "If inside the rectangle the cursor does not change, or looks like a help cursor, the test fails."
      LayoutBlockFlow {DIV} at (0,92) size 132x132 [bgcolor=#D2B48C] [border: (2px solid #555555)]
