layer at (0,0) size 800x600
  LayoutView at (0,0) size 800x600
layer at (0,0) size 800x172
  LayoutBlockFlow {HTML} at (0,0) size 800x172
    LayoutBlockFlow {BODY} at (8,16) size 784x140
      LayoutBlockFlow {P} at (0,0) size 784x20
        LayoutText {#text} at (0,0) size 620x19
          text run at (0,0) width 362: "The test passes if, when moved inside the grey rectangle, "
          text run at (362,0) width 258: "the cursor looks like the reference image."
      LayoutBlockFlow {P} at (0,36) size 132x68 [bgcolor=#AAAAAA] [border: (2px solid #555555)]
        LayoutInline {<pseudo:before>} at (0,0) size 32x19
          LayoutImage (anonymous) at (2,2) size 32x32
      LayoutBlockFlow {P} at (0,120) size 784x20
        LayoutText {#text} at (0,0) size 416x19
          text run at (0,0) width 416: "Local interlaced RGB with alpha (type 6) PNG image, 8 bit/pixel."
