layer at (0,0) size 800x600
  LayoutView at (0,0) size 800x600
layer at (0,0) size 800x186
  LayoutBlockFlow {HTML} at (0,0) size 800x186
    LayoutBlockFlow {BODY} at (8,16) size 784x162
      LayoutBlockFlow {P} at (0,0) size 784x40
        LayoutText {#text} at (0,0) size 780x39
          text run at (0,0) width 668: "The test passes if, when moved inside the blue box, the cursor indicates that something can be zoomed in. "
          text run at (668,0) width 112: "Often rendered as"
          text run at (0,20) width 348: "a magnifying glass with a \"+\" in the center of the glass."
      LayoutBlockFlow {DIV} at (0,56) size 106x106 [border: (3px solid #0000FF)]
