layer at (0,0) size 800x600
  LayoutView at (0,0) size 800x600
layer at (0,0) size 800x72
  LayoutBlockFlow {HTML} at (0,0) size 800x72
    LayoutBlockFlow {BODY} at (8,16) size 784x40
      LayoutBlockFlow {P} at (0,0) size 784x40
        LayoutText {#text} at (0,0) size 765x39
          text run at (0,0) width 765: "The test passes if, when moved over the blue areas, the cursor looks like a crosshair (e.g. short line segments resembling a"
          text run at (0,20) width 62: "\"+\" sign)."
layer at (8,72) size 100x100
  LayoutBlockFlow (positioned) {DIV} at (8,72) size 100x100 [bgcolor=#0000FF]
    LayoutBlockFlow {DIV} at (0,0) size 100x100 [border: (50px solid #FFFFFF)]
