layer at (0,0) size 800x600
  LayoutView at (0,0) size 800x600
layer at (0,0) size 800x219
  LayoutBlockFlow {HTML} at (0,0) size 800x219
    LayoutBlockFlow {BODY} at (8,16) size 784x173
      LayoutBlockFlow {P} at (0,0) size 784x20
        LayoutText {#text} at (0,0) size 332x19
          text run at (0,0) width 332: "If you are on a device without a cursor, skip this test."
      LayoutBlockFlow {P} at (0,36) size 784x20
        LayoutText {#text} at (0,0) size 536x19
          text run at (0,0) width 536: "Otherwise, if the cursor does not look like a red and a green arrow, the test has failed."
      LayoutBlockFlow {P} at (0,72) size 784x20
        LayoutText {#text} at (0,0) size 232x19
          text run at (0,0) width 232: "Place the cursor so that the tip of the "
        LayoutInline {STRONG} at (0,0) size 69x19
          LayoutText {#text} at (232,0) size 69x19
            text run at (232,0) width 69: "red arrow"
        LayoutText {#text} at (300,0) size 62x19
          text run at (300,0) width 62: " is on the "
        LayoutInline {STRONG} at (0,0) size 68x19
          LayoutText {#text} at (361,0) size 68x19
            text run at (361,0) width 68: "green box"
        LayoutText {#text} at (428,0) size 74x19
          text run at (428,0) width 74: ", then click."
      LayoutBlockFlow {P} at (0,108) size 784x20
        LayoutText {#text} at (0,0) size 339x19
          text run at (0,0) width 339: "If nothing happens when you click, the test has failed."
      LayoutBlockFlow {DIV} at (30,158) size 15x15 [bgcolor=#008000]
