layer at (0,0) size 800x600
  LayoutView at (0,0) size 800x600
layer at (0,0) size 800x100
  LayoutBlockFlow {HTML} at (0,0) size 800x100
    LayoutBlockFlow {BODY} at (8,16) size 784x76
      LayoutBlockFlow {P} at (0,0) size 784x40
        LayoutText {#text} at (0,0) size 757x39
          text run at (0,0) width 757: "The test passes if, when moved over the blue text, the cursor indicates text that may be selected, like it does when placed"
          text run at (0,20) width 116: "over this sentence."
      LayoutBlockFlow (anonymous) at (0,56) size 784x20
        LayoutInline {A} at (0,0) size 84x19 [color=#0000FF]
          LayoutText {#text} at (0,0) size 84x19
            text run at (0,0) width 84: "Lorem ipsum"
        LayoutText {#text} at (0,0) size 0x0
