layer at (0,0) size 800x600
  LayoutView at (0,0) size 800x600
layer at (0,0) size 800x186
  LayoutBlockFlow {HTML} at (0,0) size 800x186
    LayoutBlockFlow {BODY} at (8,16) size 784x162
      LayoutBlockFlow {P} at (0,0) size 784x40
        LayoutText {#text} at (0,0) size 778x39
          text run at (0,0) width 666: "The test passes if, when moved inside the blue box, the cursor indicates vertical-text that may be selected. "
          text run at (666,0) width 112: "Often rendered as"
          text run at (0,20) width 126: "a horizontal I-beam."
      LayoutBlockFlow {DIV} at (0,56) size 106x106 [border: (3px solid #0000FF)]
