layer at (0,0) size 800x600
  LayoutView at (0,0) size 800x600
layer at (0,0) size 800x172
  LayoutBlockFlow {HTML} at (0,0) size 800x172
    LayoutBlockFlow {BODY} at (8,16) size 784x140
      LayoutBlockFlow {P} at (0,0) size 784x20
        LayoutText {#text} at (0,0) size 516x19
          text run at (0,0) width 516: "The test passes if, when moved inside the peach rectangle, a help cursor is shown."
      LayoutBlockFlow {P} at (0,36) size 132x68 [bgcolor=#FFE5B4] [border: (2px solid #555555)]
      LayoutBlockFlow {P} at (0,120) size 784x20
        LayoutText {#text} at (0,0) size 439x19
          text run at (0,0) width 439: "Invalid PNG image, incorrect header checksum. Help cursor fallback."
