layer at (0,0) size 800x600
  LayoutView at (0,0) size 800x600
layer at (0,0) size 800x186
  LayoutBlockFlow {HTML} at (0,0) size 800x186
    LayoutBlockFlow {BODY} at (8,16) size 784x162
      LayoutBlockFlow {P} at (0,0) size 784x40
        LayoutText {#text} at (0,0) size 753x39
          text run at (0,0) width 753: "The test passes if, when moved inside the blue box, the cursor indicates a link. Often rendered as the backside of a hand"
          text run at (0,20) width 360: "with the index finger poiting and the other fingers closed."
      LayoutBlockFlow {DIV} at (0,56) size 106x106 [border: (3px solid #0000FF)]
