layer at (0,0) size 800x600
  LayoutView at (0,0) size 800x600
layer at (0,0) size 800x122
  LayoutBlockFlow {HTML} at (0,0) size 800x122
    LayoutBlockFlow {BODY} at (8,16) size 784x40
      LayoutBlockFlow {P} at (0,0) size 784x40
        LayoutText {#text} at (0,0) size 781x39
          text run at (0,0) width 781: "The test passes if, when moved inside the blue square, the cursor is the platform-dependent default cursor. Often rendered as"
          text run at (0,20) width 59: "an arrow."
      LayoutBlockFlow {DIV} at (50,106) size 0x0
