layer at (0,0) size 800x600
  LayoutView at (0,0) size 800x600
layer at (0,0) size 800x220
  LayoutBlockFlow {HTML} at (0,0) size 800x220
    LayoutBlockFlow {BODY} at (8,16) size 784x196
      LayoutBlockFlow {P} at (0,0) size 784x60
        LayoutText {#text} at (0,0) size 778x59
          text run at (0,0) width 706: "The test passes if, when moved over the blue vertical text, the cursor indicates vertical-text that may be selected, "
          text run at (706,0) width 61: "and looks"
          text run at (0,20) width 488: "different from the cursor used to indicate that horizontal text may be selected, "
          text run at (487,20) width 255: "such as when placed over this sentence. "
          text run at (741,20) width 37: "Often"
          text run at (0,40) width 202: "rendered as a horizontal I-beam."
      LayoutBlockFlow {P} at (0,76) size 784x20
        LayoutText {#text} at (0,0) size 276x19
          text run at (0,0) width 276: "Disregard this test if there is no vertical text."
      LayoutBlockFlow {DIV} at (0,112) size 20x84 [color=#0000FF]
        LayoutText {#text} at (0,0) size 19x84
          text run at (0,0) width 84: "Lorem ipsum"
