layer at (0,0) size 800x600
  LayoutView at (0,0) size 800x600
layer at (0,0) size 800x166
  LayoutBlockFlow {HTML} at (0,0) size 800x166
    LayoutBlockFlow {BODY} at (8,16) size 784x142
      LayoutBlockFlow {P} at (0,0) size 784x20
        LayoutText {#text} at (0,0) size 464x19
          text run at (0,0) width 464: "The test passes if, when moved inside the blue box, the cursor disappears."
      LayoutBlockFlow {DIV} at (0,36) size 106x106 [border: (3px solid #0000FF)]
