layer at (0,0) size 800x600
  LayoutView at (0,0) size 800x600
layer at (0,0) size 800x186
  LayoutBlockFlow {HTML} at (0,0) size 800x186
    LayoutBlockFlow {BODY} at (8,16) size 784x162
      LayoutBlockFlow {P} at (0,0) size 784x40
        LayoutText {#text} at (0,0) size 758x39
          text run at (0,0) width 712: "The test passes if, when moved inside the blue box, the cursor indicates that something can be resized diagonally "
          text run at (712,0) width 46: "along a"
          text run at (0,20) width 284: "north-west to south-east axis, bidirectionally. "
          text run at (283,20) width 385: "Often rendered as arrows pointing north-west and south-east."
      LayoutBlockFlow {DIV} at (0,56) size 106x106 [border: (3px solid #0000FF)]
