layer at (0,0) size 800x600
  LayoutView at (0,0) size 800x600
layer at (0,0) size 800x186
  LayoutBlockFlow {HTML} at (0,0) size 800x186
    LayoutBlockFlow {BODY} at (8,16) size 784x162
      LayoutBlockFlow {P} at (0,0) size 784x40
        LayoutText {#text} at (0,0) size 744x39
          text run at (0,0) width 744: "The test passes if, when moved inside the blue box, the cursor indicates that the dragged item cannot be dropped at the"
          text run at (0,20) width 149: "current cursor location. "
          text run at (149,20) width 480: "Often rendered as a hand or pointer with a small circle with a line through it."
      LayoutBlockFlow {DIV} at (0,56) size 106x106 [border: (3px solid #0000FF)]
