layer at (0,0) size 800x600
  LayoutView at (0,0) size 800x600
layer at (0,0) size 800x180
  LayoutBlockFlow {HTML} at (0,0) size 800x180
    LayoutBlockFlow {BODY} at (8,16) size 784x156
      LayoutBlockFlow {P} at (0,0) size 784x40
        LayoutText {#text} at (0,0) size 715x39
          text run at (0,0) width 715: "The test passes if, when moved inside the blue rectangle, the cursor looks like a crosshair (e.g. short line segments"
          text run at (0,20) width 146: "resembling a \"+\" sign)."
      LayoutBlockFlow {DIV} at (0,56) size 784x100 [border: (50px solid #0000FF)]
