layer at (0,0) size 800x600
  LayoutView at (0,0) size 800x600
layer at (0,0) size 800x308
  LayoutBlockFlow {HTML} at (0,0) size 800x308
    LayoutBlockFlow {BODY} at (8,16) size 784x284
      LayoutBlockFlow {P} at (0,0) size 784x20
        LayoutText {#text} at (0,0) size 601x19
          text run at (0,0) width 601: "The test passes if, when inside the blue box, the cursor is the platform-dependent default cursor."
      LayoutBlockFlow {P} at (0,36) size 784x20
        LayoutText {#text} at (0,0) size 508x19
          text run at (0,0) width 508: "Place the cursor into the orange box for a reference of what this should look like."
      LayoutBlockFlow {DIV} at (0,72) size 106x106 [border: (3px solid #0000FF)]
      LayoutBlockFlow {DIV} at (0,178) size 106x106 [border: (3px solid #FFA500)]
