layer at (0,0) size 800x600
  LayoutView at (0,0) size 800x600
layer at (0,0) size 800x337
  LayoutBlockFlow {HTML} at (0,0) size 800x337
    LayoutBlockFlow {BODY} at (8,16) size 784x313
      LayoutBlockFlow {P} at (0,0) size 784x40
        LayoutText {#text} at (0,0) size 764x39
          text run at (0,0) width 764: "The test passes if, when moved over every element inside the blue box, the cursor remains the platform-dependent default"
          text run at (0,20) width 43: "cursor."
      LayoutBlockFlow {P} at (0,56) size 784x20
        LayoutText {#text} at (0,0) size 508x19
          text run at (0,0) width 508: "Place the cursor into the orange box for a reference of what this should look like."
      LayoutBlockFlow {DIV} at (0,92) size 206x115 [border: (3px solid #0000FF)]
        LayoutText {#text} at (0,0) size 0x0
        LayoutText {#text} at (0,0) size 0x0
        LayoutTextControl {INPUT} at (3,68) size 154x22 [bgcolor=#FFFFFF] [border: (2px inset #EEEEEE)]
        LayoutText {#text} at (0,0) size 0x0
        LayoutText {#text} at (87,91) size 4x19
          text run at (87,91) width 4: " "
        LayoutMenuList {SELECT} at (91,91) size 22x20 [bgcolor=#C0C0C0] [border: (1px solid #A9A9A9)]
          LayoutBlockFlow (anonymous) at (1,1) size 20x18
            LayoutText (anonymous) at (4,1) size 4x16
              text run at (4,1) width 4: " "
        LayoutText {#text} at (0,0) size 0x0
      LayoutBlockFlow {DIV} at (0,207) size 106x106 [border: (3px solid #FFA500)]
layer at (11,111) size 52x22 clip at (13,113) size 48x18
  LayoutButton {BUTTON} at (3,3) size 52x22 [bgcolor=#C0C0C0] [border: (2px outset #C0C0C0)]
    LayoutBlockFlow (anonymous) at (8,3) size 36x16
      LayoutText {#text} at (0,0) size 36x16
        text run at (0,0) width 36: "button"
layer at (11,133) size 181x38 clip at (12,134) size 179x36
  LayoutTextControl {TEXTAREA} at (3,25) size 181x38 [bgcolor=#FFFFFF] [border: (1px solid #A9A9A9)]
    LayoutBlockFlow {DIV} at (3,3) size 175x16
layer at (13,179) size 150x16
  LayoutBlockFlow {DIV} at (2,3) size 150x16
layer at (11,198) size 84x22 clip at (13,200) size 80x18
  LayoutButton {INPUT} at (3,90) size 84x22 [bgcolor=#C0C0C0] [border: (2px outset #C0C0C0)]
    LayoutBlockFlow (anonymous) at (8,3) size 68x16
      LayoutText {#text} at (0,0) size 68x16
        text run at (0,0) width 68: "input-button"
