layer at (0,0) size 800x600
  LayoutView at (0,0) size 800x600
layer at (0,0) size 800x186
  LayoutBlockFlow {HTML} at (0,0) size 800x186
    LayoutBlockFlow {BODY} at (8,16) size 784x162
      LayoutBlockFlow {P} at (0,0) size 784x40
        LayoutText {#text} at (0,0) size 778x39
          text run at (0,0) width 647: "The test passes if, when moved inside the blue box, the cursor indicates availability of a context menu. "
          text run at (647,0) width 131: "Often rendered as an"
          text run at (0,20) width 298: "arrow with a small menu-like graphic next to it."
      LayoutBlockFlow {DIV} at (0,56) size 106x106 [border: (3px solid #0000FF)]
