layer at (0,0) size 800x600
  LayoutView at (0,0) size 800x600
layer at (0,0) size 800x228
  LayoutBlockFlow {HTML} at (0,0) size 800x228
    LayoutBlockFlow {BODY} at (8,16) size 784x204
      LayoutBlockFlow {P} at (0,0) size 784x20
        LayoutText {#text} at (0,0) size 664x19
          text run at (0,0) width 512: "The test passes if, when moved inside the colored rectangle, the cursor looks like "
          text run at (512,0) width 152: "a blue to green gradient."
      LayoutBlockFlow {P} at (0,36) size 784x20
        LayoutText {#text} at (0,0) size 564x19
          text run at (0,0) width 564: "If inside the rectangle the cursor does not change, or looks like a help cursor, the test fails."
      LayoutBlockFlow {DIV} at (0,72) size 132x132 [bgcolor=#D2B48C] [border: (2px solid #555555)]
