layer at (0,0) size 800x600
  LayoutView at (0,0) size 800x600
layer at (0,0) size 800x234
  LayoutBlockFlow {HTML} at (0,0) size 800x234
    LayoutBlockFlow {BODY} at (8,16) size 784x210
      LayoutBlockFlow {P} at (0,0) size 784x40
        LayoutText {#text} at (0,0) size 292x19
          text run at (0,0) width 292: "Test passes if both the height and width of the "
        LayoutInline {STRONG} at (0,0) size 39x19
          LayoutText {#text} at (291,0) size 39x19
            text run at (291,0) width 39: "green"
        LayoutText {#text} at (329,0) size 736x39
          text run at (329,0) width 407: " border square inside blue square can be adjusted(for instance by"
          text run at (0,20) width 214: "dragging the bottom-right corner)."
layer at (8,72) size 154x154 clip at (10,74) size 150x150
  LayoutBlockFlow {DIV} at (0,56) size 154x154 [border: (2px solid #0000FF)]
layer at (10,74) size 79x79 clip at (12,76) size 75x75
  LayoutBlockFlow {DIV} at (2,2) size 79x79 [border: (2px solid #008000)]
