layer at (0,0) size 800x600
  LayoutView at (0,0) size 800x600
layer at (0,0) size 800x148
  LayoutBlockFlow {HTML} at (0,0) size 800x148
    LayoutBlockFlow {BODY} at (8,16) size 784x116
      LayoutBlockFlow {P} at (0,0) size 784x20
        LayoutText {#text} at (0,0) size 578x19
          text run at (0,0) width 578: "Attempt to resize the orange box below so that it is large enough to fully cover the blue one."
      LayoutBlockFlow {P} at (0,36) size 784x80
        LayoutText {#text} at (0,0) size 318x19
          text run at (0,0) width 318: "If you cannot enlarge the orange box, the test fails."
        LayoutBR {BR} at (317,0) size 1x19
        LayoutText {#text} at (0,20) size 304x19
          text run at (0,20) width 304: "If you can fully cover the blue box, the test fails."
        LayoutBR {BR} at (304,20) size 0x19
        LayoutText {#text} at (0,40) size 459x19
          text run at (0,40) width 459: "Even if the blue box is not fully covered, if you see any red, the test fails."
        LayoutBR {BR} at (459,40) size 0x19
        LayoutText {#text} at (0,60) size 165x19
          text run at (0,60) width 165: "Otherwise, the test passes."
layer at (8,148) size 300x300
  LayoutBlockFlow (positioned) {DIV} at (8,148) size 300x300 [bgcolor=#0000FF]
layer at (8,148) size 100x100
  LayoutBlockFlow (positioned) {DIV} at (8,148) size 100x100 [bgcolor=#FFA500]
