layer at (0,0) size 800x600
  LayoutView at (0,0) size 800x600
layer at (0,0) size 800x72
  LayoutBlockFlow {HTML} at (0,0) size 800x72
    LayoutBlockFlow {BODY} at (8,16) size 784x40
      LayoutBlockFlow {P} at (0,0) size 784x40
        LayoutText {#text} at (0,0) size 774x39
          text run at (0,0) width 774: "The test passes is you can resize the orange box to be smaller than its initial size. For reference there is an unresizable green"
          text run at (0,20) width 328: "box beneath it. If you can uncover it, the test passes."
layer at (8,72) size 100x100
  LayoutBlockFlow (positioned) {DIV} at (8,72) size 100x100 [bgcolor=#008000]
layer at (8,72) size 100x100
  LayoutBlockFlow (positioned) {DIV} at (8,72) size 100x100 [bgcolor=#FFA500]
