layer at (0,0) size 800x600
  LayoutView at (0,0) size 800x600
layer at (0,0) size 800x184
  LayoutBlockFlow {HTML} at (0,0) size 800x184
    LayoutBlockFlow {BODY} at (8,16) size 784x160
      LayoutBlockFlow {P} at (0,0) size 784x40
        LayoutText {#text} at (0,0) size 119x19
          text run at (0,0) width 119: "Test passes if both "
        LayoutInline {STRONG} at (0,0) size 40x19
          LayoutText {#text} at (118,0) size 40x19
            text run at (118,0) width 40: "width"
        LayoutText {#text} at (157,0) size 32x19
          text run at (157,0) width 32: " and "
        LayoutInline {STRONG} at (0,0) size 43x19
          LayoutText {#text} at (188,0) size 43x19
            text run at (188,0) width 43: "height"
        LayoutText {#text} at (230,0) size 776x39
          text run at (230,0) width 546: " of blue border square below can be adjusted(for instance by dragging the bottom-right"
          text run at (0,20) width 49: "corner)."
layer at (8,72) size 104x104 clip at (10,74) size 100x100
  LayoutBlockFlow {DIV} at (0,56) size 104x104 [border: (2px solid #0000FF)]
