layer at (0,0) size 800x600
  LayoutView at (0,0) size 800x600
layer at (0,0) size 800x108
  LayoutBlockFlow {HTML} at (0,0) size 800x108
    LayoutBlockFlow {BODY} at (8,16) size 784x76
      LayoutBlockFlow {P} at (0,0) size 784x20
        LayoutText {#text} at (0,0) size 674x19
          text run at (0,0) width 674: "Resize the orange box below to the smallest size possible. There is a smaller unresizable red box beneath it."
      LayoutBlockFlow {P} at (0,36) size 784x40
        LayoutText {#text} at (0,0) size 761x39
          text run at (0,0) width 761: "If you can uncover any amount of red, the test fails. If you cannot resize the orange box, the test also fails. Otherwise, the"
          text run at (0,20) width 69: "test passes."
layer at (8,108) size 50x50
  LayoutBlockFlow (positioned) {DIV} at (8,108) size 50x50 [bgcolor=#FF0000]
layer at (8,108) size 100x100
  LayoutBlockFlow (positioned) {DIV} at (8,108) size 100x100 [bgcolor=#FFA500]
