layer at (0,0) size 800x600
  LayoutView at (0,0) size 800x600
layer at (0,0) size 800x185
  LayoutBlockFlow {HTML} at (0,0) size 800x185
    LayoutBlockFlow {BODY} at (8,16) size 784x161
      LayoutBlockFlow {P} at (0,0) size 784x40
        LayoutText {#text} at (0,0) size 119x19
          text run at (0,0) width 119: "Test passes if both "
        LayoutInline {STRONG} at (0,0) size 40x19
          LayoutText {#text} at (118,0) size 40x19
            text run at (118,0) width 40: "width"
        LayoutText {#text} at (157,0) size 32x19
          text run at (157,0) width 32: " and "
        LayoutInline {STRONG} at (0,0) size 43x19
          LayoutText {#text} at (188,0) size 43x19
            text run at (188,0) width 43: "height"
        LayoutText {#text} at (230,0) size 757x39
          text run at (230,0) width 527: " of the orange box below can be adjusted (for instance by dragging the bottom-right"
          text run at (0,20) width 49: "corner)."
      LayoutBlockFlow (anonymous) at (0,56) size 784x105
        LayoutText {#text} at (0,0) size 0x0
layer at (8,72) size 100x100
  LayoutEmbeddedObject {OBJECT} at (0,0) size 100x100
    layer at (0,0) size 100x100
      LayoutView at (0,0) size 100x100
    layer at (0,0) size 100x100
      LayoutSVGRoot {svg} at (0,0) size 100x100
        LayoutSVGRect {rect} at (0,0) size 100x100 [fill={[type=SOLID] [color=#FFA500]}] [x=0.00] [y=0.00] [width=100.00] [height=100.00]
