layer at (0,0) size 800x600
  LayoutView at (0,0) size 800x600
layer at (0,0) size 800x184
  LayoutBlockFlow {HTML} at (0,0) size 800x184
    LayoutBlockFlow {BODY} at (8,16) size 784x160
      LayoutBlockFlow {P} at (0,0) size 784x40
        LayoutText {#text} at (0,0) size 87x19
          text run at (0,0) width 87: "Test passes if "
        LayoutInline {STRONG} at (0,0) size 49x19
          LayoutText {#text} at (86,0) size 49x19
            text run at (86,0) width 49: "neither"
        LayoutText {#text} at (134,0) size 71x19
          text run at (134,0) width 71: " the height "
        LayoutInline {STRONG} at (0,0) size 25x19
          LayoutText {#text} at (204,0) size 25x19
            text run at (204,0) width 25: "nor"
        LayoutText {#text} at (228,0) size 735x39
          text run at (228,0) width 507: " the width of the blue border square can be adjusted(for instance by dragging the"
          text run at (0,20) width 131: "bottom-right corner)."
      LayoutBlockFlow {DIV} at (0,56) size 104x104 [border: (2px solid #0000FF)]
