layer at (0,0) size 800x600
  LayoutView at (0,0) size 800x600
layer at (0,0) size 800x340
  LayoutBlockFlow {HTML} at (0,0) size 800x340
    LayoutBlockFlow {BODY} at (8,16) size 784x316
      LayoutBlockFlow {OL} at (0,0) size 784x80
        LayoutListItem {LI} at (40,0) size 744x20
          LayoutListMarker (anonymous) at (-16,0) size 16x19: "1"
          LayoutText {#text} at (0,0) size 502x19
            text run at (0,0) width 502: "If clicking a <select> opens a native widget which is modal, then SKIP this test."
        LayoutListItem {LI} at (40,20) size 744x20
          LayoutListMarker (anonymous) at (-16,0) size 16x19: "2"
          LayoutText {#text} at (0,0) size 358x19
            text run at (0,0) width 358: "Click on the <select> below. A selection widget appears."
        LayoutListItem {LI} at (40,40) size 744x20
          LayoutListMarker (anonymous) at (-16,0) size 16x19: "3"
          LayoutText {#text} at (0,0) size 713x19
            text run at (0,0) width 713: "Move the pointer so that it is hovering within the intersection area of the selection widget and the blue box below."
        LayoutListItem {LI} at (40,60) size 744x20
          LayoutListMarker (anonymous) at (-16,0) size 16x19: "4"
          LayoutText {#text} at (0,0) size 566x19
            text run at (0,0) width 566: "If the \"help\" cursor is displayed, then the test result is FAILED. Otherwise, it is PASSED."
      LayoutBlockFlow (anonymous) at (0,96) size 784x20
        LayoutMenuList {SELECT} at (0,0) size 102x20 [bgcolor=#C0C0C0] [border: (1px solid #A9A9A9)]
          LayoutBlockFlow (anonymous) at (1,1) size 100x18
            LayoutText (anonymous) at (4,1) size 72x16
              text run at (4,1) width 72: "AAAAAAAA"
        LayoutText {#text} at (0,0) size 0x0
      LayoutBlockFlow {DIV} at (0,116) size 200x200 [bgcolor=#0000FF]
