layer at (0,0) size 800x600
  LayoutView at (0,0) size 800x600
layer at (0,0) size 800x178
  LayoutBlockFlow {HTML} at (0,0) size 800x178
    LayoutBlockFlow {BODY} at (8,16) size 784x154
      LayoutBlockFlow {P} at (0,0) size 784x20
        LayoutText {#text} at (0,0) size 760x19
          text run at (0,0) width 760: "Select the elipsis character (\x{201C}\x{2026}\x{201D}) in the blue box below, copy it to the clipboard, and paste the result into the orange box."
      LayoutBlockFlow {P} at (0,36) size 784x20
        LayoutText {#text} at (0,0) size 626x19
          text run at (0,0) width 626: "This test passes if the pasted text is \x{201C}This test passes\x{201D}. If only part of that text is pasted, the test fails."
      LayoutBlockFlow (anonymous) at (0,107) size 784x47
        LayoutText {#text} at (0,0) size 0x0
layer at (8,88) size 51x35 clip at (11,91) size 45x29 scrollWidth 269
  LayoutBlockFlow {DIV} at (0,72) size 51x35 [border: (3px solid #0000FF)]
    LayoutText {#text} at (3,3) size 255x29
      text run at (3,3) width 255: " This test passes"
layer at (8,123) size 784x42 clip at (11,126) size 778x36
  LayoutTextControl {TEXTAREA} at (0,0) size 784x42 [bgcolor=#FFFFFF] [border: (3px solid #FFA500)]
    LayoutBlockFlow {DIV} at (5,5) size 774x16
