layer at (0,0) size 800x600
  LayoutView at (0,0) size 800x600
layer at (0,0) size 800x600
  LayoutBlockFlow {HTML} at (0,0) size 800x600
    LayoutBlockFlow {BODY} at (23.88,23.88) size 752.25x528.36
      LayoutBlockFlow {P} at (0,0) size 752.25x165
        LayoutText {#text} at (0,1) size 714x163
          text run at (0,1) width 714: "This test ensures that we preserve the"
          text run at (0,56) width 714: "user-specified zoom level of the page"
          text run at (0,111) width 191: "on reload."
