layer at (0,0) size 800x600 clip at (0,0) size 785x600 scrollHeight 1018
  LayoutView at (0,0) size 800x600
layer at (0,0) size 785x1018 backgroundClip at (0,0) size 785x600 clip at (0,0) size 785x600
  LayoutBlockFlow {HTML} at (0,0) size 785x1018
    LayoutBlockFlow {BODY} at (8,8) size 769x1002
layer at (8,8) size 769x1002 backgroundClip at (0,0) size 785x600 clip at (0,0) size 785x600
  LayoutBlockFlow {DIV} at (0,0) size 769x1002 [bgcolor=#FFFF00]
    LayoutMultiColumnSet (anonymous) at (0,0) size 769x1002
layer at (8,8) size 246x1002 backgroundClip at (0,0) size 785x600 clip at (0,0) size 785x600
  LayoutMultiColumnFlowThread (anonymous) at (0,0) size 245.66x1002
    LayoutBlockFlow {DIV} at (0,0) size 245.66x1002
      LayoutTable {TABLE} at (0,0) size 335x3004 [border: (1px outset #808080)]
        LayoutTableSection {THEAD} at (1,1) size 333x192
          LayoutTableRow {TR} at (0,2) size 333x94
            LayoutTableCell {TD} at (2,1) size 329x190 [border: (1px inset #808080)] [r=0 c=0 rs=2 cs=1]
              LayoutText {#text} at (2,3) size 325x90
                text run at (2,3) width 325: "HEADER"
              LayoutBR {BR} at (327,3) size 0x90
              LayoutText {#text} at (2,96) size 325x90
                text run at (2,96) width 325: "HEADER"
        LayoutTableSection {TBODY} at (1,193) size 333x2810
          LayoutTableRow {TR} at (0,0) size 333x104
            LayoutTableCell {TD} at (2,0) size 329x104 [border: (1px inset #808080)] [r=0 c=0 rs=1 cs=1]
              LayoutBlockFlow {DIV} at (2,2) size 325x100
                LayoutInline {STRONG} at (0,0) size 0x0
          LayoutTableRow {TR} at (0,106) size 333x104
            LayoutTableCell {TD} at (2,106) size 329x104 [border: (1px inset #808080)] [r=1 c=0 rs=1 cs=1]
              LayoutBlockFlow {DIV} at (2,2) size 325x100
                LayoutInline {STRONG} at (0,0) size 0x0
          LayoutTableRow {TR} at (0,1001) size 333x894
            LayoutTableCell {TD} at (2,1001) size 329x894 [border: (1px inset #808080)] [r=2 c=0 rs=1 cs=1]
              LayoutBlockFlow {DIV} at (2,2) size 325x890
                LayoutInline {STRONG} at (0,0) size 0x0
          LayoutTableRow {TR} at (0,2003) size 333x805
            LayoutTableCell {TD} at (2,2003) size 329x805 [border: (1px inset #808080)] [r=3 c=0 rs=1 cs=1]
              LayoutBlockFlow {DIV} at (2,2) size 325x19
                LayoutText {#text} at (0,0) size 30x18
                  text run at (0,0) width 30: "Text"
              LayoutBlockFlow {DIV} at (2,21) size 325x19
                LayoutText {#text} at (0,0) size 30x18
                  text run at (0,0) width 30: "Text"
              LayoutBlockFlow {DIV} at (2,40) size 325x19
                LayoutText {#text} at (0,0) size 30x18
                  text run at (0,0) width 30: "Text"
              LayoutTable {TABLE} at (2,59) size 200x744 [border: (1px outset #808080)]
                LayoutTableSection {THEAD} at (1,1) size 198x44
                  LayoutTableRow {TR} at (0,0) size 198x44
                    LayoutTableCell {TD} at (0,0) size 34x44 [border: (1px inset #808080)] [r=0 c=0 rs=1 cs=1]
                      LayoutInline {STRONG} at (0,0) size 26x40
                        LayoutText {#text} at (1,2) size 26x40
                          text run at (1,2) width 26: "Col"
                          text run at (1,23) width 9: "1"
                    LayoutTableCell {TD} at (34,0) size 38x44 [border: (1px inset #808080)] [r=0 c=1 rs=1 cs=1]
                      LayoutInline {STRONG} at (0,0) size 26x40
                        LayoutText {#text} at (1,2) size 26x40
                          text run at (1,2) width 26: "Col"
                          text run at (1,23) width 9: "2"
                    LayoutTableCell {TD} at (72,0) size 38x44 [border: (1px inset #808080)] [r=0 c=2 rs=1 cs=1]
                      LayoutInline {STRONG} at (0,0) size 26x40
                        LayoutText {#text} at (1,2) size 26x40
                          text run at (1,2) width 26: "Col"
                          text run at (1,23) width 9: "3"
                    LayoutTableCell {TD} at (110,10) size 42x23 [border: (1px inset #808080)] [r=0 c=3 rs=1 cs=1]
                      LayoutInline {STRONG} at (0,0) size 39x19
                        LayoutText {#text} at (1,2) size 39x19
                          text run at (1,2) width 39: "Col 4"
                    LayoutTableCell {TD} at (152,10) size 46x23 [border: (1px inset #808080)] [r=0 c=4 rs=1 cs=1]
                      LayoutInline {STRONG} at (0,0) size 39x19
                        LayoutText {#text} at (1,2) size 39x19
                          text run at (1,2) width 39: "Col 5"
                LayoutTableSection {TBODY} at (1,45) size 198x698
                  LayoutTableRow {TR} at (0,0) size 198x82
                    LayoutTableCell {TD} at (0,30) size 34x22 [border: (1px inset #808080)] [r=0 c=0 rs=1 cs=1]
                      LayoutText {#text} at (1,2) size 9x18
                        text run at (1,2) width 9: "0"
                    LayoutTableCell {TD} at (34,30) size 38x22 [border: (1px inset #808080)] [r=0 c=1 rs=1 cs=1]
                      LayoutText {#text} at (1,2) size 9x18
                        text run at (1,2) width 9: "0"
                    LayoutTableCell {TD} at (72,30) size 38x22 [border: (1px inset #808080)] [r=0 c=2 rs=1 cs=1]
                      LayoutText {#text} at (1,2) size 9x18
                        text run at (1,2) width 9: "0"
                    LayoutTableCell {TD} at (110,30) size 42x22 [border: (1px inset #808080)] [r=0 c=3 rs=1 cs=1]
                      LayoutText {#text} at (1,2) size 9x18
                        text run at (1,2) width 9: "0"
                    LayoutTableCell {TD} at (152,30) size 46x22 [border: (1px inset #808080)] [r=0 c=4 rs=1 cs=1]
                      LayoutText {#text} at (1,2) size 9x18
                        text run at (1,2) width 9: "0"
                  LayoutTableRow {TR} at (0,82) size 198x82
                    LayoutTableCell {TD} at (0,112) size 34x22 [border: (1px inset #808080)] [r=1 c=0 rs=1 cs=1]
                      LayoutText {#text} at (1,2) size 9x18
                        text run at (1,2) width 9: "0"
                    LayoutTableCell {TD} at (34,112) size 38x22 [border: (1px inset #808080)] [r=1 c=1 rs=1 cs=1]
                      LayoutText {#text} at (1,2) size 9x18
                        text run at (1,2) width 9: "0"
                    LayoutTableCell {TD} at (72,112) size 38x22 [border: (1px inset #808080)] [r=1 c=2 rs=1 cs=1]
                      LayoutText {#text} at (1,2) size 9x18
                        text run at (1,2) width 9: "0"
                    LayoutTableCell {TD} at (110,112) size 42x22 [border: (1px inset #808080)] [r=1 c=3 rs=1 cs=1]
                      LayoutText {#text} at (1,2) size 9x18
                        text run at (1,2) width 9: "0"
                    LayoutTableCell {TD} at (152,112) size 46x22 [border: (1px inset #808080)] [r=1 c=4 rs=1 cs=1]
                      LayoutText {#text} at (1,2) size 9x18
                        text run at (1,2) width 9: "0"
                  LayoutTableRow {TR} at (0,164) size 198x82
                    LayoutTableCell {TD} at (0,194) size 34x22 [border: (1px inset #808080)] [r=2 c=0 rs=1 cs=1]
                      LayoutText {#text} at (1,2) size 9x18
                        text run at (1,2) width 9: "0"
                    LayoutTableCell {TD} at (34,194) size 38x22 [border: (1px inset #808080)] [r=2 c=1 rs=1 cs=1]
                      LayoutText {#text} at (1,2) size 9x18
                        text run at (1,2) width 9: "0"
                    LayoutTableCell {TD} at (72,194) size 38x22 [border: (1px inset #808080)] [r=2 c=2 rs=1 cs=1]
                      LayoutText {#text} at (1,2) size 9x18
                        text run at (1,2) width 9: "0"
                    LayoutTableCell {TD} at (110,194) size 42x22 [border: (1px inset #808080)] [r=2 c=3 rs=1 cs=1]
                      LayoutText {#text} at (1,2) size 9x18
                        text run at (1,2) width 9: "0"
                    LayoutTableCell {TD} at (152,194) size 46x22 [border: (1px inset #808080)] [r=2 c=4 rs=1 cs=1]
                      LayoutText {#text} at (1,2) size 9x18
                        text run at (1,2) width 9: "0"
                  LayoutTableRow {TR} at (0,246) size 198x82
                    LayoutTableCell {TD} at (0,276) size 34x22 [border: (1px inset #808080)] [r=3 c=0 rs=1 cs=1]
                      LayoutText {#text} at (1,2) size 9x18
                        text run at (1,2) width 9: "0"
                    LayoutTableCell {TD} at (34,276) size 38x22 [border: (1px inset #808080)] [r=3 c=1 rs=1 cs=1]
                      LayoutText {#text} at (1,2) size 9x18
                        text run at (1,2) width 9: "0"
                    LayoutTableCell {TD} at (72,276) size 38x22 [border: (1px inset #808080)] [r=3 c=2 rs=1 cs=1]
                      LayoutText {#text} at (1,2) size 9x18
                        text run at (1,2) width 9: "0"
                    LayoutTableCell {TD} at (110,276) size 42x22 [border: (1px inset #808080)] [r=3 c=3 rs=1 cs=1]
                      LayoutText {#text} at (1,2) size 9x18
                        text run at (1,2) width 9: "0"
                    LayoutTableCell {TD} at (152,276) size 46x22 [border: (1px inset #808080)] [r=3 c=4 rs=1 cs=1]
                      LayoutText {#text} at (1,2) size 9x18
                        text run at (1,2) width 9: "0"
                  LayoutTableRow {TR} at (0,328) size 198x82
                    LayoutTableCell {TD} at (0,358) size 34x22 [border: (1px inset #808080)] [r=4 c=0 rs=1 cs=1]
                      LayoutText {#text} at (1,2) size 9x18
                        text run at (1,2) width 9: "0"
                    LayoutTableCell {TD} at (34,358) size 38x22 [border: (1px inset #808080)] [r=4 c=1 rs=1 cs=1]
                      LayoutText {#text} at (1,2) size 9x18
                        text run at (1,2) width 9: "0"
                    LayoutTableCell {TD} at (72,358) size 38x22 [border: (1px inset #808080)] [r=4 c=2 rs=1 cs=1]
                      LayoutText {#text} at (1,2) size 9x18
                        text run at (1,2) width 9: "0"
                    LayoutTableCell {TD} at (110,358) size 42x22 [border: (1px inset #808080)] [r=4 c=3 rs=1 cs=1]
                      LayoutText {#text} at (1,2) size 9x18
                        text run at (1,2) width 9: "0"
                    LayoutTableCell {TD} at (152,358) size 46x22 [border: (1px inset #808080)] [r=4 c=4 rs=1 cs=1]
                      LayoutText {#text} at (1,2) size 9x18
                        text run at (1,2) width 9: "0"
                  LayoutTableRow {TR} at (0,410) size 198x42
                    LayoutTableCell {TD} at (0,420) size 34x22 [border: (1px inset #808080)] [r=5 c=0 rs=1 cs=1]
                      LayoutText {#text} at (1,2) size 9x18
                        text run at (1,2) width 9: "0"
                    LayoutTableCell {TD} at (34,420) size 38x22 [border: (1px inset #808080)] [r=5 c=1 rs=1 cs=1]
                      LayoutText {#text} at (1,2) size 9x18
                        text run at (1,2) width 9: "0"
                    LayoutTableCell {TD} at (72,420) size 38x22 [border: (1px inset #808080)] [r=5 c=2 rs=1 cs=1]
                      LayoutText {#text} at (1,2) size 9x18
                        text run at (1,2) width 9: "0"
                    LayoutTableCell {TD} at (110,420) size 42x22 [border: (1px inset #808080)] [r=5 c=3 rs=1 cs=1]
                      LayoutText {#text} at (1,2) size 9x18
                        text run at (1,2) width 9: "0"
                    LayoutTableCell {TD} at (152,420) size 46x22 [border: (1px inset #808080)] [r=5 c=4 rs=1 cs=1]
                      LayoutText {#text} at (1,2) size 9x18
                        text run at (1,2) width 9: "0"
                  LayoutTableRow {TR} at (0,452) size 198x82
                    LayoutTableCell {TD} at (0,482) size 34x22 [border: (1px inset #808080)] [r=6 c=0 rs=1 cs=1]
                      LayoutText {#text} at (1,2) size 9x18
                        text run at (1,2) width 9: "0"
                    LayoutTableCell {TD} at (34,482) size 38x22 [border: (1px inset #808080)] [r=6 c=1 rs=1 cs=1]
                      LayoutText {#text} at (1,2) size 9x18
                        text run at (1,2) width 9: "0"
                    LayoutTableCell {TD} at (72,482) size 38x22 [border: (1px inset #808080)] [r=6 c=2 rs=1 cs=1]
                      LayoutText {#text} at (1,2) size 9x18
                        text run at (1,2) width 9: "0"
                    LayoutTableCell {TD} at (110,482) size 42x22 [border: (1px inset #808080)] [r=6 c=3 rs=1 cs=1]
                      LayoutText {#text} at (1,2) size 9x18
                        text run at (1,2) width 9: "0"
                    LayoutTableCell {TD} at (152,482) size 46x22 [border: (1px inset #808080)] [r=6 c=4 rs=1 cs=1]
                      LayoutText {#text} at (1,2) size 9x18
                        text run at (1,2) width 9: "0"
                  LayoutTableRow {TR} at (0,534) size 198x82
                    LayoutTableCell {TD} at (0,564) size 34x22 [border: (1px inset #808080)] [r=7 c=0 rs=1 cs=1]
                      LayoutText {#text} at (1,2) size 9x18
                        text run at (1,2) width 9: "0"
                    LayoutTableCell {TD} at (34,564) size 38x22 [border: (1px inset #808080)] [r=7 c=1 rs=1 cs=1]
                      LayoutText {#text} at (1,2) size 9x18
                        text run at (1,2) width 9: "0"
                    LayoutTableCell {TD} at (72,564) size 38x22 [border: (1px inset #808080)] [r=7 c=2 rs=1 cs=1]
                      LayoutText {#text} at (1,2) size 9x18
                        text run at (1,2) width 9: "0"
                    LayoutTableCell {TD} at (110,564) size 42x22 [border: (1px inset #808080)] [r=7 c=3 rs=1 cs=1]
                      LayoutText {#text} at (1,2) size 9x18
                        text run at (1,2) width 9: "0"
                    LayoutTableCell {TD} at (152,564) size 46x22 [border: (1px inset #808080)] [r=7 c=4 rs=1 cs=1]
                      LayoutText {#text} at (1,2) size 9x18
                        text run at (1,2) width 9: "0"
                  LayoutTableRow {TR} at (0,616) size 198x82
                    LayoutTableCell {TD} at (0,646) size 34x22 [border: (1px inset #808080)] [r=8 c=0 rs=1 cs=1]
                      LayoutText {#text} at (1,2) size 9x18
                        text run at (1,2) width 9: "0"
                    LayoutTableCell {TD} at (34,646) size 38x22 [border: (1px inset #808080)] [r=8 c=1 rs=1 cs=1]
                      LayoutText {#text} at (1,2) size 9x18
                        text run at (1,2) width 9: "0"
                    LayoutTableCell {TD} at (72,646) size 38x22 [border: (1px inset #808080)] [r=8 c=2 rs=1 cs=1]
                      LayoutText {#text} at (1,2) size 9x18
                        text run at (1,2) width 9: "0"
                    LayoutTableCell {TD} at (110,646) size 42x22 [border: (1px inset #808080)] [r=8 c=3 rs=1 cs=1]
                      LayoutText {#text} at (1,2) size 9x18
                        text run at (1,2) width 9: "0"
                    LayoutTableCell {TD} at (152,646) size 46x22 [border: (1px inset #808080)] [r=8 c=4 rs=1 cs=1]
                      LayoutText {#text} at (1,2) size 9x18
                        text run at (1,2) width 9: "0"
