layer at (0,0) size 800x600 clip at (0,0) size 785x600 scrollHeight 628
  LayoutView at (0,0) size 800x600
layer at (0,0) size 785x628 backgroundClip at (0,0) size 785x600 clip at (0,0) size 785x600
  LayoutBlockFlow {HTML} at (0,0) size 785x628
    LayoutBlockFlow {BODY} at (8,8) size 769x612
layer at (8,8) size 769x612 backgroundClip at (0,0) size 785x600 clip at (0,0) size 785x600
  LayoutBlockFlow {DIV} at (0,0) size 769x612 [bgcolor=#FFFF00]
    LayoutMultiColumnSet (anonymous) at (0,0) size 769x612
layer at (8,8) size 246x1598 backgroundClip at (0,0) size 785x600 clip at (0,0) size 785x600
  LayoutMultiColumnFlowThread (anonymous) at (0,0) size 245.66x1598
    LayoutBlockFlow {DIV} at (0,0) size 245.66x1598
      LayoutTable {TABLE} at (0,0) size 265x1598
        LayoutTableSection {THEAD} at (0,0) size 265x82
          LayoutTableRow {TR} at (0,2) size 265x78
            LayoutTableCell {TD} at (2,2) size 261x78 [r=0 c=0 rs=1 cs=1]
              LayoutBlockFlow {DIV} at (1,1) size 259x76
                LayoutText {#text} at (0,1) size 259x73
                  text run at (0,1) width 259: "HEADER"
        LayoutTableSection {TBODY} at (0,82) size 265x1516
          LayoutTableRow {TR} at (0,0) size 265x492
            LayoutTableCell {TD} at (2,0) size 261x492 [r=0 c=0 rs=1 cs=1]
              LayoutBlockFlow {DIV} at (1,1) size 1x490
          LayoutTableRow {TR} at (0,494) size 265x1020
            LayoutTableCell {TD} at (2,494) size 261x1020 [r=1 c=0 rs=1 cs=1]
              LayoutTable {TABLE} at (1,1) size 200x1018 [border: (1px outset #808080)]
                LayoutTableSection {THEAD} at (1,1) size 198x158
                  LayoutTableRow {TR} at (0,116) size 198x42
                    LayoutTableCell {TD} at (0,116) size 34x42 [border: (1px inset #808080)] [r=0 c=0 rs=1 cs=1]
                      LayoutInline {STRONG} at (0,0) size 24x39
                        LayoutText {#text} at (1,1) size 24x39
                          text run at (1,1) width 24: "Col"
                          text run at (1,21) width 8: "1"
                    LayoutTableCell {TD} at (34,126) size 38x22 [border: (1px inset #808080)] [r=0 c=1 rs=1 cs=1]
                      LayoutInline {STRONG} at (0,0) size 36x19
                        LayoutText {#text} at (1,1) size 36x19
                          text run at (1,1) width 36: "Col 2"
                    LayoutTableCell {TD} at (72,116) size 37x42 [border: (1px inset #808080)] [r=0 c=2 rs=1 cs=1]
                      LayoutInline {STRONG} at (0,0) size 24x39
                        LayoutText {#text} at (1,1) size 24x39
                          text run at (1,1) width 24: "Col"
                          text run at (1,21) width 8: "3"
                    LayoutTableCell {TD} at (109,126) size 42x22 [border: (1px inset #808080)] [r=0 c=3 rs=1 cs=1]
                      LayoutInline {STRONG} at (0,0) size 36x19
                        LayoutText {#text} at (1,1) size 36x19
                          text run at (1,1) width 36: "Col 4"
                    LayoutTableCell {TD} at (151,126) size 47x22 [border: (1px inset #808080)] [r=0 c=4 rs=1 cs=1]
                      LayoutInline {STRONG} at (0,0) size 36x19
                        LayoutText {#text} at (1,1) size 36x19
                          text run at (1,1) width 36: "Col 5"
                LayoutTableSection {TBODY} at (1,159) size 198x858
                  LayoutTableRow {TR} at (0,0) size 198x82
                    LayoutTableCell {TD} at (0,30) size 34x22 [border: (1px inset #808080)] [r=0 c=0 rs=1 cs=1]
                      LayoutText {#text} at (1,1) size 8x19
                        text run at (1,1) width 8: "0"
                    LayoutTableCell {TD} at (34,30) size 38x22 [border: (1px inset #808080)] [r=0 c=1 rs=1 cs=1]
                      LayoutText {#text} at (1,1) size 8x19
                        text run at (1,1) width 8: "0"
                    LayoutTableCell {TD} at (72,30) size 37x22 [border: (1px inset #808080)] [r=0 c=2 rs=1 cs=1]
                      LayoutText {#text} at (1,1) size 8x19
                        text run at (1,1) width 8: "0"
                    LayoutTableCell {TD} at (109,30) size 42x22 [border: (1px inset #808080)] [r=0 c=3 rs=1 cs=1]
                      LayoutText {#text} at (1,1) size 8x19
                        text run at (1,1) width 8: "0"
                    LayoutTableCell {TD} at (151,30) size 47x22 [border: (1px inset #808080)] [r=0 c=4 rs=1 cs=1]
                      LayoutText {#text} at (1,1) size 8x19
                        text run at (1,1) width 8: "0"
                  LayoutTableRow {TR} at (0,82) size 198x82
                    LayoutTableCell {TD} at (0,112) size 34x22 [border: (1px inset #808080)] [r=1 c=0 rs=1 cs=1]
                      LayoutText {#text} at (1,1) size 8x19
                        text run at (1,1) width 8: "0"
                    LayoutTableCell {TD} at (34,112) size 38x22 [border: (1px inset #808080)] [r=1 c=1 rs=1 cs=1]
                      LayoutText {#text} at (1,1) size 8x19
                        text run at (1,1) width 8: "0"
                    LayoutTableCell {TD} at (72,112) size 37x22 [border: (1px inset #808080)] [r=1 c=2 rs=1 cs=1]
                      LayoutText {#text} at (1,1) size 8x19
                        text run at (1,1) width 8: "0"
                    LayoutTableCell {TD} at (109,112) size 42x22 [border: (1px inset #808080)] [r=1 c=3 rs=1 cs=1]
                      LayoutText {#text} at (1,1) size 8x19
                        text run at (1,1) width 8: "0"
                    LayoutTableCell {TD} at (151,112) size 47x22 [border: (1px inset #808080)] [r=1 c=4 rs=1 cs=1]
                      LayoutText {#text} at (1,1) size 8x19
                        text run at (1,1) width 8: "0"
                  LayoutTableRow {TR} at (0,164) size 198x82
                    LayoutTableCell {TD} at (0,194) size 34x22 [border: (1px inset #808080)] [r=2 c=0 rs=1 cs=1]
                      LayoutText {#text} at (1,1) size 8x19
                        text run at (1,1) width 8: "0"
                    LayoutTableCell {TD} at (34,194) size 38x22 [border: (1px inset #808080)] [r=2 c=1 rs=1 cs=1]
                      LayoutText {#text} at (1,1) size 8x19
                        text run at (1,1) width 8: "0"
                    LayoutTableCell {TD} at (72,194) size 37x22 [border: (1px inset #808080)] [r=2 c=2 rs=1 cs=1]
                      LayoutText {#text} at (1,1) size 8x19
                        text run at (1,1) width 8: "0"
                    LayoutTableCell {TD} at (109,194) size 42x22 [border: (1px inset #808080)] [r=2 c=3 rs=1 cs=1]
                      LayoutText {#text} at (1,1) size 8x19
                        text run at (1,1) width 8: "0"
                    LayoutTableCell {TD} at (151,194) size 47x22 [border: (1px inset #808080)] [r=2 c=4 rs=1 cs=1]
                      LayoutText {#text} at (1,1) size 8x19
                        text run at (1,1) width 8: "0"
                  LayoutTableRow {TR} at (0,246) size 198x82
                    LayoutTableCell {TD} at (0,276) size 34x22 [border: (1px inset #808080)] [r=3 c=0 rs=1 cs=1]
                      LayoutText {#text} at (1,1) size 8x19
                        text run at (1,1) width 8: "0"
                    LayoutTableCell {TD} at (34,276) size 38x22 [border: (1px inset #808080)] [r=3 c=1 rs=1 cs=1]
                      LayoutText {#text} at (1,1) size 8x19
                        text run at (1,1) width 8: "0"
                    LayoutTableCell {TD} at (72,276) size 37x22 [border: (1px inset #808080)] [r=3 c=2 rs=1 cs=1]
                      LayoutText {#text} at (1,1) size 8x19
                        text run at (1,1) width 8: "0"
                    LayoutTableCell {TD} at (109,276) size 42x22 [border: (1px inset #808080)] [r=3 c=3 rs=1 cs=1]
                      LayoutText {#text} at (1,1) size 8x19
                        text run at (1,1) width 8: "0"
                    LayoutTableCell {TD} at (151,276) size 47x22 [border: (1px inset #808080)] [r=3 c=4 rs=1 cs=1]
                      LayoutText {#text} at (1,1) size 8x19
                        text run at (1,1) width 8: "0"
                  LayoutTableRow {TR} at (0,328) size 198x82
                    LayoutTableCell {TD} at (0,358) size 34x22 [border: (1px inset #808080)] [r=4 c=0 rs=1 cs=1]
                      LayoutText {#text} at (1,1) size 8x19
                        text run at (1,1) width 8: "0"
                    LayoutTableCell {TD} at (34,358) size 38x22 [border: (1px inset #808080)] [r=4 c=1 rs=1 cs=1]
                      LayoutText {#text} at (1,1) size 8x19
                        text run at (1,1) width 8: "0"
                    LayoutTableCell {TD} at (72,358) size 37x22 [border: (1px inset #808080)] [r=4 c=2 rs=1 cs=1]
                      LayoutText {#text} at (1,1) size 8x19
                        text run at (1,1) width 8: "0"
                    LayoutTableCell {TD} at (109,358) size 42x22 [border: (1px inset #808080)] [r=4 c=3 rs=1 cs=1]
                      LayoutText {#text} at (1,1) size 8x19
                        text run at (1,1) width 8: "0"
                    LayoutTableCell {TD} at (151,358) size 47x22 [border: (1px inset #808080)] [r=4 c=4 rs=1 cs=1]
                      LayoutText {#text} at (1,1) size 8x19
                        text run at (1,1) width 8: "0"
                  LayoutTableRow {TR} at (0,410) size 198x42
                    LayoutTableCell {TD} at (0,420) size 34x22 [border: (1px inset #808080)] [r=5 c=0 rs=1 cs=1]
                      LayoutText {#text} at (1,1) size 8x19
                        text run at (1,1) width 8: "0"
                    LayoutTableCell {TD} at (34,420) size 38x22 [border: (1px inset #808080)] [r=5 c=1 rs=1 cs=1]
                      LayoutText {#text} at (1,1) size 8x19
                        text run at (1,1) width 8: "0"
                    LayoutTableCell {TD} at (72,420) size 37x22 [border: (1px inset #808080)] [r=5 c=2 rs=1 cs=1]
                      LayoutText {#text} at (1,1) size 8x19
                        text run at (1,1) width 8: "0"
                    LayoutTableCell {TD} at (109,420) size 42x22 [border: (1px inset #808080)] [r=5 c=3 rs=1 cs=1]
                      LayoutText {#text} at (1,1) size 8x19
                        text run at (1,1) width 8: "0"
                    LayoutTableCell {TD} at (151,420) size 47x22 [border: (1px inset #808080)] [r=5 c=4 rs=1 cs=1]
                      LayoutText {#text} at (1,1) size 8x19
                        text run at (1,1) width 8: "0"
                  LayoutTableRow {TR} at (0,612) size 198x82
                    LayoutTableCell {TD} at (0,642) size 34x22 [border: (1px inset #808080)] [r=6 c=0 rs=1 cs=1]
                      LayoutText {#text} at (1,1) size 8x19
                        text run at (1,1) width 8: "0"
                    LayoutTableCell {TD} at (34,642) size 38x22 [border: (1px inset #808080)] [r=6 c=1 rs=1 cs=1]
                      LayoutText {#text} at (1,1) size 8x19
                        text run at (1,1) width 8: "0"
                    LayoutTableCell {TD} at (72,642) size 37x22 [border: (1px inset #808080)] [r=6 c=2 rs=1 cs=1]
                      LayoutText {#text} at (1,1) size 8x19
                        text run at (1,1) width 8: "0"
                    LayoutTableCell {TD} at (109,642) size 42x22 [border: (1px inset #808080)] [r=6 c=3 rs=1 cs=1]
                      LayoutText {#text} at (1,1) size 8x19
                        text run at (1,1) width 8: "0"
                    LayoutTableCell {TD} at (151,642) size 47x22 [border: (1px inset #808080)] [r=6 c=4 rs=1 cs=1]
                      LayoutText {#text} at (1,1) size 8x19
                        text run at (1,1) width 8: "0"
                  LayoutTableRow {TR} at (0,694) size 198x82
                    LayoutTableCell {TD} at (0,724) size 34x22 [border: (1px inset #808080)] [r=7 c=0 rs=1 cs=1]
                      LayoutText {#text} at (1,1) size 8x19
                        text run at (1,1) width 8: "0"
                    LayoutTableCell {TD} at (34,724) size 38x22 [border: (1px inset #808080)] [r=7 c=1 rs=1 cs=1]
                      LayoutText {#text} at (1,1) size 8x19
                        text run at (1,1) width 8: "0"
                    LayoutTableCell {TD} at (72,724) size 37x22 [border: (1px inset #808080)] [r=7 c=2 rs=1 cs=1]
                      LayoutText {#text} at (1,1) size 8x19
                        text run at (1,1) width 8: "0"
                    LayoutTableCell {TD} at (109,724) size 42x22 [border: (1px inset #808080)] [r=7 c=3 rs=1 cs=1]
                      LayoutText {#text} at (1,1) size 8x19
                        text run at (1,1) width 8: "0"
                    LayoutTableCell {TD} at (151,724) size 47x22 [border: (1px inset #808080)] [r=7 c=4 rs=1 cs=1]
                      LayoutText {#text} at (1,1) size 8x19
                        text run at (1,1) width 8: "0"
                  LayoutTableRow {TR} at (0,776) size 198x82
                    LayoutTableCell {TD} at (0,806) size 34x22 [border: (1px inset #808080)] [r=8 c=0 rs=1 cs=1]
                      LayoutText {#text} at (1,1) size 8x19
                        text run at (1,1) width 8: "0"
                    LayoutTableCell {TD} at (34,806) size 38x22 [border: (1px inset #808080)] [r=8 c=1 rs=1 cs=1]
                      LayoutText {#text} at (1,1) size 8x19
                        text run at (1,1) width 8: "0"
                    LayoutTableCell {TD} at (72,806) size 37x22 [border: (1px inset #808080)] [r=8 c=2 rs=1 cs=1]
                      LayoutText {#text} at (1,1) size 8x19
                        text run at (1,1) width 8: "0"
                    LayoutTableCell {TD} at (109,806) size 42x22 [border: (1px inset #808080)] [r=8 c=3 rs=1 cs=1]
                      LayoutText {#text} at (1,1) size 8x19
                        text run at (1,1) width 8: "0"
                    LayoutTableCell {TD} at (151,806) size 47x22 [border: (1px inset #808080)] [r=8 c=4 rs=1 cs=1]
                      LayoutText {#text} at (1,1) size 8x19
                        text run at (1,1) width 8: "0"
