layer at (0,0) size 800x600
  LayoutView at (0,0) size 800x600
layer at (0,0) size 800x600
  LayoutBlockFlow {HTML} at (0,0) size 800x600
    LayoutBlockFlow {BODY} at (8,8) size 784x584
      LayoutBlockFlow (anonymous) at (0,18) size 784x154
        LayoutText {#text} at (0,0) size 0x0
layer at (8,26) size 304x154
  LayoutIFrame {IFRAME} at (0,0) size 304x154 [border: (2px inset #EEEEEE)]
    layer at (0,0) size 300x150
      LayoutView at (0,0) size 300x150
    layer at (0,0) size 300x150
      LayoutBlockFlow {HTML} at (0,0) size 300x150
        LayoutBlockFlow {BODY} at (8,8) size 284x134
    layer at (8,8) size 80x80
      LayoutBlockFlow {DIV} at (0,0) size 80x80
layer at (8,180) size 784x18
  LayoutBlockFlow {DIV} at (0,172) size 784x18
    LayoutText {#text} at (0,0) size 105x18
      text run at (0,0) width 105: "backface hidden"
layer at (8,8) size 784x18
  LayoutBlockFlow {DIV} at (0,0) size 784x18
    LayoutText {#text} at (0,0) size 63x18
      text run at (0,0) width 63: "translated"
layer at (8,198) size 50x50
  LayoutBlockFlow {DIV} at (0,190) size 50x50
    LayoutText {#text} at (0,0) size 59x18
      text run at (0,0) width 59: "animated"
layer at (8,248) size 784x0
  LayoutBlockFlow {DIV} at (0,240) size 784x0
layer at (8,248) size 784x0
  LayoutBlockFlow {DIV} at (0,0) size 784x0
layer at (8,248) size 784x18 transparent
  LayoutBlockFlow {DIV} at (0,240) size 784x18
layer at (8,248) size 784x18
  LayoutBlockFlow {DIV} at (0,0) size 784x18
    LayoutText {#text} at (0,0) size 48x18
      text run at (0,0) width 48: "opacity"
layer at (8,266) size 784x18
  LayoutBlockFlow {DIV} at (0,258) size 784x18
layer at (8,266) size 784x18
  LayoutBlockFlow {DIV} at (0,0) size 784x18
    LayoutText {#text} at (0,0) size 56x18
      text run at (0,0) width 56: "reflected"
layer at (8,284) size 784x18
  LayoutBlockFlow {DIV} at (0,276) size 784x18
layer at (8,284) size 784x18
  LayoutBlockFlow {DIV} at (0,0) size 784x18
    LayoutText {#text} at (0,0) size 73x18
      text run at (0,0) width 73: "perspective"
layer at (8,302) size 784x18
  LayoutBlockFlow {DIV} at (0,294) size 784x18
layer at (8,302) size 784x18
  LayoutBlockFlow {DIV} at (0,0) size 784x18
    LayoutText {#text} at (0,0) size 71x18
      text run at (0,0) width 71: "preserve3d"
