layer at (0,0) size 800x600
  LayoutView at (0,0) size 800x600
layer at (0,0) size 800x380
  LayoutBlockFlow {HTML} at (0,0) size 800x380
    LayoutBlockFlow {BODY} at (8,8) size 784x0
      LayoutBlockFlow (floating) {DIV} at (598,0) size 186x192
        LayoutBlockFlow {P} at (0,16) size 186x20
          LayoutText {#text} at (158,0) size 28x19
            text run at (158,0) width 28: "RTL"
        LayoutBlockFlow {DIV} at (0,52) size 186x20
          LayoutText {#text} at (121,0) size 65x19
            text run at (121,0) width 65: "markRtlAll"
        LayoutBlockFlow {DIV} at (0,72) size 186x20
          LayoutText {#text} at (87,0) size 99x19
            text run at (87,0) width 99: "markRtlAllThick"
        LayoutBlockFlow {DIV} at (0,92) size 186x20
          LayoutText {#text} at (80,0) size 106x19
            text run at (80,0) width 106: "markRtlBeginning"
        LayoutBlockFlow {DIV} at (0,112) size 186x20
          LayoutText {#text} at (0,0) size 186x19
            text run at (0,0) width 186: "markRtlAllExceptFirstAndLast"
        LayoutBlockFlow {DIV} at (0,132) size 186x20
          LayoutText {#text} at (114,0) size 72x19
            text run at (114,0) width 72: "markRtlEnd"
        LayoutBlockFlow {DIV} at (0,152) size 186x40
          LayoutBlockFlow {DIV} at (0,0) size 186x20
            LayoutText {#text} at (138,0) size 31x19
              text run at (138,0) width 31: "mark"
            LayoutInline {SPAN} at (0,0) size 17x19
              LayoutText {#text} at (169,0) size 17x19
                text run at (169,0) width 17: "Rtl"
          LayoutBlockFlow {DIV} at (0,20) size 186x20
            LayoutText {#text} at (102,0) size 84x19
              text run at (102,0) width 84: "AcrossNodes"
      LayoutBlockFlow (floating) {DIV} at (0,0) size 265.89x372
        LayoutBlockFlow {P} at (0,16) size 265.89x20
          LayoutText {#text} at (0,0) size 27x19
            text run at (0,0) width 27: "LTR"
        LayoutBlockFlow {DIV} at (0,52) size 265.89x20
          LayoutText {#text} at (0,0) size 48x19
            text run at (0,0) width 48: "markAll"
        LayoutBlockFlow {DIV} at (0,72) size 265.89x20
          LayoutText {#text} at (0,0) size 82x19
            text run at (0,0) width 82: "markAllThick"
        LayoutBlockFlow {DIV} at (0,92) size 265.89x20
          LayoutText {#text} at (0,0) size 141x19
            text run at (0,0) width 141: "markAllDifferentColors"
        LayoutBlockFlow {DIV} at (0,112) size 265.89x20
          LayoutText {#text} at (0,0) size 89x19
            text run at (0,0) width 89: "markBeginning"
        LayoutBlockFlow {DIV} at (0,132) size 265.89x20
          LayoutText {#text} at (0,0) size 169x19
            text run at (0,0) width 169: "markAllExceptFirstAndLast"
        LayoutBlockFlow {DIV} at (0,152) size 265.89x20
          LayoutText {#text} at (0,0) size 55x19
            text run at (0,0) width 55: "markEnd"
        LayoutBlockFlow {DIV} at (0,172) size 265.89x20
          LayoutText {#text} at (0,0) size 108x19
            text run at (0,0) width 108: "markNothingZero"
        LayoutBlockFlow {DIV} at (0,192) size 265.89x20
          LayoutText {#text} at (0,0) size 103x19
            text run at (0,0) width 103: "markNothingEnd"
        LayoutBlockFlow {DIV} at (0,212) size 265.89x40
          LayoutBlockFlow {DIV} at (0,0) size 265.89x20
            LayoutText {#text} at (0,0) size 31x19
              text run at (0,0) width 31: "mark"
            LayoutInline {SPAN} at (0,0) size 43x19
              LayoutText {#text} at (31,0) size 43x19
                text run at (31,0) width 43: "Across"
          LayoutBlockFlow {DIV} at (0,20) size 265.89x20
            LayoutText {#text} at (0,0) size 41x19
              text run at (0,0) width 41: "Nodes"
        LayoutBlockFlow {DIV} at (0,252) size 265.89x20
          LayoutText {#text} at (0,0) size 211x19
            text run at (0,0) width 211: "overridingSpellingMarkerBeginning"
        LayoutBlockFlow {DIV} at (0,272) size 265.89x20
          LayoutText {#text} at (0,0) size 177x19
            text run at (0,0) width 177: "overridingSpellingMarkerEnd"
        LayoutBlockFlow {DIV} at (0,292) size 265.89x20
          LayoutText {#text} at (0,0) size 236x19
            text run at (0,0) width 236: "notOverridingSpellingMarkersTouching"
        LayoutBlockFlow {DIV} at (0,312) size 265.89x20
          LayoutText {#text} at (0,0) size 241x19
            text run at (0,0) width 241: "overridingCompositionMarkerBeginning"
        LayoutBlockFlow {DIV} at (0,332) size 265.89x20
          LayoutText {#text} at (0,0) size 207x19
            text run at (0,0) width 207: "overridingCompositionMarkerEnd"
        LayoutBlockFlow {DIV} at (0,352) size 265.89x20
          LayoutText {#text} at (0,0) size 266x19
            text run at (0,0) width 266: "notOverridingCompositionMarkersTouching"
