layer at (0,0) size 800x600
  RenderView at (0,0) size 800x600
layer at (0,0) size 800x600
  RenderBlock {HTML} at (0,0) size 800x600
    RenderBody {BODY} at (8,8) size 784x584
      RenderText {#text} at (0,0) size 585x18
        text run at (0,0) width 585: "This test passes if it doesn't crash and if the Submit button does not honor the first-letter style."
      RenderBR {BR} at (585,14) size 0x0
      RenderButton {INPUT} at (0,18) size 60x19 [border: (2px outset #C0C0C0)]
        RenderBlock (anonymous) at (8,2) size 44x15
          RenderText at (3,1) size 38x13
            text run at (3,1) width 38: "Submit"
      RenderText {#text} at (0,0) size 0x0
      RenderText {#text} at (0,0) size 0x0
      RenderText {#text} at (0,0) size 0x0
