layer at (0,0) size 800x600
  RenderView at (0,0) size 800x600
layer at (0,0) size 800x600
  RenderBlock {HTML} at (0,0) size 800x600
    RenderBody {BODY} at (8,8) size 784x584
      RenderBlock {P} at (0,0) size 784x13
        RenderText {#text} at (0,0) size 287x13
          text run at (0,0) width 220: "Text inside input field should not be truncated. "
          text run at (220,0) width 67: "Bug 1008046."
      RenderBlock (anonymous) at (0,24) size 784x21
        RenderTextControl {INPUT} at (0,0) size 300x21 [bgcolor=#FFFFFF] [border: (2px inset #000000)]
        RenderText {#text} at (0,0) size 0x0
        RenderText {#text} at (0,0) size 0x0
        RenderText {#text} at (0,0) size 0x0
layer at (10,35) size 296x15
  RenderBlock {DIV} at (2,3) size 296x15
    RenderText {#text} at (1,0) size 62x15
      text run at (1,0) width 62: "something"
