layer at (0,0) size 800x600
  RenderView at (0,0) size 800x600
layer at (0,0) size 800x600
  RenderBlock {HTML} at (0,0) size 800x600
    RenderBody {BODY} at (8,8) size 784x584
      RenderBlock {DIV} at (0,0) size 784x18
        RenderText {#text} at (0,0) size 539x18
          text run at (0,0) width 539: "This text area should be render with same width as other browsers. See bug#1121635"
      RenderBlock (anonymous) at (0,18) size 784x246
        RenderText {#text} at (0,0) size 0x0
        RenderText {#text} at (0,0) size 0x0
layer at (8,27) size 459x244 clip at (9,28) size 457x242
  RenderTextControl {TEXTAREA} at (0,1) size 459x244 [color=#333333] [bgcolor=#FFFFFF] [border: (1px solid #333333)]
    RenderBlock {DIV} at (3,3) size 438x12
