layer at (0,0) size 800x600
  RenderView at (0,0) size 800x600
layer at (0,0) size 800x600
  RenderBlock {HTML} at (0,0) size 800x600
    RenderBody {BODY} at (8,8) size 784x576
      RenderBlock {FORM} at (0,0) size 784x23
        RenderTable {TABLE} at (0,0) size 570x23 [bgcolor=#FFE030] [border: (1px outset #808080)]
          RenderTableSection {TBODY} at (1,1) size 568x21
            RenderTableRow {TR} at (0,0) size 568x21
              RenderTableCell {TD} at (0,0) size 568x21 [border: (1px inset #808080)] [r=0 c=0 rs=1 cs=1]
                RenderInline {NOBR} at (0,0) size 566x18
                  RenderTextControl {INPUT} at (1,1) size 180x19 [bgcolor=#FFFFFF] [border: (2px inset #000000)]
                  RenderText {#text} at (181,1) size 13x18
                    text run at (181,1) width 13: " - "
                  RenderTextControl {INPUT} at (194,1) size 180x19 [bgcolor=#FFFFFF] [border: (2px inset #000000)]
                  RenderText {#text} at (374,1) size 13x18
                    text run at (374,1) width 13: " - "
                  RenderTextControl {INPUT} at (387,1) size 180x19 [bgcolor=#FFFFFF] [border: (2px inset #000000)]
                RenderText {#text} at (0,0) size 0x0
            RenderTableRow {TR} at (0,21) size 568x0
layer at (12,13) size 176x13
  RenderBlock {DIV} at (2,3) size 176x13
layer at (205,13) size 176x13
  RenderBlock {DIV} at (2,3) size 176x13
layer at (398,13) size 176x13
  RenderBlock {DIV} at (2,3) size 176x13
