layer at (0,0) size 800x600
  RenderView at (0,0) size 800x600
layer at (0,0) size 800x600
  RenderBlock {HTML} at (0,0) size 800x600
    RenderBody {BODY} at (8,8) size 784x584
      RenderTable {TABLE} at (0,0) size 153x53
        RenderTableSection {TBODY} at (0,0) size 153x53
          RenderTableRow {TR} at (0,2) size 153x49
            RenderTableCell {TD} at (2,2) size 149x49 [r=0 c=0 rs=1 cs=1]
              RenderBlock (anonymous) at (1,1) size 147x0
                RenderInline {SPAN} at (0,0) size 0x0
                  RenderText {#text} at (0,0) size 0x0
                  RenderInline {SPAN} at (0,0) size 0x0
                    RenderText {#text} at (0,0) size 0x0
                    RenderText {#text} at (0,0) size 0x0
                    RenderText {#text} at (0,0) size 0x0
                    RenderText {#text} at (0,0) size 0x0
              RenderBlock (anonymous) at (1,1) size 147x47
                RenderTable {TABLE} at (0,0) size 147x47
                  RenderTableSection {TBODY} at (0,0) size 147x47
                    RenderTableRow {TR} at (0,2) size 147x43
                      RenderTableCell {TD} at (2,2) size 143x43 [r=0 c=0 rs=1 cs=1]
                        RenderTable {TABLE} at (1,1) size 141x41
                          RenderTableSection {TBODY} at (0,0) size 141x41
                            RenderTableRow {TR} at (0,2) size 141x37
                              RenderTableCell {TD} at (2,2) size 137x37 [r=0 c=0 rs=1 cs=1]
                                RenderBlock {FORM} at (1,1) size 135x19
                                  RenderButton {INPUT} at (0,0) size 135x19 [bgcolor=#C0C0C0] [border: (2px outset #C0C0C0)]
                                    RenderBlock (anonymous) at (8,2) size 119x15
                                      RenderText at (3,1) size 113x13
                                        text run at (3,1) width 113: "ApplyForThisPosition"
                                  RenderText {#text} at (0,0) size 0x0
              RenderBlock (anonymous) at (1,48) size 147x0
                RenderInline {SPAN} at (0,0) size 0x0
                  RenderInline {SPAN} at (0,0) size 0x0
                  RenderText {#text} at (0,0) size 0x0
                RenderText {#text} at (0,0) size 0x0
