layer at (0,0) size 800x600
  RenderView at (0,0) size 800x600
layer at (0,0) size 800x600
  RenderBlock {HTML} at (0,0) size 800x600
    RenderBody {BODY} at (8,8) size 784x584
      RenderBlock {H3} at (0,0) size 784x22
        RenderText {#text} at (0,0) size 200x22
          text run at (0,0) width 200: "With long hidden values"
      RenderTable {TABLE} at (0,40) size 196x63 [border: (1px solid #FF0000)]
        RenderTableSection {TBODY} at (1,1) size 194x61
          RenderTableRow {TR} at (0,2) size 194x55
            RenderTableCell {TD} at (2,2) size 190x55 [r=0 c=0 rs=1 cs=1]
              RenderBlock {FORM} at (1,1) size 188x37
                RenderTextControl {INPUT} at (0,0) size 95x19 [bgcolor=#FFFFFF] [border: (2px inset #000000)]
                RenderText {#text} at (95,0) size 4x18
                  text run at (95,0) width 4: " "
                RenderButton {INPUT} at (99,0) size 43x19 [bgcolor=#C0C0C0] [border: (2px outset #C0C0C0)]
                  RenderBlock (anonymous) at (8,2) size 27x15
                    RenderText at (3,1) size 21x13
                      text run at (3,1) width 21: " Go "
                RenderText {#text} at (142,0) size 4x18
                  text run at (142,0) width 4: " "
                RenderBR {BR} at (146,14) size 0x0
                RenderText {#text} at (0,19) size 188x18
                  text run at (0,19) width 188: "Enter City Name or Zip Code"
          RenderTableRow {TR} at (0,59) size 194x0
      RenderBlock {HR} at (0,111) size 784x2 [border: (1px inset #000000)]
      RenderBlock {H3} at (0,131) size 784x22
        RenderText {#text} at (0,0) size 206x22
          text run at (0,0) width 206: "With short hidden values"
      RenderTable {TABLE} at (0,171) size 196x63 [border: (1px solid #FF0000)]
        RenderTableSection {TBODY} at (1,1) size 194x61
          RenderTableRow {TR} at (0,2) size 194x55
            RenderTableCell {TD} at (2,2) size 190x55 [r=0 c=0 rs=1 cs=1]
              RenderBlock {FORM} at (1,1) size 188x37
                RenderTextControl {INPUT} at (0,0) size 95x19 [bgcolor=#FFFFFF] [border: (2px inset #000000)]
                RenderText {#text} at (95,0) size 4x18
                  text run at (95,0) width 4: " "
                RenderButton {INPUT} at (99,0) size 43x19 [bgcolor=#C0C0C0] [border: (2px outset #C0C0C0)]
                  RenderBlock (anonymous) at (8,2) size 27x15
                    RenderText at (3,1) size 21x13
                      text run at (3,1) width 21: " Go "
                RenderText {#text} at (142,0) size 4x18
                  text run at (142,0) width 4: " "
                RenderBR {BR} at (146,14) size 0x0
                RenderText {#text} at (0,19) size 188x18
                  text run at (0,19) width 188: "Enter City Name or Zip Code"
          RenderTableRow {TR} at (0,59) size 194x0
layer at (14,55) size 91x13
  RenderBlock {DIV} at (2,3) size 91x13
layer at (14,186) size 91x13
  RenderBlock {DIV} at (2,3) size 91x13
