layer at (0,0) size 800x600
  RenderView at (0,0) size 800x600
layer at (0,0) size 800x600
  RenderBlock {HTML} at (0,0) size 800x600
    RenderBody {BODY} at (8,8) size 784x584
      RenderTable {TABLE} at (0,0) size 431x79 [border: (1px outset #808080)]
        RenderTableSection {TBODY} at (1,1) size 429x77
          RenderTableRow {TR} at (0,2) size 429x49
            RenderTableCell {TD} at (2,15) size 133x22 [border: (1px inset #808080)] [r=0 c=0 rs=1 cs=1]
              RenderText {#text} at (2,2) size 30x18
                text run at (2,2) width 30: "Blah"
            RenderTableCell {TD} at (137,2) size 290x49 [border: (1px inset #808080)] [r=0 c=1 rs=1 cs=1]
              RenderTable {TABLE} at (110,2) size 70x45 [border: (1px outset #808080)]
                RenderTableSection {TBODY} at (1,1) size 68x43
                  RenderTableRow {TR} at (0,2) size 68x39
                    RenderTableCell {TD} at (2,2) size 64x39 [border: (1px inset #808080)] [r=0 c=0 rs=1 cs=1]
                      RenderBlock {FORM} at (2,2) size 60x19
                        RenderButton {INPUT} at (0,0) size 60x19 [bgcolor=#C0C0C0] [border: (2px outset #C0C0C0)]
                          RenderBlock (anonymous) at (8,2) size 44x15
                            RenderText at (3,1) size 38x13
                              text run at (3,1) width 38: "Submit"
                        RenderText {#text} at (0,0) size 0x0
          RenderTableRow {TR} at (0,53) size 429x22
            RenderTableCell {TD} at (2,53) size 425x22 [border: (1px inset #808080)] [r=1 c=0 rs=1 cs=2]
              RenderText {#text} at (2,2) size 421x18
                text run at (2,2) width 421: "This line is only here to separate the two columns in the row above"
