layer at (0,0) size 800x600
  RenderView at (0,0) size 800x600
layer at (0,0) size 800x600
  RenderBlock {HTML} at (0,0) size 800x600
    RenderBody {BODY} at (8,8) size 784x576 [bgcolor=#FFFFFF]
      RenderBlock {FORM} at (0,0) size 784x25
        RenderTable {TABLE} at (0,0) size 784x25
          RenderTableSection {TBODY} at (0,0) size 784x25
            RenderTableRow {TR} at (0,2) size 784x21 [bgcolor=#FFFFFF]
              RenderTableCell {TD} at (2,2) size 72x21 [r=0 c=0 rs=1 cs=1]
                RenderButton {INPUT} at (1,1) size 70x19 [bgcolor=#C0C0C0] [border: (2px outset #C0C0C0)]
                  RenderBlock (anonymous) at (8,2) size 54x15
                    RenderText at (3,1) size 48x13
                      text run at (3,1) width 48: "Select all"
              RenderTableCell {TD} at (76,2) size 58x21 [r=0 c=1 rs=1 cs=1]
                RenderButton {INPUT} at (1,1) size 56x19 [bgcolor=#C0C0C0] [border: (2px outset #C0C0C0)]
                  RenderBlock (anonymous) at (8,2) size 40x15
                    RenderText at (3,1) size 34x13
                      text run at (3,1) width 34: "Delete"
              RenderTableCell {TD} at (136,2) size 89x21 [r=0 c=2 rs=1 cs=1]
                RenderButton {INPUT} at (1,1) size 87x19 [bgcolor=#C0C0C0] [border: (2px outset #C0C0C0)]
                  RenderBlock (anonymous) at (8,2) size 71x15
                    RenderText at (3,1) size 65x13
                      text run at (3,1) width 65: "Empty trash"
              RenderTableCell {TD} at (227,3) size 369x20 [r=0 c=3 rs=1 cs=1]
                RenderText {#text} at (1,1) size 4x18
                  text run at (1,1) width 4: " "
              RenderTableCell {TD} at (598,2) size 71x21 [r=0 c=4 rs=1 cs=1]
                RenderButton {INPUT} at (1,1) size 69x19 [bgcolor=#C0C0C0] [border: (2px outset #C0C0C0)]
                  RenderBlock (anonymous) at (8,2) size 53x15
                    RenderText at (3,1) size 47x13
                      text run at (3,1) width 47: "Move to:"
              RenderTableCell {TD} at (671,3) size 111x20 [r=0 c=5 rs=1 cs=1]
                RenderMenuList {SELECT} at (1,1) size 109x18 [bgcolor=#FFFFFF]
                  RenderBlock (anonymous) at (0,0) size 109x18
                    RenderText at (8,2) size 78x13
                      text run at (8,2) width 78: "Choose folder "
                RenderText {#text} at (0,0) size 0x0
                RenderText {#text} at (0,0) size 0x0
                RenderText {#text} at (0,0) size 0x0
