layer at (0,0) size 800x600
  RenderView at (0,0) size 800x600
layer at (0,0) size 800x96
  RenderBlock {HTML} at (0,0) size 800x96
    RenderBody {BODY} at (8,8) size 784x80
      RenderBlock {FORM} at (0,0) size 784x38
        RenderButton {INPUT} at (0,0) size 166x19 [bgcolor=#C0C0C0] [border: (2px outset #C0C0C0)]
          RenderBlock (anonymous) at (8,2) size 150x15
            RenderText at (3,1) size 144x13
              text run at (3,1) width 144: "(1) Fill cell with long string"
        RenderBR {BR} at (166,0) size 0x18
        RenderButton {INPUT} at (0,19) size 170x19 [bgcolor=#C0C0C0] [border: (2px outset #C0C0C0)]
          RenderBlock (anonymous) at (8,2) size 154x15
            RenderText at (3,1) size 148x13
              text run at (3,1) width 148: "(2) Fill cell with short string"
        RenderBR {BR} at (170,19) size 0x18
      RenderTable {TABLE} at (0,54) size 83x26
        RenderTableSection {TBODY} at (0,0) size 83x26
          RenderTableRow {TR} at (0,2) size 83x22
            RenderTableCell {TD} at (2,2) size 79x22 [border: (1px solid #000000)] [r=0 c=0 rs=1 cs=1]
              RenderText {#text} at (2,2) size 14x18
                text run at (2,2) width 14: "aa"
