layer at (0,0) size 800x600
  RenderView at (0,0) size 800x600
layer at (0,0) size 800x600
  RenderBlock {HTML} at (0,0) size 800x600
    RenderBody {BODY} at (8,8) size 784x584
      RenderTable {TABLE} at (0,0) size 305x31
        RenderTableSection {TBODY} at (0,0) size 305x31
          RenderTableRow {TR} at (0,2) size 305x27
            RenderTableCell {TD} at (2,2) size 301x27 [r=0 c=0 rs=1 cs=1]
              RenderTable {TABLE} at (1,1) size 299x25
                RenderTableSection {TBODY} at (0,0) size 299x25
                  RenderTableRow {TR} at (0,2) size 299x21
                    RenderTableCell {TH} at (2,2) size 61x20 [r=0 c=0 rs=1 cs=1]
                      RenderText {#text} at (1,1) size 59x18
                        text run at (1,1) width 59: "User ID:"
                    RenderTableCell {TD} at (65,2) size 232x21 [r=0 c=1 rs=1 cs=1]
                      RenderTextControl {INPUT} at (1,1) size 230x19 [bgcolor=#FFFFFF] [border: (2px inset #000000)]
                      RenderText {#text} at (0,0) size 0x0
layer at (79,17) size 226x13
  RenderBlock {DIV} at (2,3) size 226x13
