layer at (0,0) size 800x600
  LayoutView at (0,0) size 800x600
layer at (0,0) size 800x408
  LayoutBlockFlow {HTML} at (0,0) size 800x408
    LayoutBlockFlow {BODY} at (8,8) size 784x392
      LayoutBlockFlow (anonymous) at (0,0) size 784x36
        LayoutText {#text} at (0,0) size 614x18
          text run at (0,0) width 614: "This test verifies the visual alignment of items in a select element while changing text direction."
        LayoutBR {BR} at (613,0) size 1x18
        LayoutText {#text} at (0,18) size 438x18
          text run at (0,18) width 438: "All the items in the following select elements should be left-aligned."
      LayoutTable {TABLE} at (0,36) size 624x100
        LayoutTableSection {TBODY} at (0,0) size 624x100
          LayoutTableRow {TR} at (0,2) size 624x47
            LayoutTableCell {TD} at (2,2) size 145x46.56 [r=0 c=0 rs=1 cs=1]
            LayoutTableCell {TD} at (149,2) size 162x46.56 [r=0 c=1 rs=1 cs=1]
            LayoutTableCell {TD} at (313,2) size 145x46.56 [r=0 c=2 rs=1 cs=1]
            LayoutTableCell {TD} at (460,2) size 162x46.56 [r=0 c=3 rs=1 cs=1]
          LayoutTableRow {TR} at (0,51) size 624x47
            LayoutTableCell {TD} at (2,51) size 145x46.56 [r=1 c=0 rs=1 cs=1]
            LayoutTableCell {TD} at (149,51) size 162x46.56 [r=1 c=1 rs=1 cs=1]
      LayoutBlockFlow (anonymous) at (0,136) size 784x18
        LayoutText {#text} at (0,0) size 447x18
          text run at (0,0) width 447: "All the items in the following select elements should be right-aligned."
      LayoutTable {TABLE} at (0,154) size 610x100
        LayoutTableSection {TBODY} at (0,0) size 610x100
          LayoutTableRow {TR} at (0,2) size 610x47
            LayoutTableCell {TD} at (2,2) size 151x46.56 [r=0 c=0 rs=1 cs=1]
            LayoutTableCell {TD} at (155,2) size 149x46.56 [r=0 c=1 rs=1 cs=1]
            LayoutTableCell {TD} at (306,2) size 151x46.56 [r=0 c=2 rs=1 cs=1]
            LayoutTableCell {TD} at (459,2) size 149x46.56 [r=0 c=3 rs=1 cs=1]
          LayoutTableRow {TR} at (0,51) size 610x47
            LayoutTableCell {TD} at (2,51) size 151x46.56 [r=1 c=0 rs=1 cs=1]
            LayoutTableCell {TD} at (155,51) size 149x46.56 [r=1 c=1 rs=1 cs=1]
      LayoutBlockFlow (anonymous) at (0,254) size 784x18
        LayoutText {#text} at (0,0) size 456x18
          text run at (0,0) width 456: "All the items in the following select elements should be center-aligned."
      LayoutTable {TABLE} at (0,272) size 650x51
        LayoutTableSection {TBODY} at (0,0) size 650x51
          LayoutTableRow {TR} at (0,2) size 650x47
            LayoutTableCell {TD} at (2,2) size 160x46.56 [r=0 c=0 rs=1 cs=1]
            LayoutTableCell {TD} at (164,2) size 160x46.56 [r=0 c=1 rs=1 cs=1]
            LayoutTableCell {TD} at (326,2) size 160x46.56 [r=0 c=2 rs=1 cs=1]
            LayoutTableCell {TD} at (488,2) size 160x46.56 [r=0 c=3 rs=1 cs=1]
      LayoutBlockFlow (anonymous) at (0,323) size 784x18
        LayoutText {#text} at (0,0) size 296x18
          text run at (0,0) width 296: "The following tables check mixed alignments."
      LayoutTable {TABLE} at (0,341) size 698x51
        LayoutTableSection {TBODY} at (0,0) size 698x51
          LayoutTableRow {TR} at (0,2) size 698x47
            LayoutTableCell {TD} at (2,2) size 156x46.56 [r=0 c=0 rs=1 cs=1]
            LayoutTableCell {TD} at (160,2) size 156x46.56 [r=0 c=1 rs=1 cs=1]
            LayoutTableCell {TD} at (318,2) size 188x46.56 [r=0 c=2 rs=1 cs=1]
            LayoutTableCell {TD} at (508,2) size 188x46.56 [r=0 c=3 rs=1 cs=1]
layer at (11,47) size 142x45 clip at (12,48) size 129x43
  LayoutListBox {SELECT} at (1,1) size 142.06x44.56 [bgcolor=#FFFFFF] [border: (1px solid #999999)]
    LayoutBlockFlow {OPTION} at (1,1) size 129.06x14.19
      LayoutText {#text} at (2,0) size 107x13
        text run at (2,0) width 107: "This is an English text"
    LayoutBlockFlow {OPTION} at (1,15.19) size 129.06x14.19
      LayoutText {#text} at (2,0) size 126x13
        text run at (2,0) width 126: "It needs to be left aligned"
    LayoutBlockFlow {OPTION} at (1,29.38) size 129.06x14.19
      LayoutText {#text} at (2,0) size 79x13
        text run at (2,0) width 79: "Some more text"
layer at (158,47) size 159x45 clip at (159,48) size 146x43
  LayoutListBox {SELECT} at (1,1) size 159.02x44.56 [bgcolor=#FFFFFF] [border: (1px solid #999999)]
    LayoutBlockFlow {OPTION} at (1,1) size 146.02x14.19
      LayoutText {#text} at (2,0) size 85x13
        text run at (2,0) width 85 RTL: "\x{5D6}\x{5D4} \x{5D8}\x{5E7}\x{5E1}\x{5D8} \x{5D1}\x{5E2}\x{5D1}\x{5E8}\x{5D9}\x{5EA}"
    LayoutBlockFlow {OPTION} at (1,15.19) size 146.02x14.19
      LayoutText {#text} at (2,0) size 142x13
        text run at (2,0) width 142 RTL: "\x{5D4}\x{5D5}\x{5D0} \x{5E6}\x{5E8}\x{5D9}\x{5DA} \x{5DC}\x{5D4}\x{5D9}\x{5D5}\x{5EA} \x{5DE}\x{5D9}\x{5D5}\x{5E9}\x{5E8} \x{5DC}\x{5E9}\x{5DE}\x{5D0}\x{5DC}"
    LayoutBlockFlow {OPTION} at (1,29.38) size 146.02x14.19
      LayoutText {#text} at (2,0) size 80x13
        text run at (2,0) width 80 RTL: "\x{5D9}\x{5E9}\x{5E8}\x{5D0}\x{5DC} \x{5DE}\x{5EA}\x{5D9}\x{5D9}\x{5D1}\x{5E9}\x{5EA}"
layer at (322,47) size 142x45 clip at (334,48) size 129x43
  LayoutListBox {SELECT} at (1,1) size 142.06x44.56 [bgcolor=#FFFFFF] [border: (1px solid #999999)]
    LayoutBlockFlow {OPTION} at (12,1) size 129.06x14.19
      LayoutText {#text} at (2,0) size 106x13
        text run at (2,0) width 106: "This is an English text"
    LayoutBlockFlow {OPTION} at (12,15.19) size 129.06x14.19
      LayoutText {#text} at (2,0) size 125x13
        text run at (2,0) width 125: "It needs to be left aligned"
    LayoutBlockFlow {OPTION} at (12,29.38) size 129.06x14.19
      LayoutText {#text} at (2,0) size 79x13
        text run at (2,0) width 79: "Some more text"
layer at (469,47) size 159x45 clip at (481,48) size 146x43
  LayoutListBox {SELECT} at (1,1) size 159.02x44.56 [bgcolor=#FFFFFF] [border: (1px solid #999999)]
    LayoutBlockFlow {OPTION} at (12,1) size 146.02x14.19
      LayoutText {#text} at (2,0) size 85x13
        text run at (2,0) width 85 RTL: "\x{5D6}\x{5D4} \x{5D8}\x{5E7}\x{5E1}\x{5D8} \x{5D1}\x{5E2}\x{5D1}\x{5E8}\x{5D9}\x{5EA}"
    LayoutBlockFlow {OPTION} at (12,15.19) size 146.02x14.19
      LayoutText {#text} at (2,0) size 142x13
        text run at (2,0) width 142 RTL: "\x{5D4}\x{5D5}\x{5D0} \x{5E6}\x{5E8}\x{5D9}\x{5DA} \x{5DC}\x{5D4}\x{5D9}\x{5D5}\x{5EA} \x{5DE}\x{5D9}\x{5D5}\x{5E9}\x{5E8} \x{5DC}\x{5E9}\x{5DE}\x{5D0}\x{5DC}"
    LayoutBlockFlow {OPTION} at (12,29.38) size 146.02x14.19
      LayoutText {#text} at (2,0) size 80x13
        text run at (2,0) width 80 RTL: "\x{5D9}\x{5E9}\x{5E8}\x{5D0}\x{5DC} \x{5DE}\x{5EA}\x{5D9}\x{5D9}\x{5D1}\x{5E9}\x{5EA}"
layer at (11,96) size 142x45 clip at (12,97) size 129x43
  LayoutListBox {SELECT} at (1,1) size 142.06x44.56 [bgcolor=#FFFFFF] [border: (1px solid #999999)]
    LayoutBlockFlow {OPTION} at (1,1) size 129.06x14.19
      LayoutText {#text} at (2,0) size 107x13
        text run at (2,0) width 107: "This is an English text"
    LayoutBlockFlow {OPTION} at (1,15.19) size 129.06x14.19
      LayoutText {#text} at (2,0) size 126x13
        text run at (2,0) width 126: "It needs to be left aligned"
    LayoutBlockFlow {OPTION} at (1,29.38) size 129.06x14.19
      LayoutText {#text} at (2,0) size 79x13
        text run at (2,0) width 79: "Some more text"
layer at (158,96) size 159x45 clip at (159,97) size 146x43
  LayoutListBox {SELECT} at (1,1) size 159.02x44.56 [bgcolor=#FFFFFF] [border: (1px solid #999999)]
    LayoutBlockFlow {OPTION} at (1,1) size 146.02x14.19
      LayoutText {#text} at (2,0) size 85x13
        text run at (2,0) width 85 RTL: "\x{5D6}\x{5D4} \x{5D8}\x{5E7}\x{5E1}\x{5D8} \x{5D1}\x{5E2}\x{5D1}\x{5E8}\x{5D9}\x{5EA}"
    LayoutBlockFlow {OPTION} at (1,15.19) size 146.02x14.19
      LayoutText {#text} at (2,0) size 142x13
        text run at (2,0) width 142 RTL: "\x{5D4}\x{5D5}\x{5D0} \x{5E6}\x{5E8}\x{5D9}\x{5DA} \x{5DC}\x{5D4}\x{5D9}\x{5D5}\x{5EA} \x{5DE}\x{5D9}\x{5D5}\x{5E9}\x{5E8} \x{5DC}\x{5E9}\x{5DE}\x{5D0}\x{5DC}"
    LayoutBlockFlow {OPTION} at (1,29.38) size 146.02x14.19
      LayoutText {#text} at (2,0) size 80x13
        text run at (2,0) width 80 RTL: "\x{5D9}\x{5E9}\x{5E8}\x{5D0}\x{5DC} \x{5DE}\x{5EA}\x{5D9}\x{5D9}\x{5D1}\x{5E9}\x{5EA}"
layer at (11,165) size 149x45 clip at (23,166) size 136x43
  LayoutListBox {SELECT} at (1,1) size 149x44.56 [bgcolor=#FFFFFF] [border: (1px solid #999999)]
    LayoutBlockFlow {OPTION} at (12,1) size 136x14.19
      LayoutText {#text} at (28,0) size 106x13
        text run at (28,0) width 106: "This is an English text"
    LayoutBlockFlow {OPTION} at (12,15.19) size 136x14.19
      LayoutText {#text} at (2,0) size 132x13
        text run at (2,0) width 132: "It needs to be right aligned"
    LayoutBlockFlow {OPTION} at (12,29.38) size 136x14.19
      LayoutText {#text} at (55,0) size 79x13
        text run at (55,0) width 79: "Some more text"
layer at (164,165) size 147x45 clip at (176,166) size 134x43
  LayoutListBox {SELECT} at (1,1) size 146.77x44.56 [bgcolor=#FFFFFF] [border: (1px solid #999999)]
    LayoutBlockFlow {OPTION} at (12,1) size 133.77x14.19
      LayoutText {#text} at (47,0) size 85x13
        text run at (47,0) width 85 RTL: "\x{5D6}\x{5D4} \x{5D8}\x{5E7}\x{5E1}\x{5D8} \x{5D1}\x{5E2}\x{5D1}\x{5E8}\x{5D9}\x{5EA}"
    LayoutBlockFlow {OPTION} at (12,15.19) size 133.77x14.19
      LayoutText {#text} at (2,0) size 130x13
        text run at (2,0) width 130 RTL: "\x{5D4}\x{5D5}\x{5D0} \x{5E6}\x{5E8}\x{5D9}\x{5DA} \x{5DC}\x{5D4}\x{5D9}\x{5D5}\x{5EA} \x{5DE}\x{5D9}\x{5D5}\x{5E9}\x{5E8} \x{5DC}\x{5D9}\x{5DE}\x{5D9}\x{5DF}"
    LayoutBlockFlow {OPTION} at (12,29.38) size 133.77x14.19
      LayoutText {#text} at (52,0) size 80x13
        text run at (52,0) width 80 RTL: "\x{5D9}\x{5E9}\x{5E8}\x{5D0}\x{5DC} \x{5DE}\x{5EA}\x{5D9}\x{5D9}\x{5D1}\x{5E9}\x{5EA}"
layer at (315,165) size 149x45 clip at (327,166) size 136x43
  LayoutListBox {SELECT} at (1,1) size 149x44.56 [bgcolor=#FFFFFF] [border: (1px solid #999999)]
    LayoutBlockFlow {OPTION} at (12,1) size 136x14.19
      LayoutText {#text} at (28,0) size 106x13
        text run at (28,0) width 106: "This is an English text"
    LayoutBlockFlow {OPTION} at (12,15.19) size 136x14.19
      LayoutText {#text} at (2,0) size 132x13
        text run at (2,0) width 132: "It needs to be right aligned"
    LayoutBlockFlow {OPTION} at (12,29.38) size 136x14.19
      LayoutText {#text} at (55,0) size 79x13
        text run at (55,0) width 79: "Some more text"
layer at (468,165) size 147x45 clip at (480,166) size 134x43
  LayoutListBox {SELECT} at (1,1) size 146.77x44.56 [bgcolor=#FFFFFF] [border: (1px solid #999999)]
    LayoutBlockFlow {OPTION} at (12,1) size 133.77x14.19
      LayoutText {#text} at (47,0) size 85x13
        text run at (47,0) width 85 RTL: "\x{5D6}\x{5D4} \x{5D8}\x{5E7}\x{5E1}\x{5D8} \x{5D1}\x{5E2}\x{5D1}\x{5E8}\x{5D9}\x{5EA}"
    LayoutBlockFlow {OPTION} at (12,15.19) size 133.77x14.19
      LayoutText {#text} at (2,0) size 130x13
        text run at (2,0) width 130 RTL: "\x{5D4}\x{5D5}\x{5D0} \x{5E6}\x{5E8}\x{5D9}\x{5DA} \x{5DC}\x{5D4}\x{5D9}\x{5D5}\x{5EA} \x{5DE}\x{5D9}\x{5D5}\x{5E9}\x{5E8} \x{5DC}\x{5D9}\x{5DE}\x{5D9}\x{5DF}"
    LayoutBlockFlow {OPTION} at (12,29.38) size 133.77x14.19
      LayoutText {#text} at (52,0) size 80x13
        text run at (52,0) width 80 RTL: "\x{5D9}\x{5E9}\x{5E8}\x{5D0}\x{5DC} \x{5DE}\x{5EA}\x{5D9}\x{5D9}\x{5D1}\x{5E9}\x{5EA}"
layer at (11,214) size 149x45 clip at (12,215) size 136x43
  LayoutListBox {SELECT} at (1,1) size 149x44.56 [bgcolor=#FFFFFF] [border: (1px solid #999999)]
    LayoutBlockFlow {OPTION} at (1,1) size 136x14.19
      LayoutText {#text} at (27,0) size 107x13
        text run at (27,0) width 107: "This is an English text"
    LayoutBlockFlow {OPTION} at (1,15.19) size 136x14.19
      LayoutText {#text} at (2,0) size 132x13
        text run at (2,0) width 132: "It needs to be right aligned"
    LayoutBlockFlow {OPTION} at (1,29.38) size 136x14.19
      LayoutText {#text} at (55,0) size 79x13
        text run at (55,0) width 79: "Some more text"
layer at (164,214) size 147x45 clip at (165,215) size 134x43
  LayoutListBox {SELECT} at (1,1) size 146.77x44.56 [bgcolor=#FFFFFF] [border: (1px solid #999999)]
    LayoutBlockFlow {OPTION} at (1,1) size 133.77x14.19
      LayoutText {#text} at (47,0) size 85x13
        text run at (47,0) width 85 RTL: "\x{5D6}\x{5D4} \x{5D8}\x{5E7}\x{5E1}\x{5D8} \x{5D1}\x{5E2}\x{5D1}\x{5E8}\x{5D9}\x{5EA}"
    LayoutBlockFlow {OPTION} at (1,15.19) size 133.77x14.19
      LayoutText {#text} at (2,0) size 130x13
        text run at (2,0) width 130 RTL: "\x{5D4}\x{5D5}\x{5D0} \x{5E6}\x{5E8}\x{5D9}\x{5DA} \x{5DC}\x{5D4}\x{5D9}\x{5D5}\x{5EA} \x{5DE}\x{5D9}\x{5D5}\x{5E9}\x{5E8} \x{5DC}\x{5D9}\x{5DE}\x{5D9}\x{5DF}"
    LayoutBlockFlow {OPTION} at (1,29.38) size 133.77x14.19
      LayoutText {#text} at (52,0) size 80x13
        text run at (52,0) width 80 RTL: "\x{5D9}\x{5E9}\x{5E8}\x{5D0}\x{5DC} \x{5DE}\x{5EA}\x{5D9}\x{5D9}\x{5D1}\x{5E9}\x{5EA}"
layer at (11,283) size 158x45 clip at (23,284) size 145x43
  LayoutListBox {SELECT} at (1,1) size 157.75x44.56 [bgcolor=#FFFFFF] [border: (1px solid #999999)]
    LayoutBlockFlow {OPTION} at (12,1) size 144.75x14.19
      LayoutText {#text} at (19,0) size 107x13
        text run at (19,0) width 107: "This is an English text"
    LayoutBlockFlow {OPTION} at (12,15.19) size 144.75x14.19
      LayoutText {#text} at (2,0) size 141x13
        text run at (2,0) width 141: "It needs to be center aligned"
    LayoutBlockFlow {OPTION} at (12,29.38) size 144.75x14.19
      LayoutText {#text} at (33,0) size 79x13
        text run at (33,0) width 79: "Some more text"
layer at (173,283) size 157x45 clip at (185,284) size 144x43
  LayoutListBox {SELECT} at (1,1) size 157.16x44.56 [bgcolor=#FFFFFF] [border: (1px solid #999999)]
    LayoutBlockFlow {OPTION} at (12,1) size 144.16x14.19
      LayoutText {#text} at (29,0) size 86x13
        text run at (29,0) width 86 RTL: "\x{5D6}\x{5D4} \x{5D8}\x{5E7}\x{5E1}\x{5D8} \x{5D1}\x{5E2}\x{5D1}\x{5E8}\x{5D9}\x{5EA}"
    LayoutBlockFlow {OPTION} at (12,15.19) size 144.16x14.19
      LayoutText {#text} at (2,0) size 141x13
        text run at (2,0) width 141 RTL: "\x{5D4}\x{5D5}\x{5D0} \x{5E6}\x{5E8}\x{5D9}\x{5DA} \x{5DC}\x{5D4}\x{5D9}\x{5D5}\x{5EA} \x{5DE}\x{5D9}\x{5D5}\x{5E9}\x{5E8} \x{5DC}\x{5D0}\x{5DE}\x{5E6}\x{5E2}"
    LayoutBlockFlow {OPTION} at (12,29.38) size 144.16x14.19
      LayoutText {#text} at (32,0) size 80x13
        text run at (32,0) width 80 RTL: "\x{5D9}\x{5E9}\x{5E8}\x{5D0}\x{5DC} \x{5DE}\x{5EA}\x{5D9}\x{5D9}\x{5D1}\x{5E9}\x{5EA}"
layer at (335,283) size 158x45 clip at (336,284) size 145x43
  LayoutListBox {SELECT} at (1,1) size 157.75x44.56 [bgcolor=#FFFFFF] [border: (1px solid #999999)]
    LayoutBlockFlow {OPTION} at (1,1) size 144.75x14.19
      LayoutText {#text} at (19,0) size 107x13
        text run at (19,0) width 107: "This is an English text"
    LayoutBlockFlow {OPTION} at (1,15.19) size 144.75x14.19
      LayoutText {#text} at (2,0) size 141x13
        text run at (2,0) width 141: "It needs to be center aligned"
    LayoutBlockFlow {OPTION} at (1,29.38) size 144.75x14.19
      LayoutText {#text} at (33,0) size 79x13
        text run at (33,0) width 79: "Some more text"
layer at (497,283) size 157x45 clip at (498,284) size 144x43
  LayoutListBox {SELECT} at (1,1) size 157.16x44.56 [bgcolor=#FFFFFF] [border: (1px solid #999999)]
    LayoutBlockFlow {OPTION} at (1,1) size 144.16x14.19
      LayoutText {#text} at (29,0) size 86x13
        text run at (29,0) width 86 RTL: "\x{5D6}\x{5D4} \x{5D8}\x{5E7}\x{5E1}\x{5D8} \x{5D1}\x{5E2}\x{5D1}\x{5E8}\x{5D9}\x{5EA}"
    LayoutBlockFlow {OPTION} at (1,15.19) size 144.16x14.19
      LayoutText {#text} at (2,0) size 141x13
        text run at (2,0) width 141 RTL: "\x{5D4}\x{5D5}\x{5D0} \x{5E6}\x{5E8}\x{5D9}\x{5DA} \x{5DC}\x{5D4}\x{5D9}\x{5D5}\x{5EA} \x{5DE}\x{5D9}\x{5D5}\x{5E9}\x{5E8} \x{5DC}\x{5D0}\x{5DE}\x{5E6}\x{5E2}"
    LayoutBlockFlow {OPTION} at (1,29.38) size 144.16x14.19
      LayoutText {#text} at (32,0) size 80x13
        text run at (32,0) width 80 RTL: "\x{5D9}\x{5E9}\x{5E8}\x{5D0}\x{5DC} \x{5DE}\x{5EA}\x{5D9}\x{5D9}\x{5D1}\x{5E9}\x{5EA}"
layer at (11,352) size 154x45 clip at (23,353) size 141x43
  LayoutListBox {SELECT} at (1,1) size 153.75x44.56 [bgcolor=#FFFFFF] [border: (1px solid #999999)]
    LayoutBlockFlow {OPTION} at (12,1) size 140.75x14.19
      LayoutText {#text} at (2,0) size 137x13
        text run at (2,0) width 137: "This should be right aligned"
    LayoutBlockFlow {OPTION} at (12,15.19) size 140.75x14.19
      LayoutText {#text} at (2,0) size 130x13
        text run at (2,0) width 130: "This should be left aligned"
    LayoutBlockFlow {OPTION} at (12,29.38) size 140.75x14.19
      LayoutText {#text} at (34,0) size 73x13
        text run at (34,0) width 73: "Center aligned"
layer at (169,352) size 154x45 clip at (170,353) size 141x43
  LayoutListBox {SELECT} at (1,1) size 153.75x44.56 [bgcolor=#FFFFFF] [border: (1px solid #999999)]
    LayoutBlockFlow {OPTION} at (1,1) size 140.75x14.19
      LayoutText {#text} at (2,0) size 130x13
        text run at (2,0) width 130: "This should be left aligned"
    LayoutBlockFlow {OPTION} at (1,15.19) size 140.75x14.19
      LayoutText {#text} at (2,0) size 137x13
        text run at (2,0) width 137: "This should be right aligned"
    LayoutBlockFlow {OPTION} at (1,29.38) size 140.75x14.19
      LayoutText {#text} at (34,0) size 73x13
        text run at (34,0) width 73: "Center aligned"
layer at (327,352) size 185x45 clip at (339,353) size 172x43
  LayoutListBox {SELECT} at (1,1) size 185.34x44.56 [bgcolor=#FFFFFF] [border: (1px solid #999999)]
    LayoutBlockFlow {OPTION} at (12,1) size 172.34x14.19
      LayoutText {#text} at (14,0) size 157x13
        text run at (14,0) width 157 RTL: "\x{5D8}\x{5E7}\x{5E1}\x{5D8} \x{5D6}\x{5D4} \x{5E6}\x{5E8}\x{5D9}\x{5DA} \x{5DC}\x{5D4}\x{5D9}\x{5D5}\x{5EA} \x{5DE}\x{5D9}\x{5D5}\x{5E9}\x{5E8} \x{5DC}\x{5D9}\x{5DE}\x{5D9}\x{5DF}"
    LayoutBlockFlow {OPTION} at (12,15.19) size 172.34x14.19
      LayoutText {#text} at (2,0) size 169x13
        text run at (2,0) width 169 RTL: "\x{5D8}\x{5E7}\x{5E1}\x{5D8} \x{5D6}\x{5D4} \x{5E6}\x{5E8}\x{5D9}\x{5DA} \x{5DC}\x{5D4}\x{5D9}\x{5D5}\x{5EA} \x{5DE}\x{5D9}\x{5D5}\x{5E9}\x{5E8} \x{5DC}\x{5E9}\x{5DE}\x{5D0}\x{5DC}"
    LayoutBlockFlow {OPTION} at (12,29.38) size 172.34x14.19
      LayoutText {#text} at (52,0) size 68x13
        text run at (52,0) width 68 RTL: "\x{5D8}\x{5E7}\x{5E1}\x{5D8} \x{5DE}\x{5DE}\x{5D5}\x{5E8}\x{5DB}\x{5D6}"
layer at (517,352) size 185x45 clip at (518,353) size 172x43
  LayoutListBox {SELECT} at (1,1) size 185.34x44.56 [bgcolor=#FFFFFF] [border: (1px solid #999999)]
    LayoutBlockFlow {OPTION} at (1,1) size 172.34x14.19
      LayoutText {#text} at (2,0) size 169x13
        text run at (2,0) width 169 RTL: "\x{5D8}\x{5E7}\x{5E1}\x{5D8} \x{5D6}\x{5D4} \x{5E6}\x{5E8}\x{5D9}\x{5DA} \x{5DC}\x{5D4}\x{5D9}\x{5D5}\x{5EA} \x{5DE}\x{5D9}\x{5D5}\x{5E9}\x{5E8} \x{5DC}\x{5E9}\x{5DE}\x{5D0}\x{5DC}"
    LayoutBlockFlow {OPTION} at (1,15.19) size 172.34x14.19
      LayoutText {#text} at (14,0) size 157x13
        text run at (14,0) width 157 RTL: "\x{5D8}\x{5E7}\x{5E1}\x{5D8} \x{5D6}\x{5D4} \x{5E6}\x{5E8}\x{5D9}\x{5DA} \x{5DC}\x{5D4}\x{5D9}\x{5D5}\x{5EA} \x{5DE}\x{5D9}\x{5D5}\x{5E9}\x{5E8} \x{5DC}\x{5D9}\x{5DE}\x{5D9}\x{5DF}"
    LayoutBlockFlow {OPTION} at (1,29.38) size 172.34x14.19
      LayoutText {#text} at (52,0) size 68x13
        text run at (52,0) width 68 RTL: "\x{5D8}\x{5E7}\x{5E1}\x{5D8} \x{5DE}\x{5DE}\x{5D5}\x{5E8}\x{5DB}\x{5D6}"
