layer at (0,0) size 800x600
  LayoutView at (0,0) size 800x600
layer at (0,0) size 800x550
  LayoutBlockFlow {HTML} at (0,0) size 800x549.75
    LayoutBlockFlow {BODY} at (8,8) size 784x533.75
      LayoutText {#text} at (40,48) size 5x19
        text run at (40,48) width 5: " "
      LayoutText {#text} at (112,48) size 5x19
        text run at (112,48) width 5: " "
      LayoutText {#text} at (158,48) size 5x19
        text run at (158,48) width 5: " "
      LayoutText {#text} at (216,48) size 5x19
        text run at (216,48) width 5: " "
      LayoutText {#text} at (268,48) size 5x19
        text run at (268,48) width 5: " "
      LayoutText {#text} at (320,48) size 5x19
        text run at (320,48) width 5: " "
      LayoutText {#text} at (372,48) size 5x19
        text run at (372,48) width 5: " "
      LayoutBR {BR} at (376,48) size 1x19
      LayoutText {#text} at (44,119) size 5x19
        text run at (44,119) width 5: " "
      LayoutText {#text} at (89,119) size 5x19
        text run at (89,119) width 5: " "
      LayoutBR {BR} at (93,119) size 1x19
      LayoutText {#text} at (40,186) size 5x19
        text run at (40,186) width 5: " "
      LayoutBR {BR} at (44,186) size 1x19
      LayoutText {#text} at (40,253) size 5x18
        text run at (40,253) width 5: " "
      LayoutBR {BR} at (44,253) size 1x18
      LayoutText {#text} at (48,382) size 5x19
        text run at (48,382) width 5: " "
      LayoutText {#text} at (104,382) size 5x19
        text run at (104,382) width 5: " "
      LayoutText {#text} at (166,382) size 5x19
        text run at (166,382) width 5: " "
      LayoutText {#text} at (229,382) size 5x19
        text run at (229,382) width 5: " "
      LayoutBR {BR} at (0,0) size 0x0
      LayoutText {#text} at (55,515) size 5x19
        text run at (55,515) width 5: " "
      LayoutText {#text} at (129,515) size 5x19
        text run at (129,515) width 5: " "
      LayoutBR {BR} at (133,515) size 1x19
layer at (12,12) size 33x59 clip at (13,13) size 20x57
  LayoutListBox {SELECT} at (4,4) size 32.95x58.75 [bgcolor=#FFFFFF] [border: (1px solid #999999)]
    LayoutBlockFlow {OPTION} at (1,1) size 19.95x14.19
      LayoutText {#text} at (2,0) size 16x13
        text run at (2,0) width 16: "foo"
layer at (57,12) size 60x59 clip at (58,13) size 47x57
  LayoutListBox {SELECT} at (48.95,4) size 60x58.75 [bgcolor=#FFFFFF] [border: (1px solid #999999)]
    LayoutBlockFlow {OPTION} at (1,1) size 47x14.19 [color=#FFFFFF] [bgcolor=#0069D9]
      LayoutText {#text} at (2,0) size 16x13
        text run at (2,0) width 16: "foo"
    LayoutBlockFlow {OPTION} at (1,15.19) size 47x14.19
      LayoutText {#text} at (2,0) size 17x13
        text run at (2,0) width 17: "bar"
    LayoutBlockFlow {OPTION} at (1,29.38) size 47x14.19 [color=#808080] [bgcolor=#D4D4D4]
      LayoutText {#text} at (2,0) size 43x13
        text run at (2,0) width 43: "Disabled"
layer at (129,12) size 33x59 clip at (130,13) size 20x57
  LayoutListBox {SELECT} at (120.95,4) size 33.23x58.75 [bgcolor=#FFFFFF] [border: (1px solid #999999)]
    LayoutBlockFlow {OPTION} at (1,1) size 20.23x14.19 [bgcolor=#D4D4D4]
      LayoutText {#text} at (2,0) size 16x13
        text run at (2,0) width 16: "foo"
    LayoutBlockFlow {OPTION} at (1,15.19) size 20.23x14.19 [color=#808080] [bgcolor=#D4D4D4]
      LayoutText {#text} at (2,0) size 17x13
        text run at (2,0) width 17: "bar"
layer at (174,12) size 47x59 clip at (175,13) size 34x57
  LayoutListBox {SELECT} at (166.19,4) size 46.34x58.75 [color=#7F7F7F] [bgcolor=#FFFFFF] [border: (1px solid #999999)]
    LayoutBlockFlow {OPTION} at (1,1) size 33.34x14.19 [color=#808080] [bgcolor=#D4D4D4]
      LayoutText {#text} at (2,0) size 16x13
        text run at (2,0) width 16: "foo"
    LayoutBlockFlow {OPTION} at (1,15.19) size 33.34x14.19
      LayoutText {#text} at (2,0) size 17x13
        text run at (2,0) width 17: "bar"
    LayoutBlockFlow {OPTGROUP} at (1,29.38) size 33.34x28.38
      LayoutBlockFlow {DIV} at (0,0) size 33.34x14.19
      LayoutBlockFlow {OPTION} at (0,14.19) size 33.34x14.19 [color=#808080] [bgcolor=#D4D4D4]
        LayoutInline {<pseudo:before>} at (0,0) size 12x13
          LayoutTextFragment (anonymous) at (2,0) size 12x13
            text run at (2,0) width 12: "    "
        LayoutText {#text} at (13,0) size 19x13
          text run at (13,0) width 19: "baz"
layer at (233,55) size 39x16 clip at (234,56) size 26x14 scrollHeight 56
  LayoutListBox {SELECT} at (224.53,46.56) size 39.83x16.19 [bgcolor=#FFFFFF] [border: (1px solid #999999)]
    LayoutBlockFlow {OPTION} at (1,1) size 26.83x14.19
      LayoutText {#text} at (2,0) size 23x13
        text run at (2,0) width 23: "foo1"
    LayoutBlockFlow {OPTION} at (1,15.19) size 26.83x14.19
      LayoutText {#text} at (2,0) size 23x13
        text run at (2,0) width 23: "foo2"
    LayoutBlockFlow {OPTION} at (1,29.38) size 26.83x14.19
      LayoutText {#text} at (2,0) size 23x13
        text run at (2,0) width 23: "foo3"
    LayoutBlockFlow {OPTION} at (1,43.56) size 26.83x14.19
      LayoutText {#text} at (2,0) size 23x13
        text run at (2,0) width 23: "foo4"
layer at (284,40) size 40x31 clip at (285,41) size 27x29 scrollHeight 57
  LayoutListBox {SELECT} at (276.36,32.38) size 39.83x30.38 [bgcolor=#FFFFFF] [border: (1px solid #999999)]
    LayoutBlockFlow {OPTION} at (1,1) size 26.83x14.19
      LayoutText {#text} at (2,0) size 23x13
        text run at (2,0) width 23: "foo1"
    LayoutBlockFlow {OPTION} at (1,15.19) size 26.83x14.19
      LayoutText {#text} at (2,0) size 23x13
        text run at (2,0) width 23: "foo2"
    LayoutBlockFlow {OPTION} at (1,29.38) size 26.83x14.19
      LayoutText {#text} at (2,0) size 23x13
        text run at (2,0) width 23: "foo3"
    LayoutBlockFlow {OPTION} at (1,43.56) size 26.83x14.19
      LayoutText {#text} at (2,0) size 23x13
        text run at (2,0) width 23: "foo4"
layer at (336,26) size 40x45 clip at (337,27) size 27x43 scrollHeight 57
  LayoutListBox {SELECT} at (328.19,18.19) size 39.83x44.56 [bgcolor=#FFFFFF] [border: (1px solid #999999)]
    LayoutBlockFlow {OPTION} at (1,1) size 26.83x14.19
      LayoutText {#text} at (2,0) size 23x13
        text run at (2,0) width 23: "foo1"
    LayoutBlockFlow {OPTION} at (1,15.19) size 26.83x14.19
      LayoutText {#text} at (2,0) size 23x13
        text run at (2,0) width 23: "foo2"
    LayoutBlockFlow {OPTION} at (1,29.38) size 26.83x14.19
      LayoutText {#text} at (2,0) size 23x13
        text run at (2,0) width 23: "foo3"
    LayoutBlockFlow {OPTION} at (1,43.56) size 26.83x14.19
      LayoutText {#text} at (2,0) size 23x13
        text run at (2,0) width 23: "foo4"
layer at (12,79) size 37x63 clip at (15,82) size 20x57
  LayoutListBox {SELECT} at (4,70.75) size 36.95x62.75 [bgcolor=#FFFFFF] [border: (3px solid #00FF00)]
    LayoutBlockFlow {OPTION} at (3,3) size 19.95x14.19
      LayoutText {#text} at (2,0) size 16x13
        text run at (2,0) width 16: "foo"
layer at (61,83) size 33x59 clip at (62,84) size 20x57
  LayoutListBox {SELECT} at (52.95,74.75) size 32.95x58.75 [bgcolor=#FFFFFF] [border: (1px solid #999999)]
    LayoutBlockFlow {OPTION} at (1,1) size 19.95x14.19
      LayoutText {#text} at (2,0) size 16x13
        text run at (2,0) width 16: "foo"
layer at (12,150) size 33x58 clip at (13,151) size 20x56
  LayoutListBox {SELECT} at (4,141.50) size 32.95x58.75 [border: (1px solid #999999)]
    LayoutBlockFlow {OPTION} at (1,1) size 19.95x14.19
      LayoutText {#text} at (2,0) size 16x13
        text run at (2,0) width 16: "foo"
layer at (12,216) size 33x59 clip at (13,217) size 20x57
  LayoutListBox {SELECT} at (4,208.25) size 32.95x58.75 [bgcolor=#FFFFFF] [border: (1px solid #999999)]
    LayoutBlockFlow {OPTION} at (1,1) size 19.95x14.19
      LayoutText {#text} at (2,0) size 16x13
        text run at (2,0) width 16: "foo"
layer at (12,321) size 40x83 clip at (13,322) size 27x81
  LayoutListBox {SELECT} at (4,313.44) size 40.20x82.75 [bgcolor=#FFFFFF] [border: (1px solid #999999)]
    LayoutBlockFlow {OPTION} at (1,1) size 27.20x20.19
      LayoutText {#text} at (2,0) size 24x18
        text run at (2,0) width 24: "foo"
layer at (64,302) size 45x102 clip at (65,303) size 32x100
  LayoutListBox {SELECT} at (56.20,294.19) size 44.61x102 [bgcolor=#FFFFFF] [border: (1px solid #999999)]
    LayoutBlockFlow {OPTION} at (1,1) size 31.61x25
      LayoutText {#text} at (2,0) size 28x23
        text run at (2,0) width 28: "foo"
layer at (121,283) size 50x121 clip at (122,284) size 37x119
  LayoutListBox {SELECT} at (112.81,275) size 50.14x121.19 [bgcolor=#FFFFFF] [border: (1px solid #999999)]
    LayoutBlockFlow {OPTION} at (1,1) size 37.14x29.80
      LayoutText {#text} at (2,0) size 34x28
        text run at (2,0) width 34: "foo"
layer at (183,283) size 51x121 clip at (184,284) size 38x119
  LayoutListBox {SELECT} at (174.95,275) size 50.80x121.19 [bgcolor=#FFFFFF] [border: (1px solid #999999)]
    LayoutBlockFlow {OPTION} at (1,1) size 37.80x20.19
      LayoutText {#text} at (2,0) size 24x18
        text run at (2,0) width 24: "foo"
    LayoutBlockFlow {OPTION} at (1,21.19) size 37.80x29.80
      LayoutText {#text} at (2,0) size 34x28
        text run at (2,0) width 34: "bar"
layer at (14,448) size 44x88 clip at (16,449) size 29x85
  LayoutListBox {SELECT} at (6,439.56) size 43.92x88.19 [bgcolor=#FFFFFF] [border: (1.50px solid #999999)]
    LayoutBlockFlow {OPTION} at (1.50,1.50) size 29.92x21.30
      LayoutText {#text} at (3,0) size 24x19
        text run at (3,0) width 24: "foo"
layer at (76,416) size 53x118 clip at (78,418) size 38x114
  LayoutListBox {SELECT} at (67.92,408.19) size 53.38x117.56 [bgcolor=#FFFFFF] [border: (2px solid #999999)]
    LayoutBlockFlow {OPTION} at (2,2) size 38.38x28.39
      LayoutText {#text} at (4,0) size 31x26
        text run at (4,0) width 31: "foo"
