layer at (0,0) size 800x600
  LayoutView at (0,0) size 800x600
layer at (0,0) size 800x174
  LayoutBlockFlow {HTML} at (0,0) size 800x173.50
    LayoutBlockFlow {BODY} at (8,16) size 784x149.50
      LayoutBlockFlow {P} at (0,0) size 784x18
        LayoutText {#text} at (0,0) size 608x18
          text run at (0,0) width 608: "The select list box should not display items (options and optgroups) with style \"display: none\"."
      LayoutBlockFlow (anonymous) at (0,34) size 784x115.50
        LayoutText {#text} at (47,97) size 5x19
          text run at (47,97) width 5: " "
        LayoutText {#text} at (114,97) size 5x19
          text run at (114,97) width 5: " "
        LayoutText {#text} at (182,97) size 5x19
          text run at (182,97) width 5: " "
        LayoutText {#text} at (233,97) size 5x19
          text run at (233,97) width 5: " "
        LayoutText {#text} at (284,97) size 5x19
          text run at (284,97) width 5: " "
        LayoutText {#text} at (0,0) size 0x0
layer at (8,64) size 47x102 clip at (9,65) size 34x100
  LayoutListBox {SELECT} at (0,14.19) size 47.33x101.31 [bgcolor=#FFFFFF] [border: (1px solid #999999)]
    LayoutBlockFlow {OPTION} at (1,1) size 34.33x14.19
      LayoutText {#text} at (2,0) size 21x13
        text run at (2,0) width 21: "One"
    LayoutBlockFlow {OPTION} at (1,15.19) size 34.33x14.19
      LayoutText {#text} at (2,0) size 21x13
        text run at (2,0) width 21: "Two"
    LayoutBlockFlow {OPTION} at (1,29.38) size 34.33x14.19
      LayoutText {#text} at (2,0) size 29x13
        text run at (2,0) width 29: "Three"
    LayoutBlockFlow {OPTION} at (1,43.56) size 34.33x14.19
      LayoutText {#text} at (2,0) size 20x13
        text run at (2,0) width 20: "Five"
    LayoutBlockFlow {OPTION} at (1,57.75) size 34.33x14.19
      LayoutText {#text} at (2,0) size 15x13
        text run at (2,0) width 15: "Six"
    LayoutBlockFlow {OPTION} at (1,71.94) size 34.33x14.19
      LayoutText {#text} at (2,0) size 31x13
        text run at (2,0) width 31: "Seven"
layer at (59,64) size 64x102 clip at (60,65) size 51x100
  LayoutListBox {SELECT} at (51.33,14.19) size 63.36x101.31 [bgcolor=#FFFFFF] [border: (1px solid #999999)]
    LayoutBlockFlow {OPTION} at (1,1) size 50.36x14.19
      LayoutText {#text} at (2,0) size 21x13
        text run at (2,0) width 21: "One"
    LayoutBlockFlow {OPTION} at (1,15.19) size 50.36x14.19
      LayoutText {#text} at (2,0) size 21x13
        text run at (2,0) width 21: "Two"
    LayoutBlockFlow {OPTION} at (1,29.38) size 50.36x14.19
      LayoutText {#text} at (2,0) size 29x13
        text run at (2,0) width 29: "Three"
    LayoutBlockFlow {OPTGROUP} at (1,43.56) size 50.36x28.38
      LayoutBlockFlow {DIV} at (0,0) size 50.36x14.19
        LayoutText {#text} at (2,0) size 47x13
          text run at (2,0) width 47: "***45***"
      LayoutBlockFlow {OPTION} at (0,14.19) size 50.36x14.19
        LayoutInline {<pseudo:before>} at (0,0) size 12x13
          LayoutTextFragment (anonymous) at (2,0) size 12x13
            text run at (2,0) width 12: "    "
        LayoutText {#text} at (13,0) size 21x13
          text run at (13,0) width 21: "Five"
    LayoutBlockFlow {OPTION} at (1,71.94) size 50.36x14.19
      LayoutText {#text} at (2,0) size 31x13
        text run at (2,0) width 31: "Seven"
layer at (127,64) size 63x102 clip at (128,65) size 50x100
  LayoutListBox {SELECT} at (118.69,14.19) size 63.36x101.31 [bgcolor=#FFFFFF] [border: (1px solid #999999)]
    LayoutBlockFlow {OPTION} at (1,1) size 50.36x14.19
      LayoutText {#text} at (2,0) size 21x13
        text run at (2,0) width 21: "One"
    LayoutBlockFlow {OPTION} at (1,15.19) size 50.36x14.19
      LayoutText {#text} at (2,0) size 21x13
        text run at (2,0) width 21: "Two"
    LayoutBlockFlow {OPTGROUP} at (1,29.38) size 50.36x28.38
      LayoutBlockFlow {DIV} at (0,0) size 50.36x14.19
        LayoutText {#text} at (2,0) size 47x13
          text run at (2,0) width 47: "***45***"
      LayoutBlockFlow {OPTION} at (0,14.19) size 50.36x14.19
        LayoutInline {<pseudo:before>} at (0,0) size 12x13
          LayoutTextFragment (anonymous) at (2,0) size 12x13
            text run at (2,0) width 12: "    "
        LayoutText {#text} at (13,0) size 23x13
          text run at (13,0) width 23: "Four"
    LayoutBlockFlow {OPTION} at (1,57.75) size 50.36x14.19
      LayoutText {#text} at (2,0) size 15x13
        text run at (2,0) width 15: "Six"
    LayoutBlockFlow {OPTION} at (1,71.94) size 50.36x14.19
      LayoutText {#text} at (2,0) size 31x13
        text run at (2,0) width 31: "Seven"
layer at (194,50) size 47x116 clip at (195,51) size 34x114
  LayoutListBox {SELECT} at (186.05,0) size 47.33x115.50 [bgcolor=#FFFFFF] [border: (1px solid #999999)]
    LayoutBlockFlow {OPTION} at (1,1) size 34.33x14.19
      LayoutText {#text} at (2,0) size 21x13
        text run at (2,0) width 21: "One"
    LayoutBlockFlow {OPTION} at (1,15.19) size 34.33x14.19
      LayoutText {#text} at (2,0) size 21x13
        text run at (2,0) width 21: "Two"
    LayoutBlockFlow {OPTION} at (1,29.38) size 34.33x14.19
      LayoutText {#text} at (2,0) size 29x13
        text run at (2,0) width 29: "Three"
    LayoutBlockFlow {OPTION} at (1,43.56) size 34.33x14.19
      LayoutText {#text} at (2,0) size 31x13
        text run at (2,0) width 31: "Seven"
layer at (245,50) size 48x116 clip at (246,51) size 35x114
  LayoutListBox {SELECT} at (237.38,0) size 47.33x115.50 [bgcolor=#FFFFFF] [border: (1px solid #999999)]
    LayoutBlockFlow {OPTION} at (1,1) size 34.33x14.19
      LayoutText {#text} at (2,0) size 21x13
        text run at (2,0) width 21: "One"
    LayoutBlockFlow {OPTION} at (1,15.19) size 34.33x14.19
      LayoutText {#text} at (2,0) size 21x13
        text run at (2,0) width 21: "Two"
    LayoutBlockFlow {OPTION} at (1,29.38) size 34.33x14.19
      LayoutText {#text} at (2,0) size 29x13
        text run at (2,0) width 29: "Three"
    LayoutBlockFlow {OPTION} at (1,43.56) size 34.33x14.19
      LayoutText {#text} at (2,0) size 31x13
        text run at (2,0) width 31: "Seven"
layer at (297,50) size 60x116 clip at (298,51) size 47x114
  LayoutListBox {SELECT} at (288.70,0) size 60.14x115.50 [bgcolor=#FFFFFF] [border: (1px solid #999999)]
    LayoutBlockFlow {OPTION} at (1,1) size 47.14x14.19
      LayoutText {#text} at (2,0) size 21x13
        text run at (2,0) width 21: "One"
    LayoutBlockFlow {OPTION} at (1,15.19) size 47.14x14.19
      LayoutText {#text} at (2,0) size 21x13
        text run at (2,0) width 21: "Two"
    LayoutBlockFlow {OPTION} at (1,29.38) size 47.14x14.19
      LayoutText {#text} at (2,0) size 29x13
        text run at (2,0) width 29: "Three"
    LayoutBlockFlow {OPTGROUP} at (1,43.56) size 47.14x56.75
      LayoutBlockFlow {DIV} at (0,0) size 47.14x14.19
        LayoutText {#text} at (2,0) size 44x13
          text run at (2,0) width 44: "**456**"
      LayoutBlockFlow {OPTION} at (0,14.19) size 47.14x14.19
        LayoutInline {<pseudo:before>} at (0,0) size 12x13
          LayoutTextFragment (anonymous) at (2,0) size 12x13
            text run at (2,0) width 12: "    "
        LayoutText {#text} at (13,0) size 23x13
          text run at (13,0) width 23: "Four"
      LayoutBlockFlow {OPTION} at (0,28.38) size 47.14x14.19
        LayoutInline {<pseudo:before>} at (0,0) size 12x13
          LayoutTextFragment (anonymous) at (2,0) size 12x13
            text run at (2,0) width 12: "    "
        LayoutText {#text} at (13,0) size 21x13
          text run at (13,0) width 21: "Five"
      LayoutBlockFlow {OPTION} at (0,42.56) size 47.14x14.19
        LayoutInline {<pseudo:before>} at (0,0) size 12x13
          LayoutTextFragment (anonymous) at (2,0) size 12x13
            text run at (2,0) width 12: "    "
        LayoutText {#text} at (13,0) size 16x13
          text run at (13,0) width 16: "Six"
    LayoutBlockFlow {OPTION} at (1,100.31) size 47.14x14.19
      LayoutText {#text} at (2,0) size 31x13
        text run at (2,0) width 31: "Seven"
