layer at (0,0) size 800x600
  LayoutView at (0,0) size 800x600
layer at (0,0) size 800x600
  LayoutBlockFlow {HTML} at (0,0) size 800x600
    LayoutBlockFlow {BODY} at (8,8) size 784x584
      LayoutMenuList {SELECT} at (0,1) size 67x18 [bgcolor=#F8F8F8]
        LayoutBlockFlow (anonymous) at (0,0) size 67x18
          LayoutText (anonymous) at (8,2) size 36x13
            text run at (8,2) width 36: "Default"
      LayoutText {#text} at (67,0) size 4x18
        text run at (67,0) width 4: " "
      LayoutMenuList {SELECT} at (71,1) size 51x18 [bgcolor=#F8F8F8]
        LayoutBlockFlow (anonymous) at (0,0) size 51x18
          LayoutText (anonymous) at (8,2) size 20x13
            text run at (8,2) width 20: "Red"
      LayoutText {#text} at (122,0) size 4x18
        text run at (122,0) width 4: " "
      LayoutMenuList {SELECT} at (126,1) size 105x18 [bgcolor=#008000] [border: (1px solid #A6A6A6)]
        LayoutBlockFlow (anonymous) at (1,1) size 103x16
          LayoutText (anonymous) at (8,1) size 82x13
            text run at (8,1) width 82: "Default on green"
      LayoutText {#text} at (231,0) size 4x18
        text run at (231,0) width 4: " "
      LayoutMenuList {SELECT} at (235,1) size 89x18 [color=#FF0000] [bgcolor=#008000] [border: (1px solid #A6A6A6)]
        LayoutBlockFlow (anonymous) at (1,1) size 87x16
          LayoutText (anonymous) at (8,1) size 66x13
            text run at (8,1) width 66: "Red on green"
      LayoutText {#text} at (0,0) size 0x0
