layer at (0,0) size 800x600
  LayoutView at (0,0) size 800x600
layer at (0,0) size 800x600
  LayoutBlockFlow {HTML} at (0,0) size 800x600
    LayoutBlockFlow {BODY} at (8,8) size 784x584
      LayoutText {#text} at (0,0) size 565x18
        text run at (0,0) width 256: "This tests that styled popups look right. "
        text run at (255,0) width 310: "(Aqua for now- later, we will honor the styling)."
      LayoutBR {BR} at (564,14) size 1x0
      LayoutMenuList {SELECT} at (0,18) size 43x21 [bgcolor=#FF0000] [border: (1px solid #A6A6A6)]
        LayoutBlockFlow (anonymous) at (1,2.50) size 41x16
          LayoutText (anonymous) at (8,1) size 20x13
            text run at (8,1) width 20: "test"
      LayoutText {#text} at (43,18) size 4x18
        text run at (43,18) width 4: " "
      LayoutBR {BR} at (47,32) size 0x0
      LayoutText {#text} at (0,39) size 541x18
        text run at (0,39) width 541: "This tests that background color is white by default regardless of the parent element."
      LayoutBR {BR} at (540,53) size 1x0
      LayoutInline {SPAN} at (0,0) size 65x28 [bgcolor=#FF0000]
        LayoutText {#text} at (0,0) size 0x0
        LayoutMenuList {SELECT} at (5,58) size 51x18 [bgcolor=#F8F8F8]
          LayoutBlockFlow (anonymous) at (0,0) size 51x18
            LayoutText (anonymous) at (8,2) size 20x13
              text run at (8,2) width 20: "test"
        LayoutText {#text} at (56,57) size 4x18
          text run at (56,57) width 4: " "
      LayoutText {#text} at (0,0) size 0x0
      LayoutBR {BR} at (0,0) size 0x0
      LayoutText {#text} at (0,76) size 641x18
        text run at (0,76) width 641: "This tests that background color is inherited from the parent if background-color:inherit is specified."
      LayoutBR {BR} at (640,90) size 1x0
      LayoutInline {SPAN} at (0,0) size 57x28 [bgcolor=#FF0000]
        LayoutText {#text} at (0,0) size 0x0
        LayoutMenuList {SELECT} at (5,94) size 43x21 [border: (1px solid #A6A6A6)]
          LayoutBlockFlow (anonymous) at (1,2.50) size 41x16
            LayoutText (anonymous) at (8,1) size 20x13
              text run at (8,1) width 20: "test"
        LayoutText {#text} at (48,94) size 4x18
          text run at (48,94) width 4: " "
      LayoutText {#text} at (0,0) size 0x0
      LayoutBR {BR} at (0,0) size 0x0
      LayoutText {#text} at (0,115) size 652x18
        text run at (0,115) width 652: "This tests that background color is the same as the parent if background-color:transparent is specified."
      LayoutBR {BR} at (651,129) size 1x0
      LayoutInline {SPAN} at (0,0) size 57x28 [bgcolor=#FF0000]
        LayoutText {#text} at (0,0) size 0x0
        LayoutMenuList {SELECT} at (5,133) size 43x21 [border: (1px solid #A6A6A6)]
          LayoutBlockFlow (anonymous) at (1,2.50) size 41x16
            LayoutText (anonymous) at (8,1) size 20x13
              text run at (8,1) width 20: "test"
        LayoutText {#text} at (48,133) size 4x18
          text run at (48,133) width 4: " "
      LayoutText {#text} at (0,0) size 0x0
      LayoutBR {BR} at (0,0) size 0x0
      LayoutText {#text} at (0,154) size 508x18
        text run at (0,154) width 508: "This tests that background is white if only background-image:none is specified."
      LayoutBR {BR} at (507,168) size 1x0
      LayoutMenuList {SELECT} at (0,173) size 51x18 [bgcolor=#F8F8F8]
        LayoutBlockFlow (anonymous) at (0,0) size 51x18
          LayoutText (anonymous) at (8,2) size 20x13
            text run at (8,2) width 20: "test"
      LayoutText {#text} at (51,172) size 4x18
        text run at (51,172) width 4: " "
      LayoutBR {BR} at (55,186) size 0x0
      LayoutText {#text} at (0,191) size 429x18
        text run at (0,191) width 429: "This tests that the image specified for background-image is visible."
      LayoutBR {BR} at (428,205) size 1x0
      LayoutMenuList {SELECT} at (0,209) size 43x21 [bgcolor=#F8F8F8] [border: (1px solid #A6A6A6)]
        LayoutBlockFlow (anonymous) at (1,2.50) size 41x16
          LayoutText (anonymous) at (8,1) size 20x13
            text run at (8,1) width 20: "test"
      LayoutText {#text} at (0,0) size 0x0
