layer at (0,0) size 800x600 scrollHeight 619
  LayoutView at (0,0) size 800x600
layer at (0,0) size 800x536
  LayoutBlockFlow {html} at (0,0) size 800x536
    LayoutBlockFlow {body} at (8,16) size 784x470
      LayoutBlockFlow {p} at (0,0) size 784x20
        LayoutText {#text} at (0,0) size 521x19
          text run at (0,0) width 300: "CSS Transformed HTML div with SVG inside it. "
          text run at (299,0) width 222: "objectBoundingBox patterns on text."
layer at (58,86) size 400x400
  LayoutBlockFlow {div} at (50,70) size 400x400
    LayoutSVGRoot {svg} at (65,59) size 480x420
      LayoutSVGResourcePattern {pattern} [id="pat1"] [patternUnits=objectBoundingBox] [patternContentUnits=userSpaceOnUse]
        LayoutSVGRect {rect} at (167,64) size 13x13 [fill={[type=SOLID] [color=#FF0000]}] [x=5.00] [y=5.00] [width=10.00] [height=10.00]
        LayoutSVGRect {rect} at (170,69) size 12x13 [fill={[type=SOLID] [color=#008000]}] [x=10.00] [y=10.00] [width=10.00] [height=10.00]
      LayoutSVGRect {rect} at (167,73) size 357x173 [stroke={[type=SOLID] [color=#000000]}] [fill={[type=PATTERN] [id="pat1"]}] [x=25.00] [y=10.00] [width=430.00] [height=60.00]
      LayoutSVGText {text} at (25,73) size 418x16 contains 1 chunk(s)
        LayoutSVGInlineText {#text} at (0,0) size 418x16
          chunk 1 text run 1 at (25.00,85.00) startOffset 0 endOffset 75 width 417.60: "Pattern created using red and green rectangles applied to fill of rectangle"
      LayoutSVGResourcePattern {pattern} [id="pat2"] [patternUnits=objectBoundingBox] [patternContentUnits=userSpaceOnUse]
        LayoutSVGRect {rect} at (165,59) size 12x13 [fill={[type=SOLID] [color=#FF0000]}] [x=0.00] [y=0.00] [width=10.00] [height=10.00]
        LayoutSVGRect {rect} at (172,62) size 13x12 [fill={[type=SOLID] [color=#008000]}] [x=10.00] [y=0.00] [width=10.00] [height=10.00]
        LayoutSVGRect {rect} at (162,67) size 13x12 [fill={[type=SOLID] [color=#0000FF]}] [x=0.00] [y=10.00] [width=10.00] [height=10.00]
        LayoutSVGRect {rect} at (170,69) size 12x13 [fill={[type=SOLID] [color=#FFFF00]}] [x=10.00] [y=10.00] [width=10.00] [height=10.00]
      LayoutSVGRect {rect} at (141,144) size 357x172 [stroke={[type=PATTERN] [id="pat2"] [stroke width=20.00]}] [x=35.00] [y=110.00] [width=410.00] [height=40.00]
      LayoutSVGText {text} at (25,163) size 322x16 contains 1 chunk(s)
        LayoutSVGInlineText {#text} at (0,0) size 322x16
          chunk 1 text run 1 at (25.00,175.00) startOffset 0 endOffset 59 width 321.60: "Pattern of 4 rectangles applied to a stroke of a rectangle."
      LayoutSVGResourcePattern {pattern} [id="pat3"] [patternUnits=objectBoundingBox] [patternContentUnits=userSpaceOnUse]
        LayoutSVGRect {rect} at (165,59) size 12x13 [fill={[type=SOLID] [color=#FF0000]}] [x=0.00] [y=0.00] [width=10.00] [height=10.00]
        LayoutSVGRect {rect} at (162,67) size 13x12 [fill={[type=SOLID] [color=#008000]}] [x=0.00] [y=10.00] [width=10.00] [height=10.00]
      LayoutSVGText {text} at (25,174) size 298x57 contains 1 chunk(s)
        LayoutSVGInlineText {#text} at (0,0) size 298x57
          chunk 1 text run 1 at (25.00,220.00) startOffset 0 endOffset 15 width 297.60: "Pattern on fill"
      LayoutSVGText {text} at (25,223) size 214x16 contains 1 chunk(s)
        LayoutSVGInlineText {#text} at (0,0) size 214x16
          chunk 1 text run 1 at (25.00,235.00) startOffset 0 endOffset 38 width 212.40: "Pattern consists of red and green rows"
      LayoutSVGResourcePattern {pattern} [id="pat4"] [patternUnits=objectBoundingBox] [patternContentUnits=userSpaceOnUse]
        LayoutSVGRect {rect} at (165,59) size 12x13 [fill={[type=SOLID] [color=#FF0000]}] [x=0.00] [y=0.00] [width=10.00] [height=10.00]
        LayoutSVGRect {rect} at (172,62) size 13x12 [fill={[type=SOLID] [color=#0000FF]}] [x=10.00] [y=0.00] [width=10.00] [height=10.00]
      LayoutSVGText {text} at (25,237) size 292x47 contains 1 chunk(s)
        LayoutSVGInlineText {#text} at (0,0) size 292x46
          chunk 1 text run 1 at (25.00,275.00) startOffset 0 endOffset 17 width 291.60: "Pattern on stroke"
      LayoutSVGText {text} at (25,278) size 231x16 contains 1 chunk(s)
        LayoutSVGInlineText {#text} at (0,0) size 231x16
          chunk 1 text run 1 at (25.00,290.00) startOffset 0 endOffset 40 width 229.20: "Pattern consists of red and blue columns"
      LayoutSVGText {text} at (10,305) size 258x45 contains 1 chunk(s)
        LayoutSVGInlineText {#text} at (0,0) size 258x45
          chunk 1 text run 1 at (10.00,340.00) startOffset 0 endOffset 16 width 258.00: "$Revision: 1.6 $"
      LayoutSVGRect {rect} at (65,59) size 480x420 [stroke={[type=SOLID] [color=#000000]}] [x=1.00] [y=1.00] [width=478.00] [height=358.00]
    LayoutText {#text} at (0,0) size 0x0
