layer at (0,0) size 800x600
  LayoutView at (0,0) size 800x600
layer at (0,0) size 800x239
  LayoutBlockFlow {HTML} at (0,0) size 800x239
    LayoutBlockFlow {BODY} at (8,16) size 784x207
      LayoutBlockFlow {DIV} at (0,0) size 784x207
        LayoutBlockFlow {P} at (0,0) size 784x18
          LayoutText {#text} at (0,0) size 67x18
            text run at (0,0) width 67: "Test steps:"
        LayoutBlockFlow {OL} at (0,34) size 784x36
          LayoutListItem {LI} at (40,0) size 744x18
            LayoutListMarker (anonymous) at (-16,0) size 16x18: "1"
            LayoutText {#text} at (0,0) size 71x18
              text run at (0,0) width 71: "Download "
            LayoutInline {A} at (0,0) size 97x18 [color=#0000EE]
              LayoutText {#text} at (70,0) size 97x18
                text run at (70,0) width 97: "blue96x96.png"
            LayoutText {#text} at (166,0) size 56x18
              text run at (166,0) width 56: " to local."
          LayoutListItem {LI} at (40,18) size 744x18
            LayoutListMarker (anonymous) at (-16,0) size 16x18: "2"
            LayoutText {#text} at (0,0) size 328x18
              text run at (0,0) width 328: "Select the local file (blue96x96.png) to run the test."
        LayoutBlockFlow {P} at (0,86) size 784x18
          LayoutText {#text} at (0,0) size 108x18
            text run at (0,0) width 108: "Pass/fail criteria:"
        LayoutBlockFlow {P} at (0,120) size 784x18
          LayoutText {#text} at (0,0) size 266x18
            text run at (0,0) width 266: "Test passes if there is a filled blue square."
        LayoutBlockFlow {P} at (0,154) size 784x19
          LayoutFileUploadControl {INPUT} at (0,1) size 236x18 "No file chosen"
            LayoutButton {INPUT} at (0,0) size 76.61x18 [bgcolor=#FFFFFF]
              LayoutBlockFlow (anonymous) at (8,2) size 60.61x13
                LayoutText {#text} at (0,0) size 61x13
                  text run at (0,0) width 61: "Choose File"
        LayoutBlockFlow {P} at (0,189) size 784x18
          LayoutImage {IMG} at (0,14) size 0x0
