layer at (0,0) size 800x600
  LayoutView at (0,0) size 800x600
layer at (0,0) size 800x52
  LayoutBlockFlow {HTML} at (0,0) size 800x52
    LayoutBlockFlow {BODY} at (8,16) size 784x20
      LayoutBlockFlow {P} at (0,0) size 784x20
        LayoutText {#text} at (0,0) size 625x19
          text run at (0,0) width 625: "Clear all Geolocation permissions before running this test. If prompted for permission, please allow."
      LayoutBlockFlow {DIV} at (0,36) size 784x0
