layer at (0,0) size 800x600
  LayoutView at (0,0) size 800x600
layer at (0,0) size 800x88
  LayoutBlockFlow {HTML} at (0,0) size 800x88
    LayoutBlockFlow {BODY} at (8,16) size 784x56
      LayoutBlockFlow {P} at (0,0) size 784x20
        LayoutText {#text} at (0,0) size 364x19
          text run at (0,0) width 364: "Clear all Geolocation permissions before running this test."
      LayoutBlockFlow {P} at (0,36) size 784x20
        LayoutText {#text} at (0,0) size 384x19
          text run at (0,0) width 384: "Test passes if there is a permission prompt including the host "
        LayoutInline {STRONG} at (0,0) size 120x19
          LayoutText {#text} at (383,0) size 120x19
            text run at (383,0) width 120: "web-platform.test"
        LayoutText {#text} at (502,0) size 91x19
          text run at (502,0) width 91: " and no FAIL."
      LayoutBlockFlow {DIV} at (0,72) size 784x0
