layer at (0,0) size 800x600
  LayoutView at (0,0) size 800x600
layer at (0,0) size 800x600
  LayoutBlockFlow {HTML} at (0,0) size 800x600
    LayoutBlockFlow {BODY} at (8,8) size 784x584
      LayoutBlockFlow {DIV} at (0,0) size 784x18
        LayoutInline {<pseudo:first-letter>} at (0,0) size 10x17 [color=#0000FF]
          LayoutTextFragment (anonymous) at (0,0) size 10x17
            text run at (0,0) width 10: "L"
        LayoutTextFragment {#text} at (9,0) size 169x17
          text run at (9,0) width 169: "orem ipsum dolor sit amet"
