layer at (0,0) size 800x600
  LayoutView at (0,0) size 800x600
layer at (0,0) size 800x116
  LayoutBlockFlow {HTML} at (0,0) size 800x116
    LayoutBlockFlow {BODY} at (8,16) size 784x92
      LayoutBlockFlow {P} at (0,0) size 784x20
        LayoutText {#text} at (0,0) size 521x19
          text run at (0,0) width 521: "crbug.com/667128: Ignore leading space when handling ellipsis on ltr text in an rtl flow."
      LayoutBlockFlow {P} at (0,36) size 784x20
        LayoutText {#text} at (0,0) size 233x19
          text run at (0,0) width 233: "The ellipsis should not overlap the text."
      LayoutBlockFlow {DIV} at (0,72) size 96x20
layer at (8,88) size 96x20 scrollX 272.00 scrollWidth 369
  LayoutBlockFlow {DIV} at (0,0) size 96x20
    LayoutText {#text} at (-272,0) size 369x19
      text run at (-272,0) width 368: "ButtonWithAReallyLongNameButtonWithAReallyLongName"
