layer at (0,0) size 800x600
  RenderView at (0,0) size 800x600
layer at (0,0) size 800x600
  RenderBlock {HTML} at (0,0) size 800x600
    RenderBody {BODY} at (8,8) size 784x584
      RenderBlock (anonymous) at (0,0) size 784x18
        RenderText {#text} at (0,0) size 224x18
          text run at (0,0) width 224: "These textfields should not overlap."
      RenderTable {TABLE} at (0,18) size 784x23
        RenderTableSection {TBODY} at (0,0) size 784x23
          RenderTableRow {TR} at (0,1) size 784x21
            RenderTableCell {TD} at (1,1) size 132x21 [r=0 c=0 rs=1 cs=1]
              RenderTextControl {INPUT} at (1,1) size 130x19 [bgcolor=#FFFFFF] [border: (2px inset #000000)]
                RenderBlock {DIV} at (2,3) size 126x13
                  RenderBlock {DIV} at (0,0) size 8x11
                  RenderBlock {DIV} at (113,0) size 13x11
            RenderTableCell {TD} at (134,1) size 6x21 [r=0 c=1 rs=1 cs=1]
              RenderTextControl {INPUT} at (1,1) size 4x19 [bgcolor=#FFFFFF] [border: (2px inset #000000)]
                RenderBlock {DIV} at (2,3) size 0x13
                  RenderBlock {DIV} at (0,0) size 8x11
                  RenderBlock {DIV} at (0,24) size 13x11
            RenderTableCell {TD} at (141,1) size 6x21 [r=0 c=2 rs=1 cs=1]
              RenderTextControl {INPUT} at (1,1) size 4x19 [bgcolor=#FFFFFF] [border: (2px inset #000000)]
                RenderBlock {DIV} at (2,3) size 0x13
                  RenderBlock {DIV} at (0,0) size 8x11
                  RenderBlock {DIV} at (0,24) size 13x11
            RenderTableCell {TD} at (148,1) size 635x20 [r=0 c=3 rs=1 cs=1]
              RenderText {#text} at (1,1) size 4x18
                text run at (1,1) width 4: " "
      RenderBlock (anonymous) at (0,41) size 784x36
        RenderBR {BR} at (0,0) size 0x18
        RenderBR {BR} at (0,18) size 0x18
      RenderTable {TABLE} at (0,77) size 784x23
        RenderTableSection {TBODY} at (0,0) size 784x23
          RenderTableRow {TR} at (0,1) size 784x21
            RenderTableCell {TD} at (1,1) size 532x21 [r=0 c=0 rs=1 cs=1]
              RenderTextControl {INPUT} at (1,1) size 530x19 [bgcolor=#FFFFFF] [border: (2px inset #000000)]
                RenderBlock {DIV} at (2,3) size 526x13
                  RenderBlock {DIV} at (0,0) size 22x11
                  RenderBlock {DIV} at (513,0) size 13x11
            RenderTableCell {TD} at (534,1) size 6x21 [r=0 c=1 rs=1 cs=1]
              RenderTextControl {INPUT} at (1,1) size 4x19 [bgcolor=#FFFFFF] [border: (2px inset #000000)]
                RenderBlock {DIV} at (2,3) size 0x13
                  RenderBlock {DIV} at (0,0) size 22x11
                  RenderBlock {DIV} at (0,24) size 13x11
            RenderTableCell {TD} at (541,1) size 6x21 [r=0 c=2 rs=1 cs=1]
              RenderTextControl {INPUT} at (1,1) size 4x19 [bgcolor=#FFFFFF] [border: (2px inset #000000)]
                RenderBlock {DIV} at (2,3) size 0x13
                  RenderBlock {DIV} at (0,0) size 22x11
                  RenderBlock {DIV} at (0,24) size 13x11
            RenderTableCell {TD} at (548,1) size 235x20 [r=0 c=3 rs=1 cs=1]
              RenderText {#text} at (1,1) size 4x18
                text run at (1,1) width 4: " "
layer at (20,31) size 105x13
  RenderBlock {DIV} at (8,0) size 105x13
    RenderText {#text} at (1,0) size 48x13
      text run at (1,0) width 48: "New Mail"
layer at (145,42) size 2x13 scrollWidth 31
  RenderBlock {DIV} at (0,11) size 2x13
    RenderText {#text} at (1,0) size 29x13
      text run at (1,0) width 29: "Reply"
layer at (152,42) size 2x13 scrollWidth 48
  RenderBlock {DIV} at (0,11) size 2x13
    RenderText {#text} at (1,0) size 46x13
      text run at (1,0) width 46: "Reply All"
layer at (34,90) size 491x13
  RenderBlock {DIV} at (22,0) size 491x13
    RenderText {#text} at (1,0) size 48x13
      text run at (1,0) width 48: "New Mail"
layer at (545,101) size 2x13 scrollWidth 31
  RenderBlock {DIV} at (0,11) size 2x13
    RenderText {#text} at (1,0) size 29x13
      text run at (1,0) width 29: "Reply"
layer at (552,101) size 2x13 scrollWidth 48
  RenderBlock {DIV} at (0,11) size 2x13
    RenderText {#text} at (1,0) size 46x13
      text run at (1,0) width 46: "Reply All"
