layer at (0,0) size 1008x585
  LayoutView at (0,0) size 800x585
layer at (0,0) size 800x585
  LayoutBlockFlow {HTML} at (0,0) size 800x585
    LayoutBlockFlow {BODY} at (8,8) size 784x569
      LayoutBlockFlow (anonymous) at (0,0) size 784x32
        LayoutText {#text} at (0,0) size 764x32
          text run at (0,0) width 764: "You should see a black and white Chromium logo. This test requires the ChromiumAATTest font to be available in the"
          text run at (0,16) width 486: "test runner, the test only works on Mac in order to verify AAT font support."
      LayoutBlockFlow {DIV} at (0,32) size 784x250
        LayoutText {#text} at (0,0) size 1000x250
          text run at (0,0) width 1000: "abcd"
