layer at (0,0) size 800x600
  LayoutView at (0,0) size 800x600
layer at (0,0) size 800x600
  LayoutBlockFlow {HTML} at (0,0) size 800x600
    LayoutBlockFlow {BODY} at (8,8) size 784x584
      LayoutTable {TABLE} at (192,0) size 400x51 [border: (1px outset #808080)]
        LayoutTableSection {TBODY} at (1,1) size 398x49
          LayoutTableRow {TR} at (0,2) size 398x45
            LayoutTableCell {TD} at (2,2) size 394x45 [border: (1px inset #808080)] [r=0 c=0 rs=1 cs=1]
              LayoutBlockFlow {FORM} at (2,2) size 390x25
                LayoutMenuList {SELECT} at (0,0) size 48x25.33 [bgcolor=#FFFFFF] [border: (1px solid #A9A9A9)]
                  LayoutBlockFlow (anonymous) at (1,3.66) size 46x18
                    LayoutText (anonymous) at (4,1) size 24x16
                      text run at (4,1) width 24: "Test"
                LayoutText {#text} at (0,0) size 0x0
