layer at (0,0) size 800x600
  LayoutView at (0,0) size 800x600
layer at (0,0) size 800x600
  LayoutBlockFlow {HTML} at (0,0) size 800x600
    LayoutBlockFlow {BODY} at (8,8) size 784x576
      LayoutBlockFlow (anonymous) at (0,0) size 784x18
        LayoutText {#text} at (0,0) size 270x17
          text run at (0,0) width 270: "The select should not contain blank items "
        LayoutBR {BR} at (269,14) size 1x0
      LayoutBlockFlow {FORM} at (0,18) size 784x28
        LayoutInline {B} at (0,0) size 47x17
          LayoutText {#text} at (0,5) size 47x17
            text run at (0,5) width 47: "Search"
        LayoutText {#text} at (46,5) size 5x17
          text run at (46,5) width 5: " "
        LayoutTextControl {INPUT} at (50.81,3) size 159x22 [bgcolor=#FFFFFF] [border: (2px inset #EEEEEE)]
        LayoutText {#text} at (209,5) size 5x17
          text run at (209,5) width 5: " "
        LayoutMenuList {SELECT} at (213.81,0) size 72x28.33 [bgcolor=#FFFFFF] [border: (1px solid #A9A9A9)]
          LayoutBlockFlow (anonymous) at (1,5.16) size 70x18
            LayoutText (anonymous) at (4,1) size 37x16
              text run at (4,1) width 37: "Excite"
        LayoutText {#text} at (0,0) size 0x0
      LayoutBlockFlow (anonymous) at (0,62) size 784x36
        LayoutBR {BR} at (0,0) size 0x17
        LayoutText {#text} at (0,18) size 270x17
          text run at (0,18) width 270: "The select should not contain blank items "
        LayoutBR {BR} at (269,32) size 1x0
      LayoutBlockFlow {FORM} at (0,98) size 784x28
        LayoutMenuList {SELECT} at (0,0) size 252x28.33 [bgcolor=#FFFFFF] [border: (1px solid #A9A9A9)]
          LayoutBlockFlow (anonymous) at (1,5.16) size 250x18
            LayoutText (anonymous) at (4,1) size 62x16
              text run at (4,1) width 62: "Quick Link"
layer at (61,32) size 155x16
  LayoutBlockFlow {DIV} at (2,3) size 155x16
