layer at (0,0) size 800x600 scrollWidth 1005
  LayoutView at (0,0) size 800x600
layer at (0,0) size 800x600
  LayoutBlockFlow {HTML} at (0,0) size 800x600
    LayoutBlockFlow {BODY} at (8,8) size 784x584
      LayoutTable {TABLE} at (0,0) size 997x144 [border: (2px solid #0000FF)]
        LayoutTableSection {TBODY} at (2,2) size 993x140
          LayoutTableRow {TR} at (0,2) size 993x136
            LayoutTableCell {TD} at (2,2) size 231x136 [border: (1px solid #C0C0C0)] [r=0 c=0 rs=1 cs=1]
              LayoutTable {TABLE} at (2,2) size 227x132 [border: (2px solid #008000)]
                LayoutTableSection {TBODY} at (2,2) size 223x128
                  LayoutTableRow {TR} at (0,2) size 223x86
                    LayoutTableCell {TD} at (2,2) size 219x86 [border: (1px solid #C0C0C0)] [r=0 c=0 rs=1 cs=1]
                      LayoutTable {TABLE} at (2,2) size 185x34 [border: (2px solid #FF0000)]
                        LayoutTableSection {TBODY} at (2,2) size 181x30
                          LayoutTableRow {TR} at (0,2) size 181x26
                            LayoutTableCell {TD} at (2,2) size 177x26 [border: (1px solid #C0C0C0)] [r=0 c=0 rs=1 cs=1]
                              LayoutTextControl {INPUT} at (2,2) size 173x22 [bgcolor=#FFFFFF] [border: (2px inset #EEEEEE)]
                              LayoutText {#text} at (0,0) size 0x0
                      LayoutTable {TABLE} at (2,36) size 215x48 [border: (2px solid #FF0000)]
                        LayoutTableSection {TBODY} at (2,2) size 211x44
                          LayoutTableRow {TR} at (0,2) size 211x40
                            LayoutTableCell {TD} at (2,2) size 207x40 [border: (1px solid #C0C0C0)] [r=0 c=0 rs=1 cs=1]
                              LayoutText {#text} at (2,2) size 195x35
                                text run at (2,2) width 195: "THIS TABLE NEEDS TO BE"
                                text run at (2,20) width 42: "HERE"
                  LayoutTableRow {TR} at (0,90) size 223x36
                    LayoutTableCell {TD} at (2,90) size 219x36 [border: (1px solid #C0C0C0)] [r=1 c=0 rs=1 cs=1]
                      LayoutTable {TABLE} at (2,2) size 215x32 [border: (2px solid #FF0000)]
                        LayoutTableSection {TBODY} at (2,2) size 211x28
                          LayoutTableRow {TR} at (0,2) size 211x24
                            LayoutTableCell {TD} at (2,2) size 207x24 [border: (1px solid #C0C0C0)] [r=0 c=0 rs=1 cs=1]
                              LayoutMenuList {SELECT} at (2,2) size 203x20 [bgcolor=#FFFFFF] [border: (1px solid #A9A9A9)]
                                LayoutBlockFlow (anonymous) at (1,1) size 201x18
                                  LayoutText (anonymous) at (4,1) size 181x16
                                    text run at (4,1) width 181: "USE THIS JAVASCRIPT HERE"
                              LayoutText {#text} at (0,0) size 0x0
            LayoutTableCell {TD} at (235,2) size 756x40 [border: (1px solid #C0C0C0)] [r=0 c=1 rs=1 cs=1]
              LayoutText {#text} at (2,2) size 752x35
                text run at (2,2) width 752: "KEEPoTHEoTEXToHEREoASoLONGoASoPOSSIBLEooKEEPoTHEoTEXToHEREoASoLONGoASoPOSSIBLE"
                text run at (2,20) width 602: "THIS SIMULATES THE PROBLEM ON THE WWW.MAPBLAST.COM/ \"CREATE MAP\""
layer at (28,29) size 169x16
  LayoutBlockFlow {DIV} at (2,3) size 169x16
    LayoutText {#text} at (0,0) size 155x16
      text run at (0,0) width 155: "THIS NEEDS THIS VALUE"
