layer at (0,0) size 800x600
  LayoutView at (0,0) size 800x600
layer at (0,0) size 800x600
  LayoutBlockFlow {HTML} at (0,0) size 800x600
    LayoutBlockFlow {BODY} at (8,8) size 784x584
      LayoutBlockFlow (anonymous) at (0,0) size 784x40
        LayoutText {#text} at (0,0) size 772x39
          text run at (0,0) width 772: "You should see a black and white Chromium logo. This test requires the ChromiumAATTest font to be available in the test"
          text run at (0,20) width 450: "runner, the test only works on Mac in order to verify AAT font support."
      LayoutBlockFlow {DIV} at (0,40) size 784x291
        LayoutText {#text} at (0,5) size 472x280
          text run at (0,5) width 472: "abcd"
