layer at (0,0) size 800x600
  LayoutView at (0,0) size 800x600
layer at (0,0) size 800x554
  LayoutBlockFlow {HTML} at (0,0) size 800x554
    LayoutBlockFlow {BODY} at (8,8) size 784x538
      LayoutBlockFlow {DIV} at (4,4) size 366x146 [border: (3px solid #000000)]
        LayoutText {#text} at (3,3) size 276x27
          text run at (3,3) width 276: "Lorem ipsum dolor sit amet,"
        LayoutInline {SPAN} at (0,0) size 217x27
          LayoutText {#text} at (3,45) size 217x27
            text run at (3,45) width 217: "consectetur adipiscing"
        LayoutText {#text} at (220,45) size 135x27
          text run at (220,45) width 6: " "
          text run at (226,45) width 129: "elit. Aliquam"
        LayoutInline {SPAN} at (0,0) size 111x27
          LayoutText {#text} at (3,73) size 111x27
            text run at (3,73) width 111: "odio sapien"
        LayoutText {#text} at (114,73) size 338x69
          text run at (114,73) width 12: ", "
          text run at (126,73) width 215: "lobortis eu iaculis vel,"
          text run at (3,115) width 210: "scelerisque nec dolor."
      LayoutText {#text} at (374,119) size 6x27
        text run at (374,119) width 6: " "
      LayoutBlockFlow {DIV} at (384,4) size 366x146 [border: (3px solid #000000)]
        LayoutText {#text} at (3,3) size 276x27
          text run at (3,3) width 276: "Lorem ipsum dolor sit amet,"
        LayoutInline {SPAN} at (0,0) size 217x27
          LayoutText {#text} at (3,45) size 217x27
            text run at (3,45) width 217: "consectetur adipiscing"
        LayoutText {#text} at (220,45) size 135x27
          text run at (220,45) width 6: " "
          text run at (226,45) width 129: "elit. Aliquam"
        LayoutInline {SPAN} at (0,0) size 111x27
          LayoutText {#text} at (3,73) size 111x27
            text run at (3,73) width 111: "odio sa\x{300}pien"
        LayoutText {#text} at (114,73) size 338x69
          text run at (114,73) width 12: ", "
          text run at (126,73) width 215: "lobortis eu iaculis vel,"
          text run at (3,115) width 210: "scelerisque nec dolor."
      LayoutText {#text} at (0,0) size 0x0
      LayoutBlockFlow {DIV} at (4,167) size 366x161 [border: (3px solid #000000)]
        LayoutText {#text} at (3,18) size 71x27
          text run at (3,18) width 71: "Lorem "
        LayoutInline {SPAN} at (0,0) size 59x27
          LayoutText {#text} at (74,18) size 59x27
            text run at (74,18) width 59: "ipsum"
        LayoutText {#text} at (133,18) size 6x27
          text run at (133,18) width 6: " "
        LayoutInline {SPAN} at (0,0) size 51x27
          LayoutText {#text} at (139,18) size 51x27
            text run at (139,18) width 51: "dolor"
        LayoutText {#text} at (190,18) size 6x27
          text run at (190,18) width 6: " "
        LayoutInline {SPAN} at (0,0) size 23x27
          LayoutText {#text} at (196,18) size 23x27
            text run at (196,18) width 23: "sit"
        LayoutText {#text} at (219,18) size 6x27
          text run at (219,18) width 6: " "
        LayoutInline {SPAN} at (0,0) size 48x27
          LayoutText {#text} at (225,18) size 48x27
            text run at (225,18) width 48: "amet"
        LayoutText {#text} at (273,18) size 6x27
          text run at (273,18) width 6: ","
        LayoutInline {SPAN} at (0,0) size 111x27
          LayoutText {#text} at (3,60) size 111x27
            text run at (3,60) width 111: "consectetur"
        LayoutText {#text} at (114,60) size 6x27
          text run at (114,60) width 6: " "
        LayoutInline {SPAN} at (0,0) size 100x27
          LayoutText {#text} at (120,60) size 100x27
            text run at (120,60) width 100: "adipiscing"
        LayoutText {#text} at (220,60) size 6x27
          text run at (220,60) width 6: " "
        LayoutInline {SPAN} at (0,0) size 32x27
          LayoutText {#text} at (226,60) size 32x27
            text run at (226,60) width 32: "elit"
        LayoutText {#text} at (258,60) size 12x27
          text run at (258,60) width 12: ". "
        LayoutInline {SPAN} at (0,0) size 85x27
          LayoutText {#text} at (270,60) size 85x27
            text run at (270,60) width 85: "Aliquam"
        LayoutText {#text} at (355,60) size 6x27
          text run at (355,60) width 6: ","
        LayoutInline {SPAN} at (0,0) size 43x27
          LayoutText {#text} at (3,102) size 43x27
            text run at (3,102) width 43: "odio"
        LayoutText {#text} at (46,102) size 6x27
          text run at (46,102) width 6: " "
        LayoutInline {SPAN} at (0,0) size 62x27
          LayoutText {#text} at (52,102) size 62x27
            text run at (52,102) width 62: "sapien"
        LayoutText {#text} at (114,102) size 12x27
          text run at (114,102) width 12: ", "
        LayoutInline {SPAN} at (0,0) size 74x27
          LayoutText {#text} at (126,102) size 74x27
            text run at (126,102) width 74: "lobortis"
        LayoutText {#text} at (200,102) size 338x55
          text run at (200,102) width 6: " "
          text run at (206,102) width 135: "eu iaculis vel,"
          text run at (3,130) width 210: "scelerisque nec dolor."
      LayoutText {#text} at (374,297) size 6x27
        text run at (374,297) width 6: " "
      LayoutBlockFlow {DIV} at (384,158) size 366x156 [border: (3px solid #000000)]
        LayoutText {#text} at (18,3) size 27x71
          text run at (18,3) width 71: "Lorem "
        LayoutInline {SPAN} at (0,0) size 27x59
          LayoutText {#text} at (18,74) size 27x59
            text run at (18,74) width 59: "ipsum"
        LayoutText {#text} at (0,0) size 0x0
        LayoutInline {SPAN} at (0,0) size 27x51
          LayoutText {#text} at (60,3) size 27x51
            text run at (60,3) width 51: "dolor"
        LayoutText {#text} at (60,54) size 27x6
          text run at (60,54) width 6: " "
        LayoutInline {SPAN} at (0,0) size 27x23
          LayoutText {#text} at (60,60) size 27x23
            text run at (60,60) width 23: "sit"
        LayoutText {#text} at (60,83) size 27x6
          text run at (60,83) width 6: " "
        LayoutInline {SPAN} at (0,0) size 27x48
          LayoutText {#text} at (60,89) size 27x48
            text run at (60,89) width 48: "amet"
        LayoutText {#text} at (60,137) size 27x6
          text run at (60,137) width 6: ","
        LayoutInline {SPAN} at (0,0) size 27x111
          LayoutText {#text} at (101,3) size 27x111
            text run at (101,3) width 111: "consectetur"
        LayoutText {#text} at (0,0) size 0x0
        LayoutInline {SPAN} at (0,0) size 27x100
          LayoutText {#text} at (143,3) size 27x100
            text run at (143,3) width 100: "adipiscing"
        LayoutText {#text} at (143,103) size 27x6
          text run at (143,103) width 6: " "
        LayoutInline {SPAN} at (0,0) size 27x32
          LayoutText {#text} at (143,109) size 27x32
            text run at (143,109) width 32: "elit"
        LayoutText {#text} at (143,141) size 27x6
          text run at (143,141) width 6: "."
        LayoutInline {SPAN} at (0,0) size 27x85
          LayoutText {#text} at (185,3) size 27x85
            text run at (185,3) width 85: "Aliquam"
        LayoutText {#text} at (185,88) size 27x12
          text run at (185,88) width 12: ", "
        LayoutInline {SPAN} at (0,0) size 27x43
          LayoutText {#text} at (185,100) size 27x43
            text run at (185,100) width 43: "odio"
        LayoutText {#text} at (0,0) size 0x0
        LayoutInline {SPAN} at (0,0) size 27x62
          LayoutText {#text} at (227,3) size 27x62
            text run at (227,3) width 62: "sapien"
        LayoutText {#text} at (227,65) size 27x12
          text run at (227,65) width 12: ", "
        LayoutInline {SPAN} at (0,0) size 27x74
          LayoutText {#text} at (227,77) size 27x74
            text run at (227,77) width 74: "lobortis"
        LayoutText {#text} at (255,3) size 83x148
          text run at (255,3) width 135: "eu iaculis vel,"
          text run at (283,3) width 148: "scelerisque nec"
          text run at (311,3) width 56: "dolor."
      LayoutText {#text} at (0,0) size 0x0
      LayoutBlockFlow {DIV} at (4,336) size 366x198 [border: (3px solid #000000)]
        LayoutText {#text} at (3,13) size 276x27
          text run at (3,13) width 276: "Lorem ipsum dolor sit amet,"
        LayoutInline {SPAN} at (0,0) size 217x27
          LayoutText {#text} at (3,61) size 217x27
            text run at (3,61) width 217: "consectetur adipiscing"
        LayoutText {#text} at (220,61) size 135x27
          text run at (220,61) width 6: " "
          text run at (226,61) width 129: "elit. Aliquam"
        LayoutInline {SPAN} at (0,0) size 111x27
          LayoutText {#text} at (3,109) size 111x27
            text run at (3,109) width 111: "odio sapien"
        LayoutText {#text} at (114,109) size 338x75
          text run at (114,109) width 12: ", "
          text run at (126,109) width 215: "lobortis eu iaculis vel,"
          text run at (3,157) width 210: "scelerisque nec dolor."
      LayoutText {#text} at (374,493) size 6x27
        text run at (374,493) width 6: " "
      LayoutBlockFlow {DIV} at (384,378) size 366x146 [border: (3px solid #000000)]
        LayoutText {#text} at (3,3) size 276x27
          text run at (3,3) width 276: "Lorem ipsum dolor sit amet,"
        LayoutInline {SPAN} at (0,0) size 217x27
          LayoutText {#text} at (3,45) size 217x27
            text run at (3,45) width 217: "consectetur adipiscing"
        LayoutText {#text} at (220,45) size 135x27
          text run at (220,45) width 6: " "
          text run at (226,45) width 129: "elit. Aliquam"
        LayoutInline {SPAN} at (0,0) size 111x27
          LayoutText {#text} at (3,73) size 111x27
            text run at (3,73) width 111: "odio sapien"
        LayoutText {#text} at (114,73) size 338x69
          text run at (114,73) width 12: ", "
          text run at (126,73) width 215: "lobortis eu iaculis vel,"
          text run at (3,115) width 210: "scelerisque nec dolor."
      LayoutText {#text} at (0,0) size 0x0
selection start: position 10 of child 0 {#text} of child 1 {SPAN} of child 10 {DIV} of body
selection end:   position 7 of child 0 {#text} of child 3 {SPAN} of child 10 {DIV} of body
