layer at (0,0) size 800x600
  RenderView at (0,0) size 800x600
layer at (0,0) size 800x600
  RenderBlock {HTML} at (0,0) size 800x600
    RenderBody {BODY} at (8,8) size 784x584
      RenderBlock {P} at (0,0) size 784x18
        RenderText {#text} at (0,0) size 545x18
          text run at (0,0) width 245: "This tests for an infinite loop on Paste. "
          text run at (245,0) width 300: "You should see 'Hello: ' and then an input field."
      RenderBlock {DIV} at (0,34) size 784x19
        RenderText {#text} at (0,0) size 35x18
          text run at (0,0) width 35: "Hello"
        RenderTextControl {INPUT} at (35,0) size 130x19 [bgcolor=#FFFFFF] [border: (2px inset #000000)]
        RenderText {#text} at (165,0) size 4x18
          text run at (165,0) width 4: ":"
layer at (45,45) size 126x13
  RenderBlock {DIV} at (2,3) size 126x13
caret: position 1 of child 1 {INPUT} of child 2 {DIV} of child 0 {BODY} of child 0 {HTML} of document
