layer at (0,0) size 800x600
  LayoutView at (0,0) size 800x600
layer at (0,0) size 800x80
  LayoutBlockFlow {html} at (0,0) size 800x80
    LayoutBlockFlow {body} at (8,16) size 784x56
      LayoutBlockFlow {p} at (0,0) size 784x20
        LayoutText {#text} at (0,0) size 730x19
          text run at (0,0) width 730: "Test passes if the \"Filler Text\" below has a line over it, and user agents may also blink the text on and off the screen."
      LayoutBlockFlow {div} at (0,36) size 784x20
        LayoutText {#text} at (0,0) size 65x19
          text run at (0,0) width 65: "Filler Text"
