layer at (0,0) size 800x600 clip at (0,0) size 785x600 scrollHeight 624
  LayoutView at (0,0) size 800x600
layer at (0,0) size 785x624 backgroundClip at (0,0) size 785x600 clip at (0,0) size 785x600
  LayoutBlockFlow {html} at (0,0) size 785x624
    LayoutBlockFlow {body} at (8,8) size 769x580
      LayoutBlockFlow {div} at (0,0) size 769x41
        LayoutInline {a} at (0,0) size 141x41 [color=#0000EE]
          LayoutText {#text} at (0,0) size 141x41
            text run at (0,0) width 141: "Test fonts"
        LayoutText {#text} at (140,0) size 444x41
          text run at (140,0) width 444: " must be installed for this test: "
        LayoutInline {span} at (0,0) size 78x41
          LayoutText {#text} at (583,0) size 78x41
            text run at (583,0) width 78: "FAIL"
      LayoutBlockFlow {p} at (0,77) size 769x41
        LayoutText {#text} at (0,0) size 83x41
          text run at (0,0) width 83: "PASS"
      LayoutBlockFlow {div} at (0,154) size 769x41
        LayoutBlockFlow {p} at (0,0) size 769x41
          LayoutText {#text} at (0,0) size 78x41
            text run at (0,0) width 78: "FAIL"
      LayoutBlockFlow {div} at (0,231) size 769x41
        LayoutBlockFlow {p} at (0,0) size 769x41
          LayoutText {#text} at (0,0) size 78x41
            text run at (0,0) width 78: "FAIL"
      LayoutBlockFlow {div} at (0,308) size 769x41
        LayoutBlockFlow {p} at (0,0) size 769x41
          LayoutText {#text} at (0,0) size 78x41
            text run at (0,0) width 78: "FAIL"
      LayoutBlockFlow {div} at (0,385) size 769x41
        LayoutBlockFlow {p} at (0,0) size 769x41
          LayoutText {#text} at (0,0) size 78x41
            text run at (0,0) width 78: "FAIL"
      LayoutBlockFlow {div} at (0,462) size 769x41
        LayoutBlockFlow {p} at (0,0) size 769x41
          LayoutText {#text} at (0,0) size 78x41
            text run at (0,0) width 78: "FAIL"
      LayoutBlockFlow {div} at (0,539) size 769x41
        LayoutBlockFlow {p} at (0,0) size 769x41
          LayoutText {#text} at (0,0) size 78x41
            text run at (0,0) width 78: "FAIL"
