layer at (0,0) size 800x600
  LayoutView at (0,0) size 800x600
layer at (0,0) size 800x154
  LayoutBlockFlow {html} at (0,0) size 800x154
    LayoutBlockFlow {body} at (8,8) size 784x138
      LayoutBlockFlow {div} at (0,0) size 784x18
        LayoutInline {a} at (0,0) size 63x18 [color=#0000EE]
          LayoutText {#text} at (0,0) size 63x18
            text run at (0,0) width 63: "Test fonts"
        LayoutText {#text} at (62,0) size 198x18
          text run at (62,0) width 198: " must be installed for this test: "
        LayoutInline {span} at (0,0) size 35x18
          LayoutText {#text} at (259,0) size 35x18
            text run at (259,0) width 35: "FAIL"
      LayoutBlockFlow {p} at (0,34) size 784x18
        LayoutText {#text} at (0,0) size 274x18
          text run at (0,0) width 274: "Test passes if FAIL does not appear below."
      LayoutBlockFlow {p} at (0,68) size 784x18
        LayoutText {#text} at (0,0) size 410x18
          text run at (0,0) width 410: "Prerequisites: these tests require that CSSTest fonts be installed."
      LayoutBlockFlow {div} at (0,102) size 784x18
        LayoutText {#text} at (0,0) size 35x18
          text run at (0,0) width 35: "FAIL"
      LayoutBlockFlow {div} at (0,120) size 784x18
        LayoutText {#text} at (0,0) size 35x18
          text run at (0,0) width 35: "FAIL"
