layer at (0,0) size 800x600
  LayoutView at (0,0) size 800x600
layer at (0,0) size 800x589
  LayoutBlockFlow {html} at (0,0) size 800x589
    LayoutBlockFlow {body} at (50,50) size 700x489
      LayoutBlockFlow {div} at (0,0) size 700x18
        LayoutInline {a} at (0,0) size 63x18 [color=#0000EE]
          LayoutText {#text} at (0,0) size 63x18
            text run at (0,0) width 63: "Test fonts"
        LayoutText {#text} at (62,0) size 198x18
          text run at (62,0) width 198: " must be installed for this test: "
        LayoutInline {span} at (0,0) size 35x18
          LayoutText {#text} at (259,0) size 35x18
            text run at (259,0) width 35: "FAIL"
      LayoutTable {table} at (0,34) size 697x215
        LayoutTableSection {thead} at (0,0) size 697x35
          LayoutTableRow (anonymous) at (0,0) size 697x35
            LayoutTableCell {th} at (0,9) size 41x17 [r=0 c=0 rs=1 cs=1]
            LayoutTableCell {th} at (41,0) size 82x35 [r=0 c=1 rs=1 cs=1]
              LayoutText {#text} at (20,1) size 27x18
                text run at (20,1) width 27: "Full"
            LayoutTableCell {th} at (123,0) size 82x35 [r=0 c=2 rs=1 cs=1]
              LayoutText {#text} at (9,1) size 49x18
                text run at (9,1) width 49: "W1479"
            LayoutTableCell {th} at (205,0) size 82x35 [r=0 c=3 rs=1 cs=1]
              LayoutText {#text} at (17,1) size 33x18
                text run at (17,1) width 33: "W15"
            LayoutTableCell {th} at (287,0) size 82x35 [r=0 c=4 rs=1 cs=1]
              LayoutText {#text} at (17,1) size 33x18
                text run at (17,1) width 33: "W24"
            LayoutTableCell {th} at (369,0) size 82x35 [r=0 c=5 rs=1 cs=1]
              LayoutText {#text} at (9,1) size 49x18
                text run at (9,1) width 49: "W2569"
            LayoutTableCell {th} at (451,0) size 82x35 [r=0 c=6 rs=1 cs=1]
              LayoutText {#text} at (13,1) size 41x18
                text run at (13,1) width 41: "W258"
            LayoutTableCell {th} at (533,0) size 82x35 [r=0 c=7 rs=1 cs=1]
              LayoutText {#text} at (9,1) size 49x18
                text run at (9,1) width 49: "W3589"
            LayoutTableCell {th} at (615,0) size 82x35 [r=0 c=8 rs=1 cs=1]
              LayoutText {#text} at (17,1) size 33x18
                text run at (17,1) width 33: "W47"
        LayoutTableSection (anonymous) at (0,35) size 697x180
          LayoutTableRow {tr} at (0,0) size 697x20
            LayoutTableCell {th} at (0,0) size 41x20 [r=0 c=0 rs=1 cs=1]
              LayoutText {#text} at (1,1) size 24x18
                text run at (1,1) width 24: "100"
            LayoutTableCell {td} at (41,0) size 82x20 [r=0 c=1 rs=1 cs=1]
              LayoutInline {span} at (0,0) size 12x18
                LayoutText {#text} at (35,1) size 12x18
                  text run at (35,1) width 12: "A"
            LayoutTableCell {td} at (123,0) size 82x20 [r=0 c=2 rs=1 cs=1]
              LayoutInline {span} at (0,0) size 12x18
                LayoutText {#text} at (35,1) size 12x18
                  text run at (35,1) width 12: "A"
            LayoutTableCell {td} at (205,0) size 82x20 [r=0 c=3 rs=1 cs=1]
              LayoutInline {span} at (0,0) size 12x18
                LayoutText {#text} at (35,1) size 12x18
                  text run at (35,1) width 12: "A"
            LayoutTableCell {td} at (287,0) size 82x20 [r=0 c=4 rs=1 cs=1]
              LayoutInline {span} at (0,0) size 12x18
                LayoutText {#text} at (35,1) size 12x18
                  text run at (35,1) width 12: "A"
            LayoutTableCell {td} at (369,0) size 82x20 [r=0 c=5 rs=1 cs=1]
              LayoutInline {span} at (0,0) size 12x18
                LayoutText {#text} at (35,1) size 12x18
                  text run at (35,1) width 12: "A"
            LayoutTableCell {td} at (451,0) size 82x20 [r=0 c=6 rs=1 cs=1]
              LayoutInline {span} at (0,0) size 12x18
                LayoutText {#text} at (35,1) size 12x18
                  text run at (35,1) width 12: "A"
            LayoutTableCell {td} at (533,0) size 82x20 [r=0 c=7 rs=1 cs=1]
              LayoutInline {span} at (0,0) size 12x18
                LayoutText {#text} at (35,1) size 12x18
                  text run at (35,1) width 12: "A"
            LayoutTableCell {td} at (615,0) size 82x20 [r=0 c=8 rs=1 cs=1]
              LayoutInline {span} at (0,0) size 12x18
                LayoutText {#text} at (35,1) size 12x18
                  text run at (35,1) width 12: "A"
          LayoutTableRow {tr} at (0,20) size 697x20
            LayoutTableCell {th} at (0,20) size 41x20 [r=1 c=0 rs=1 cs=1]
              LayoutText {#text} at (1,1) size 24x18
                text run at (1,1) width 24: "200"
            LayoutTableCell {td} at (41,20) size 82x20 [r=1 c=1 rs=1 cs=1]
              LayoutInline {span} at (0,0) size 12x18
                LayoutText {#text} at (35,1) size 12x18
                  text run at (35,1) width 12: "A"
            LayoutTableCell {td} at (123,20) size 82x20 [r=1 c=2 rs=1 cs=1]
              LayoutInline {span} at (0,0) size 12x18
                LayoutText {#text} at (35,1) size 12x18
                  text run at (35,1) width 12: "A"
            LayoutTableCell {td} at (205,20) size 82x20 [r=1 c=3 rs=1 cs=1]
              LayoutInline {span} at (0,0) size 12x18
                LayoutText {#text} at (35,1) size 12x18
                  text run at (35,1) width 12: "A"
            LayoutTableCell {td} at (287,20) size 82x20 [r=1 c=4 rs=1 cs=1]
              LayoutInline {span} at (0,0) size 12x18
                LayoutText {#text} at (35,1) size 12x18
                  text run at (35,1) width 12: "A"
            LayoutTableCell {td} at (369,20) size 82x20 [r=1 c=5 rs=1 cs=1]
              LayoutInline {span} at (0,0) size 12x18
                LayoutText {#text} at (35,1) size 12x18
                  text run at (35,1) width 12: "A"
            LayoutTableCell {td} at (451,20) size 82x20 [r=1 c=6 rs=1 cs=1]
              LayoutInline {span} at (0,0) size 12x18
                LayoutText {#text} at (35,1) size 12x18
                  text run at (35,1) width 12: "A"
            LayoutTableCell {td} at (533,20) size 82x20 [r=1 c=7 rs=1 cs=1]
              LayoutInline {span} at (0,0) size 12x18
                LayoutText {#text} at (35,1) size 12x18
                  text run at (35,1) width 12: "A"
            LayoutTableCell {td} at (615,20) size 82x20 [r=1 c=8 rs=1 cs=1]
              LayoutInline {span} at (0,0) size 12x18
                LayoutText {#text} at (35,1) size 12x18
                  text run at (35,1) width 12: "A"
          LayoutTableRow {tr} at (0,40) size 697x20
            LayoutTableCell {th} at (0,40) size 41x20 [r=2 c=0 rs=1 cs=1]
              LayoutText {#text} at (1,1) size 24x18
                text run at (1,1) width 24: "300"
            LayoutTableCell {td} at (41,40) size 82x20 [r=2 c=1 rs=1 cs=1]
              LayoutInline {span} at (0,0) size 12x18
                LayoutText {#text} at (35,1) size 12x18
                  text run at (35,1) width 12: "A"
            LayoutTableCell {td} at (123,40) size 82x20 [r=2 c=2 rs=1 cs=1]
              LayoutInline {span} at (0,0) size 12x18
                LayoutText {#text} at (35,1) size 12x18
                  text run at (35,1) width 12: "A"
            LayoutTableCell {td} at (205,40) size 82x20 [r=2 c=3 rs=1 cs=1]
              LayoutInline {span} at (0,0) size 12x18
                LayoutText {#text} at (35,1) size 12x18
                  text run at (35,1) width 12: "A"
            LayoutTableCell {td} at (287,40) size 82x20 [r=2 c=4 rs=1 cs=1]
              LayoutInline {span} at (0,0) size 12x18
                LayoutText {#text} at (35,1) size 12x18
                  text run at (35,1) width 12: "A"
            LayoutTableCell {td} at (369,40) size 82x20 [r=2 c=5 rs=1 cs=1]
              LayoutInline {span} at (0,0) size 12x18
                LayoutText {#text} at (35,1) size 12x18
                  text run at (35,1) width 12: "A"
            LayoutTableCell {td} at (451,40) size 82x20 [r=2 c=6 rs=1 cs=1]
              LayoutInline {span} at (0,0) size 12x18
                LayoutText {#text} at (35,1) size 12x18
                  text run at (35,1) width 12: "A"
            LayoutTableCell {td} at (533,40) size 82x20 [r=2 c=7 rs=1 cs=1]
              LayoutInline {span} at (0,0) size 12x18
                LayoutText {#text} at (35,1) size 12x18
                  text run at (35,1) width 12: "A"
            LayoutTableCell {td} at (615,40) size 82x20 [r=2 c=8 rs=1 cs=1]
              LayoutInline {span} at (0,0) size 12x18
                LayoutText {#text} at (35,1) size 12x18
                  text run at (35,1) width 12: "A"
          LayoutTableRow {tr} at (0,60) size 697x20
            LayoutTableCell {th} at (0,60) size 41x20 [r=3 c=0 rs=1 cs=1]
              LayoutText {#text} at (1,1) size 24x18
                text run at (1,1) width 24: "400"
            LayoutTableCell {td} at (41,60) size 82x20 [r=3 c=1 rs=1 cs=1]
              LayoutInline {span} at (0,0) size 12x18
                LayoutText {#text} at (35,1) size 12x18
                  text run at (35,1) width 12: "A"
            LayoutTableCell {td} at (123,60) size 82x20 [r=3 c=2 rs=1 cs=1]
              LayoutInline {span} at (0,0) size 12x18
                LayoutText {#text} at (35,1) size 12x18
                  text run at (35,1) width 12: "A"
            LayoutTableCell {td} at (205,60) size 82x20 [r=3 c=3 rs=1 cs=1]
              LayoutInline {span} at (0,0) size 12x18
                LayoutText {#text} at (35,1) size 12x18
                  text run at (35,1) width 12: "A"
            LayoutTableCell {td} at (287,60) size 82x20 [r=3 c=4 rs=1 cs=1]
              LayoutInline {span} at (0,0) size 12x18
                LayoutText {#text} at (35,1) size 12x18
                  text run at (35,1) width 12: "A"
            LayoutTableCell {td} at (369,60) size 82x20 [r=3 c=5 rs=1 cs=1]
              LayoutInline {span} at (0,0) size 12x18
                LayoutText {#text} at (35,1) size 12x18
                  text run at (35,1) width 12: "A"
            LayoutTableCell {td} at (451,60) size 82x20 [r=3 c=6 rs=1 cs=1]
              LayoutInline {span} at (0,0) size 12x18
                LayoutText {#text} at (35,1) size 12x18
                  text run at (35,1) width 12: "A"
            LayoutTableCell {td} at (533,60) size 82x20 [r=3 c=7 rs=1 cs=1]
              LayoutInline {span} at (0,0) size 12x18
                LayoutText {#text} at (35,1) size 12x18
                  text run at (35,1) width 12: "A"
            LayoutTableCell {td} at (615,60) size 82x20 [r=3 c=8 rs=1 cs=1]
              LayoutInline {span} at (0,0) size 12x18
                LayoutText {#text} at (35,1) size 12x18
                  text run at (35,1) width 12: "A"
          LayoutTableRow {tr} at (0,80) size 697x20
            LayoutTableCell {th} at (0,80) size 41x20 [r=4 c=0 rs=1 cs=1]
              LayoutText {#text} at (1,1) size 24x18
                text run at (1,1) width 24: "500"
            LayoutTableCell {td} at (41,80) size 82x20 [r=4 c=1 rs=1 cs=1]
              LayoutInline {span} at (0,0) size 12x18
                LayoutText {#text} at (35,1) size 12x18
                  text run at (35,1) width 12: "A"
            LayoutTableCell {td} at (123,80) size 82x20 [r=4 c=2 rs=1 cs=1]
              LayoutInline {span} at (0,0) size 12x18
                LayoutText {#text} at (35,1) size 12x18
                  text run at (35,1) width 12: "A"
            LayoutTableCell {td} at (205,80) size 82x20 [r=4 c=3 rs=1 cs=1]
              LayoutInline {span} at (0,0) size 12x18
                LayoutText {#text} at (35,1) size 12x18
                  text run at (35,1) width 12: "A"
            LayoutTableCell {td} at (287,80) size 82x20 [r=4 c=4 rs=1 cs=1]
              LayoutInline {span} at (0,0) size 12x18
                LayoutText {#text} at (35,1) size 12x18
                  text run at (35,1) width 12: "A"
            LayoutTableCell {td} at (369,80) size 82x20 [r=4 c=5 rs=1 cs=1]
              LayoutInline {span} at (0,0) size 12x18
                LayoutText {#text} at (35,1) size 12x18
                  text run at (35,1) width 12: "A"
            LayoutTableCell {td} at (451,80) size 82x20 [r=4 c=6 rs=1 cs=1]
              LayoutInline {span} at (0,0) size 12x18
                LayoutText {#text} at (35,1) size 12x18
                  text run at (35,1) width 12: "A"
            LayoutTableCell {td} at (533,80) size 82x20 [r=4 c=7 rs=1 cs=1]
              LayoutInline {span} at (0,0) size 12x18
                LayoutText {#text} at (35,1) size 12x18
                  text run at (35,1) width 12: "A"
            LayoutTableCell {td} at (615,80) size 82x20 [r=4 c=8 rs=1 cs=1]
              LayoutInline {span} at (0,0) size 12x18
                LayoutText {#text} at (35,1) size 12x18
                  text run at (35,1) width 12: "A"
          LayoutTableRow {tr} at (0,100) size 697x20
            LayoutTableCell {th} at (0,100) size 41x20 [r=5 c=0 rs=1 cs=1]
              LayoutText {#text} at (1,1) size 24x18
                text run at (1,1) width 24: "600"
            LayoutTableCell {td} at (41,100) size 82x20 [r=5 c=1 rs=1 cs=1]
              LayoutInline {span} at (0,0) size 12x18
                LayoutText {#text} at (35,1) size 12x18
                  text run at (35,1) width 12: "A"
            LayoutTableCell {td} at (123,100) size 82x20 [r=5 c=2 rs=1 cs=1]
              LayoutInline {span} at (0,0) size 12x18
                LayoutText {#text} at (35,1) size 12x18
                  text run at (35,1) width 12: "A"
            LayoutTableCell {td} at (205,100) size 82x20 [r=5 c=3 rs=1 cs=1]
              LayoutInline {span} at (0,0) size 12x18
                LayoutText {#text} at (35,1) size 12x18
                  text run at (35,1) width 12: "A"
            LayoutTableCell {td} at (287,100) size 82x20 [r=5 c=4 rs=1 cs=1]
              LayoutInline {span} at (0,0) size 12x18
                LayoutText {#text} at (35,1) size 12x18
                  text run at (35,1) width 12: "A"
            LayoutTableCell {td} at (369,100) size 82x20 [r=5 c=5 rs=1 cs=1]
              LayoutInline {span} at (0,0) size 12x18
                LayoutText {#text} at (35,1) size 12x18
                  text run at (35,1) width 12: "A"
            LayoutTableCell {td} at (451,100) size 82x20 [r=5 c=6 rs=1 cs=1]
              LayoutInline {span} at (0,0) size 12x18
                LayoutText {#text} at (35,1) size 12x18
                  text run at (35,1) width 12: "A"
            LayoutTableCell {td} at (533,100) size 82x20 [r=5 c=7 rs=1 cs=1]
              LayoutInline {span} at (0,0) size 12x18
                LayoutText {#text} at (35,1) size 12x18
                  text run at (35,1) width 12: "A"
            LayoutTableCell {td} at (615,100) size 82x20 [r=5 c=8 rs=1 cs=1]
              LayoutInline {span} at (0,0) size 12x18
                LayoutText {#text} at (35,1) size 12x18
                  text run at (35,1) width 12: "A"
          LayoutTableRow {tr} at (0,120) size 697x20
            LayoutTableCell {th} at (0,120) size 41x20 [r=6 c=0 rs=1 cs=1]
              LayoutText {#text} at (1,1) size 24x18
                text run at (1,1) width 24: "700"
            LayoutTableCell {td} at (41,120) size 82x20 [r=6 c=1 rs=1 cs=1]
              LayoutInline {span} at (0,0) size 12x18
                LayoutText {#text} at (35,1) size 12x18
                  text run at (35,1) width 12: "A"
            LayoutTableCell {td} at (123,120) size 82x20 [r=6 c=2 rs=1 cs=1]
              LayoutInline {span} at (0,0) size 12x18
                LayoutText {#text} at (35,1) size 12x18
                  text run at (35,1) width 12: "A"
            LayoutTableCell {td} at (205,120) size 82x20 [r=6 c=3 rs=1 cs=1]
              LayoutInline {span} at (0,0) size 12x18
                LayoutText {#text} at (35,1) size 12x18
                  text run at (35,1) width 12: "A"
            LayoutTableCell {td} at (287,120) size 82x20 [r=6 c=4 rs=1 cs=1]
              LayoutInline {span} at (0,0) size 12x18
                LayoutText {#text} at (35,1) size 12x18
                  text run at (35,1) width 12: "A"
            LayoutTableCell {td} at (369,120) size 82x20 [r=6 c=5 rs=1 cs=1]
              LayoutInline {span} at (0,0) size 12x18
                LayoutText {#text} at (35,1) size 12x18
                  text run at (35,1) width 12: "A"
            LayoutTableCell {td} at (451,120) size 82x20 [r=6 c=6 rs=1 cs=1]
              LayoutInline {span} at (0,0) size 12x18
                LayoutText {#text} at (35,1) size 12x18
                  text run at (35,1) width 12: "A"
            LayoutTableCell {td} at (533,120) size 82x20 [r=6 c=7 rs=1 cs=1]
              LayoutInline {span} at (0,0) size 12x18
                LayoutText {#text} at (35,1) size 12x18
                  text run at (35,1) width 12: "A"
            LayoutTableCell {td} at (615,120) size 82x20 [r=6 c=8 rs=1 cs=1]
              LayoutInline {span} at (0,0) size 12x18
                LayoutText {#text} at (35,1) size 12x18
                  text run at (35,1) width 12: "A"
          LayoutTableRow {tr} at (0,140) size 697x20
            LayoutTableCell {th} at (0,140) size 41x20 [r=7 c=0 rs=1 cs=1]
              LayoutText {#text} at (1,1) size 24x18
                text run at (1,1) width 24: "800"
            LayoutTableCell {td} at (41,140) size 82x20 [r=7 c=1 rs=1 cs=1]
              LayoutInline {span} at (0,0) size 12x18
                LayoutText {#text} at (35,1) size 12x18
                  text run at (35,1) width 12: "A"
            LayoutTableCell {td} at (123,140) size 82x20 [r=7 c=2 rs=1 cs=1]
              LayoutInline {span} at (0,0) size 12x18
                LayoutText {#text} at (35,1) size 12x18
                  text run at (35,1) width 12: "A"
            LayoutTableCell {td} at (205,140) size 82x20 [r=7 c=3 rs=1 cs=1]
              LayoutInline {span} at (0,0) size 12x18
                LayoutText {#text} at (35,1) size 12x18
                  text run at (35,1) width 12: "A"
            LayoutTableCell {td} at (287,140) size 82x20 [r=7 c=4 rs=1 cs=1]
              LayoutInline {span} at (0,0) size 12x18
                LayoutText {#text} at (35,1) size 12x18
                  text run at (35,1) width 12: "A"
            LayoutTableCell {td} at (369,140) size 82x20 [r=7 c=5 rs=1 cs=1]
              LayoutInline {span} at (0,0) size 12x18
                LayoutText {#text} at (35,1) size 12x18
                  text run at (35,1) width 12: "A"
            LayoutTableCell {td} at (451,140) size 82x20 [r=7 c=6 rs=1 cs=1]
              LayoutInline {span} at (0,0) size 12x18
                LayoutText {#text} at (35,1) size 12x18
                  text run at (35,1) width 12: "A"
            LayoutTableCell {td} at (533,140) size 82x20 [r=7 c=7 rs=1 cs=1]
              LayoutInline {span} at (0,0) size 12x18
                LayoutText {#text} at (35,1) size 12x18
                  text run at (35,1) width 12: "A"
            LayoutTableCell {td} at (615,140) size 82x20 [r=7 c=8 rs=1 cs=1]
              LayoutInline {span} at (0,0) size 12x18
                LayoutText {#text} at (35,1) size 12x18
                  text run at (35,1) width 12: "A"
          LayoutTableRow {tr} at (0,160) size 697x20
            LayoutTableCell {th} at (0,160) size 41x20 [r=8 c=0 rs=1 cs=1]
              LayoutText {#text} at (1,1) size 24x18
                text run at (1,1) width 24: "900"
            LayoutTableCell {td} at (41,160) size 82x20 [r=8 c=1 rs=1 cs=1]
              LayoutInline {span} at (0,0) size 12x18
                LayoutText {#text} at (35,1) size 12x18
                  text run at (35,1) width 12: "A"
            LayoutTableCell {td} at (123,160) size 82x20 [r=8 c=2 rs=1 cs=1]
              LayoutInline {span} at (0,0) size 12x18
                LayoutText {#text} at (35,1) size 12x18
                  text run at (35,1) width 12: "A"
            LayoutTableCell {td} at (205,160) size 82x20 [r=8 c=3 rs=1 cs=1]
              LayoutInline {span} at (0,0) size 12x18
                LayoutText {#text} at (35,1) size 12x18
                  text run at (35,1) width 12: "A"
            LayoutTableCell {td} at (287,160) size 82x20 [r=8 c=4 rs=1 cs=1]
              LayoutInline {span} at (0,0) size 12x18
                LayoutText {#text} at (35,1) size 12x18
                  text run at (35,1) width 12: "A"
            LayoutTableCell {td} at (369,160) size 82x20 [r=8 c=5 rs=1 cs=1]
              LayoutInline {span} at (0,0) size 12x18
                LayoutText {#text} at (35,1) size 12x18
                  text run at (35,1) width 12: "A"
            LayoutTableCell {td} at (451,160) size 82x20 [r=8 c=6 rs=1 cs=1]
              LayoutInline {span} at (0,0) size 12x18
                LayoutText {#text} at (35,1) size 12x18
                  text run at (35,1) width 12: "A"
            LayoutTableCell {td} at (533,160) size 82x20 [r=8 c=7 rs=1 cs=1]
              LayoutInline {span} at (0,0) size 12x18
                LayoutText {#text} at (35,1) size 12x18
                  text run at (35,1) width 12: "A"
            LayoutTableCell {td} at (615,160) size 82x20 [r=8 c=8 rs=1 cs=1]
              LayoutInline {span} at (0,0) size 12x18
                LayoutText {#text} at (35,1) size 12x18
                  text run at (35,1) width 12: "A"
      LayoutBlockFlow {p} at (0,265) size 700x18
        LayoutText {#text} at (0,0) size 678x18
          text run at (0,0) width 309: "The table above should match the image below. "
          text run at (308,0) width 370: "The numbers and bolding (if present) must match to pass."
      LayoutBlockFlow (anonymous) at (0,299) size 700x190
        LayoutImage {img} at (0,0) size 672x186
        LayoutText {#text} at (0,0) size 0x0
