layer at (0,0) size 800x600
  RenderView at (0,0) size 800x600
layer at (0,0) size 800x600
  RenderBlock {HTML} at (0,0) size 800x600
    RenderBody {BODY} at (8,8) size 784x584
      RenderBlock {P} at (0,0) size 784x36
        RenderText {#text} at (0,0) size 776x36
          text run at (0,0) width 408: "This tests smart paste of a fragment that ends in a select element. "
          text run at (408,0) width 368: "There should be spaces added before and after the inserted"
          text run at (0,18) width 50: "content."
      RenderBlock {DIV} at (0,52) size 784x18
        RenderMenuList {SELECT} at (0,0) size 38x18 [bgcolor=#FFFFFF]
          RenderBlock (anonymous) at (0,0) size 38x18
            RenderText at (8,2) size 7x13
              text run at (8,2) width 7: "1"
      RenderBlock {DIV} at (0,70) size 784x19
        RenderText {#text} at (0,0) size 8x18
          text run at (0,0) width 8: "x"
        RenderText {#text} at (8,0) size 4x18
          text run at (8,0) width 4: " "
        RenderMenuList {SELECT} at (12,1) size 38x18 [bgcolor=#FFFFFF]
          RenderBlock (anonymous) at (0,0) size 38x18
            RenderText at (8,2) size 7x13
              text run at (8,2) width 7: "1"
        RenderText {#text} at (50,0) size 4x18
          text run at (50,0) width 4: " "
        RenderText {#text} at (54,0) size 8x18
          text run at (54,0) width 8: "x"
caret: position 1 of child 3 {#text} of child 4 {DIV} of child 0 {BODY} of child 0 {HTML} of document
