layer at (0,0) size 800x600
  RenderView at (0,0) size 800x600
layer at (0,0) size 800x600
  RenderBlock {HTML} at (0,0) size 800x600
    RenderBody {BODY} at (8,10) size 470x580
      RenderBlock {DIV} at (10,0) size 450x40 [border: (1px solid #FF0000)]
        RenderText {#text} at (1,1) size 7x18
          text run at (1,1) width 7: "a"
        RenderTextControl {INPUT} at (8,1) size 130x19 [bgcolor=#FFFFFF] [border: (2px inset #000000)]
        RenderText {#text} at (138,1) size 27x18
          text run at (138,1) width 27: "text "
        RenderTextControl {INPUT} at (165,1) size 130x19 [bgcolor=#EBEBE4] [border: (2px inset #000000)]
        RenderText {#text} at (295,1) size 19x18
          text run at (295,1) width 12: "b "
          text run at (307,1) width 7: "a"
        RenderTextControl {INPUT} at (314,1) size 130x19 [bgcolor=#FFFFFF] [border: (2px inset #000000)]
        RenderText {#text} at (1,20) size 64x18
          text run at (1,20) width 64: "password "
        RenderTextControl {INPUT} at (65,20) size 130x19 [bgcolor=#EBEBE4] [border: (2px inset #000000)]
        RenderText {#text} at (195,20) size 8x18
          text run at (195,20) width 8: "b"
      RenderBlock {DIV} at (10,50) size 450x21 [border: (1px solid #FF0000)]
        RenderText {#text} at (1,2) size 7x18
          text run at (1,2) width 7: "a"
        RenderBlock {INPUT} at (12,4) size 12x12
        RenderText {#text} at (27,2) size 65x18
          text run at (27,2) width 65: "checkbox "
        RenderBlock {INPUT} at (96,4) size 12x12
        RenderText {#text} at (111,2) size 8x18
          text run at (111,2) width 8: "b"
      RenderBlock {DIV} at (10,81) size 450x22 [border: (1px solid #FF0000)]
        RenderText {#text} at (1,3) size 7x18
          text run at (1,3) width 7: "a"
        RenderBlock {INPUT} at (13,4) size 12x13
        RenderText {#text} at (28,3) size 36x18
          text run at (28,3) width 36: "radio "
        RenderBlock {INPUT} at (69,4) size 12x13
        RenderText {#text} at (84,3) size 8x18
          text run at (84,3) width 8: "b"
layer at (28,14) size 126x13 scrollWidth 166
  RenderBlock {DIV} at (2,3) size 126x13
    RenderText {#text} at (1,0) size 164x13
      text run at (1,0) width 164: "foobarbazfoobarbazfoobarbaz"
layer at (185,14) size 126x13
  RenderBlock {DIV} at (2,3) size 126x13 [color=#545454]
    RenderText {#text} at (1,0) size 18x13
      text run at (1,0) width 18: "foo"
layer at (334,14) size 126x13
  RenderBlock {DIV} at (2,3) size 126x13
    RenderText {#text} at (1,0) size 19x13
      text run at (1,0) width 19: "\x{2022}\x{2022}\x{2022}"
layer at (85,33) size 126x13
  RenderBlock {DIV} at (2,3) size 126x13 [color=#545454]
    RenderText {#text} at (1,0) size 19x13
      text run at (1,0) width 19: "\x{2022}\x{2022}\x{2022}"
