layer at (0,0) size 785x1090
  RenderView at (0,0) size 785x600
layer at (0,0) size 785x1090
  RenderBlock {HTML} at (0,0) size 785x8
    RenderBody {BODY} at (8,8) size 769x0
      RenderBlock (floating) {DIV} at (0,0) size 352x797 [border: (1px solid #FF0000)]
        RenderBlock (anonymous) at (1,1) size 350x14
          RenderText {#text} at (0,-1) size 181x17
            text run at (0,-1) width 181: "Plain textarea with little content"
        RenderBlock {DIV} at (1,15) size 352x38 [border: (1px solid #FF0000)]
          RenderText {#text} at (1,22) size 14x17
            text run at (1,22) width 14: "A "
          RenderText {#text} at (136,22) size 13x17
            text run at (136,22) width 13: " B"
        RenderBlock (anonymous) at (1,53) size 350x14
          RenderText {#text} at (0,-1) size 77x17
            text run at (0,-1) width 77: "Plain textarea"
        RenderBlock {DIV} at (1,67) size 352x38 [border: (1px solid #FF0000)]
          RenderText {#text} at (1,22) size 14x17
            text run at (1,22) width 14: "A "
          RenderText {#text} at (136,22) size 13x17
            text run at (136,22) width 13: " B"
        RenderBlock (anonymous) at (1,105) size 350x14
          RenderText {#text} at (0,-1) size 97x17
            text run at (0,-1) width 97: "Disabled textarea"
        RenderBlock {DIV} at (1,119) size 352x38 [border: (1px solid #FF0000)]
          RenderText {#text} at (1,22) size 14x17
            text run at (1,22) width 14: "A "
          RenderText {#text} at (136,22) size 13x17
            text run at (136,22) width 13: " B"
        RenderBlock (anonymous) at (1,157) size 350x14
          RenderText {#text} at (0,-1) size 123x17
            text run at (0,-1) width 123: "style=\"padding:10px\""
        RenderBlock {DIV} at (1,171) size 352x54 [border: (1px solid #FF0000)]
          RenderText {#text} at (1,38) size 14x17
            text run at (1,38) width 14: "A "
          RenderText {#text} at (152,38) size 13x17
            text run at (152,38) width 13: " B"
        RenderBlock (anonymous) at (1,225) size 350x14
          RenderText {#text} at (0,-1) size 116x17
            text run at (0,-1) width 116: "style=\"padding:0px\""
        RenderBlock {DIV} at (1,239) size 352x34 [border: (1px solid #FF0000)]
          RenderText {#text} at (1,18) size 14x17
            text run at (1,18) width 14: "A "
          RenderText {#text} at (132,18) size 13x17
            text run at (132,18) width 13: " B"
        RenderBlock (anonymous) at (1,273) size 350x14
          RenderText {#text} at (0,-1) size 118x17
            text run at (0,-1) width 118: "style=\"margin:10px\""
        RenderBlock {DIV} at (1,287) size 352x56 [border: (1px solid #FF0000)]
          RenderText {#text} at (1,40) size 14x17
            text run at (1,40) width 14: "A "
          RenderText {#text} at (156,40) size 13x17
            text run at (156,40) width 13: " B"
        RenderBlock (anonymous) at (1,343) size 350x14
          RenderText {#text} at (0,-1) size 111x17
            text run at (0,-1) width 111: "style=\"margin:0px\""
        RenderBlock {DIV} at (1,357) size 352x36 [border: (1px solid #FF0000)]
          RenderText {#text} at (1,20) size 14x17
            text run at (1,20) width 14: "A "
          RenderText {#text} at (136,20) size 13x17
            text run at (136,20) width 13: " B"
        RenderBlock (anonymous) at (1,393) size 350x14
          RenderText {#text} at (0,-1) size 37x17
            text run at (0,-1) width 37: "cols=3"
        RenderBlock {DIV} at (1,407) size 352x38 [border: (1px solid #FF0000)]
          RenderText {#text} at (1,22) size 14x17
            text run at (1,22) width 14: "A "
          RenderText {#text} at (51,22) size 13x17
            text run at (51,22) width 13: " B"
        RenderBlock (anonymous) at (1,445) size 350x14
          RenderText {#text} at (0,-1) size 42x17
            text run at (0,-1) width 42: "rows=3"
        RenderBlock {DIV} at (1,459) size 352x51 [border: (1px solid #FF0000)]
          RenderText {#text} at (1,35) size 14x17
            text run at (1,35) width 14: "A "
          RenderText {#text} at (136,35) size 13x17
            text run at (136,35) width 13: " B"
        RenderBlock (anonymous) at (1,510) size 350x14
          RenderText {#text} at (0,-1) size 44x17
            text run at (0,-1) width 44: "cols=10"
        RenderBlock {DIV} at (1,524) size 352x38 [border: (1px solid #FF0000)]
          RenderText {#text} at (1,22) size 14x17
            text run at (1,22) width 14: "A "
          RenderText {#text} at (86,22) size 13x17
            text run at (86,22) width 13: " B"
        RenderBlock (anonymous) at (1,562) size 350x14
          RenderText {#text} at (0,-1) size 49x17
            text run at (0,-1) width 49: "rows=10"
        RenderBlock {DIV} at (1,576) size 352x142 [border: (1px solid #FF0000)]
          RenderText {#text} at (1,126) size 14x17
            text run at (1,126) width 14: "A "
          RenderText {#text} at (136,126) size 13x17
            text run at (136,126) width 13: " B"
        RenderBlock (anonymous) at (1,718) size 350x14
          RenderText {#text} at (0,-1) size 83x17
            text run at (0,-1) width 83: "cols=5 rows=4"
        RenderBlock {DIV} at (1,732) size 352x64 [border: (1px solid #FF0000)]
          RenderText {#text} at (1,48) size 14x17
            text run at (1,48) width 14: "A "
          RenderText {#text} at (61,48) size 13x17
            text run at (61,48) width 13: " B"
      RenderBlock (floating) {DIV} at (352,0) size 352x1082 [border: (1px solid #FF0000)]
        RenderBlock (anonymous) at (1,1) size 350x14
          RenderText {#text} at (0,-1) size 110x17
            text run at (0,-1) width 110: "style=\"width:60px\""
        RenderBlock {DIV} at (1,15) size 352x38 [border: (1px solid #FF0000)]
          RenderText {#text} at (1,22) size 14x17
            text run at (1,22) width 14: "A "
          RenderText {#text} at (81,22) size 13x17
            text run at (81,22) width 13: " B"
        RenderBlock (anonymous) at (1,53) size 350x14
          RenderText {#text} at (0,-1) size 191x17
            text run at (0,-1) width 191: "style=\"width:60px;padding:20px\""
        RenderBlock {DIV} at (1,67) size 352x74 [border: (1px solid #FF0000)]
          RenderText {#text} at (1,58) size 14x17
            text run at (1,58) width 14: "A "
          RenderText {#text} at (117,58) size 13x17
            text run at (117,58) width 13: " B"
        RenderBlock (anonymous) at (1,141) size 350x14
          RenderText {#text} at (0,-1) size 170x17
            text run at (0,-1) width 170: "style=\"width:60px;padding:0\""
        RenderBlock {DIV} at (1,155) size 352x34 [border: (1px solid #FF0000)]
          RenderText {#text} at (1,18) size 14x17
            text run at (1,18) width 14: "A "
          RenderText {#text} at (77,18) size 13x17
            text run at (77,18) width 13: " B"
        RenderBlock (anonymous) at (1,189) size 350x14
          RenderText {#text} at (0,-1) size 113x17
            text run at (0,-1) width 113: "style=\"height:60px\""
        RenderBlock {DIV} at (1,203) size 352x72 [border: (1px solid #FF0000)]
          RenderText {#text} at (1,56) size 14x17
            text run at (1,56) width 14: "A "
          RenderText {#text} at (136,56) size 13x17
            text run at (136,56) width 13: " B"
        RenderBlock (anonymous) at (1,275) size 350x14
          RenderText {#text} at (0,-1) size 181x17
            text run at (0,-1) width 181: "style=\"width:60px;height:60px\""
        RenderBlock {DIV} at (1,289) size 352x72 [border: (1px solid #FF0000)]
          RenderText {#text} at (1,56) size 14x17
            text run at (1,56) width 14: "A "
          RenderText {#text} at (81,56) size 13x17
            text run at (81,56) width 13: " B"
        RenderBlock (anonymous) at (1,361) size 350x14
          RenderText {#text} at (0,-1) size 139x17
            text run at (0,-1) width 139: "style=\"overflow:hidden\""
        RenderBlock {DIV} at (1,375) size 352x38 [border: (1px solid #FF0000)]
          RenderText {#text} at (1,22) size 14x17
            text run at (1,22) width 14: "A "
          RenderText {#text} at (121,22) size 13x17
            text run at (121,22) width 13: " B"
        RenderBlock (anonymous) at (1,413) size 350x14
          RenderText {#text} at (0,-1) size 132x17
            text run at (0,-1) width 132: "style=\"overflow:scroll\""
        RenderBlock {DIV} at (1,427) size 352x53 [border: (1px solid #FF0000)]
          RenderText {#text} at (1,37) size 14x17
            text run at (1,37) width 14: "A "
          RenderText {#text} at (136,37) size 13x17
            text run at (136,37) width 13: " B"
        RenderBlock (anonymous) at (1,480) size 350x14
          RenderText {#text} at (0,-1) size 278x17
            text run at (0,-1) width 278: "style=\"overflow:hidden;width:60px;height:60px\""
        RenderBlock {DIV} at (1,494) size 352x72 [border: (1px solid #FF0000)]
          RenderText {#text} at (1,56) size 14x17
            text run at (1,56) width 14: "A "
          RenderText {#text} at (81,56) size 13x17
            text run at (81,56) width 13: " B"
        RenderBlock (anonymous) at (1,566) size 350x14
          RenderText {#text} at (0,-1) size 271x17
            text run at (0,-1) width 271: "style=\"overflow:scroll;width:60px;height:60px\""
        RenderBlock {DIV} at (1,580) size 352x72 [border: (1px solid #FF0000)]
          RenderText {#text} at (1,56) size 14x17
            text run at (1,56) width 14: "A "
          RenderText {#text} at (81,56) size 13x17
            text run at (81,56) width 13: " B"
        RenderBlock (anonymous) at (1,652) size 350x14
          RenderText {#text} at (0,-1) size 222x17
            text run at (0,-1) width 222: "cols=5 style=\"width:60px;height:60px\""
        RenderBlock {DIV} at (1,666) size 352x72 [border: (1px solid #FF0000)]
          RenderText {#text} at (1,56) size 14x17
            text run at (1,56) width 14: "A "
          RenderText {#text} at (81,56) size 13x17
            text run at (81,56) width 13: " B"
        RenderBlock (anonymous) at (1,738) size 350x14
          RenderText {#text} at (0,-1) size 227x17
            text run at (0,-1) width 227: "rows=4 style=\"width:60px;height:60px\""
        RenderBlock {DIV} at (1,752) size 352x72 [border: (1px solid #FF0000)]
          RenderText {#text} at (1,56) size 14x17
            text run at (1,56) width 14: "A "
          RenderText {#text} at (81,56) size 13x17
            text run at (81,56) width 13: " B"
        RenderBlock (anonymous) at (1,824) size 350x14
          RenderText {#text} at (0,-1) size 268x17
            text run at (0,-1) width 268: "cols=5 rows=4 style=\"width:60px;height:60px\""
        RenderBlock {DIV} at (1,838) size 352x72 [border: (1px solid #FF0000)]
          RenderText {#text} at (1,56) size 14x17
            text run at (1,56) width 14: "A "
          RenderText {#text} at (81,56) size 13x17
            text run at (81,56) width 13: " B"
        RenderBlock (anonymous) at (1,910) size 350x14
          RenderText {#text} at (0,-1) size 65x17
            text run at (0,-1) width 65: "wrap=\"off\""
        RenderBlock {DIV} at (1,924) size 352x53 [border: (1px solid #FF0000)]
          RenderText {#text} at (1,37) size 14x17
            text run at (1,37) width 14: "A "
          RenderText {#text} at (136,37) size 13x17
            text run at (136,37) width 4: " "
            text run at (140,37) width 9: "B"
        RenderBlock (anonymous) at (1,977) size 350x14
          RenderText {#text} at (0,-1) size 73x17
            text run at (0,-1) width 73: "wrap=\"hard\""
        RenderBlock {DIV} at (1,991) size 352x38 [border: (1px solid #FF0000)]
          RenderText {#text} at (1,22) size 14x17
            text run at (1,22) width 14: "A "
          RenderText {#text} at (136,22) size 13x17
            text run at (136,22) width 4: " "
            text run at (140,22) width 9: "B"
        RenderBlock (anonymous) at (1,1029) size 350x14
          RenderText {#text} at (0,-1) size 69x17
            text run at (0,-1) width 69: "wrap=\"soft\""
        RenderBlock {DIV} at (1,1043) size 352x38 [border: (1px solid #FF0000)]
          RenderText {#text} at (1,22) size 14x17
            text run at (1,22) width 14: "A "
          RenderText {#text} at (136,22) size 13x17
            text run at (136,22) width 4: " "
            text run at (140,22) width 9: "B"
layer at (24,25) size 121x32 clip at (25,26) size 119x30
  RenderTextControl {TEXTAREA} at (15,2) size 121x32 [bgcolor=#FFFFFF] [border: (1px solid #000000)]
    RenderBlock {DIV} at (3,3) size 100x26
      RenderText {#text} at (0,0) size 84x26
        text run at (0,0) width 84: "Lorem ipsum "
        text run at (0,13) width 35: "dolor"
layer at (24,77) size 121x32 clip at (25,78) size 104x30 scrollHeight 80
  RenderTextControl {TEXTAREA} at (15,2) size 121x32 [bgcolor=#FFFFFF] [border: (1px solid #000000)]
    RenderBlock {DIV} at (3,3) size 100x78
      RenderText {#text} at (0,0) size 98x78
        text run at (0,0) width 84: "Lorem ipsum "
        text run at (0,13) width 42: "dolor "
        text run at (0,26) width 98: "ABCDEFGHIJKLMN"
        text run at (0,39) width 91: "OPQRSTUVWXYZ "
        text run at (0,52) width 98: "abcdefghijklmn"
        text run at (0,65) width 63: "opqrstuv "
layer at (24,129) size 121x32 clip at (25,130) size 104x30 scrollHeight 80
  RenderTextControl {TEXTAREA} at (15,2) size 121x32 [bgcolor=#EBEBE4] [border: (1px solid #000000)]
    RenderBlock {DIV} at (3,3) size 100x78 [color=#545454]
      RenderText {#text} at (0,0) size 98x78
        text run at (0,0) width 84: "Lorem ipsum "
        text run at (0,13) width 42: "dolor "
        text run at (0,26) width 98: "ABCDEFGHIJKLMN"
        text run at (0,39) width 91: "OPQRSTUVWXYZ "
        text run at (0,52) width 98: "abcdefghijklmn"
        text run at (0,65) width 63: "opqrstuv "
layer at (24,181) size 137x48 clip at (25,182) size 120x46 scrollHeight 88
  RenderTextControl {TEXTAREA} at (15,2) size 137x48 [bgcolor=#FFFFFF] [border: (1px solid #000000)]
    RenderBlock {DIV} at (11,11) size 100x78
      RenderText {#text} at (0,0) size 98x78
        text run at (0,0) width 84: "Lorem ipsum "
        text run at (0,13) width 42: "dolor "
        text run at (0,26) width 98: "ABCDEFGHIJKLMN"
        text run at (0,39) width 91: "OPQRSTUVWXYZ "
        text run at (0,52) width 98: "abcdefghijklmn"
        text run at (0,65) width 63: "opqrstuv "
layer at (24,249) size 117x28 clip at (25,250) size 100x26 scrollHeight 78
  RenderTextControl {TEXTAREA} at (15,2) size 117x28 [bgcolor=#FFFFFF] [border: (1px solid #000000)]
    RenderBlock {DIV} at (1,1) size 100x78
      RenderText {#text} at (0,0) size 98x78
        text run at (0,0) width 84: "Lorem ipsum "
        text run at (0,13) width 42: "dolor "
        text run at (0,26) width 98: "ABCDEFGHIJKLMN"
        text run at (0,39) width 91: "OPQRSTUVWXYZ "
        text run at (0,52) width 98: "abcdefghijklmn"
        text run at (0,65) width 63: "opqrstuv "
layer at (34,306) size 121x32 clip at (35,307) size 104x30 scrollHeight 80
  RenderTextControl {TEXTAREA} at (25,11) size 121x32 [bgcolor=#FFFFFF] [border: (1px solid #000000)]
    RenderBlock {DIV} at (3,3) size 100x78
      RenderText {#text} at (0,0) size 98x78
        text run at (0,0) width 84: "Lorem ipsum "
        text run at (0,13) width 42: "dolor "
        text run at (0,26) width 98: "ABCDEFGHIJKLMN"
        text run at (0,39) width 91: "OPQRSTUVWXYZ "
        text run at (0,52) width 98: "abcdefghijklmn"
        text run at (0,65) width 63: "opqrstuv "
layer at (24,366) size 121x32 clip at (25,367) size 104x30 scrollHeight 80
  RenderTextControl {TEXTAREA} at (15,1) size 121x32 [bgcolor=#FFFFFF] [border: (1px solid #000000)]
    RenderBlock {DIV} at (3,3) size 100x78
      RenderText {#text} at (0,0) size 98x78
        text run at (0,0) width 84: "Lorem ipsum "
        text run at (0,13) width 42: "dolor "
        text run at (0,26) width 98: "ABCDEFGHIJKLMN"
        text run at (0,39) width 91: "OPQRSTUVWXYZ "
        text run at (0,52) width 98: "abcdefghijklmn"
        text run at (0,65) width 63: "opqrstuv "
layer at (24,417) size 36x32 clip at (25,418) size 19x30 scrollHeight 431
  RenderTextControl {TEXTAREA} at (15,2) size 36x32 [bgcolor=#FFFFFF] [border: (1px solid #000000)]
    RenderBlock {DIV} at (3,3) size 15x429
      RenderText {#text} at (0,0) size 15x429
        text run at (0,0) width 14: "Lo"
        text run at (0,13) width 14: "re"
        text run at (0,26) width 14: "m "
        text run at (0,39) width 14: "ip"
        text run at (0,52) width 14: "su"
        text run at (0,65) width 14: "m "
        text run at (0,78) width 14: "do"
        text run at (0,91) width 14: "lo"
        text run at (0,104) width 14: "r "
        text run at (0,117) width 14: "AB"
        text run at (0,130) width 14: "CD"
        text run at (0,143) width 14: "EF"
        text run at (0,156) width 14: "GH"
        text run at (0,169) width 14: "IJ"
        text run at (0,182) width 14: "KL"
        text run at (0,195) width 14: "MN"
        text run at (0,208) width 14: "OP"
        text run at (0,221) width 14: "QR"
        text run at (0,234) width 14: "ST"
        text run at (0,247) width 14: "UV"
        text run at (0,260) width 14: "WX"
        text run at (0,273) width 15: "YZ "
        text run at (0,286) width 14: "ab"
        text run at (0,299) width 14: "cd"
        text run at (0,312) width 14: "ef"
        text run at (0,325) width 14: "gh"
        text run at (0,338) width 14: "ij"
        text run at (0,351) width 14: "kl"
        text run at (0,364) width 14: "mn"
        text run at (0,377) width 14: "op"
        text run at (0,390) width 14: "qr"
        text run at (0,403) width 14: "st"
        text run at (0,416) width 14: "uv"
layer at (24,469) size 121x45 clip at (25,470) size 104x43 scrollHeight 80
  RenderTextControl {TEXTAREA} at (15,2) size 121x45 [bgcolor=#FFFFFF] [border: (1px solid #000000)]
    RenderBlock {DIV} at (3,3) size 100x78
      RenderText {#text} at (0,0) size 98x78
        text run at (0,0) width 84: "Lorem ipsum "
        text run at (0,13) width 42: "dolor "
        text run at (0,26) width 98: "ABCDEFGHIJKLMN"
        text run at (0,39) width 91: "OPQRSTUVWXYZ "
        text run at (0,52) width 98: "abcdefghijklmn"
        text run at (0,65) width 63: "opqrstuv "
layer at (24,534) size 71x32 clip at (25,535) size 54x30 scrollHeight 145
  RenderTextControl {TEXTAREA} at (15,2) size 71x32 [bgcolor=#FFFFFF] [border: (1px solid #000000)]
    RenderBlock {DIV} at (3,3) size 50x143
      RenderText {#text} at (0,0) size 49x143
        text run at (0,0) width 42: "Lorem "
        text run at (0,13) width 42: "ipsum "
        text run at (0,26) width 42: "dolor "
        text run at (0,39) width 49: "ABCDEFG"
        text run at (0,52) width 49: "HIJKLMN"
        text run at (0,65) width 49: "OPQRSTU"
        text run at (0,78) width 42: "VWXYZ "
        text run at (0,91) width 49: "abcdefg"
        text run at (0,104) width 49: "hijklmn"
        text run at (0,117) width 49: "opqrstu"
        text run at (0,130) width 14: "v "
layer at (24,586) size 121x136 clip at (25,587) size 119x134
  RenderTextControl {TEXTAREA} at (15,2) size 121x136 [bgcolor=#FFFFFF] [border: (1px solid #000000)]
    RenderBlock {DIV} at (3,3) size 100x78
      RenderText {#text} at (0,0) size 98x78
        text run at (0,0) width 84: "Lorem ipsum "
        text run at (0,13) width 42: "dolor "
        text run at (0,26) width 98: "ABCDEFGHIJKLMN"
        text run at (0,39) width 91: "OPQRSTUVWXYZ "
        text run at (0,52) width 98: "abcdefghijklmn"
        text run at (0,65) width 63: "opqrstuv "
layer at (24,742) size 46x58 clip at (25,743) size 29x56 scrollHeight 301
  RenderTextControl {TEXTAREA} at (15,2) size 46x58 [bgcolor=#FFFFFF] [border: (1px solid #000000)]
    RenderBlock {DIV} at (3,3) size 25x299
      RenderText {#text} at (0,0) size 21x299
        text run at (0,0) width 21: "Lor"
        text run at (0,13) width 21: "em "
        text run at (0,26) width 21: "ips"
        text run at (0,39) width 21: "um "
        text run at (0,52) width 21: "dol"
        text run at (0,65) width 21: "or "
        text run at (0,78) width 21: "ABC"
        text run at (0,91) width 21: "DEF"
        text run at (0,104) width 21: "GHI"
        text run at (0,117) width 21: "JKL"
        text run at (0,130) width 21: "MNO"
        text run at (0,143) width 21: "PQR"
        text run at (0,156) width 21: "STU"
        text run at (0,169) width 21: "VWX"
        text run at (0,182) width 21: "YZ "
        text run at (0,195) width 21: "abc"
        text run at (0,208) width 21: "def"
        text run at (0,221) width 21: "ghi"
        text run at (0,234) width 21: "jkl"
        text run at (0,247) width 21: "mno"
        text run at (0,260) width 21: "pqr"
        text run at (0,273) width 21: "stu"
        text run at (0,286) width 14: "v "
layer at (376,25) size 66x32 clip at (377,26) size 49x30 scrollHeight 158
  RenderTextControl {TEXTAREA} at (15,2) size 66x32 [bgcolor=#FFFFFF] [border: (1px solid #000000)]
    RenderBlock {DIV} at (3,3) size 45x156
      RenderText {#text} at (0,0) size 42x156
        text run at (0,0) width 42: "Lorem "
        text run at (0,13) width 42: "ipsum "
        text run at (0,26) width 42: "dolor "
        text run at (0,39) width 42: "ABCDEF"
        text run at (0,52) width 42: "GHIJKL"
        text run at (0,65) width 42: "MNOPQR"
        text run at (0,78) width 42: "STUVWX"
        text run at (0,91) width 21: "YZ "
        text run at (0,104) width 42: "abcdef"
        text run at (0,117) width 42: "ghijkl"
        text run at (0,130) width 42: "mnopqr"
        text run at (0,143) width 35: "stuv "
layer at (376,77) size 102x68 clip at (377,78) size 85x66 scrollHeight 176
  RenderTextControl {TEXTAREA} at (15,2) size 102x68 [bgcolor=#FFFFFF] [border: (1px solid #000000)]
    RenderBlock {DIV} at (21,21) size 45x156
      RenderText {#text} at (0,0) size 42x156
        text run at (0,0) width 42: "Lorem "
        text run at (0,13) width 42: "ipsum "
        text run at (0,26) width 42: "dolor "
        text run at (0,39) width 42: "ABCDEF"
        text run at (0,52) width 42: "GHIJKL"
        text run at (0,65) width 42: "MNOPQR"
        text run at (0,78) width 42: "STUVWX"
        text run at (0,91) width 21: "YZ "
        text run at (0,104) width 42: "abcdef"
        text run at (0,117) width 42: "ghijkl"
        text run at (0,130) width 42: "mnopqr"
        text run at (0,143) width 35: "stuv "
layer at (376,165) size 62x28 clip at (377,166) size 45x26 scrollHeight 156
  RenderTextControl {TEXTAREA} at (15,2) size 62x28 [bgcolor=#FFFFFF] [border: (1px solid #000000)]
    RenderBlock {DIV} at (1,1) size 45x156
      RenderText {#text} at (0,0) size 42x156
        text run at (0,0) width 42: "Lorem "
        text run at (0,13) width 42: "ipsum "
        text run at (0,26) width 42: "dolor "
        text run at (0,39) width 42: "ABCDEF"
        text run at (0,52) width 42: "GHIJKL"
        text run at (0,65) width 42: "MNOPQR"
        text run at (0,78) width 42: "STUVWX"
        text run at (0,91) width 21: "YZ "
        text run at (0,104) width 42: "abcdef"
        text run at (0,117) width 42: "ghijkl"
        text run at (0,130) width 42: "mnopqr"
        text run at (0,143) width 35: "stuv "
layer at (376,213) size 121x66 clip at (377,214) size 104x64 scrollHeight 80
  RenderTextControl {TEXTAREA} at (15,2) size 121x66 [bgcolor=#FFFFFF] [border: (1px solid #000000)]
    RenderBlock {DIV} at (3,3) size 100x78
      RenderText {#text} at (0,0) size 98x78
        text run at (0,0) width 84: "Lorem ipsum "
        text run at (0,13) width 42: "dolor "
        text run at (0,26) width 98: "ABCDEFGHIJKLMN"
        text run at (0,39) width 91: "OPQRSTUVWXYZ "
        text run at (0,52) width 98: "abcdefghijklmn"
        text run at (0,65) width 63: "opqrstuv "
layer at (376,299) size 66x66 clip at (377,300) size 49x64 scrollHeight 158
  RenderTextControl {TEXTAREA} at (15,2) size 66x66 [bgcolor=#FFFFFF] [border: (1px solid #000000)]
    RenderBlock {DIV} at (3,3) size 45x156
      RenderText {#text} at (0,0) size 42x156
        text run at (0,0) width 42: "Lorem "
        text run at (0,13) width 42: "ipsum "
        text run at (0,26) width 42: "dolor "
        text run at (0,39) width 42: "ABCDEF"
        text run at (0,52) width 42: "GHIJKL"
        text run at (0,65) width 42: "MNOPQR"
        text run at (0,78) width 42: "STUVWX"
        text run at (0,91) width 21: "YZ "
        text run at (0,104) width 42: "abcdef"
        text run at (0,117) width 42: "ghijkl"
        text run at (0,130) width 42: "mnopqr"
        text run at (0,143) width 35: "stuv "
layer at (376,385) size 106x32 clip at (377,386) size 104x30 scrollHeight 80
  RenderTextControl {TEXTAREA} at (15,2) size 106x32 [bgcolor=#FFFFFF] [border: (1px solid #000000)]
    RenderBlock {DIV} at (3,3) size 100x78
      RenderText {#text} at (0,0) size 98x78
        text run at (0,0) width 84: "Lorem ipsum "
        text run at (0,13) width 42: "dolor "
        text run at (0,26) width 98: "ABCDEFGHIJKLMN"
        text run at (0,39) width 91: "OPQRSTUVWXYZ "
        text run at (0,52) width 98: "abcdefghijklmn"
        text run at (0,65) width 63: "opqrstuv "
layer at (376,437) size 121x47 clip at (377,438) size 104x30 scrollHeight 80
  RenderTextControl {TEXTAREA} at (15,2) size 121x47 [bgcolor=#FFFFFF] [border: (1px solid #000000)]
    RenderBlock {DIV} at (3,3) size 100x78
      RenderText {#text} at (0,0) size 98x78
        text run at (0,0) width 84: "Lorem ipsum "
        text run at (0,13) width 42: "dolor "
        text run at (0,26) width 98: "ABCDEFGHIJKLMN"
        text run at (0,39) width 91: "OPQRSTUVWXYZ "
        text run at (0,52) width 98: "abcdefghijklmn"
        text run at (0,65) width 63: "opqrstuv "
layer at (376,504) size 66x66 clip at (377,505) size 64x64 scrollHeight 132
  RenderTextControl {TEXTAREA} at (15,2) size 66x66 [bgcolor=#FFFFFF] [border: (1px solid #000000)]
    RenderBlock {DIV} at (3,3) size 60x130
      RenderText {#text} at (0,0) size 56x130
        text run at (0,0) width 42: "Lorem "
        text run at (0,13) width 42: "ipsum "
        text run at (0,26) width 42: "dolor "
        text run at (0,39) width 56: "ABCDEFGH"
        text run at (0,52) width 56: "IJKLMNOP"
        text run at (0,65) width 56: "QRSTUVWX"
        text run at (0,78) width 21: "YZ "
        text run at (0,91) width 56: "abcdefgh"
        text run at (0,104) width 56: "ijklmnop"
        text run at (0,117) width 49: "qrstuv "
layer at (376,590) size 66x66 clip at (377,591) size 49x49 scrollHeight 158
  RenderTextControl {TEXTAREA} at (15,2) size 66x66 [bgcolor=#FFFFFF] [border: (1px solid #000000)]
    RenderBlock {DIV} at (3,3) size 45x156
      RenderText {#text} at (0,0) size 42x156
        text run at (0,0) width 42: "Lorem "
        text run at (0,13) width 42: "ipsum "
        text run at (0,26) width 42: "dolor "
        text run at (0,39) width 42: "ABCDEF"
        text run at (0,52) width 42: "GHIJKL"
        text run at (0,65) width 42: "MNOPQR"
        text run at (0,78) width 42: "STUVWX"
        text run at (0,91) width 21: "YZ "
        text run at (0,104) width 42: "abcdef"
        text run at (0,117) width 42: "ghijkl"
        text run at (0,130) width 42: "mnopqr"
        text run at (0,143) width 35: "stuv "
layer at (376,676) size 66x66 clip at (377,677) size 49x64 scrollHeight 158
  RenderTextControl {TEXTAREA} at (15,2) size 66x66 [bgcolor=#FFFFFF] [border: (1px solid #000000)]
    RenderBlock {DIV} at (3,3) size 45x156
      RenderText {#text} at (0,0) size 42x156
        text run at (0,0) width 42: "Lorem "
        text run at (0,13) width 42: "ipsum "
        text run at (0,26) width 42: "dolor "
        text run at (0,39) width 42: "ABCDEF"
        text run at (0,52) width 42: "GHIJKL"
        text run at (0,65) width 42: "MNOPQR"
        text run at (0,78) width 42: "STUVWX"
        text run at (0,91) width 21: "YZ "
        text run at (0,104) width 42: "abcdef"
        text run at (0,117) width 42: "ghijkl"
        text run at (0,130) width 42: "mnopqr"
        text run at (0,143) width 35: "stuv "
layer at (376,762) size 66x66 clip at (377,763) size 49x64 scrollHeight 158
  RenderTextControl {TEXTAREA} at (15,2) size 66x66 [bgcolor=#FFFFFF] [border: (1px solid #000000)]
    RenderBlock {DIV} at (3,3) size 45x156
      RenderText {#text} at (0,0) size 42x156
        text run at (0,0) width 42: "Lorem "
        text run at (0,13) width 42: "ipsum "
        text run at (0,26) width 42: "dolor "
        text run at (0,39) width 42: "ABCDEF"
        text run at (0,52) width 42: "GHIJKL"
        text run at (0,65) width 42: "MNOPQR"
        text run at (0,78) width 42: "STUVWX"
        text run at (0,91) width 21: "YZ "
        text run at (0,104) width 42: "abcdef"
        text run at (0,117) width 42: "ghijkl"
        text run at (0,130) width 42: "mnopqr"
        text run at (0,143) width 35: "stuv "
layer at (376,848) size 66x66 clip at (377,849) size 49x64 scrollHeight 158
  RenderTextControl {TEXTAREA} at (15,2) size 66x66 [bgcolor=#FFFFFF] [border: (1px solid #000000)]
    RenderBlock {DIV} at (3,3) size 45x156
      RenderText {#text} at (0,0) size 42x156
        text run at (0,0) width 42: "Lorem "
        text run at (0,13) width 42: "ipsum "
        text run at (0,26) width 42: "dolor "
        text run at (0,39) width 42: "ABCDEF"
        text run at (0,52) width 42: "GHIJKL"
        text run at (0,65) width 42: "MNOPQR"
        text run at (0,78) width 42: "STUVWX"
        text run at (0,91) width 21: "YZ "
        text run at (0,104) width 42: "abcdef"
        text run at (0,117) width 42: "ghijkl"
        text run at (0,130) width 42: "mnopqr"
        text run at (0,143) width 35: "stuv "
layer at (376,934) size 121x47 clip at (377,935) size 104x30 scrollWidth 254 scrollHeight 210
  RenderTextControl {TEXTAREA} at (15,2) size 121x47 [bgcolor=#FFFFFF] [border: (1px solid #000000)]
    RenderBlock {DIV} at (3,3) size 100x208
      RenderText {#text} at (0,0) size 252x195
        text run at (0,0) width 7: " "
        text run at (7,0) width 0: " "
        text run at (0,13) width 252: "This is a text area with wrap=\"soft\""
        text run at (252,13) width 0: " "
        text run at (0,26) width 252: "This is a text area with wrap=\"soft\""
        text run at (252,26) width 0: " "
        text run at (0,39) width 252: "This is a text area with wrap=\"soft\""
        text run at (252,39) width 0: " "
        text run at (0,52) width 252: "This is a text area with wrap=\"soft\""
        text run at (252,52) width 0: " "
        text run at (0,65) width 252: "This is a text area with wrap=\"soft\""
        text run at (252,65) width 0: " "
        text run at (0,78) width 252: "This is a text area with wrap=\"soft\""
        text run at (252,78) width 0: " "
        text run at (0,91) width 252: "This is a text area with wrap=\"soft\""
        text run at (252,91) width 0: " "
        text run at (0,104) width 252: "This is a text area with wrap=\"soft\""
        text run at (252,104) width 0: " "
        text run at (0,117) width 252: "This is a text area with wrap=\"soft\""
        text run at (252,117) width 0: " "
        text run at (0,130) width 252: "This is a text area with wrap=\"soft\""
        text run at (252,130) width 0: " "
        text run at (0,143) width 252: "This is a text area with wrap=\"soft\""
        text run at (252,143) width 0: " "
        text run at (0,156) width 252: "This is a text area with wrap=\"soft\""
        text run at (252,156) width 0: " "
        text run at (0,169) width 252: "This is a text area with wrap=\"soft\""
        text run at (252,169) width 0: " "
        text run at (0,182) width 252: "This is a text area with wrap=\"soft\""
        text run at (252,182) width 0: " "
      RenderBR {BR} at (0,195) size 0x13
layer at (376,1001) size 121x32 clip at (377,1002) size 104x30 scrollHeight 574
  RenderTextControl {TEXTAREA} at (15,2) size 121x32 [bgcolor=#FFFFFF] [border: (1px solid #000000)]
    RenderBlock {DIV} at (3,3) size 100x572
      RenderText {#text} at (0,0) size 100x559
        text run at (0,0) width 7: " "
        text run at (7,0) width 0: " "
        text run at (0,13) width 98: "This is a text"
        text run at (98,13) width 2: " "
        text run at (0,26) width 70: "area with "
        text run at (0,39) width 77: "wrap=\"soft\""
        text run at (77,39) width 0: " "
        text run at (0,52) width 98: "This is a text"
        text run at (98,52) width 2: " "
        text run at (0,65) width 70: "area with "
        text run at (0,78) width 77: "wrap=\"soft\""
        text run at (77,78) width 0: " "
        text run at (0,91) width 98: "This is a text"
        text run at (98,91) width 2: " "
        text run at (0,104) width 70: "area with "
        text run at (0,117) width 77: "wrap=\"soft\""
        text run at (77,117) width 0: " "
        text run at (0,130) width 98: "This is a text"
        text run at (98,130) width 2: " "
        text run at (0,143) width 70: "area with "
        text run at (0,156) width 77: "wrap=\"soft\""
        text run at (77,156) width 0: " "
        text run at (0,169) width 98: "This is a text"
        text run at (98,169) width 2: " "
        text run at (0,182) width 70: "area with "
        text run at (0,195) width 77: "wrap=\"soft\""
        text run at (77,195) width 0: " "
        text run at (0,208) width 98: "This is a text"
        text run at (98,208) width 2: " "
        text run at (0,221) width 70: "area with "
        text run at (0,234) width 77: "wrap=\"soft\""
        text run at (77,234) width 0: " "
        text run at (0,247) width 98: "This is a text"
        text run at (98,247) width 2: " "
        text run at (0,260) width 70: "area with "
        text run at (0,273) width 77: "wrap=\"soft\""
        text run at (77,273) width 0: " "
        text run at (0,286) width 98: "This is a text"
        text run at (98,286) width 2: " "
        text run at (0,299) width 70: "area with "
        text run at (0,312) width 77: "wrap=\"soft\""
        text run at (77,312) width 0: " "
        text run at (0,325) width 98: "This is a text"
        text run at (98,325) width 2: " "
        text run at (0,338) width 70: "area with "
        text run at (0,351) width 77: "wrap=\"soft\""
        text run at (77,351) width 0: " "
        text run at (0,364) width 98: "This is a text"
        text run at (98,364) width 2: " "
        text run at (0,377) width 70: "area with "
        text run at (0,390) width 77: "wrap=\"soft\""
        text run at (77,390) width 0: " "
        text run at (0,403) width 98: "This is a text"
        text run at (98,403) width 2: " "
        text run at (0,416) width 70: "area with "
        text run at (0,429) width 77: "wrap=\"soft\""
        text run at (77,429) width 0: " "
        text run at (0,442) width 98: "This is a text"
        text run at (98,442) width 2: " "
        text run at (0,455) width 70: "area with "
        text run at (0,468) width 77: "wrap=\"soft\""
        text run at (77,468) width 0: " "
        text run at (0,481) width 98: "This is a text"
        text run at (98,481) width 2: " "
        text run at (0,494) width 70: "area with "
        text run at (0,507) width 77: "wrap=\"soft\""
        text run at (77,507) width 0: " "
        text run at (0,520) width 98: "This is a text"
        text run at (98,520) width 2: " "
        text run at (0,533) width 70: "area with "
        text run at (0,546) width 77: "wrap=\"soft\""
        text run at (77,546) width 0: " "
      RenderBR {BR} at (0,559) size 0x13
layer at (376,1053) size 121x32 clip at (377,1054) size 104x30 scrollHeight 574
  RenderTextControl {TEXTAREA} at (15,2) size 121x32 [bgcolor=#FFFFFF] [border: (1px solid #000000)]
    RenderBlock {DIV} at (3,3) size 100x572
      RenderText {#text} at (0,0) size 100x559
        text run at (0,0) width 7: " "
        text run at (7,0) width 0: " "
        text run at (0,13) width 98: "This is a text"
        text run at (98,13) width 2: " "
        text run at (0,26) width 70: "area with "
        text run at (0,39) width 77: "wrap=\"soft\""
        text run at (77,39) width 0: " "
        text run at (0,52) width 98: "This is a text"
        text run at (98,52) width 2: " "
        text run at (0,65) width 70: "area with "
        text run at (0,78) width 77: "wrap=\"soft\""
        text run at (77,78) width 0: " "
        text run at (0,91) width 98: "This is a text"
        text run at (98,91) width 2: " "
        text run at (0,104) width 70: "area with "
        text run at (0,117) width 77: "wrap=\"soft\""
        text run at (77,117) width 0: " "
        text run at (0,130) width 98: "This is a text"
        text run at (98,130) width 2: " "
        text run at (0,143) width 70: "area with "
        text run at (0,156) width 77: "wrap=\"soft\""
        text run at (77,156) width 0: " "
        text run at (0,169) width 98: "This is a text"
        text run at (98,169) width 2: " "
        text run at (0,182) width 70: "area with "
        text run at (0,195) width 77: "wrap=\"soft\""
        text run at (77,195) width 0: " "
        text run at (0,208) width 98: "This is a text"
        text run at (98,208) width 2: " "
        text run at (0,221) width 70: "area with "
        text run at (0,234) width 77: "wrap=\"soft\""
        text run at (77,234) width 0: " "
        text run at (0,247) width 98: "This is a text"
        text run at (98,247) width 2: " "
        text run at (0,260) width 70: "area with "
        text run at (0,273) width 77: "wrap=\"soft\""
        text run at (77,273) width 0: " "
        text run at (0,286) width 98: "This is a text"
        text run at (98,286) width 2: " "
        text run at (0,299) width 70: "area with "
        text run at (0,312) width 77: "wrap=\"soft\""
        text run at (77,312) width 0: " "
        text run at (0,325) width 98: "This is a text"
        text run at (98,325) width 2: " "
        text run at (0,338) width 70: "area with "
        text run at (0,351) width 77: "wrap=\"soft\""
        text run at (77,351) width 0: " "
        text run at (0,364) width 98: "This is a text"
        text run at (98,364) width 2: " "
        text run at (0,377) width 70: "area with "
        text run at (0,390) width 77: "wrap=\"soft\""
        text run at (77,390) width 0: " "
        text run at (0,403) width 98: "This is a text"
        text run at (98,403) width 2: " "
        text run at (0,416) width 70: "area with "
        text run at (0,429) width 77: "wrap=\"soft\""
        text run at (77,429) width 0: " "
        text run at (0,442) width 98: "This is a text"
        text run at (98,442) width 2: " "
        text run at (0,455) width 70: "area with "
        text run at (0,468) width 77: "wrap=\"soft\""
        text run at (77,468) width 0: " "
        text run at (0,481) width 98: "This is a text"
        text run at (98,481) width 2: " "
        text run at (0,494) width 70: "area with "
        text run at (0,507) width 77: "wrap=\"soft\""
        text run at (77,507) width 0: " "
        text run at (0,520) width 98: "This is a text"
        text run at (98,520) width 2: " "
        text run at (0,533) width 70: "area with "
        text run at (0,546) width 77: "wrap=\"soft\""
        text run at (77,546) width 0: " "
      RenderBR {BR} at (0,559) size 0x13
