layer at (0,0) size 785x1036
  RenderView at (0,0) size 785x600
layer at (0,0) size 785x1036
  RenderBlock {HTML} at (0,0) size 785x600
    RenderBody {BODY} at (8,8) size 769x584
      RenderBlock (floating) {DIV} at (0,0) size 352x777 [border: (1px solid #FF0000)]
        RenderBlock (anonymous) at (1,1) size 350x14
          RenderText {#text} at (0,-1) size 181x17
            text run at (0,-1) width 181: "Plain textarea with little content"
        RenderBlock {DIV} at (1,15) size 352x36 [border: (1px solid #FF0000)]
          RenderText {#text} at (1,20) size 14x17
            text run at (1,20) width 14: "A "
          RenderText {#text} at (134,20) size 13x17
            text run at (134,20) width 13: " B"
        RenderBlock (anonymous) at (1,51) size 350x14
          RenderText {#text} at (0,-1) size 77x17
            text run at (0,-1) width 77: "Plain textarea"
        RenderBlock {DIV} at (1,65) size 352x36 [border: (1px solid #FF0000)]
          RenderText {#text} at (1,20) size 14x17
            text run at (1,20) width 14: "A "
          RenderText {#text} at (134,20) size 13x17
            text run at (134,20) width 13: " B"
        RenderBlock (anonymous) at (1,101) size 350x14
          RenderText {#text} at (0,-1) size 97x17
            text run at (0,-1) width 97: "Disabled textarea"
        RenderBlock {DIV} at (1,115) size 352x36 [border: (1px solid #FF0000)]
          RenderText {#text} at (1,20) size 14x17
            text run at (1,20) width 14: "A "
          RenderText {#text} at (134,20) size 13x17
            text run at (134,20) width 13: " B"
        RenderBlock (anonymous) at (1,151) size 350x14
          RenderText {#text} at (0,-1) size 123x17
            text run at (0,-1) width 123: "style=\"padding:10px\""
        RenderBlock {DIV} at (1,165) size 352x54 [border: (1px solid #FF0000)]
          RenderText {#text} at (1,38) size 14x17
            text run at (1,38) width 14: "A "
          RenderText {#text} at (152,38) size 13x17
            text run at (152,38) width 13: " B"
        RenderBlock (anonymous) at (1,219) size 350x14
          RenderText {#text} at (0,-1) size 116x17
            text run at (0,-1) width 116: "style=\"padding:0px\""
        RenderBlock {DIV} at (1,233) size 352x34 [border: (1px solid #FF0000)]
          RenderText {#text} at (1,18) size 14x17
            text run at (1,18) width 14: "A "
          RenderText {#text} at (132,18) size 13x17
            text run at (132,18) width 13: " B"
        RenderBlock (anonymous) at (1,267) size 350x14
          RenderText {#text} at (0,-1) size 118x17
            text run at (0,-1) width 118: "style=\"margin:10px\""
        RenderBlock {DIV} at (1,281) size 352x54 [border: (1px solid #FF0000)]
          RenderText {#text} at (1,38) size 14x17
            text run at (1,38) width 14: "A "
          RenderText {#text} at (154,38) size 13x17
            text run at (154,38) width 13: " B"
        RenderBlock (anonymous) at (1,335) size 350x14
          RenderText {#text} at (0,-1) size 111x17
            text run at (0,-1) width 111: "style=\"margin:0px\""
        RenderBlock {DIV} at (1,349) size 352x34 [border: (1px solid #FF0000)]
          RenderText {#text} at (1,18) size 14x17
            text run at (1,18) width 14: "A "
          RenderText {#text} at (134,18) size 13x17
            text run at (134,18) width 13: " B"
        RenderBlock (anonymous) at (1,383) size 350x14
          RenderText {#text} at (0,-1) size 37x17
            text run at (0,-1) width 37: "cols=3"
        RenderBlock {DIV} at (1,397) size 352x36 [border: (1px solid #FF0000)]
          RenderText {#text} at (1,20) size 14x17
            text run at (1,20) width 14: "A "
          RenderText {#text} at (49,20) size 13x17
            text run at (49,20) width 13: " B"
        RenderBlock (anonymous) at (1,433) size 350x14
          RenderText {#text} at (0,-1) size 42x17
            text run at (0,-1) width 42: "rows=3"
        RenderBlock {DIV} at (1,447) size 352x49 [border: (1px solid #FF0000)]
          RenderText {#text} at (1,33) size 14x17
            text run at (1,33) width 14: "A "
          RenderText {#text} at (134,33) size 13x17
            text run at (134,33) width 13: " B"
        RenderBlock (anonymous) at (1,496) size 350x14
          RenderText {#text} at (0,-1) size 44x17
            text run at (0,-1) width 44: "cols=10"
        RenderBlock {DIV} at (1,510) size 352x36 [border: (1px solid #FF0000)]
          RenderText {#text} at (1,20) size 14x17
            text run at (1,20) width 14: "A "
          RenderText {#text} at (84,20) size 13x17
            text run at (84,20) width 13: " B"
        RenderBlock (anonymous) at (1,546) size 350x14
          RenderText {#text} at (0,-1) size 49x17
            text run at (0,-1) width 49: "rows=10"
        RenderBlock {DIV} at (1,560) size 352x140 [border: (1px solid #FF0000)]
          RenderText {#text} at (1,124) size 14x17
            text run at (1,124) width 14: "A "
          RenderText {#text} at (134,124) size 13x17
            text run at (134,124) width 13: " B"
        RenderBlock (anonymous) at (1,700) size 350x14
          RenderText {#text} at (0,-1) size 83x17
            text run at (0,-1) width 83: "cols=5 rows=4"
        RenderBlock {DIV} at (1,714) size 352x62 [border: (1px solid #FF0000)]
          RenderText {#text} at (1,46) size 14x17
            text run at (1,46) width 14: "A "
          RenderText {#text} at (59,46) size 13x17
            text run at (59,46) width 13: " B"
      RenderBlock (floating) {DIV} at (352,0) size 352x1028 [border: (1px solid #FF0000)]
        RenderBlock (anonymous) at (1,1) size 350x14
          RenderText {#text} at (0,-1) size 110x17
            text run at (0,-1) width 110: "style=\"width:60px\""
        RenderBlock {DIV} at (1,15) size 352x36 [border: (1px solid #FF0000)]
          RenderText {#text} at (1,20) size 14x17
            text run at (1,20) width 14: "A "
          RenderText {#text} at (75,20) size 13x17
            text run at (75,20) width 13: " B"
        RenderBlock (anonymous) at (1,51) size 350x14
          RenderText {#text} at (0,-1) size 191x17
            text run at (0,-1) width 191: "style=\"width:60px;padding:20px\""
        RenderBlock {DIV} at (1,65) size 352x74 [border: (1px solid #FF0000)]
          RenderText {#text} at (1,58) size 14x17
            text run at (1,58) width 14: "A "
          RenderText {#text} at (75,58) size 13x17
            text run at (75,58) width 13: " B"
        RenderBlock (anonymous) at (1,139) size 350x14
          RenderText {#text} at (0,-1) size 170x17
            text run at (0,-1) width 170: "style=\"width:60px;padding:0\""
        RenderBlock {DIV} at (1,153) size 352x34 [border: (1px solid #FF0000)]
          RenderText {#text} at (1,18) size 14x17
            text run at (1,18) width 14: "A "
          RenderText {#text} at (75,18) size 13x17
            text run at (75,18) width 13: " B"
        RenderBlock (anonymous) at (1,187) size 350x14
          RenderText {#text} at (0,-1) size 113x17
            text run at (0,-1) width 113: "style=\"height:60px\""
        RenderBlock {DIV} at (1,201) size 352x66 [border: (1px solid #FF0000)]
          RenderText {#text} at (1,50) size 14x17
            text run at (1,50) width 14: "A "
          RenderText {#text} at (134,50) size 13x17
            text run at (134,50) width 13: " B"
        RenderBlock (anonymous) at (1,267) size 350x14
          RenderText {#text} at (0,-1) size 181x17
            text run at (0,-1) width 181: "style=\"width:60px;height:60px\""
        RenderBlock {DIV} at (1,281) size 352x66 [border: (1px solid #FF0000)]
          RenderText {#text} at (1,50) size 14x17
            text run at (1,50) width 14: "A "
          RenderText {#text} at (75,50) size 13x17
            text run at (75,50) width 13: " B"
        RenderBlock (anonymous) at (1,347) size 350x14
          RenderText {#text} at (0,-1) size 139x17
            text run at (0,-1) width 139: "style=\"overflow:hidden\""
        RenderBlock {DIV} at (1,361) size 352x36 [border: (1px solid #FF0000)]
          RenderText {#text} at (1,20) size 14x17
            text run at (1,20) width 14: "A "
          RenderText {#text} at (119,20) size 13x17
            text run at (119,20) width 13: " B"
        RenderBlock (anonymous) at (1,397) size 350x14
          RenderText {#text} at (0,-1) size 132x17
            text run at (0,-1) width 132: "style=\"overflow:scroll\""
        RenderBlock {DIV} at (1,411) size 352x51 [border: (1px solid #FF0000)]
          RenderText {#text} at (1,35) size 14x17
            text run at (1,35) width 14: "A "
          RenderText {#text} at (134,35) size 13x17
            text run at (134,35) width 13: " B"
        RenderBlock (anonymous) at (1,462) size 350x14
          RenderText {#text} at (0,-1) size 278x17
            text run at (0,-1) width 278: "style=\"overflow:hidden;width:60px;height:60px\""
        RenderBlock {DIV} at (1,476) size 352x66 [border: (1px solid #FF0000)]
          RenderText {#text} at (1,50) size 14x17
            text run at (1,50) width 14: "A "
          RenderText {#text} at (75,50) size 13x17
            text run at (75,50) width 13: " B"
        RenderBlock (anonymous) at (1,542) size 350x14
          RenderText {#text} at (0,-1) size 271x17
            text run at (0,-1) width 271: "style=\"overflow:scroll;width:60px;height:60px\""
        RenderBlock {DIV} at (1,556) size 352x66 [border: (1px solid #FF0000)]
          RenderText {#text} at (1,50) size 14x17
            text run at (1,50) width 14: "A "
          RenderText {#text} at (75,50) size 13x17
            text run at (75,50) width 13: " B"
        RenderBlock (anonymous) at (1,622) size 350x14
          RenderText {#text} at (0,-1) size 222x17
            text run at (0,-1) width 222: "cols=5 style=\"width:60px;height:60px\""
        RenderBlock {DIV} at (1,636) size 352x66 [border: (1px solid #FF0000)]
          RenderText {#text} at (1,50) size 14x17
            text run at (1,50) width 14: "A "
          RenderText {#text} at (75,50) size 13x17
            text run at (75,50) width 13: " B"
        RenderBlock (anonymous) at (1,702) size 350x14
          RenderText {#text} at (0,-1) size 227x17
            text run at (0,-1) width 227: "rows=4 style=\"width:60px;height:60px\""
        RenderBlock {DIV} at (1,716) size 352x66 [border: (1px solid #FF0000)]
          RenderText {#text} at (1,50) size 14x17
            text run at (1,50) width 14: "A "
          RenderText {#text} at (75,50) size 13x17
            text run at (75,50) width 13: " B"
        RenderBlock (anonymous) at (1,782) size 350x14
          RenderText {#text} at (0,-1) size 268x17
            text run at (0,-1) width 268: "cols=5 rows=4 style=\"width:60px;height:60px\""
        RenderBlock {DIV} at (1,796) size 352x66 [border: (1px solid #FF0000)]
          RenderText {#text} at (1,50) size 14x17
            text run at (1,50) width 14: "A "
          RenderText {#text} at (75,50) size 13x17
            text run at (75,50) width 13: " B"
        RenderBlock (anonymous) at (1,862) size 350x14
          RenderText {#text} at (0,-1) size 65x17
            text run at (0,-1) width 65: "wrap=\"off\""
        RenderBlock {DIV} at (1,876) size 352x51 [border: (1px solid #FF0000)]
          RenderText {#text} at (1,35) size 14x17
            text run at (1,35) width 14: "A "
          RenderText {#text} at (134,35) size 13x17
            text run at (134,35) width 4: " "
            text run at (138,35) width 9: "B"
        RenderBlock (anonymous) at (1,927) size 350x14
          RenderText {#text} at (0,-1) size 73x17
            text run at (0,-1) width 73: "wrap=\"hard\""
        RenderBlock {DIV} at (1,941) size 352x36 [border: (1px solid #FF0000)]
          RenderText {#text} at (1,20) size 14x17
            text run at (1,20) width 14: "A "
          RenderText {#text} at (134,20) size 13x17
            text run at (134,20) width 4: " "
            text run at (138,20) width 9: "B"
        RenderBlock (anonymous) at (1,977) size 350x14
          RenderText {#text} at (0,-1) size 69x17
            text run at (0,-1) width 69: "wrap=\"soft\""
        RenderBlock {DIV} at (1,991) size 352x36 [border: (1px solid #FF0000)]
          RenderText {#text} at (1,20) size 14x17
            text run at (1,20) width 14: "A "
          RenderText {#text} at (134,20) size 13x17
            text run at (134,20) width 4: " "
            text run at (138,20) width 9: "B"
layer at (24,25) size 119x30 clip at (25,26) size 117x28
  RenderTextControl {TEXTAREA} at (15,2) size 119x30 [bgcolor=#FFFFFF] [border: (1px solid #000000)]
    RenderBlock {DIV} at (3,3) size 98x26
      RenderText {#text} at (0,0) size 84x26
        text run at (0,0) width 84: "Lorem ipsum "
        text run at (0,13) width 35: "dolor"
layer at (24,75) size 119x30 clip at (25,76) size 102x28 scrollHeight 80
  RenderTextControl {TEXTAREA} at (15,2) size 119x30 [bgcolor=#FFFFFF] [border: (1px solid #000000)]
    RenderBlock {DIV} at (3,3) size 98x78
      RenderText {#text} at (0,0) size 98x78
        text run at (0,0) width 84: "Lorem ipsum "
        text run at (0,13) width 42: "dolor "
        text run at (0,26) width 98: "ABCDEFGHIJKLMN"
        text run at (0,39) width 91: "OPQRSTUVWXYZ "
        text run at (0,52) width 98: "abcdefghijklmn"
        text run at (0,65) width 63: "opqrstuv "
layer at (24,125) size 119x30 clip at (25,126) size 102x28 scrollHeight 80
  RenderTextControl {TEXTAREA} at (15,2) size 119x30 [bgcolor=#EBEBE4] [border: (1px solid #000000)]
    RenderBlock {DIV} at (3,3) size 98x78 [color=#545454]
      RenderText {#text} at (0,0) size 98x78
        text run at (0,0) width 84: "Lorem ipsum "
        text run at (0,13) width 42: "dolor "
        text run at (0,26) width 98: "ABCDEFGHIJKLMN"
        text run at (0,39) width 91: "OPQRSTUVWXYZ "
        text run at (0,52) width 98: "abcdefghijklmn"
        text run at (0,65) width 63: "opqrstuv "
layer at (24,175) size 137x48 clip at (25,176) size 120x46 scrollHeight 88
  RenderTextControl {TEXTAREA} at (15,2) size 137x48 [bgcolor=#FFFFFF] [border: (1px solid #000000)]
    RenderBlock {DIV} at (11,11) size 98x78
      RenderText {#text} at (0,0) size 98x78
        text run at (0,0) width 84: "Lorem ipsum "
        text run at (0,13) width 42: "dolor "
        text run at (0,26) width 98: "ABCDEFGHIJKLMN"
        text run at (0,39) width 91: "OPQRSTUVWXYZ "
        text run at (0,52) width 98: "abcdefghijklmn"
        text run at (0,65) width 63: "opqrstuv "
layer at (24,243) size 117x28 clip at (25,244) size 100x26 scrollHeight 78
  RenderTextControl {TEXTAREA} at (15,2) size 117x28 [bgcolor=#FFFFFF] [border: (1px solid #000000)]
    RenderBlock {DIV} at (1,1) size 98x78
      RenderText {#text} at (0,0) size 98x78
        text run at (0,0) width 84: "Lorem ipsum "
        text run at (0,13) width 42: "dolor "
        text run at (0,26) width 98: "ABCDEFGHIJKLMN"
        text run at (0,39) width 91: "OPQRSTUVWXYZ "
        text run at (0,52) width 98: "abcdefghijklmn"
        text run at (0,65) width 63: "opqrstuv "
layer at (34,300) size 119x30 clip at (35,301) size 102x28 scrollHeight 80
  RenderTextControl {TEXTAREA} at (25,11) size 119x30 [bgcolor=#FFFFFF] [border: (1px solid #000000)]
    RenderBlock {DIV} at (3,3) size 98x78
      RenderText {#text} at (0,0) size 98x78
        text run at (0,0) width 84: "Lorem ipsum "
        text run at (0,13) width 42: "dolor "
        text run at (0,26) width 98: "ABCDEFGHIJKLMN"
        text run at (0,39) width 91: "OPQRSTUVWXYZ "
        text run at (0,52) width 98: "abcdefghijklmn"
        text run at (0,65) width 63: "opqrstuv "
layer at (24,358) size 119x30 clip at (25,359) size 102x28 scrollHeight 80
  RenderTextControl {TEXTAREA} at (15,1) size 119x30 [bgcolor=#FFFFFF] [border: (1px solid #000000)]
    RenderBlock {DIV} at (3,3) size 98x78
      RenderText {#text} at (0,0) size 98x78
        text run at (0,0) width 84: "Lorem ipsum "
        text run at (0,13) width 42: "dolor "
        text run at (0,26) width 98: "ABCDEFGHIJKLMN"
        text run at (0,39) width 91: "OPQRSTUVWXYZ "
        text run at (0,52) width 98: "abcdefghijklmn"
        text run at (0,65) width 63: "opqrstuv "
layer at (24,407) size 34x30 clip at (25,408) size 17x28 scrollHeight 821
  RenderTextControl {TEXTAREA} at (15,2) size 34x30 [bgcolor=#FFFFFF] [border: (1px solid #000000)]
    RenderBlock {DIV} at (3,3) size 13x819
      RenderText {#text} at (0,0) size 13x819
        text run at (0,0) width 7: "L"
        text run at (0,13) width 7: "o"
        text run at (0,26) width 7: "r"
        text run at (0,39) width 7: "e"
        text run at (0,52) width 13: "m "
        text run at (0,65) width 7: "i"
        text run at (0,78) width 7: "p"
        text run at (0,91) width 7: "s"
        text run at (0,104) width 7: "u"
        text run at (0,117) width 13: "m "
        text run at (0,130) width 7: "d"
        text run at (0,143) width 7: "o"
        text run at (0,156) width 7: "l"
        text run at (0,169) width 7: "o"
        text run at (0,182) width 13: "r "
        text run at (0,195) width 7: "A"
        text run at (0,208) width 7: "B"
        text run at (0,221) width 7: "C"
        text run at (0,234) width 7: "D"
        text run at (0,247) width 7: "E"
        text run at (0,260) width 7: "F"
        text run at (0,273) width 7: "G"
        text run at (0,286) width 7: "H"
        text run at (0,299) width 7: "I"
        text run at (0,312) width 7: "J"
        text run at (0,325) width 7: "K"
        text run at (0,338) width 7: "L"
        text run at (0,351) width 7: "M"
        text run at (0,364) width 7: "N"
        text run at (0,377) width 7: "O"
        text run at (0,390) width 7: "P"
        text run at (0,403) width 7: "Q"
        text run at (0,416) width 7: "R"
        text run at (0,429) width 7: "S"
        text run at (0,442) width 7: "T"
        text run at (0,455) width 7: "U"
        text run at (0,468) width 7: "V"
        text run at (0,481) width 7: "W"
        text run at (0,494) width 7: "X"
        text run at (0,507) width 7: "Y"
        text run at (0,520) width 13: "Z "
        text run at (0,533) width 7: "a"
        text run at (0,546) width 7: "b"
        text run at (0,559) width 7: "c"
        text run at (0,572) width 7: "d"
        text run at (0,585) width 7: "e"
        text run at (0,598) width 7: "f"
        text run at (0,611) width 7: "g"
        text run at (0,624) width 7: "h"
        text run at (0,637) width 7: "i"
        text run at (0,650) width 7: "j"
        text run at (0,663) width 7: "k"
        text run at (0,676) width 7: "l"
        text run at (0,689) width 7: "m"
        text run at (0,702) width 7: "n"
        text run at (0,715) width 7: "o"
        text run at (0,728) width 7: "p"
        text run at (0,741) width 7: "q"
        text run at (0,754) width 7: "r"
        text run at (0,767) width 7: "s"
        text run at (0,780) width 7: "t"
        text run at (0,793) width 7: "u"
        text run at (0,806) width 7: "v"
layer at (24,457) size 119x43 clip at (25,458) size 102x41 scrollHeight 80
  RenderTextControl {TEXTAREA} at (15,2) size 119x43 [bgcolor=#FFFFFF] [border: (1px solid #000000)]
    RenderBlock {DIV} at (3,3) size 98x78
      RenderText {#text} at (0,0) size 98x78
        text run at (0,0) width 84: "Lorem ipsum "
        text run at (0,13) width 42: "dolor "
        text run at (0,26) width 98: "ABCDEFGHIJKLMN"
        text run at (0,39) width 91: "OPQRSTUVWXYZ "
        text run at (0,52) width 98: "abcdefghijklmn"
        text run at (0,65) width 63: "opqrstuv "
layer at (24,520) size 69x30 clip at (25,521) size 52x28 scrollHeight 158
  RenderTextControl {TEXTAREA} at (15,2) size 69x30 [bgcolor=#FFFFFF] [border: (1px solid #000000)]
    RenderBlock {DIV} at (3,3) size 48x156
      RenderText {#text} at (0,0) size 42x156
        text run at (0,0) width 42: "Lorem "
        text run at (0,13) width 42: "ipsum "
        text run at (0,26) width 42: "dolor "
        text run at (0,39) width 42: "ABCDEF"
        text run at (0,52) width 42: "GHIJKL"
        text run at (0,65) width 42: "MNOPQR"
        text run at (0,78) width 42: "STUVWX"
        text run at (0,91) width 21: "YZ "
        text run at (0,104) width 42: "abcdef"
        text run at (0,117) width 42: "ghijkl"
        text run at (0,130) width 42: "mnopqr"
        text run at (0,143) width 35: "stuv "
layer at (24,570) size 119x134 clip at (25,571) size 117x132
  RenderTextControl {TEXTAREA} at (15,2) size 119x134 [bgcolor=#FFFFFF] [border: (1px solid #000000)]
    RenderBlock {DIV} at (3,3) size 98x78
      RenderText {#text} at (0,0) size 98x78
        text run at (0,0) width 84: "Lorem ipsum "
        text run at (0,13) width 42: "dolor "
        text run at (0,26) width 98: "ABCDEFGHIJKLMN"
        text run at (0,39) width 91: "OPQRSTUVWXYZ "
        text run at (0,52) width 98: "abcdefghijklmn"
        text run at (0,65) width 63: "opqrstuv "
layer at (24,724) size 44x56 clip at (25,725) size 27x54 scrollHeight 301
  RenderTextControl {TEXTAREA} at (15,2) size 44x56 [bgcolor=#FFFFFF] [border: (1px solid #000000)]
    RenderBlock {DIV} at (3,3) size 23x299
      RenderText {#text} at (0,0) size 21x299
        text run at (0,0) width 21: "Lor"
        text run at (0,13) width 21: "em "
        text run at (0,26) width 21: "ips"
        text run at (0,39) width 21: "um "
        text run at (0,52) width 21: "dol"
        text run at (0,65) width 21: "or "
        text run at (0,78) width 21: "ABC"
        text run at (0,91) width 21: "DEF"
        text run at (0,104) width 21: "GHI"
        text run at (0,117) width 21: "JKL"
        text run at (0,130) width 21: "MNO"
        text run at (0,143) width 21: "PQR"
        text run at (0,156) width 21: "STU"
        text run at (0,169) width 21: "VWX"
        text run at (0,182) width 21: "YZ "
        text run at (0,195) width 21: "abc"
        text run at (0,208) width 21: "def"
        text run at (0,221) width 21: "ghi"
        text run at (0,234) width 21: "jkl"
        text run at (0,247) width 21: "mno"
        text run at (0,260) width 21: "pqr"
        text run at (0,273) width 21: "stu"
        text run at (0,286) width 14: "v "
layer at (376,25) size 60x30 clip at (377,26) size 43x28 scrollHeight 184
  RenderTextControl {TEXTAREA} at (15,2) size 60x30 [bgcolor=#FFFFFF] [border: (1px solid #000000)]
    RenderBlock {DIV} at (3,3) size 39x182
      RenderText {#text} at (0,0) size 39x182
        text run at (0,0) width 39: "Lorem "
        text run at (0,13) width 39: "ipsum "
        text run at (0,26) width 39: "dolor "
        text run at (0,39) width 35: "ABCDE"
        text run at (0,52) width 35: "FGHIJ"
        text run at (0,65) width 35: "KLMNO"
        text run at (0,78) width 35: "PQRST"
        text run at (0,91) width 35: "UVWXY"
        text run at (0,104) width 14: "Z "
        text run at (0,117) width 35: "abcde"
        text run at (0,130) width 35: "fghij"
        text run at (0,143) width 35: "klmno"
        text run at (0,156) width 35: "pqrst"
        text run at (0,169) width 21: "uv "
layer at (376,75) size 60x68 clip at (377,76) size 43x66 scrollHeight 839
  RenderTextControl {TEXTAREA} at (15,2) size 60x68 [bgcolor=#FFFFFF] [border: (1px solid #000000)]
    RenderBlock {DIV} at (21,21) size 1x819
      RenderText {#text} at (0,0) size 1x819
        text run at (0,0) width 1: "L"
        text run at (0,13) width 1: "o"
        text run at (0,26) width 1: "r"
        text run at (0,39) width 1: "e"
        text run at (0,52) width 1: "m"
        text run at (0,65) width 1: "i"
        text run at (0,78) width 1: "p"
        text run at (0,91) width 1: "s"
        text run at (0,104) width 1: "u"
        text run at (0,117) width 1: "m"
        text run at (0,130) width 1: "d"
        text run at (0,143) width 1: "o"
        text run at (0,156) width 1: "l"
        text run at (0,169) width 1: "o"
        text run at (0,182) width 1: "r"
        text run at (0,195) width 1: "A"
        text run at (0,208) width 1: "B"
        text run at (0,221) width 1: "C"
        text run at (0,234) width 1: "D"
        text run at (0,247) width 1: "E"
        text run at (0,260) width 1: "F"
        text run at (0,273) width 1: "G"
        text run at (0,286) width 1: "H"
        text run at (0,299) width 1: "I"
        text run at (0,312) width 1: "J"
        text run at (0,325) width 1: "K"
        text run at (0,338) width 1: "L"
        text run at (0,351) width 1: "M"
        text run at (0,364) width 1: "N"
        text run at (0,377) width 1: "O"
        text run at (0,390) width 1: "P"
        text run at (0,403) width 1: "Q"
        text run at (0,416) width 1: "R"
        text run at (0,429) width 1: "S"
        text run at (0,442) width 1: "T"
        text run at (0,455) width 1: "U"
        text run at (0,468) width 1: "V"
        text run at (0,481) width 1: "W"
        text run at (0,494) width 1: "X"
        text run at (0,507) width 1: "Y"
        text run at (0,520) width 1: "Z"
        text run at (0,533) width 1: "a"
        text run at (0,546) width 1: "b"
        text run at (0,559) width 1: "c"
        text run at (0,572) width 1: "d"
        text run at (0,585) width 1: "e"
        text run at (0,598) width 1: "f"
        text run at (0,611) width 1: "g"
        text run at (0,624) width 1: "h"
        text run at (0,637) width 1: "i"
        text run at (0,650) width 1: "j"
        text run at (0,663) width 1: "k"
        text run at (0,676) width 1: "l"
        text run at (0,689) width 1: "m"
        text run at (0,702) width 1: "n"
        text run at (0,715) width 1: "o"
        text run at (0,728) width 1: "p"
        text run at (0,741) width 1: "q"
        text run at (0,754) width 1: "r"
        text run at (0,767) width 1: "s"
        text run at (0,780) width 1: "t"
        text run at (0,793) width 1: "u"
        text run at (0,806) width 1: "v"
layer at (376,163) size 60x28 clip at (377,164) size 43x26 scrollHeight 182
  RenderTextControl {TEXTAREA} at (15,2) size 60x28 [bgcolor=#FFFFFF] [border: (1px solid #000000)]
    RenderBlock {DIV} at (1,1) size 41x182
      RenderText {#text} at (0,0) size 41x182
        text run at (0,0) width 41: "Lorem "
        text run at (0,13) width 41: "ipsum "
        text run at (0,26) width 41: "dolor "
        text run at (0,39) width 35: "ABCDE"
        text run at (0,52) width 35: "FGHIJ"
        text run at (0,65) width 35: "KLMNO"
        text run at (0,78) width 35: "PQRST"
        text run at (0,91) width 35: "UVWXY"
        text run at (0,104) width 14: "Z "
        text run at (0,117) width 35: "abcde"
        text run at (0,130) width 35: "fghij"
        text run at (0,143) width 35: "klmno"
        text run at (0,156) width 35: "pqrst"
        text run at (0,169) width 21: "uv "
layer at (376,211) size 119x60 clip at (377,212) size 102x58 scrollHeight 80
  RenderTextControl {TEXTAREA} at (15,2) size 119x60 [bgcolor=#FFFFFF] [border: (1px solid #000000)]
    RenderBlock {DIV} at (3,3) size 98x78
      RenderText {#text} at (0,0) size 98x78
        text run at (0,0) width 84: "Lorem ipsum "
        text run at (0,13) width 42: "dolor "
        text run at (0,26) width 98: "ABCDEFGHIJKLMN"
        text run at (0,39) width 91: "OPQRSTUVWXYZ "
        text run at (0,52) width 98: "abcdefghijklmn"
        text run at (0,65) width 63: "opqrstuv "
layer at (376,291) size 60x60 clip at (377,292) size 43x58 scrollHeight 184
  RenderTextControl {TEXTAREA} at (15,2) size 60x60 [bgcolor=#FFFFFF] [border: (1px solid #000000)]
    RenderBlock {DIV} at (3,3) size 39x182
      RenderText {#text} at (0,0) size 39x182
        text run at (0,0) width 39: "Lorem "
        text run at (0,13) width 39: "ipsum "
        text run at (0,26) width 39: "dolor "
        text run at (0,39) width 35: "ABCDE"
        text run at (0,52) width 35: "FGHIJ"
        text run at (0,65) width 35: "KLMNO"
        text run at (0,78) width 35: "PQRST"
        text run at (0,91) width 35: "UVWXY"
        text run at (0,104) width 14: "Z "
        text run at (0,117) width 35: "abcde"
        text run at (0,130) width 35: "fghij"
        text run at (0,143) width 35: "klmno"
        text run at (0,156) width 35: "pqrst"
        text run at (0,169) width 21: "uv "
layer at (376,371) size 104x30 clip at (377,372) size 102x28 scrollHeight 80
  RenderTextControl {TEXTAREA} at (15,2) size 104x30 [bgcolor=#FFFFFF] [border: (1px solid #000000)]
    RenderBlock {DIV} at (3,3) size 98x78
      RenderText {#text} at (0,0) size 98x78
        text run at (0,0) width 84: "Lorem ipsum "
        text run at (0,13) width 42: "dolor "
        text run at (0,26) width 98: "ABCDEFGHIJKLMN"
        text run at (0,39) width 91: "OPQRSTUVWXYZ "
        text run at (0,52) width 98: "abcdefghijklmn"
        text run at (0,65) width 63: "opqrstuv "
layer at (376,421) size 119x45 clip at (377,422) size 102x28 scrollHeight 80
  RenderTextControl {TEXTAREA} at (15,2) size 119x45 [bgcolor=#FFFFFF] [border: (1px solid #000000)]
    RenderBlock {DIV} at (3,3) size 98x78
      RenderText {#text} at (0,0) size 98x78
        text run at (0,0) width 84: "Lorem ipsum "
        text run at (0,13) width 42: "dolor "
        text run at (0,26) width 98: "ABCDEFGHIJKLMN"
        text run at (0,39) width 91: "OPQRSTUVWXYZ "
        text run at (0,52) width 98: "abcdefghijklmn"
        text run at (0,65) width 63: "opqrstuv "
layer at (376,486) size 60x60 clip at (377,487) size 58x58 scrollHeight 145
  RenderTextControl {TEXTAREA} at (15,2) size 60x60 [bgcolor=#FFFFFF] [border: (1px solid #000000)]
    RenderBlock {DIV} at (3,3) size 54x143
      RenderText {#text} at (0,0) size 49x143
        text run at (0,0) width 42: "Lorem "
        text run at (0,13) width 42: "ipsum "
        text run at (0,26) width 42: "dolor "
        text run at (0,39) width 49: "ABCDEFG"
        text run at (0,52) width 49: "HIJKLMN"
        text run at (0,65) width 49: "OPQRSTU"
        text run at (0,78) width 42: "VWXYZ "
        text run at (0,91) width 49: "abcdefg"
        text run at (0,104) width 49: "hijklmn"
        text run at (0,117) width 49: "opqrstu"
        text run at (0,130) width 14: "v "
layer at (376,566) size 60x60 clip at (377,567) size 43x43 scrollHeight 184
  RenderTextControl {TEXTAREA} at (15,2) size 60x60 [bgcolor=#FFFFFF] [border: (1px solid #000000)]
    RenderBlock {DIV} at (3,3) size 39x182
      RenderText {#text} at (0,0) size 39x182
        text run at (0,0) width 39: "Lorem "
        text run at (0,13) width 39: "ipsum "
        text run at (0,26) width 39: "dolor "
        text run at (0,39) width 35: "ABCDE"
        text run at (0,52) width 35: "FGHIJ"
        text run at (0,65) width 35: "KLMNO"
        text run at (0,78) width 35: "PQRST"
        text run at (0,91) width 35: "UVWXY"
        text run at (0,104) width 14: "Z "
        text run at (0,117) width 35: "abcde"
        text run at (0,130) width 35: "fghij"
        text run at (0,143) width 35: "klmno"
        text run at (0,156) width 35: "pqrst"
        text run at (0,169) width 21: "uv "
layer at (376,646) size 60x60 clip at (377,647) size 43x58 scrollHeight 184
  RenderTextControl {TEXTAREA} at (15,2) size 60x60 [bgcolor=#FFFFFF] [border: (1px solid #000000)]
    RenderBlock {DIV} at (3,3) size 39x182
      RenderText {#text} at (0,0) size 39x182
        text run at (0,0) width 39: "Lorem "
        text run at (0,13) width 39: "ipsum "
        text run at (0,26) width 39: "dolor "
        text run at (0,39) width 35: "ABCDE"
        text run at (0,52) width 35: "FGHIJ"
        text run at (0,65) width 35: "KLMNO"
        text run at (0,78) width 35: "PQRST"
        text run at (0,91) width 35: "UVWXY"
        text run at (0,104) width 14: "Z "
        text run at (0,117) width 35: "abcde"
        text run at (0,130) width 35: "fghij"
        text run at (0,143) width 35: "klmno"
        text run at (0,156) width 35: "pqrst"
        text run at (0,169) width 21: "uv "
layer at (376,726) size 60x60 clip at (377,727) size 43x58 scrollHeight 184
  RenderTextControl {TEXTAREA} at (15,2) size 60x60 [bgcolor=#FFFFFF] [border: (1px solid #000000)]
    RenderBlock {DIV} at (3,3) size 39x182
      RenderText {#text} at (0,0) size 39x182
        text run at (0,0) width 39: "Lorem "
        text run at (0,13) width 39: "ipsum "
        text run at (0,26) width 39: "dolor "
        text run at (0,39) width 35: "ABCDE"
        text run at (0,52) width 35: "FGHIJ"
        text run at (0,65) width 35: "KLMNO"
        text run at (0,78) width 35: "PQRST"
        text run at (0,91) width 35: "UVWXY"
        text run at (0,104) width 14: "Z "
        text run at (0,117) width 35: "abcde"
        text run at (0,130) width 35: "fghij"
        text run at (0,143) width 35: "klmno"
        text run at (0,156) width 35: "pqrst"
        text run at (0,169) width 21: "uv "
layer at (376,806) size 60x60 clip at (377,807) size 43x58 scrollHeight 184
  RenderTextControl {TEXTAREA} at (15,2) size 60x60 [bgcolor=#FFFFFF] [border: (1px solid #000000)]
    RenderBlock {DIV} at (3,3) size 39x182
      RenderText {#text} at (0,0) size 39x182
        text run at (0,0) width 39: "Lorem "
        text run at (0,13) width 39: "ipsum "
        text run at (0,26) width 39: "dolor "
        text run at (0,39) width 35: "ABCDE"
        text run at (0,52) width 35: "FGHIJ"
        text run at (0,65) width 35: "KLMNO"
        text run at (0,78) width 35: "PQRST"
        text run at (0,91) width 35: "UVWXY"
        text run at (0,104) width 14: "Z "
        text run at (0,117) width 35: "abcde"
        text run at (0,130) width 35: "fghij"
        text run at (0,143) width 35: "klmno"
        text run at (0,156) width 35: "pqrst"
        text run at (0,169) width 21: "uv "
layer at (376,886) size 119x45 clip at (377,887) size 102x28 scrollWidth 254 scrollHeight 210
  RenderTextControl {TEXTAREA} at (15,2) size 119x45 [bgcolor=#FFFFFF] [border: (1px solid #000000)]
    RenderBlock {DIV} at (3,3) size 98x208
      RenderText {#text} at (0,0) size 252x195
        text run at (0,0) width 7: " "
        text run at (7,0) width 0: " "
        text run at (0,13) width 252: "This is a text area with wrap=\"soft\""
        text run at (252,13) width 0: " "
        text run at (0,26) width 252: "This is a text area with wrap=\"soft\""
        text run at (252,26) width 0: " "
        text run at (0,39) width 252: "This is a text area with wrap=\"soft\""
        text run at (252,39) width 0: " "
        text run at (0,52) width 252: "This is a text area with wrap=\"soft\""
        text run at (252,52) width 0: " "
        text run at (0,65) width 252: "This is a text area with wrap=\"soft\""
        text run at (252,65) width 0: " "
        text run at (0,78) width 252: "This is a text area with wrap=\"soft\""
        text run at (252,78) width 0: " "
        text run at (0,91) width 252: "This is a text area with wrap=\"soft\""
        text run at (252,91) width 0: " "
        text run at (0,104) width 252: "This is a text area with wrap=\"soft\""
        text run at (252,104) width 0: " "
        text run at (0,117) width 252: "This is a text area with wrap=\"soft\""
        text run at (252,117) width 0: " "
        text run at (0,130) width 252: "This is a text area with wrap=\"soft\""
        text run at (252,130) width 0: " "
        text run at (0,143) width 252: "This is a text area with wrap=\"soft\""
        text run at (252,143) width 0: " "
        text run at (0,156) width 252: "This is a text area with wrap=\"soft\""
        text run at (252,156) width 0: " "
        text run at (0,169) width 252: "This is a text area with wrap=\"soft\""
        text run at (252,169) width 0: " "
        text run at (0,182) width 252: "This is a text area with wrap=\"soft\""
        text run at (252,182) width 0: " "
      RenderBR {BR} at (0,195) size 0x13
layer at (376,951) size 119x30 clip at (377,952) size 102x28 scrollHeight 574
  RenderTextControl {TEXTAREA} at (15,2) size 119x30 [bgcolor=#FFFFFF] [border: (1px solid #000000)]
    RenderBlock {DIV} at (3,3) size 98x572
      RenderText {#text} at (0,0) size 98x559
        text run at (0,0) width 7: " "
        text run at (7,0) width 0: " "
        text run at (0,13) width 98: "This is a text"
        text run at (98,13) width 0: " "
        text run at (0,26) width 70: "area with "
        text run at (0,39) width 77: "wrap=\"soft\""
        text run at (77,39) width 0: " "
        text run at (0,52) width 98: "This is a text"
        text run at (98,52) width 0: " "
        text run at (0,65) width 70: "area with "
        text run at (0,78) width 77: "wrap=\"soft\""
        text run at (77,78) width 0: " "
        text run at (0,91) width 98: "This is a text"
        text run at (98,91) width 0: " "
        text run at (0,104) width 70: "area with "
        text run at (0,117) width 77: "wrap=\"soft\""
        text run at (77,117) width 0: " "
        text run at (0,130) width 98: "This is a text"
        text run at (98,130) width 0: " "
        text run at (0,143) width 70: "area with "
        text run at (0,156) width 77: "wrap=\"soft\""
        text run at (77,156) width 0: " "
        text run at (0,169) width 98: "This is a text"
        text run at (98,169) width 0: " "
        text run at (0,182) width 70: "area with "
        text run at (0,195) width 77: "wrap=\"soft\""
        text run at (77,195) width 0: " "
        text run at (0,208) width 98: "This is a text"
        text run at (98,208) width 0: " "
        text run at (0,221) width 70: "area with "
        text run at (0,234) width 77: "wrap=\"soft\""
        text run at (77,234) width 0: " "
        text run at (0,247) width 98: "This is a text"
        text run at (98,247) width 0: " "
        text run at (0,260) width 70: "area with "
        text run at (0,273) width 77: "wrap=\"soft\""
        text run at (77,273) width 0: " "
        text run at (0,286) width 98: "This is a text"
        text run at (98,286) width 0: " "
        text run at (0,299) width 70: "area with "
        text run at (0,312) width 77: "wrap=\"soft\""
        text run at (77,312) width 0: " "
        text run at (0,325) width 98: "This is a text"
        text run at (98,325) width 0: " "
        text run at (0,338) width 70: "area with "
        text run at (0,351) width 77: "wrap=\"soft\""
        text run at (77,351) width 0: " "
        text run at (0,364) width 98: "This is a text"
        text run at (98,364) width 0: " "
        text run at (0,377) width 70: "area with "
        text run at (0,390) width 77: "wrap=\"soft\""
        text run at (77,390) width 0: " "
        text run at (0,403) width 98: "This is a text"
        text run at (98,403) width 0: " "
        text run at (0,416) width 70: "area with "
        text run at (0,429) width 77: "wrap=\"soft\""
        text run at (77,429) width 0: " "
        text run at (0,442) width 98: "This is a text"
        text run at (98,442) width 0: " "
        text run at (0,455) width 70: "area with "
        text run at (0,468) width 77: "wrap=\"soft\""
        text run at (77,468) width 0: " "
        text run at (0,481) width 98: "This is a text"
        text run at (98,481) width 0: " "
        text run at (0,494) width 70: "area with "
        text run at (0,507) width 77: "wrap=\"soft\""
        text run at (77,507) width 0: " "
        text run at (0,520) width 98: "This is a text"
        text run at (98,520) width 0: " "
        text run at (0,533) width 70: "area with "
        text run at (0,546) width 77: "wrap=\"soft\""
        text run at (77,546) width 0: " "
      RenderBR {BR} at (0,559) size 0x13
layer at (376,1001) size 119x30 clip at (377,1002) size 102x28 scrollHeight 574
  RenderTextControl {TEXTAREA} at (15,2) size 119x30 [bgcolor=#FFFFFF] [border: (1px solid #000000)]
    RenderBlock {DIV} at (3,3) size 98x572
      RenderText {#text} at (0,0) size 98x559
        text run at (0,0) width 7: " "
        text run at (7,0) width 0: " "
        text run at (0,13) width 98: "This is a text"
        text run at (98,13) width 0: " "
        text run at (0,26) width 70: "area with "
        text run at (0,39) width 77: "wrap=\"soft\""
        text run at (77,39) width 0: " "
        text run at (0,52) width 98: "This is a text"
        text run at (98,52) width 0: " "
        text run at (0,65) width 70: "area with "
        text run at (0,78) width 77: "wrap=\"soft\""
        text run at (77,78) width 0: " "
        text run at (0,91) width 98: "This is a text"
        text run at (98,91) width 0: " "
        text run at (0,104) width 70: "area with "
        text run at (0,117) width 77: "wrap=\"soft\""
        text run at (77,117) width 0: " "
        text run at (0,130) width 98: "This is a text"
        text run at (98,130) width 0: " "
        text run at (0,143) width 70: "area with "
        text run at (0,156) width 77: "wrap=\"soft\""
        text run at (77,156) width 0: " "
        text run at (0,169) width 98: "This is a text"
        text run at (98,169) width 0: " "
        text run at (0,182) width 70: "area with "
        text run at (0,195) width 77: "wrap=\"soft\""
        text run at (77,195) width 0: " "
        text run at (0,208) width 98: "This is a text"
        text run at (98,208) width 0: " "
        text run at (0,221) width 70: "area with "
        text run at (0,234) width 77: "wrap=\"soft\""
        text run at (77,234) width 0: " "
        text run at (0,247) width 98: "This is a text"
        text run at (98,247) width 0: " "
        text run at (0,260) width 70: "area with "
        text run at (0,273) width 77: "wrap=\"soft\""
        text run at (77,273) width 0: " "
        text run at (0,286) width 98: "This is a text"
        text run at (98,286) width 0: " "
        text run at (0,299) width 70: "area with "
        text run at (0,312) width 77: "wrap=\"soft\""
        text run at (77,312) width 0: " "
        text run at (0,325) width 98: "This is a text"
        text run at (98,325) width 0: " "
        text run at (0,338) width 70: "area with "
        text run at (0,351) width 77: "wrap=\"soft\""
        text run at (77,351) width 0: " "
        text run at (0,364) width 98: "This is a text"
        text run at (98,364) width 0: " "
        text run at (0,377) width 70: "area with "
        text run at (0,390) width 77: "wrap=\"soft\""
        text run at (77,390) width 0: " "
        text run at (0,403) width 98: "This is a text"
        text run at (98,403) width 0: " "
        text run at (0,416) width 70: "area with "
        text run at (0,429) width 77: "wrap=\"soft\""
        text run at (77,429) width 0: " "
        text run at (0,442) width 98: "This is a text"
        text run at (98,442) width 0: " "
        text run at (0,455) width 70: "area with "
        text run at (0,468) width 77: "wrap=\"soft\""
        text run at (77,468) width 0: " "
        text run at (0,481) width 98: "This is a text"
        text run at (98,481) width 0: " "
        text run at (0,494) width 70: "area with "
        text run at (0,507) width 77: "wrap=\"soft\""
        text run at (77,507) width 0: " "
        text run at (0,520) width 98: "This is a text"
        text run at (98,520) width 0: " "
        text run at (0,533) width 70: "area with "
        text run at (0,546) width 77: "wrap=\"soft\""
        text run at (77,546) width 0: " "
      RenderBR {BR} at (0,559) size 0x13
