layer at (0,0) size 800x600
  RenderView at (0,0) size 800x600
layer at (0,0) size 800x600
  RenderBlock {HTML} at (0,0) size 800x600
    RenderBody {BODY} at (8,8) size 784x584
      RenderBlock {P} at (0,0) size 784x36
        RenderText {#text} at (0,0) size 776x36
          text run at (0,0) width 776: "This tests for a bug where InsertLineBreak would insert a '\\n' instead of a <br> if the caret was set just before an input field."
          text run at (0,18) width 413: "You should see two input fields each in its own paragraph below."
      RenderBlock {DIV} at (0,52) size 784x38
        RenderTextControl {INPUT} at (0,0) size 130x19 [bgcolor=#FFFFFF] [border: (2px inset #000000)]
        RenderBR {BR} at (130,14) size 0x0
        RenderTextControl {INPUT} at (0,19) size 130x19 [bgcolor=#FFFFFF] [border: (2px inset #000000)]
layer at (10,63) size 126x13
  RenderBlock {DIV} at (2,3) size 126x13
layer at (10,82) size 126x13
  RenderBlock {DIV} at (2,3) size 126x13
caret: position 0 of child 2 {INPUT} of child 2 {DIV} of child 0 {BODY} of child 0 {HTML} of document
