layer at (0,0) size 800x600
  LayoutView at (0,0) size 800x600
layer at (0,0) size 800x460
  LayoutBlockFlow {HTML} at (0,0) size 800x460
    LayoutBlockFlow {BODY} at (8,8) size 784x444
      LayoutBlockFlow {DIV} at (0,0) size 784x16
        LayoutText {#text} at (0,0) size 61x16
          text run at (0,0) width 61: "Test Rect"
      LayoutBlockFlow (anonymous) at (0,16) size 784x206
        LayoutText {#text} at (0,0) size 0x0
      LayoutBlockFlow {DIV} at (0,222) size 784x16
        LayoutText {#text} at (0,0) size 72x16
          text run at (0,0) width 72: "Test Image"
      LayoutBlockFlow (anonymous) at (0,238) size 784x206
        LayoutText {#text} at (0,0) size 0x0
        LayoutText {#text} at (0,0) size 0x0
        LayoutText {#text} at (0,0) size 0x0
layer at (8,24) size 202x202
  LayoutHTMLCanvas {CANVAS} at (0,0) size 202x202 [border: (1px solid #999999)]
layer at (8,246) size 202x202
  LayoutHTMLCanvas {CANVAS} at (0,0) size 202x202 [border: (1px solid #999999)]
