layer at (0,0) size 800x600
  RenderView at (0,0) size 800x600
layer at (0,0) size 800x600
  RenderBlock {HTML} at (0,0) size 800x600
    RenderBody {BODY} at (8,8) size 784x576
      RenderBlock {FORM} at (0,0) size 784x37
        RenderText {#text} at (119,18) size 4x18
          text run at (119,18) width 4: " "
        RenderText {#text} at (242,18) size 4x18
          text run at (242,18) width 4: " "
        RenderButton {INPUT} at (246,18) size 51x19 [bgcolor=#C0C0C0] [border: (2px outset #C0C0C0)]
          RenderBlock (anonymous) at (8,2) size 35x15
            RenderText at (3,1) size 29x13
              text run at (3,1) width 29: "Reset"
        RenderText {#text} at (0,0) size 0x0
      RenderBlock {P} at (0,53) size 784x72
        RenderText {#text} at (0,0) size 358x18
          text run at (0,0) width 358: "This test verifies that textarea controls are properly reset. "
        RenderBR {BR} at (358,14) size 0x0
        RenderText {#text} at (0,18) size 475x18
          text run at (0,18) width 475: "You should see two element IDs below, and the word \"SUCCESS\" twice: "
        RenderBR {BR} at (475,32) size 0x0
        RenderText {#text} at (0,36) size 175x18
          text run at (0,36) width 175: "noDefaultText: SUCCESS "
        RenderBR {BR} at (175,50) size 0x0
        RenderText {#text} at (0,54) size 176x18
          text run at (0,54) width 176: "hasDefaultText: SUCCESS"
        RenderText {#text} at (0,0) size 0x0
        RenderText {#text} at (0,0) size 0x0
layer at (8,9) size 119x30 clip at (9,10) size 117x28
  RenderTextControl {TEXTAREA} at (0,1) size 119x30 [bgcolor=#FFFFFF] [border: (1px solid #000000)]
    RenderBlock {DIV} at (3,3) size 98x13
layer at (131,9) size 119x30 clip at (132,10) size 117x28
  RenderTextControl {TEXTAREA} at (123,1) size 119x30 [bgcolor=#FFFFFF] [border: (1px solid #000000)]
    RenderBlock {DIV} at (3,3) size 98x13
      RenderText {#text} at (0,0) size 84x13
        text run at (0,0) width 84: "Default Text"
