layer at (0,0) size 800x600
  LayoutView at (0,0) size 800x600
layer at (0,0) size 800x296
  LayoutBlockFlow {html} at (0,0) size 800x295.88
    LayoutBlockFlow {body} at (8,21.44) size 784x258.44
      LayoutBlockFlow {h1} at (0,0) size 784x37
        LayoutText {#text} at (0,0) size 116x36
          text run at (0,0) width 116: "Test for "
        LayoutInline {a} at (0,0) size 144x36 [color=#0000EE]
          LayoutText {#text} at (116,0) size 144x36
            text run at (116,0) width 144: "Bug 42352"
      LayoutBlockFlow {p} at (0,58.44) size 784x20
        LayoutText {#text} at (0,0) size 474x19
          text run at (0,0) width 474: "Following text should be rendered as usual. Only \"A\" has a glyph in SVG Font."
      LayoutBlockFlow {p} at (0,94.44) size 784x20
        LayoutText {#text} at (0,0) size 33x19
          text run at (0,0) width 33: "XXA"
      LayoutBlockFlow {p} at (0,130.44) size 784x20
        LayoutText {#text} at (0,0) size 33x19
          text run at (0,0) width 33: "XAX"
      LayoutBlockFlow {p} at (0,166.44) size 784x20
        LayoutText {#text} at (0,0) size 33x19
          text run at (0,0) width 33: "AXX"
      LayoutBlockFlow {p} at (0,202.44) size 784x20
        LayoutText {#text} at (0,0) size 33x19
          text run at (0,0) width 33: "XXX"
      LayoutBlockFlow {p} at (0,238.44) size 784x20
        LayoutText {#text} at (0,0) size 33x19
          text run at (0,0) width 33: "AAA"
