layer at (0,0) size 800x600
  LayoutView at (0,0) size 800x600
layer at (0,0) size 800x600
  LayoutBlockFlow {HTML} at (0,0) size 800x600
    LayoutBlockFlow {BODY} at (8,8) size 784x584
layer at (7,75) size 284x212
  LayoutBlockFlow (positioned) {DIV} at (7,75) size 284x212 [bgcolor=#000000D1]
layer at (106,237) size 35x24 transparent
  LayoutBlockFlow (positioned) {DIV} at (99,162) size 35x24 [color=#FFFFFF]
    LayoutBlockFlow {DIV} at (0,0) size 35x24
      LayoutText {#text} at (0,4) size 35x15
        text run at (0,4) width 35: "Cancel"