layer at (0,0) size 800x600 clip at (0,0) size 785x600 scrollHeight 640
  LayoutView at (0,0) size 800x600
layer at (0,0) size 785x640 backgroundClip at (0,0) size 785x600 clip at (0,0) size 785x600
  LayoutBlockFlow {html} at (0,0) size 785x640
    LayoutBlockFlow {body} at (8,8) size 769x596
      LayoutBlockFlow {div} at (0,0) size 769x43
        LayoutInline {a} at (0,0) size 141x41 [color=#0000EE]
          LayoutText {#text} at (0,1) size 141x41
            text run at (0,1) width 141: "Test fonts"
        LayoutText {#text} at (140,1) size 444x41
          text run at (140,1) width 444: " must be installed for this test: "
        LayoutInline {span} at (0,0) size 78x41
          LayoutText {#text} at (583,1) size 78x41
            text run at (583,1) width 78: "FAIL"
      LayoutBlockFlow {p} at (0,79) size 769x43
        LayoutText {#text} at (0,1) size 83x41
          text run at (0,1) width 83: "PASS"
      LayoutBlockFlow {div} at (0,158) size 769x43
        LayoutBlockFlow {p} at (0,0) size 769x43
          LayoutText {#text} at (0,1) size 78x41
            text run at (0,1) width 78: "FAIL"
      LayoutBlockFlow {div} at (0,237) size 769x43
        LayoutBlockFlow {p} at (0,0) size 769x43
          LayoutText {#text} at (0,1) size 78x41
            text run at (0,1) width 78: "FAIL"
      LayoutBlockFlow {div} at (0,316) size 769x43
        LayoutBlockFlow {p} at (0,0) size 769x43
          LayoutText {#text} at (0,1) size 78x41
            text run at (0,1) width 78: "FAIL"
      LayoutBlockFlow {div} at (0,395) size 769x43
        LayoutBlockFlow {p} at (0,0) size 769x43
          LayoutText {#text} at (0,1) size 78x41
            text run at (0,1) width 78: "FAIL"
      LayoutBlockFlow {div} at (0,474) size 769x43
        LayoutBlockFlow {p} at (0,0) size 769x43
          LayoutText {#text} at (0,1) size 78x41
            text run at (0,1) width 78: "FAIL"
      LayoutBlockFlow {div} at (0,553) size 769x43
        LayoutBlockFlow {p} at (0,0) size 769x43
          LayoutText {#text} at (0,1) size 78x41
            text run at (0,1) width 78: "FAIL"
