layer at (0,0) size 800x600
  LayoutView at (0,0) size 800x600
layer at (0,0) size 800x500
  LayoutBlockFlow {html} at (0,0) size 800x500
    LayoutBlockFlow {body} at (8,16) size 784x476
      LayoutBlockFlow {p} at (0,0) size 784x40
        LayoutText {#text} at (0,0) size 243x19
          text run at (0,0) width 243: "Test passes if each pair of \"x\" and \"z\" "
        LayoutInline {strong} at (0,0) size 187x19
          LayoutText {#text} at (242,0) size 187x19
            text run at (242,0) width 187: "letters have the same height"
        LayoutText {#text} at (428,0) size 773x39
          text run at (428,0) width 345: "; the thin wide and bright green horizontal lines are not"
          text run at (0,20) width 565: "part of this test and only serve to help visually compare the height of tested pairs of letters."
      LayoutBlockFlow {div} at (0,56) size 784x210
        LayoutImage {img} at (0,76) size 784x1
        LayoutImage {img} at (0,167) size 784x1
        LayoutText {#text} at (0,-13) size 50x225
          text run at (0,-13) width 50: " "
        LayoutInline {span} at (0,0) size 98x192
          LayoutText {#text} at (50,14) size 98x192
            text run at (50,14) width 98: "x"
        LayoutText {#text} at (148,-13) size 50x225
          text run at (148,-13) width 50: " "
        LayoutInline {span} at (0,0) size 100x225
          LayoutText {#text} at (198,-13) size 100x225
            text run at (198,-13) width 100: "x"
        LayoutText {#text} at (0,0) size 0x0
      LayoutBlockFlow {div} at (0,266) size 784x210
        LayoutImage {img} at (0,76) size 784x1
        LayoutImage {img} at (0,167) size 784x1
        LayoutText {#text} at (0,-13) size 50x225
          text run at (0,-13) width 50: " "
        LayoutInline {span} at (0,0) size 87x192
          LayoutText {#text} at (50,14) size 87x192
            text run at (50,14) width 87: "z"
        LayoutText {#text} at (137,-13) size 50x225
          text run at (137,-13) width 50: " "
        LayoutInline {span} at (0,0) size 89x225
          LayoutText {#text} at (187,-13) size 89x225
            text run at (187,-13) width 89: "z"
        LayoutText {#text} at (0,0) size 0x0
