layer at (0,0) size 800x600
  LayoutView at (0,0) size 800x600
layer at (0,0) size 800x600
  LayoutBlockFlow {HTML} at (0,0) size 800x600
    LayoutBlockFlow {BODY} at (8,8) size 784x576
      LayoutBlockFlow {CENTER} at (0,0) size 784x134
        LayoutTable {TABLE} at (338,0) size 108x82 [border: none]
          LayoutTableSection {THEAD} at (0,0) size 107x21
            LayoutTableRow {TR} at (0,0) size 107x21
              LayoutTableCell {TD} at (0,0) size 36x21 [border: (1px none #808080) none none (1px solid #808080)] [r=0 c=0 rs=1 cs=1]
                LayoutText {#text} at (2,2) size 29x18
                  text run at (2,2) width 29: "EST"
              LayoutTableCell {TD} at (36,0) size 31x21 [border: (1px none #808080) none none (1px solid #808080)] [r=0 c=1 rs=1 cs=1]
                LayoutText {#text} at (2,2) size 28x18
                  text run at (2,2) width 28: "1am"
              LayoutTableCell {TD} at (67,0) size 40x21 [border: (1px none #808080) none none (1px solid #808080)] [r=0 c=2 rs=1 cs=1]
                LayoutText {#text} at (2,2) size 29x18
                  text run at (2,2) width 29: "8pm"
          LayoutTableSection {TBODY} at (0,21) size 107x40
            LayoutTableRow {TR} at (0,0) size 107x20
              LayoutTableCell {TD} at (0,0) size 36x20 [border: none none none (1px solid #808080)] [r=0 c=0 rs=1 cs=1]
                LayoutText {#text} at (2,1) size 30x18
                  text run at (2,1) width 30: "CST"
              LayoutTableCell {TD} at (36,0) size 31x20 [border: none none none (1px solid #808080)] [r=0 c=1 rs=1 cs=1]
                LayoutText {#text} at (2,1) size 28x18
                  text run at (2,1) width 28: "2am"
              LayoutTableCell {TD} at (67,0) size 40x20 [border: none none none (1px solid #808080)] [r=0 c=2 rs=1 cs=1]
                LayoutText {#text} at (2,1) size 29x18
                  text run at (2,1) width 29: "9pm"
            LayoutTableRow {TR} at (0,20) size 107x20
              LayoutTableCell {TD} at (0,20) size 36x20 [border: none none none (1px solid #808080)] [r=1 c=0 rs=1 cs=1]
                LayoutText {#text} at (2,1) size 33x18
                  text run at (2,1) width 33: "MST"
              LayoutTableCell {TD} at (36,20) size 31x20 [border: none none none (1px solid #808080)] [r=1 c=1 rs=1 cs=1]
                LayoutText {#text} at (2,1) size 28x18
                  text run at (2,1) width 28: "3am"
              LayoutTableCell {TD} at (67,20) size 40x20 [border: none none none (1px solid #808080)] [r=1 c=2 rs=1 cs=1]
                LayoutText {#text} at (2,1) size 37x18
                  text run at (2,1) width 37: "10pm"
          LayoutTableSection {TFOOT} at (0,61) size 107x20
            LayoutTableRow {TR} at (0,0) size 107x20
              LayoutTableCell {TD} at (0,0) size 36x20 [border: none none none (1px solid #808080)] [r=0 c=0 rs=1 cs=1]
                LayoutText {#text} at (2,1) size 28x18
                  text run at (2,1) width 28: "PST"
              LayoutTableCell {TD} at (36,0) size 31x20 [border: none none none (1px solid #808080)] [r=0 c=1 rs=1 cs=1]
                LayoutText {#text} at (2,1) size 28x18
                  text run at (2,1) width 28: "4am"
              LayoutTableCell {TD} at (67,0) size 40x20 [border: none none none (1px solid #808080)] [r=0 c=2 rs=1 cs=1]
                LayoutText {#text} at (2,1) size 37x18
                  text run at (2,1) width 37: "11pm"
        LayoutBlockFlow {P} at (0,98) size 784x36
          LayoutButton {BUTTON} at (275.45,0) size 72.31x18 [bgcolor=#C0C0C0] [border: none (2px outset #C0C0C0) none (2px outset #C0C0C0)]
            LayoutBlockFlow (anonymous) at (8,2) size 56.31x13
              LayoutText {#text} at (0,0) size 57x13
                text run at (0,0) width 18: "No "
                text run at (17,0) width 40: "borders"
          LayoutButton {BUTTON} at (347.77,0) size 90.73x18 [bgcolor=#C0C0C0] [border: none (2px outset #C0C0C0) none (2px outset #C0C0C0)]
            LayoutBlockFlow (anonymous) at (8,2) size 74.73x13
              LayoutText {#text} at (0,0) size 75x13
                text run at (0,0) width 42: "Exterior "
                text run at (41,0) width 34: "border"
          LayoutButton {BUTTON} at (438.50,0) size 70.03x18 [bgcolor=#C0C0C0] [border: none (2px outset #C0C0C0) none (2px outset #C0C0C0)]
            LayoutBlockFlow (anonymous) at (8,2) size 54.03x13
              LayoutText {#text} at (0,0) size 55x13
                text run at (0,0) width 16: "All "
                text run at (15,0) width 40: "borders"
          LayoutBR {BR} at (508,13) size 1x0
          LayoutButton {BUTTON} at (242.63,18) size 96.77x18 [bgcolor=#C0C0C0] [border: none (2px outset #C0C0C0) none (2px outset #C0C0C0)]
            LayoutBlockFlow (anonymous) at (8,2) size 80.77x13
              LayoutText {#text} at (0,0) size 81x13
                text run at (0,0) width 43: "Column "
                text run at (42,0) width 39: "borders"
          LayoutButton {BUTTON} at (339.39,18) size 94.89x18 [bgcolor=#C0C0C0] [border: none (2px outset #C0C0C0) none (2px outset #C0C0C0)]
            LayoutBlockFlow (anonymous) at (8,2) size 78.89x13
              LayoutText {#text} at (0,0) size 79x13
                text run at (0,0) width 41: "Groups "
                text run at (40,0) width 39: "borders"
          LayoutButton {BUTTON} at (434.28,18) size 107.08x18 [bgcolor=#C0C0C0] [border: none (2px outset #C0C0C0) none (2px outset #C0C0C0)]
            LayoutBlockFlow (anonymous) at (8,2) size 91.08x13
              LayoutText {#text} at (0,0) size 92x13
                text run at (0,0) width 31: "Table "
                text run at (30,0) width 62: "row borders"
          LayoutText {#text} at (0,0) size 0x0
