layer at (0,0) size 800x600
  LayoutView at (0,0) size 800x600
layer at (0,0) size 800x380
  LayoutBlockFlow {HTML} at (0,0) size 800x380
    LayoutBlockFlow {BODY} at (8,8) size 784x0
      LayoutBlockFlow (floating) {DIV} at (586,0) size 198x192
        LayoutBlockFlow {P} at (0,16) size 198x20
          LayoutText {#text} at (167,0) size 31x19
            text run at (167,0) width 31: "RTL"
        LayoutBlockFlow {DIV} at (0,52) size 198x20
          LayoutText {#text} at (127,0) size 71x19
            text run at (127,0) width 71: "markRtlAll"
        LayoutBlockFlow {DIV} at (0,72) size 198x20
          LayoutText {#text} at (90,0) size 108x19
            text run at (90,0) width 108: "markRtlAllThick"
        LayoutBlockFlow {DIV} at (0,92) size 198x20
          LayoutText {#text} at (81,0) size 117x19
            text run at (81,0) width 117: "markRtlBeginning"
        LayoutBlockFlow {DIV} at (0,112) size 198x20
          LayoutText {#text} at (0,0) size 198x19
            text run at (0,0) width 198: "markRtlAllExceptFirstAndLast"
        LayoutBlockFlow {DIV} at (0,132) size 198x20
          LayoutText {#text} at (121,0) size 77x19
            text run at (121,0) width 77: "markRtlEnd"
        LayoutBlockFlow {DIV} at (0,152) size 198x40
          LayoutBlockFlow {DIV} at (0,0) size 198x20
            LayoutText {#text} at (147,0) size 32x19
              text run at (147,0) width 32: "mark"
            LayoutInline {SPAN} at (0,0) size 19x19
              LayoutText {#text} at (179,0) size 19x19
                text run at (179,0) width 19: "Rtl"
          LayoutBlockFlow {DIV} at (0,20) size 198x20
            LayoutText {#text} at (113,0) size 85x19
              text run at (113,0) width 85: "AcrossNodes"
      LayoutBlockFlow (floating) {DIV} at (0,0) size 281.89x372
        LayoutBlockFlow {P} at (0,16) size 281.89x20
          LayoutText {#text} at (0,0) size 30x19
            text run at (0,0) width 30: "LTR"
        LayoutBlockFlow {DIV} at (0,52) size 281.89x20
          LayoutText {#text} at (0,0) size 52x19
            text run at (0,0) width 52: "markAll"
        LayoutBlockFlow {DIV} at (0,72) size 281.89x20
          LayoutText {#text} at (0,0) size 89x19
            text run at (0,0) width 89: "markAllThick"
        LayoutBlockFlow {DIV} at (0,92) size 281.89x20
          LayoutText {#text} at (0,0) size 151x19
            text run at (0,0) width 151: "markAllDifferentColors"
        LayoutBlockFlow {DIV} at (0,112) size 281.89x20
          LayoutText {#text} at (0,0) size 98x19
            text run at (0,0) width 98: "markBeginning"
        LayoutBlockFlow {DIV} at (0,132) size 281.89x20
          LayoutText {#text} at (0,0) size 179x19
            text run at (0,0) width 179: "markAllExceptFirstAndLast"
        LayoutBlockFlow {DIV} at (0,152) size 281.89x20
          LayoutText {#text} at (0,0) size 58x19
            text run at (0,0) width 58: "markEnd"
        LayoutBlockFlow {DIV} at (0,172) size 281.89x20
          LayoutText {#text} at (0,0) size 114x19
            text run at (0,0) width 114: "markNothingZero"
        LayoutBlockFlow {DIV} at (0,192) size 281.89x20
          LayoutText {#text} at (0,0) size 110x19
            text run at (0,0) width 110: "markNothingEnd"
        LayoutBlockFlow {DIV} at (0,212) size 281.89x40
          LayoutBlockFlow {DIV} at (0,0) size 281.89x20
            LayoutText {#text} at (0,0) size 32x19
              text run at (0,0) width 32: "mark"
            LayoutInline {SPAN} at (0,0) size 44x19
              LayoutText {#text} at (32,0) size 44x19
                text run at (32,0) width 44: "Across"
          LayoutBlockFlow {DIV} at (0,20) size 281.89x20
            LayoutText {#text} at (0,0) size 41x19
              text run at (0,0) width 41: "Nodes"
        LayoutBlockFlow {DIV} at (0,252) size 281.89x20
          LayoutText {#text} at (0,0) size 229x19
            text run at (0,0) width 229: "overridingSpellingMarkerBeginning"
        LayoutBlockFlow {DIV} at (0,272) size 281.89x20
          LayoutText {#text} at (0,0) size 189x19
            text run at (0,0) width 189: "overridingSpellingMarkerEnd"
        LayoutBlockFlow {DIV} at (0,292) size 281.89x20
          LayoutText {#text} at (0,0) size 253x19
            text run at (0,0) width 253: "notOverridingSpellingMarkersTouching"
        LayoutBlockFlow {DIV} at (0,312) size 281.89x20
          LayoutText {#text} at (0,0) size 258x19
            text run at (0,0) width 258: "overridingCompositionMarkerBeginning"
        LayoutBlockFlow {DIV} at (0,332) size 281.89x20
          LayoutText {#text} at (0,0) size 218x19
            text run at (0,0) width 218: "overridingCompositionMarkerEnd"
        LayoutBlockFlow {DIV} at (0,352) size 281.89x20
          LayoutText {#text} at (0,0) size 282x19
            text run at (0,0) width 282: "notOverridingCompositionMarkersTouching"
