layer at (0,0) size 800x600
  LayoutView at (0,0) size 800x600
layer at (0,0) size 800x318
  LayoutBlockFlow {HTML} at (0,0) size 800x317.59
    LayoutBlockFlow {BODY} at (8,21.44) size 784x280.16
      LayoutBlockFlow {H1} at (0,0) size 784x37
        LayoutText {#text} at (0,0) size 320x37
          text run at (0,0) width 320: "navigator_online_event"
      LayoutBlockFlow {OL} at (0,58.44) size 784x36
        LayoutListItem {LI} at (40,0) size 744x18
          LayoutListMarker (anonymous) at (-16,0) size 16x18: "1"
          LayoutText {#text} at (0,0) size 205x18
            text run at (0,0) width 205: "Change the 'work offline' mode."
        LayoutListItem {LI} at (40,18) size 744x18
          LayoutListMarker (anonymous) at (-16,0) size 16x18: "2"
          LayoutText {#text} at (0,0) size 361x18
            text run at (0,0) width 361: "If actual result and expected result are same, then test is "
          LayoutInline {SPAN} at (0,0) size 30x18 [color=#008000]
            LayoutText {#text} at (360,0) size 30x18
              text run at (360,0) width 30: "Pass"
          LayoutText {#text} at (389,0) size 75x18
            text run at (389,0) width 75: ", otherwise "
          LayoutInline {SPAN} at (0,0) size 26x18 [color=#FF0000]
            LayoutText {#text} at (463,0) size 26x18
              text run at (463,0) width 26: "Fail"
          LayoutText {#text} at (488,0) size 5x18
            text run at (488,0) width 5: "."
      LayoutBlockFlow {H2} at (0,132.34) size 784x28
        LayoutText {#text} at (0,0) size 140x28
          text run at (0,0) width 140: "Actual Result"
      LayoutBlockFlow {DIV} at (0,180.25) size 784x0
        LayoutInline {SPAN} at (0,0) size 0x0
        LayoutText {#text} at (0,0) size 0x0
      LayoutBlockFlow {H2} at (0,180.25) size 784x28
        LayoutText {#text} at (0,0) size 166x28
          text run at (0,0) width 166: "Expected Result"
      LayoutBlockFlow {DIV} at (0,228.16) size 784x52
        LayoutBlockFlow (anonymous) at (0,0) size 784x18
          LayoutInline {SPAN} at (0,0) size 274x18
            LayoutText {#text} at (0,0) size 274x18
              text run at (0,0) width 274: "apply 'work offline': offline event is raised."
        LayoutBlockFlow (anonymous) at (0,34) size 784x18
          LayoutBlockFlow {P} at (0,0) size 784x18
            LayoutText {#text} at (0,0) size 281x18
              text run at (0,0) width 281: "release 'work offline': online event is raised."
        LayoutBlockFlow (anonymous) at (0,68) size 784x0
          LayoutInline {SPAN} at (0,0) size 0x0
layer at (8,132) size 784x2 clip at (0,0) size 0x0
  LayoutBlockFlow {HR} at (0,110.44) size 784x2 [border: (1px inset #EEEEEE)]
