layer at (0,0) size 800x2116
  RenderView at (0,0) size 800x600
layer at (0,0) size 800x2116
  RenderBlock {HTML} at (0,0) size 800x2116
    RenderBody {BODY} at (8,16) size 784x2081
      RenderBlock {P} at (0,0) size 784x18
        RenderInline {B} at (0,0) size 500x18
          RenderText {#text} at (0,0) size 500x18
            text run at (0,0) width 500: "Should not fail to scroll when frame's overflow is hidden . See bug 655542."
        RenderText {#text} at (0,0) size 0x0
      RenderBlock {DIV} at (0,34) size 784x2000
        RenderInline {A} at (0,0) size 65x18 [color=#0000EE]
          RenderText {#text} at (0,0) size 65x18
            text run at (0,0) width 65: "Click here"
        RenderText {#text} at (0,0) size 0x0
      RenderBlock {H2} at (0,2053) size 784x28
        RenderText {#text} at (0,0) size 119x28
          text run at (0,0) width 119: "Test Passed"
scrolled to 0,1516
