layer at (0,0) size 800x600
  LayoutView at (0,0) size 800x600
layer at (0,0) size 800x168
  LayoutBlockFlow {HTML} at (0,0) size 800x168
    LayoutBlockFlow {BODY} at (8,16) size 784x136
      LayoutBlockFlow {OL} at (0,0) size 784x60
        LayoutListItem {LI} at (40,0) size 744x20
          LayoutListMarker (anonymous) at (-16,0) size 16x19: "1"
          LayoutText {#text} at (0,0) size 204x19
            text run at (0,0) width 204: "Disable the network connection."
        LayoutListItem {LI} at (40,20) size 744x20
          LayoutListMarker (anonymous) at (-16,0) size 16x19: "2"
          LayoutText {#text} at (0,0) size 110x19
            text run at (0,0) width 110: "Refresh the page."
        LayoutListItem {LI} at (40,40) size 744x20
          LayoutListMarker (anonymous) at (-16,0) size 16x19: "3"
          LayoutText {#text} at (0,0) size 525x19
            text run at (0,0) width 525: "If the time element and colors of result elements are normally displayed, then test is "
          LayoutInline {SPAN} at (0,0) size 39x19 [color=#008000]
            LayoutInline {B} at (0,0) size 39x19
              LayoutText {#text} at (525,0) size 39x19
                text run at (525,0) width 39: "PASS"
          LayoutText {#text} at (563,0) size 74x19
            text run at (563,0) width 74: ", otherwise "
          LayoutInline {SPAN} at (0,0) size 39x19 [color=#FF0000]
            LayoutInline {B} at (0,0) size 39x19
              LayoutText {#text} at (636,0) size 39x19
                text run at (636,0) width 39: "FAIL"
          LayoutText {#text} at (674,0) size 5x19
            text run at (674,0) width 5: "."
      LayoutBlockFlow {P} at (0,76) size 784x60 [color=#FFFFFF] [bgcolor=#0000FF]
        LayoutText {#text} at (20,20) size 74x19
          text run at (20,20) width 74: "The time is:"
        LayoutInline {OUTPUT} at (0,0) size 0x18
