layer at (0,0) size 800x600
  LayoutView at (0,0) size 800x600
layer at (0,0) size 800x92
  LayoutBlockFlow {HTML} at (0,0) size 800x92
    LayoutBlockFlow {BODY} at (8,16) size 784x60
      LayoutBlockFlow {OL} at (0,0) size 784x60
        LayoutListItem {LI} at (40,0) size 744x20
          LayoutListMarker (anonymous) at (-16,0) size 16x19: "1"
          LayoutText {#text} at (0,0) size 204x19
            text run at (0,0) width 204: "Disable the network connection."
        LayoutListItem {LI} at (40,20) size 744x20
          LayoutListMarker (anonymous) at (-16,0) size 16x19: "2"
          LayoutText {#text} at (0,0) size 110x19
            text run at (0,0) width 110: "Refresh the page."
        LayoutListItem {LI} at (40,40) size 744x20
          LayoutListMarker (anonymous) at (-16,0) size 16x19: "3"
          LayoutText {#text} at (0,0) size 283x19
            text run at (0,0) width 283: "If the page is normally displayed, then test is "
          LayoutInline {SPAN} at (0,0) size 39x19 [color=#008000]
            LayoutInline {B} at (0,0) size 39x19
              LayoutText {#text} at (283,0) size 39x19
                text run at (283,0) width 39: "PASS"
          LayoutText {#text} at (321,0) size 74x19
            text run at (321,0) width 74: ", otherwise "
          LayoutInline {SPAN} at (0,0) size 39x19 [color=#FF0000]
            LayoutInline {B} at (0,0) size 39x19
              LayoutText {#text} at (394,0) size 39x19
                text run at (394,0) width 39: "FAIL"
          LayoutText {#text} at (432,0) size 5x19
            text run at (432,0) width 5: "."
