layer at (0,0) size 800x600
  LayoutView at (0,0) size 800x600
layer at (0,0) size 800x139
  LayoutBlockFlow {HTML} at (0,0) size 800x139
    LayoutBlockFlow {BODY} at (8,16) size 784x115
      LayoutBlockFlow {OL} at (0,0) size 784x40
        LayoutListItem {LI} at (40,0) size 744x20
          LayoutListMarker (anonymous) at (-16,0) size 16x19: "1"
          LayoutText {#text} at (0,0) size 110x19
            text run at (0,0) width 110: "Refresh the page."
        LayoutListItem {LI} at (40,20) size 744x20
          LayoutListMarker (anonymous) at (-16,0) size 16x19: "2"
          LayoutText {#text} at (0,0) size 264x19
            text run at (0,0) width 264: "If the frame element is loaded, then test is "
          LayoutInline {SPAN} at (0,0) size 39x19 [color=#008000]
            LayoutInline {B} at (0,0) size 39x19
              LayoutText {#text} at (264,0) size 39x19
                text run at (264,0) width 39: "PASS"
          LayoutText {#text} at (302,0) size 74x19
            text run at (302,0) width 74: ", otherwise "
          LayoutInline {SPAN} at (0,0) size 39x19 [color=#FF0000]
            LayoutInline {B} at (0,0) size 39x19
              LayoutText {#text} at (375,0) size 39x19
                text run at (375,0) width 39: "FAIL"
          LayoutText {#text} at (413,0) size 5x19
            text run at (413,0) width 5: "."
      LayoutBlockFlow (anonymous) at (0,56) size 784x59
        LayoutText {#text} at (0,0) size 0x0
layer at (8,72) size 604x54
  LayoutIFrame {IFRAME} at (0,0) size 604x54 [border: (2px inset #EEEEEE)]
    layer at (0,0) size 600x50
      LayoutView at (0,0) size 600x50
    layer at (0,0) size 600x50
      LayoutBlockFlow {HTML} at (0,0) size 600x50
        LayoutBlockFlow {BODY} at (8,8) size 584x29
          LayoutBlockFlow {PRE} at (0,0) size 584x16
            LayoutText {#text} at (0,0) size 312x16
              text run at (0,0) width 312: "{\"error\": {\"message\": \"\", \"code\": 404}}"
