layer at (0,0) size 800x600
  LayoutView at (0,0) size 800x600
layer at (0,0) size 800x250
  LayoutBlockFlow {HTML} at (0,0) size 800x250
    LayoutBlockFlow {BODY} at (8,16) size 784x226
      LayoutBlockFlow {P} at (0,0) size 784x18
        LayoutText {#text} at (0,0) size 520x18
          text run at (0,0) width 520: "First, use directional navigation to navigate the focus to the \"START\" link below."
      LayoutBlockFlow {P} at (0,34) size 784x18
        LayoutText {#text} at (0,0) size 466x18
          text run at (0,0) width 466: "Test passes if navigating left once moves the focus to the \"FINISH\" link."
      LayoutBlockFlow {DIV} at (0,68) size 784x158
        LayoutInline {A} at (0,0) size 52x18 [color=#551A8B]
          LayoutText {#text} at (0,140) size 52x18
            text run at (0,140) width 52: "FINISH"
        LayoutText {#text} at (51,140) size 5x18
          text run at (51,140) width 5: " "
        LayoutText {#text} at (359,140) size 5x18
          text run at (359,140) width 5: " "
        LayoutInline {A} at (0,0) size 49x18 [color=#551A8B]
          LayoutText {#text} at (363,140) size 49x18
            text run at (363,140) width 49: "START"
        LayoutText {#text} at (0,0) size 0x0
layer at (64,84) size 304x154
  LayoutIFrame {IFRAME} at (55.56,0) size 304x154 [border: (2px inset #EEEEEE)]
    layer at (0,0) size 300x150
      LayoutView at (0,0) size 300x150
    layer at (0,0) size 300x50
      LayoutBlockFlow {HTML} at (0,0) size 300x50
        LayoutBlockFlow {BODY} at (8,16) size 284x18
          LayoutBlockFlow {P} at (0,0) size 284x18
            LayoutInline {A} at (0,0) size 41x18 [color=#551A8B]
              LayoutText {#text} at (0,0) size 41x18
                text run at (0,0) width 41: "ignore"
