layer at (0,0) size 800x600
  LayoutView at (0,0) size 800x600
layer at (0,0) size 800x128
  LayoutBlockFlow {HTML} at (0,0) size 800x128
    LayoutBlockFlow {BODY} at (8,16) size 784x104
      LayoutBlockFlow {P} at (0,0) size 784x18
        LayoutText {#text} at (0,0) size 520x18
          text run at (0,0) width 520: "First, use directional navigation to navigate the focus to the \"START\" link below."
      LayoutBlockFlow {P} at (0,34) size 784x18
        LayoutText {#text} at (0,0) size 446x18
          text run at (0,0) width 446: "Test passes if navigating down moves the focus to the \"FINISH\" link."
      LayoutBlockFlow (anonymous) at (0,68) size 784x36
        LayoutInline {A} at (0,0) size 49x18 [color=#551A8B]
          LayoutText {#text} at (0,0) size 49x18
            text run at (0,0) width 49: "START"
        LayoutBR {BR} at (48,0) size 1x18
        LayoutInline {A} at (0,0) size 52x18 [color=#551A8B]
          LayoutText {#text} at (0,18) size 52x18
            text run at (0,18) width 52: "FINISH"
        LayoutText {#text} at (0,0) size 0x0
