layer at (0,0) size 800x600
  LayoutView at (0,0) size 800x600
layer at (0,0) size 800x146
  LayoutBlockFlow {HTML} at (0,0) size 800x146
    LayoutBlockFlow {BODY} at (8,16) size 784x122
      LayoutBlockFlow {P} at (0,0) size 784x18
        LayoutText {#text} at (0,0) size 520x18
          text run at (0,0) width 520: "First, use directional navigation to navigate the focus to the \"START\" link below."
      LayoutBlockFlow {P} at (0,34) size 784x18
        LayoutText {#text} at (0,0) size 466x18
          text run at (0,0) width 466: "Test passes if navigating left once moves the focus to the \"FINISH\" link."
      LayoutBlockFlow {DIV} at (0,68) size 784x18
        LayoutInline {A} at (0,0) size 41x18 [color=#551A8B]
          LayoutText {#text} at (0,0) size 41x18
            text run at (0,0) width 41: "ignore"
        LayoutText {#text} at (40,0) size 5x18
          text run at (40,0) width 5: " "
        LayoutInline {A} at (0,0) size 53x18 [color=#551A8B]
          LayoutText {#text} at (44,0) size 53x18
            text run at (44,0) width 53: "FINISH"
        LayoutText {#text} at (96,0) size 5x18
          text run at (96,0) width 5: " "
        LayoutInline {A} at (0,0) size 42x18 [color=#551A8B]
          LayoutText {#text} at (100,0) size 42x18
            text run at (100,0) width 42: "ignore"
        LayoutText {#text} at (141,0) size 5x18
          text run at (141,0) width 5: " "
        LayoutInline {A} at (0,0) size 42x18 [color=#551A8B]
          LayoutText {#text} at (145,0) size 42x18
            text run at (145,0) width 42: "ignore"
        LayoutText {#text} at (186,0) size 5x18
          text run at (186,0) width 5: " "
        LayoutInline {A} at (0,0) size 42x18 [color=#551A8B]
          LayoutText {#text} at (190,0) size 42x18
            text run at (190,0) width 42: "ignore"
      LayoutBlockFlow {DIV} at (0,86) size 784x18
        LayoutInline {A} at (0,0) size 41x18 [color=#551A8B]
          LayoutText {#text} at (0,0) size 41x18
            text run at (0,0) width 41: "ignore"
        LayoutText {#text} at (40,0) size 5x18
          text run at (40,0) width 5: " "
        LayoutInline {A} at (0,0) size 42x18 [color=#551A8B]
          LayoutText {#text} at (44,0) size 42x18
            text run at (44,0) width 42: "ignore"
        LayoutText {#text} at (85,0) size 5x18
          text run at (85,0) width 5: " "
        LayoutInline {A} at (0,0) size 50x18 [color=#551A8B]
          LayoutText {#text} at (89,0) size 50x18
            text run at (89,0) width 50: "START"
        LayoutText {#text} at (138,0) size 5x18
          text run at (138,0) width 5: " "
        LayoutInline {A} at (0,0) size 42x18 [color=#551A8B]
          LayoutText {#text} at (142,0) size 42x18
            text run at (142,0) width 42: "ignore"
        LayoutText {#text} at (183,0) size 5x18
          text run at (183,0) width 5: " "
        LayoutInline {A} at (0,0) size 41x18 [color=#551A8B]
          LayoutText {#text} at (187,0) size 41x18
            text run at (187,0) width 41: "ignore"
      LayoutBlockFlow {DIV} at (0,104) size 784x18
        LayoutInline {A} at (0,0) size 41x18 [color=#551A8B]
          LayoutText {#text} at (0,0) size 41x18
            text run at (0,0) width 41: "ignore"
        LayoutText {#text} at (40,0) size 5x18
          text run at (40,0) width 5: " "
        LayoutInline {A} at (0,0) size 42x18 [color=#551A8B]
          LayoutText {#text} at (44,0) size 42x18
            text run at (44,0) width 42: "ignore"
        LayoutText {#text} at (85,0) size 5x18
          text run at (85,0) width 5: " "
        LayoutInline {A} at (0,0) size 42x18 [color=#551A8B]
          LayoutText {#text} at (89,0) size 42x18
            text run at (89,0) width 42: "ignore"
        LayoutText {#text} at (130,0) size 5x18
          text run at (130,0) width 5: " "
        LayoutInline {A} at (0,0) size 42x18 [color=#551A8B]
          LayoutText {#text} at (134,0) size 42x18
            text run at (134,0) width 42: "ignore"
        LayoutText {#text} at (175,0) size 5x18
          text run at (175,0) width 5: " "
        LayoutInline {A} at (0,0) size 42x18 [color=#551A8B]
          LayoutText {#text} at (179,0) size 42x18
            text run at (179,0) width 42: "ignore"
