layer at (0,0) size 800x600
  LayoutView at (0,0) size 800x600
layer at (0,0) size 800x356
  LayoutBlockFlow {HTML} at (0,0) size 800x356
    LayoutBlockFlow {BODY} at (8,16) size 784x324
      LayoutBlockFlow {P} at (0,0) size 784x18
        LayoutText {#text} at (0,0) size 520x18
          text run at (0,0) width 520: "First, use directional navigation to navigate the focus to the \"START\" link below."
      LayoutBlockFlow {P} at (0,34) size 784x18
        LayoutText {#text} at (0,0) size 465x18
          text run at (0,0) width 465: "Test passes if navigating up twice moves the focus to the \"FINISH\" link."
      LayoutBlockFlow {DIV} at (0,68) size 784x120
        LayoutBlockFlow {P} at (0,0) size 784x18
          LayoutInline {A} at (0,0) size 52x18 [color=#551A8B]
            LayoutText {#text} at (0,0) size 52x18
              text run at (0,0) width 52: "FINISH"
        LayoutBlockFlow {P} at (0,34) size 784x18
          LayoutInline {A} at (0,0) size 41x18 [color=#551A8B]
            LayoutText {#text} at (0,0) size 41x18
              text run at (0,0) width 41: "ignore"
        LayoutBlockFlow {P} at (0,68) size 784x18
          LayoutInline {A} at (0,0) size 49x18 [color=#551A8B]
            LayoutText {#text} at (0,0) size 49x18
              text run at (0,0) width 49: "START"
        LayoutBlockFlow {P} at (0,102) size 784x18
          LayoutInline {A} at (0,0) size 41x18 [color=#551A8B]
            LayoutText {#text} at (0,0) size 41x18
              text run at (0,0) width 41: "ignore"
      LayoutBlockFlow {DIV} at (0,204) size 784x120
        LayoutBlockFlow {P} at (0,0) size 784x18
          LayoutInline {A} at (0,0) size 41x18 [color=#551A8B]
            LayoutText {#text} at (0,0) size 41x18
              text run at (0,0) width 41: "ignore"
        LayoutBlockFlow {P} at (0,34) size 784x18
          LayoutInline {A} at (0,0) size 41x18 [color=#551A8B]
            LayoutText {#text} at (0,0) size 41x18
              text run at (0,0) width 41: "ignore"
        LayoutBlockFlow {P} at (0,68) size 784x18
          LayoutInline {A} at (0,0) size 41x18 [color=#551A8B]
            LayoutText {#text} at (0,0) size 41x18
              text run at (0,0) width 41: "ignore"
        LayoutBlockFlow {P} at (0,102) size 784x18
          LayoutInline {A} at (0,0) size 41x18 [color=#551A8B]
            LayoutText {#text} at (0,0) size 41x18
              text run at (0,0) width 41: "ignore"
