layer at (0,0) size 800x600
  LayoutView at (0,0) size 800x600
layer at (0,0) size 800x250
  LayoutBlockFlow {HTML} at (0,0) size 800x250
    LayoutBlockFlow {BODY} at (8,16) size 784x226
      LayoutBlockFlow {P} at (0,0) size 784x18
        LayoutText {#text} at (0,0) size 520x18
          text run at (0,0) width 520: "First, use directional navigation to navigate the focus to the \"START\" link below."
      LayoutBlockFlow {P} at (0,34) size 784x18
        LayoutText {#text} at (0,0) size 475x18
          text run at (0,0) width 475: "Test passes if navigating right once moves the focus to the \"FINISH\" link."
      LayoutBlockFlow (anonymous) at (0,68) size 784x158
        LayoutText {#text} at (304,140) size 4x18
          text run at (304,140) width 4: " "
        LayoutText {#text} at (0,0) size 0x0
layer at (8,84) size 304x154
  LayoutIFrame {IFRAME} at (0,0) size 304x154 [border: (2px inset #EEEEEE)]
    layer at (0,0) size 300x150
      LayoutView at (0,0) size 300x150
    layer at (0,0) size 300x50
      LayoutBlockFlow {HTML} at (0,0) size 300x50
        LayoutBlockFlow {BODY} at (8,16) size 284x18
          LayoutBlockFlow {P} at (0,0) size 284x18
            LayoutInline {A} at (0,0) size 52x18 [color=#551A8B]
              LayoutText {#text} at (0,0) size 52x18
                text run at (0,0) width 52: "FINISH"
layer at (316,84) size 304x154
  LayoutIFrame {IFRAME} at (308,0) size 304x154 [border: (2px inset #EEEEEE)]
    layer at (0,0) size 300x150
      LayoutView at (0,0) size 300x150
    layer at (0,0) size 300x50
      LayoutBlockFlow {HTML} at (0,0) size 300x50
        LayoutBlockFlow {BODY} at (8,16) size 284x18
          LayoutBlockFlow {P} at (0,0) size 284x18
            LayoutInline {A} at (0,0) size 41x18 [color=#551A8B]
              LayoutText {#text} at (0,0) size 41x18
                text run at (0,0) width 41: "ignore"
            LayoutText {#text} at (40,0) size 5x18
              text run at (40,0) width 5: " "
            LayoutInline {A} at (0,0) size 50x18 [color=#551A8B]
              LayoutText {#text} at (44,0) size 50x18
                text run at (44,0) width 50: "START"
