layer at (0,0) size 800x600
  LayoutView at (0,0) size 800x600
layer at (0,0) size 800x196
  LayoutBlockFlow {HTML} at (0,0) size 800x196
    LayoutBlockFlow {BODY} at (8,16) size 784x164
      LayoutBlockFlow {P} at (0,0) size 784x20
        LayoutText {#text} at (0,0) size 578x19
          text run at (0,0) width 578: "Open the console inside the developer tools. It should contain four lines whose contents are:"
      LayoutBlockFlow {P} at (0,36) size 784x20
        LayoutInline {CODE} at (0,0) size 80x16
          LayoutText {#text} at (0,3) size 80x16
            text run at (0,3) width 80: "default: 1"
      LayoutBlockFlow {P} at (0,72) size 784x20
        LayoutInline {CODE} at (0,0) size 80x16
          LayoutText {#text} at (0,3) size 80x16
            text run at (0,3) width 80: "default: 2"
      LayoutBlockFlow {P} at (0,108) size 784x20
        LayoutInline {CODE} at (0,0) size 80x16
          LayoutText {#text} at (0,3) size 80x16
            text run at (0,3) width 80: "default: 3"
      LayoutBlockFlow {P} at (0,144) size 784x20
        LayoutInline {CODE} at (0,0) size 80x16
          LayoutText {#text} at (0,3) size 80x16
            text run at (0,3) width 80: "default: 4"
