layer at (0,0) size 800x600
  LayoutView at (0,0) size 800x600
layer at (0,0) size 800x598
  LayoutBlockFlow {HTML} at (0,0) size 800x598
    LayoutBlockFlow {BODY} at (8,8) size 784x582
      LayoutBlockFlow {DIV} at (0,0) size 784x582 [border: (1px solid #FF0000)]
        LayoutText {#text} at (1,3) size 156x19
          text run at (1,3) width 156: "Whitespace in option text:"
        LayoutMenuList {SELECT} at (157,1) size 49x25.33 [bgcolor=#DDDDDD] [border: (1px solid #A9A9A9)]
          LayoutBlockFlow (anonymous) at (1,3.66) size 47x18
            LayoutText (anonymous) at (4,1) size 25x16
              text run at (4,1) width 25: "f o o"
        LayoutText {#text} at (206,3) size 7x19
          text run at (206,3) width 7: "a"
        LayoutMenuList {SELECT} at (213,1) size 49x25.33 [bgcolor=#DDDDDD] [border: (1px solid #A9A9A9)]
          LayoutBlockFlow (anonymous) at (1,3.66) size 47x18
            LayoutText (anonymous) at (4,1) size 4x16
              text run at (4,1) width 4: " "
        LayoutText {#text} at (262,3) size 8x19
          text run at (262,3) width 8: "b"
        LayoutBR {BR} at (270,3) size 0x19
        LayoutBR {BR} at (1,24) size 0x19
        LayoutText {#text} at (1,44) size 128x19
          text run at (1,44) width 128: "Simple select control:"
        LayoutMenuList {SELECT} at (129,42) size 42x25.33 [bgcolor=#DDDDDD] [border: (1px solid #A9A9A9)]
          LayoutBlockFlow (anonymous) at (1,3.66) size 40x18
            LayoutText (anonymous) at (4,1) size 17x16
              text run at (4,1) width 17: "foo"
        LayoutText {#text} at (171,44) size 7x19
          text run at (171,44) width 7: "a"
        LayoutMenuList {SELECT} at (178,42) size 42x25.33 [color=#808080] [bgcolor=#DDDDDD] [border: (1px solid #A9A9A9)]
          LayoutBlockFlow (anonymous) at (1,3.66) size 40x18
            LayoutText (anonymous) at (4,1) size 17x16
              text run at (4,1) width 17: "foo"
        LayoutText {#text} at (220,44) size 8x19
          text run at (220,44) width 8: "b"
        LayoutBR {BR} at (228,44) size 0x19
        LayoutBR {BR} at (1,65) size 0x19
        LayoutText {#text} at (1,85) size 181x19
          text run at (1,85) width 181: "Line-height should be ignored:"
        LayoutMenuList {SELECT} at (182,83) size 41x25.33 [bgcolor=#DDDDDD] [border: (1px solid #A9A9A9)]
          LayoutBlockFlow (anonymous) at (1,3.66) size 39x18
            LayoutText (anonymous) at (4,1) size 17x16
              text run at (4,1) width 17: "foo"
        LayoutText {#text} at (223,85) size 7x19
          text run at (223,85) width 7: "a"
        LayoutMenuList {SELECT} at (230,83) size 42x25.33 [color=#808080] [bgcolor=#DDDDDD] [border: (1px solid #A9A9A9)]
          LayoutBlockFlow (anonymous) at (1,3.66) size 40x18
            LayoutText (anonymous) at (4,1) size 18x16
              text run at (4,1) width 18: "bar"
        LayoutText {#text} at (272,85) size 8x19
          text run at (272,85) width 8: "b"
        LayoutBR {BR} at (280,85) size 0x19
        LayoutBR {BR} at (1,106) size 0x19
        LayoutText {#text} at (1,130) size 414x19
          text run at (1,130) width 414: "Padding should be respected, the arrow button shouldn't change size:"
        LayoutMenuList {SELECT} at (415,124) size 49x33.33 [bgcolor=#DDDDDD] [border: (1px solid #A9A9A9)]
          LayoutBlockFlow (anonymous) at (5,7.66) size 39x18
            LayoutText (anonymous) at (4,1) size 17x16
              text run at (4,1) width 17: "foo"
        LayoutText {#text} at (464,130) size 7x19
          text run at (464,130) width 7: "a"
        LayoutMenuList {SELECT} at (471,124) size 49x33.33 [color=#808080] [bgcolor=#DDDDDD] [border: (1px solid #A9A9A9)]
          LayoutBlockFlow (anonymous) at (5,7.66) size 39x18
            LayoutText (anonymous) at (4,1) size 17x16
              text run at (4,1) width 17: "foo"
        LayoutText {#text} at (520,130) size 8x19
          text run at (520,130) width 8: "b"
        LayoutBR {BR} at (528,130) size 0x19
        LayoutBR {BR} at (1,155) size 0x19
        LayoutText {#text} at (1,182) size 171x19
          text run at (1,182) width 171: "Border should be respected:"
        LayoutMenuList {SELECT} at (172,173) size 55x39.33 [bgcolor=#DDDDDD] [border: (8px solid #33CCFF)]
          LayoutBlockFlow (anonymous) at (8,10.66) size 39x18
            LayoutText (anonymous) at (4,1) size 17x16
              text run at (4,1) width 17: "foo"
        LayoutText {#text} at (227,182) size 7x19
          text run at (227,182) width 7: "a"
        LayoutMenuList {SELECT} at (234,173) size 55x39.33 [color=#808080] [bgcolor=#DDDDDD] [border: (8px solid #33CCFF)]
          LayoutBlockFlow (anonymous) at (8,10.66) size 39x18
            LayoutText (anonymous) at (4,1) size 17x16
              text run at (4,1) width 17: "foo"
        LayoutText {#text} at (289,182) size 8x19
          text run at (289,182) width 8: "b"
        LayoutBR {BR} at (297,182) size 0x19
        LayoutBR {BR} at (1,210) size 0x19
        LayoutText {#text} at (1,238) size 111x19
          text run at (1,238) width 111: "Border + padding:"
        LayoutMenuList {SELECT} at (112,228) size 57x41.33 [bgcolor=#DDDDDD] [border: (4px solid #33CCFF)]
          LayoutBlockFlow (anonymous) at (9,11.66) size 39x18
            LayoutText (anonymous) at (4,1) size 17x16
              text run at (4,1) width 17: "foo"
        LayoutText {#text} at (169,238) size 7x19
          text run at (169,238) width 7: "a"
        LayoutMenuList {SELECT} at (176,228) size 57x41.33 [color=#808080] [bgcolor=#DDDDDD] [border: (4px solid #33CCFF)]
          LayoutBlockFlow (anonymous) at (9,11.66) size 39x18
            LayoutText (anonymous) at (4,1) size 17x16
              text run at (4,1) width 17: "foo"
        LayoutText {#text} at (233,238) size 8x19
          text run at (233,238) width 8: "b"
        LayoutBR {BR} at (241,238) size 0x19
        LayoutBR {BR} at (1,267) size 0x19
        LayoutText {#text} at (1,290) size 453x19
          text run at (1,290) width 453: "Height larger than font-size, button should grow, text baseline should center:"
        LayoutMenuList {SELECT} at (453.67,285) size 41x30 [bgcolor=#DDDDDD] [border: (1px solid #A9A9A9)]
          LayoutBlockFlow (anonymous) at (1,6) size 39x18
            LayoutText (anonymous) at (4,1) size 17x16
              text run at (4,1) width 17: "foo"
        LayoutText {#text} at (494,290) size 8x19
          text run at (494,290) width 8: "a"
        LayoutMenuList {SELECT} at (501.67,285) size 41x30 [color=#808080] [bgcolor=#DDDDDD] [border: (1px solid #A9A9A9)]
          LayoutBlockFlow (anonymous) at (1,6) size 39x18
            LayoutText (anonymous) at (4,1) size 4x16
              text run at (4,1) width 4: " "
        LayoutText {#text} at (542,290) size 9x19
          text run at (542,290) width 9: "b"
        LayoutBR {BR} at (550,290) size 1x19
        LayoutBR {BR} at (1,313) size 0x19
        LayoutText {#text} at (1,331) size 456x19
          text run at (1,331) width 456: "Height smaller than font-size, whole select shrinks but baseline is unchanged:"
        LayoutMenuList {SELECT} at (457,331) size 42x3 [bgcolor=#DDDDDD] [border: (1px solid #A9A9A9)]
          LayoutBlockFlow (anonymous) at (1,1) size 40x18
            LayoutText (anonymous) at (4,1) size 17x16
              text run at (4,1) width 17: "foo"
        LayoutText {#text} at (499,331) size 7x19
          text run at (499,331) width 7: "a"
        LayoutMenuList {SELECT} at (506,331) size 42x3 [bgcolor=#DDDDDD] [border: (1px solid #A9A9A9)]
          LayoutBlockFlow (anonymous) at (1,1) size 40x18
            LayoutText (anonymous) at (4,1) size 18x16
              text run at (4,1) width 18: "bar"
        LayoutText {#text} at (548,331) size 8x19
          text run at (548,331) width 8: "b"
        LayoutBR {BR} at (556,331) size 0x19
        LayoutBR {BR} at (1,347) size 0x19
        LayoutText {#text} at (1,363) size 159x19
          text run at (1,363) width 159: "select control with size=0: "
        LayoutBR {BR} at (160,363) size 0x19
        LayoutMenuList {SELECT} at (1,381) size 203x28.33 [bgcolor=#DDDDDD] [border: (1px solid #A9A9A9)]
          LayoutBlockFlow (anonymous) at (1,5.16) size 201x18
            LayoutText (anonymous) at (4,1) size 78x16
              text run at (4,1) width 78: "Future Series"
        LayoutText {#text} at (204,385) size 4x19
          text run at (204,385) width 4: " "
        LayoutBR {BR} at (0,0) size 0x0
        LayoutText {#text} at (1,407) size 159x19
          text run at (1,407) width 159: "select control with size=1: "
        LayoutBR {BR} at (160,407) size 0x19
        LayoutMenuList {SELECT} at (1,425) size 203x28.33 [bgcolor=#DDDDDD] [border: (1px solid #A9A9A9)]
          LayoutBlockFlow (anonymous) at (1,5.16) size 201x18
            LayoutText (anonymous) at (4,1) size 78x16
              text run at (4,1) width 78: "Future Series"
        LayoutText {#text} at (204,429) size 4x19
          text run at (204,429) width 4: " "
        LayoutBR {BR} at (0,0) size 0x0
        LayoutText {#text} at (1,451) size 159x19
          text run at (1,451) width 159: "Non-styled select control: "
        LayoutBR {BR} at (160,451) size 0x19
        LayoutMenuList {SELECT} at (1,469) size 223x48.33 [bgcolor=#DDDDDD] [border: (1px solid #A9A9A9)]
          LayoutBlockFlow (anonymous) at (11,15.16) size 201x18
            LayoutText (anonymous) at (4,1) size 78x16
              text run at (4,1) width 78: "Future Series"
        LayoutText {#text} at (224,483) size 4x19
          text run at (224,483) width 4: " "
        LayoutBR {BR} at (0,0) size 0x0
        LayoutText {#text} at (1,515) size 278x19
          text run at (1,515) width 278: "Styled select control with large border-radius: "
        LayoutBR {BR} at (278,515) size 1x19
        LayoutMenuList {SELECT} at (1,533) size 223x48.33 [bgcolor=#33CCFF] [border: (1px solid #A9A9A9)]
          LayoutBlockFlow (anonymous) at (11,15.16) size 201x18
            LayoutText (anonymous) at (4,1) size 78x16
              text run at (4,1) width 78: "Future Series"
        LayoutText {#text} at (224,547) size 4x19
          text run at (224,547) width 4: " "
        LayoutBR {BR} at (0,0) size 0x0
