layer at (0,0) size 800x600
  LayoutView at (0,0) size 800x600
layer at (0,0) size 800x600
  LayoutBlockFlow {HTML} at (0,0) size 800x600
    LayoutBlockFlow {BODY} at (8,8) size 784x584
      LayoutMenuList {SELECT} at (0,2) size 64x25.33 [bgcolor=#C0C0C0] [border: (1px solid #A9A9A9)]
        LayoutBlockFlow (anonymous) at (1,3.66) size 62x18
          LayoutText (anonymous) at (4,1) size 40x16
            text run at (4,1) width 40: "Default"
      LayoutText {#text} at (64,4) size 4x19
        text run at (64,4) width 4: " "
      LayoutMenuList {SELECT} at (68,2) size 47x25.33 [color=#FF0000] [bgcolor=#C0C0C0] [border: (1px solid #A9A9A9)]
        LayoutBlockFlow (anonymous) at (1,3.66) size 45x18
          LayoutText (anonymous) at (4,1) size 23x16
            text run at (4,1) width 23: "Red"
      LayoutText {#text} at (115,4) size 4x19
        text run at (115,4) width 4: " "
      LayoutMenuList {SELECT} at (119,0) size 118x28.33 [bgcolor=#008000] [border: (1px solid #A9A9A9)]
        LayoutBlockFlow (anonymous) at (1,5.16) size 116x18
          LayoutText (anonymous) at (4,1) size 94x16
            text run at (4,1) width 94: "Default on green"
      LayoutText {#text} at (237,4) size 4x19
        text run at (237,4) width 4: " "
      LayoutMenuList {SELECT} at (241,0) size 101x28.33 [color=#FF0000] [bgcolor=#008000] [border: (1px solid #A9A9A9)]
        LayoutBlockFlow (anonymous) at (1,5.16) size 99x18
          LayoutText (anonymous) at (4,1) size 77x16
            text run at (4,1) width 77: "Red on green"
      LayoutText {#text} at (0,0) size 0x0
