layer at (0,0) size 800x600
  LayoutView at (0,0) size 800x600
layer at (0,0) size 800x600
  LayoutBlockFlow {HTML} at (0,0) size 800x600
    LayoutBlockFlow {BODY} at (8,8) size 784x584
      LayoutBlockFlow (anonymous) at (0,0) size 784x120
        LayoutText {#text} at (0,0) size 622x19
          text run at (0,0) width 622: "This tests that when an option is dynamically added to a menu list, and it is too big for the current height,"
        LayoutBR {BR} at (622,15) size 0x0
        LayoutText {#text} at (0,20) size 350x19
          text run at (0,20) width 350: "that the select automatically recalculates the correct height."
        LayoutBR {BR} at (350,35) size 0x0
        LayoutMenuList {SELECT} at (0,40) size 350x80.33 [bgcolor=#C0C0C0] [border: (1px solid #A9A9A9)]
          LayoutBlockFlow (anonymous) at (1,31.16) size 348x18
            LayoutText (anonymous) at (4,1) size 67x16
              text run at (4,1) width 67: "Normal text"
        LayoutText {#text} at (0,0) size 0x0
      LayoutBlockFlow {DIV} at (0,120) size 784x0
