layer at (0,0) size 800x600
  LayoutView at (0,0) size 800x600
layer at (0,0) size 800x600
  LayoutBlockFlow {HTML} at (0,0) size 800x600
    LayoutBlockFlow {BODY} at (8,8) size 784x584
      LayoutBlockFlow {P} at (0,0) size 784x20
        LayoutText {#text} at (0,0) size 383x19
          text run at (0,0) width 383: "All of these selects should have the same amount of whitespace."
      LayoutBlockFlow (anonymous) at (0,36) size 784x300
        LayoutText {#text} at (0,51) size 66x19
          text run at (0,51) width 66: "Five Tabs: "
        LayoutBR {BR} at (140,66) size 1x0
        LayoutBR {BR} at (0,71) size 0x19
        LayoutText {#text} at (0,142) size 81x19
          text run at (0,142) width 81: "Five Spaces: "
        LayoutBR {BR} at (155,157) size 1x0
        LayoutBR {BR} at (0,162) size 0x19
        LayoutText {#text} at (0,186) size 280x19
          text run at (0,186) width 280: "Five Spaces (with leading/trailing whitespace): "
        LayoutMenuList {SELECT} at (280,182) size 95x28.33 [bgcolor=#C0C0C0] [border: (1px solid #A9A9A9)]
          LayoutBlockFlow (anonymous) at (1,5.16) size 93x18
            LayoutText (anonymous) at (4,1) size 71x16
              text run at (4,1) width 71: "Five Spaces"
        LayoutBR {BR} at (375,201) size 0x0
        LayoutBR {BR} at (0,210) size 0x19
        LayoutText {#text} at (0,232) size 265x19
          text run at (0,232) width 265: "Five Tabs (with leading/trailing whitespace): "
        LayoutMenuList {SELECT} at (264.88,230) size 78x25.33 [bgcolor=#C0C0C0] [border: (1px solid #A9A9A9)]
          LayoutBlockFlow (anonymous) at (1,3.66) size 76x18
            LayoutText (anonymous) at (4,1) size 54x16
              text run at (4,1) width 54: "Five Tabs"
        LayoutBR {BR} at (342,247) size 1x0
        LayoutBR {BR} at (0,255) size 0x19
        LayoutText {#text} at (0,277) size 121x19
          text run at (0,277) width 121: "Mixed Whitespace: "
        LayoutMenuList {SELECT} at (121,275) size 78x25.33 [bgcolor=#C0C0C0] [border: (1px solid #A9A9A9)]
          LayoutBlockFlow (anonymous) at (1,3.66) size 76x18
            LayoutText (anonymous) at (4,1) size 54x16
              text run at (4,1) width 54: "Five Tabs"
        LayoutText {#text} at (0,0) size 0x0
layer at (74,44) size 74x70 clip at (75,45) size 57x68
  LayoutListBox {SELECT} at (65.88,0) size 74.53x70 [bgcolor=#FFFFFF] [border: (1px solid #A9A9A9)]
    LayoutBlockFlow {OPTION} at (1,1) size 57.53x17
      LayoutText {#text} at (2,0) size 54x16
        text run at (2,0) width 54: "Five Tabs"
layer at (89,135) size 75x70 clip at (90,136) size 58x68
  LayoutListBox {SELECT} at (81,91) size 74.53x70 [bgcolor=#FFFFFF] [border: (1px solid #A9A9A9)]
    LayoutBlockFlow {OPTION} at (1,1) size 57.53x17
      LayoutText {#text} at (2,0) size 54x16
        text run at (2,0) width 54: "Five Tabs"
