layer at (0,0) size 800x600
  LayoutView at (0,0) size 800x600
layer at (0,0) size 800x600
  LayoutBlockFlow {HTML} at (0,0) size 800x600
    LayoutBlockFlow {BODY} at (8,8) size 784x584
      LayoutText {#text} at (0,0) size 525x19
        text run at (0,0) width 239: "This tests that styled popups look right. "
        text run at (239,0) width 286: "(Aqua for now- later, we will honor the styling)."
      LayoutBR {BR} at (524,15) size 1x0
      LayoutMenuList {SELECT} at (0,20) size 46x24.33 [bgcolor=#FF0000] [border: (1px solid #A9A9A9)]
        LayoutBlockFlow (anonymous) at (1,3.16) size 44x18
          LayoutText (anonymous) at (4,1) size 22x16
            text run at (4,1) width 22: "test"
      LayoutText {#text} at (46,22) size 4x19
        text run at (46,22) width 4: " "
      LayoutBR {BR} at (50,37) size 0x0
      LayoutText {#text} at (0,44) size 504x19
        text run at (0,44) width 504: "This tests that background color is white by default regardless of the parent element."
      LayoutBR {BR} at (504,59) size 0x0
      LayoutInline {SPAN} at (0,0) size 60x29 [bgcolor=#FF0000]
        LayoutText {#text} at (0,0) size 0x0
        LayoutMenuList {SELECT} at (5,64) size 46x24.33 [bgcolor=#C0C0C0] [border: (1px solid #A9A9A9)]
          LayoutBlockFlow (anonymous) at (1,3.16) size 44x18
            LayoutText (anonymous) at (4,1) size 22x16
              text run at (4,1) width 22: "test"
        LayoutText {#text} at (51,66) size 4x19
          text run at (51,66) width 4: " "
      LayoutText {#text} at (0,0) size 0x0
      LayoutBR {BR} at (0,0) size 0x0
      LayoutText {#text} at (0,88) size 594x19
        text run at (0,88) width 594: "This tests that background color is inherited from the parent if background-color:inherit is specified."
      LayoutBR {BR} at (594,103) size 0x0
      LayoutInline {SPAN} at (0,0) size 60x29 [bgcolor=#FF0000]
        LayoutText {#text} at (0,0) size 0x0
        LayoutMenuList {SELECT} at (5,108) size 46x24.33 [border: (1px solid #A9A9A9)]
          LayoutBlockFlow (anonymous) at (1,3.16) size 44x18
            LayoutText (anonymous) at (4,1) size 22x16
              text run at (4,1) width 22: "test"
        LayoutText {#text} at (51,110) size 4x19
          text run at (51,110) width 4: " "
      LayoutText {#text} at (0,0) size 0x0
      LayoutBR {BR} at (0,0) size 0x0
      LayoutText {#text} at (0,132) size 612x19
        text run at (0,132) width 612: "This tests that background color is the same as the parent if background-color:transparent is specified."
      LayoutBR {BR} at (612,147) size 0x0
      LayoutInline {SPAN} at (0,0) size 60x29 [bgcolor=#FF0000]
        LayoutText {#text} at (0,0) size 0x0
        LayoutMenuList {SELECT} at (5,152) size 46x24.33 [border: (1px solid #A9A9A9)]
          LayoutBlockFlow (anonymous) at (1,3.16) size 44x18
            LayoutText (anonymous) at (4,1) size 22x16
              text run at (4,1) width 22: "test"
        LayoutText {#text} at (51,154) size 4x19
          text run at (51,154) width 4: " "
      LayoutText {#text} at (0,0) size 0x0
      LayoutBR {BR} at (0,0) size 0x0
      LayoutText {#text} at (0,176) size 470x19
        text run at (0,176) width 470: "This tests that background is white if only background-image:none is specified."
      LayoutBR {BR} at (470,191) size 0x0
      LayoutMenuList {SELECT} at (0,196) size 46x24.33 [bgcolor=#C0C0C0] [border: (1px solid #A9A9A9)]
        LayoutBlockFlow (anonymous) at (1,3.16) size 44x18
          LayoutText (anonymous) at (4,1) size 22x16
            text run at (4,1) width 22: "test"
      LayoutText {#text} at (46,198) size 4x19
        text run at (46,198) width 4: " "
      LayoutBR {BR} at (50,213) size 0x0
      LayoutText {#text} at (0,220) size 396x19
        text run at (0,220) width 396: "This tests that the image specified for background-image is visible."
      LayoutBR {BR} at (396,235) size 0x0
      LayoutMenuList {SELECT} at (0,240) size 46x24.33 [bgcolor=#C0C0C0] [border: (1px solid #A9A9A9)]
        LayoutBlockFlow (anonymous) at (1,3.16) size 44x18
          LayoutText (anonymous) at (4,1) size 22x16
            text run at (4,1) width 22: "test"
      LayoutText {#text} at (0,0) size 0x0
