layer at (0,0) size 800x600
  LayoutView at (0,0) size 800x600
layer at (0,0) size 800x94
  LayoutBlockFlow {HTML} at (0,0) size 800x94
    LayoutBlockFlow {BODY} at (8,8) size 784x70
      LayoutTable {TABLE} at (0,0) size 56x34 [border: (1px outset #808080)]
        LayoutTableSection {TBODY} at (1,1) size 54x32
          LayoutTableRow {TR} at (0,2) size 54x28
            LayoutTableCell {TD} at (2,2) size 50x28 [border: (1px inset #808080)] [r=0 c=0 rs=1 cs=1]
              LayoutMenuList {SELECT} at (2,2) size 46x24.33 [bgcolor=#C0C0C0] [border: (1px solid #A9A9A9)]
                LayoutBlockFlow (anonymous) at (1,3.16) size 44x18
                  LayoutText (anonymous) at (4,1) size 22x16
                    text run at (4,1) width 22: "test"
      LayoutBlockFlow {P} at (0,50) size 784x20
        LayoutText {#text} at (0,0) size 425x19
          text run at (0,0) width 425: "The select element in the table above must not spill outside of the table."
