layer at (0,0) size 800x600
  LayoutView at (0,0) size 800x600
layer at (0,0) size 800x86
  LayoutBlockFlow {HTML} at (0,0) size 800x86
    LayoutBlockFlow {BODY} at (8,16) size 784x54
      LayoutBlockFlow {OL} at (0,0) size 784x54
        LayoutListItem {LI} at (40,0) size 744x18
          LayoutListMarker (anonymous) at (-16,0) size 16x18: "1"
          LayoutText {#text} at (0,0) size 208x18
            text run at (0,0) width 208: "Disable the network connection."
        LayoutListItem {LI} at (40,18) size 744x18
          LayoutListMarker (anonymous) at (-16,0) size 16x18: "2"
          LayoutText {#text} at (0,0) size 112x18
            text run at (0,0) width 112: "Refresh the page."
        LayoutListItem {LI} at (40,36) size 744x18
          LayoutListMarker (anonymous) at (-16,0) size 16x18: "3"
          LayoutText {#text} at (0,0) size 291x18
            text run at (0,0) width 291: "If the page is normally displayed, then test is "
          LayoutInline {SPAN} at (0,0) size 39x18 [color=#008000]
            LayoutInline {B} at (0,0) size 39x18
              LayoutText {#text} at (290,0) size 39x18
                text run at (290,0) width 39: "PASS"
          LayoutText {#text} at (328,0) size 75x18
            text run at (328,0) width 75: ", otherwise "
          LayoutInline {SPAN} at (0,0) size 38x18 [color=#FF0000]
            LayoutInline {B} at (0,0) size 38x18
              LayoutText {#text} at (402,0) size 38x18
                text run at (402,0) width 38: "FAIL"
          LayoutText {#text} at (439,0) size 5x18
            text run at (439,0) width 5: "."
