layer at (0,0) size 800x600
  LayoutView at (0,0) size 800x600
layer at (0,0) size 800x236
  LayoutBlockFlow {HTML} at (0,0) size 800x236
    LayoutBlockFlow {BODY} at (8,16) size 784x212
      LayoutBlockFlow {P} at (0,0) size 784x73
        LayoutText {#text} at (0,29) size 186x18
          text run at (0,29) width 186: "Before running this test, this "
        LayoutInline {A} at (0,0) size 101x75 [color=#FFFF00] [bgcolor=#000000]
          LayoutText {#text} at (195,0) size 81x55
            text run at (195,0) width 81: "link"
        LayoutText {#text} at (285,29) size 779x44
          text run at (285,29) width 494: " must have been visited. It will have yellow text if this is not the case. If it its"
          text run at (0,55) width 332: "text is yellow, you need to navigate to this link first."
      LayoutBlockFlow {P} at (0,89) size 784x18
        LayoutText {#text} at (0,0) size 572x18
          text run at (0,0) width 572: "Test passes if, when the link below is focused for editing, the text insertion caret is green."
      LayoutBlockFlow {P} at (0,123) size 784x18
        LayoutText {#text} at (0,0) size 441x18
          text run at (0,0) width 441: "The shape of the caret, and whether it flashes, are not part of the test."
      LayoutBlockFlow (anonymous) at (0,157) size 784x55
        LayoutInline {A} at (0,0) size 101x75 [color=#FFFF00] [bgcolor=#000000]
          LayoutText {#text} at (10,0) size 81x55
            text run at (10,0) width 81: "link"
        LayoutText {#text} at (0,0) size 0x0
caret: position 0 of child 0 {#text} of child 6 {A} of body
