layer at (0,0) size 800x600
  LayoutView at (0,0) size 800x600
layer at (0,0) size 800x266
  LayoutBlockFlow {HTML} at (0,0) size 800x266
    LayoutBlockFlow {BODY} at (8,16) size 784x242
      LayoutBlockFlow {P} at (0,0) size 784x18
        LayoutText {#text} at (0,0) size 677x18
          text run at (0,0) width 677: "The test passes if, when moved over the image below, the cursor is the platform-dependent default cursor."
      LayoutBlockFlow {P} at (0,34) size 784x18
        LayoutText {#text} at (0,0) size 519x18
          text run at (0,0) width 519: "Place the cursor into the orange box for a reference of what this should look like."
      LayoutBlockFlow (anonymous) at (0,68) size 784x68
        LayoutInline {A} at (0,0) size 64x18 [color=#0000EE]
          LayoutImage {IMG} at (0,0) size 64x64
        LayoutText {#text} at (0,0) size 0x0
      LayoutBlockFlow {DIV} at (0,136) size 106x106 [border: (3px solid #FFA500)]
