layer at (0,0) size 800x600
  LayoutView at (0,0) size 800x600
layer at (0,0) size 800x182
  LayoutBlockFlow {HTML} at (0,0) size 800x182
    LayoutBlockFlow {BODY} at (8,16) size 784x158
      LayoutBlockFlow {P} at (0,0) size 784x36
        LayoutText {#text} at (0,0) size 774x36
          text run at (0,0) width 727: "The test passes if, when moved inside the blue box, the cursor indicates that something can be resized diagonally "
          text run at (726,0) width 48: "along a"
          text run at (0,18) width 292: "north-west to south-east axis, bidirectionally. "
          text run at (291,18) width 392: "Often rendered as arrows pointing north-west and south-east."
      LayoutBlockFlow {DIV} at (0,52) size 106x106 [border: (3px solid #0000FF)]
