layer at (0,0) size 800x600
  LayoutView at (0,0) size 800x600
layer at (0,0) size 800x182
  LayoutBlockFlow {HTML} at (0,0) size 800x182
    LayoutBlockFlow {BODY} at (8,16) size 784x158
      LayoutBlockFlow {P} at (0,0) size 784x36
        LayoutText {#text} at (0,0) size 765x36
          text run at (0,0) width 728: "The test passes if, when moved inside the blue box, the cursor indicates that a cell or set of cells may be selected. "
          text run at (727,0) width 38: "Often"
          text run at (0,18) width 344: "rendered as a thick plus-sign with a dot in the middle."
      LayoutBlockFlow {DIV} at (0,52) size 106x106 [border: (3px solid #0000FF)]
