layer at (0,0) size 800x600
  LayoutView at (0,0) size 800x600
layer at (0,0) size 800x242
  LayoutBlockFlow {HTML} at (0,0) size 800x242
    LayoutBlockFlow {BODY} at (8,16) size 784x218
      LayoutBlockFlow {P} at (0,0) size 784x36
        LayoutText {#text} at (0,0) size 748x36
          text run at (0,0) width 523: "The test passes if, when moved inside the colored rectangle, the cursor looks like "
          text run at (522,0) width 226: "a crosshair (i.e. short line segments"
          text run at (0,18) width 149: "resembling a \"+\" sign)."
      LayoutBlockFlow {P} at (0,52) size 784x18
        LayoutText {#text} at (0,0) size 403x18
          text run at (0,0) width 403: "If inside the rectangle the cursor does not change, the test fails."
      LayoutBlockFlow {DIV} at (0,86) size 132x132 [bgcolor=#D2B48C] [border: (2px solid #555555)]
