layer at (0,0) size 800x600
  LayoutView at (0,0) size 800x600
layer at (0,0) size 800x182
  LayoutBlockFlow {HTML} at (0,0) size 800x182
    LayoutBlockFlow {BODY} at (8,16) size 784x158
      LayoutBlockFlow {P} at (0,0) size 784x36
        LayoutText {#text} at (0,0) size 724x36
          text run at (0,0) width 724: "The test passes if, when moved inside the blue box, the cursor indicates that the something can be scrolled in any"
          text run at (0,18) width 65: "direction. "
          text run at (64,18) width 539: "Often rendered as arrows pointing up, down, left, and right with a dot in the middle."
      LayoutBlockFlow {DIV} at (0,52) size 106x106 [border: (3px solid #0000FF)]
