layer at (0,0) size 800x600
  LayoutView at (0,0) size 800x600
layer at (0,0) size 800x182
  LayoutBlockFlow {HTML} at (0,0) size 800x182
    LayoutBlockFlow {BODY} at (8,16) size 784x158
      LayoutBlockFlow {P} at (0,0) size 784x36
        LayoutText {#text} at (0,0) size 736x36
          text run at (0,0) width 736: "The test passes if, when moved inside the blue box, the cursor indicates that something can be resized horizontally,"
          text run at (0,18) width 101: "bidirectionally. "
          text run at (100,18) width 310: "Often rendered as arrows pointing left and right."
      LayoutBlockFlow {DIV} at (0,52) size 106x106 [border: (3px solid #0000FF)]
