layer at (0,0) size 800x600
  LayoutView at (0,0) size 800x600
layer at (0,0) size 800x118
  LayoutBlockFlow {HTML} at (0,0) size 800x118
    LayoutBlockFlow {BODY} at (8,16) size 784x36
      LayoutBlockFlow {P} at (0,0) size 784x36
        LayoutText {#text} at (0,0) size 779x36
          text run at (0,0) width 779: "The test passes if, when moved inside the blue square, the cursor is the platform-dependent default cursor. Often rendered"
          text run at (0,18) width 77: "as an arrow."
      LayoutBlockFlow {DIV} at (50,102) size 0x0
