layer at (0,0) size 800x600
  LayoutView at (0,0) size 800x600
layer at (0,0) size 800x68
  LayoutBlockFlow {HTML} at (0,0) size 800x68
    LayoutBlockFlow {BODY} at (8,16) size 784x36
      LayoutBlockFlow {P} at (0,0) size 784x36
        LayoutText {#text} at (0,0) size 775x36
          text run at (0,0) width 775: "The test passes if, when moved over the blue boxes, the cursor looks like a crosshair (e.g. short line segments resembling"
          text run at (0,18) width 78: "a \"+\" sign). "
          text run at (77,18) width 469: "The shape of the cursor when it is over white areas is not part of this test."
layer at (8,68) size 110x110
  LayoutBlockFlow (positioned) {DIV} at (8,68) size 110x110
    LayoutBlockFlow {DIV} at (50,50) size 10x10 [border: (5px solid #FFFFFF)]
