layer at (0,0) size 800x600
  LayoutView at (0,0) size 800x600
layer at (0,0) size 800x182
  LayoutBlockFlow {HTML} at (0,0) size 800x182
    LayoutBlockFlow {BODY} at (8,16) size 784x158
      LayoutBlockFlow {P} at (0,0) size 784x36
        LayoutText {#text} at (0,0) size 767x36
          text run at (0,0) width 767: "The test passes if, when moved inside the blue box, the cursor indicates a link. Often rendered as the backside of a hand"
          text run at (0,18) width 367: "with the index finger poiting and the other fingers closed."
      LayoutBlockFlow {DIV} at (0,52) size 106x106 [border: (3px solid #0000FF)]
