layer at (0,0) size 800x600
  LayoutView at (0,0) size 800x600
layer at (0,0) size 800x211
  LayoutBlockFlow {HTML} at (0,0) size 800x211
    LayoutBlockFlow {BODY} at (8,16) size 784x165
      LayoutBlockFlow {P} at (0,0) size 784x18
        LayoutText {#text} at (0,0) size 339x18
          text run at (0,0) width 339: "If you are on a device without a cursor, skip this test."
      LayoutBlockFlow {P} at (0,34) size 784x18
        LayoutText {#text} at (0,0) size 547x18
          text run at (0,0) width 547: "Otherwise, if the cursor does not look like a red and a green arrow, the test has failed."
      LayoutBlockFlow {P} at (0,68) size 784x18
        LayoutText {#text} at (0,0) size 238x18
          text run at (0,0) width 238: "Place the cursor so that the tip of the "
        LayoutInline {STRONG} at (0,0) size 85x18
          LayoutText {#text} at (237,0) size 85x18
            text run at (237,0) width 85: "green arrow"
        LayoutText {#text} at (321,0) size 63x18
          text run at (321,0) width 63: " is on the "
        LayoutInline {STRONG} at (0,0) size 68x18
          LayoutText {#text} at (383,0) size 68x18
            text run at (383,0) width 68: "green box"
        LayoutText {#text} at (450,0) size 75x18
          text run at (450,0) width 75: ", then click."
      LayoutBlockFlow {P} at (0,102) size 784x18
        LayoutText {#text} at (0,0) size 346x18
          text run at (0,0) width 346: "If nothing happens when you click, the test has failed."
      LayoutBlockFlow {DIV} at (30,150) size 15x15 [bgcolor=#008000]
