layer at (0,0) size 800x600
  LayoutView at (0,0) size 800x600
layer at (0,0) size 800x68
  LayoutBlockFlow {HTML} at (0,0) size 800x68
    LayoutBlockFlow {BODY} at (8,16) size 784x36
      LayoutBlockFlow {P} at (0,0) size 784x36
        LayoutText {#text} at (0,0) size 783x36
          text run at (0,0) width 783: "The test passes if, when moved inside the blue box, the cursor looks like a crosshair (e.g. short line segments resembling a"
          text run at (0,18) width 63: "\"+\" sign)."
layer at (8,68) size 100x100
  LayoutBlockFlow (positioned) {DIV} at (8,68) size 100x100 [bgcolor=#0000FF]
    LayoutBlockFlow {DIV} at (50,100) size 0x0
