layer at (0,0) size 800x600
  LayoutView at (0,0) size 800x600
layer at (0,0) size 800x94
  LayoutBlockFlow {HTML} at (0,0) size 800x94
    LayoutBlockFlow {BODY} at (8,16) size 784x70
      LayoutBlockFlow {P} at (0,0) size 784x36
        LayoutText {#text} at (0,0) size 773x36
          text run at (0,0) width 773: "The test passes if, when moved over the blue text, the cursor indicates text that may be selected, like it does when placed"
          text run at (0,18) width 119: "over this sentence."
      LayoutBlockFlow {DIV} at (0,52) size 784x18 [color=#0000FF]
        LayoutText {#text} at (0,0) size 86x18
          text run at (0,0) width 86: "Lorem ipsum"
