layer at (0,0) size 800x600
  LayoutView at (0,0) size 800x600
layer at (0,0) size 800x168
  LayoutBlockFlow {HTML} at (0,0) size 800x168
    LayoutBlockFlow {BODY} at (8,16) size 784x136
      LayoutBlockFlow {P} at (0,0) size 784x18
        LayoutText {#text} at (0,0) size 634x18
          text run at (0,0) width 369: "The test passes if, when moved inside the grey rectangle, "
          text run at (368,0) width 266: "the cursor looks like the reference image."
      LayoutBlockFlow {P} at (0,34) size 132x68 [bgcolor=#AAAAAA] [border: (2px solid #555555)]
        LayoutInline {<pseudo:before>} at (0,0) size 32x18
          LayoutImage (anonymous) at (2,2) size 32x32
      LayoutBlockFlow {P} at (0,118) size 784x18
        LayoutText {#text} at (0,0) size 302x18
          text run at (0,0) width 302: "Local indexed (type 3) PNG image, 2 bit/pixel."
