layer at (0,0) size 800x600
  LayoutView at (0,0) size 800x600
layer at (0,0) size 800x164
  LayoutBlockFlow {HTML} at (0,0) size 800x164
    LayoutBlockFlow {BODY} at (8,16) size 784x140
      LayoutBlockFlow {P} at (0,0) size 784x18
        LayoutText {#text} at (0,0) size 473x18
          text run at (0,0) width 473: "The test passes if, when moved inside the blue box, the cursor disappears."
      LayoutBlockFlow {DIV} at (0,34) size 106x106 [border: (3px solid #0000FF)]
