layer at (0,0) size 800x600
  LayoutView at (0,0) size 800x600
layer at (0,0) size 800x162
  LayoutBlockFlow {HTML} at (0,0) size 800x162
    LayoutBlockFlow {BODY} at (8,16) size 784x138
      LayoutBlockFlow {P} at (0,0) size 784x18
        LayoutText {#text} at (0,0) size 122x18
          text run at (0,0) width 122: "Test passes if only "
        LayoutInline {STRONG} at (0,0) size 44x18
          LayoutText {#text} at (121,0) size 44x18
            text run at (121,0) width 44: "height"
        LayoutText {#text} at (164,0) size 611x18
          text run at (164,0) width 611: " of blue border square below can be adjusted(for instance by dragging the bottom-right corner)."
layer at (8,50) size 104x104 clip at (10,52) size 100x100
  LayoutBlockFlow {DIV} at (0,34) size 104x104 [border: (2px solid #0000FF)]
