layer at (0,0) size 800x600
  LayoutView at (0,0) size 800x600
layer at (0,0) size 800x180
  LayoutBlockFlow {HTML} at (0,0) size 800x180
    LayoutBlockFlow {BODY} at (8,16) size 784x156
      LayoutBlockFlow {P} at (0,0) size 784x36
        LayoutText {#text} at (0,0) size 146x18
          text run at (0,0) width 146: "Test passes if only the "
        LayoutInline {STRONG} at (0,0) size 40x18
          LayoutText {#text} at (145,0) size 40x18
            text run at (145,0) width 40: "width"
        LayoutText {#text} at (184,0) size 741x36
          text run at (184,0) width 557: " of blue border square below can be adjusted(for instance by dragging the bottom-right"
          text run at (0,18) width 51: "corner)."
layer at (8,68) size 104x104 clip at (10,70) size 100x100
  LayoutBlockFlow {DIV} at (0,52) size 104x104 [border: (2px solid #0000FF)]
