layer at (0,0) size 800x600
  LayoutView at (0,0) size 800x600
layer at (0,0) size 800x230
  LayoutBlockFlow {HTML} at (0,0) size 800x230
    LayoutBlockFlow {BODY} at (8,16) size 784x206
      LayoutBlockFlow {P} at (0,0) size 784x36
        LayoutText {#text} at (0,0) size 298x18
          text run at (0,0) width 298: "Test passes if both the height and width of the "
        LayoutInline {STRONG} at (0,0) size 39x18
          LayoutText {#text} at (297,0) size 39x18
            text run at (297,0) width 39: "green"
        LayoutText {#text} at (335,0) size 750x36
          text run at (335,0) width 415: " border square inside blue square can be adjusted(for instance by"
          text run at (0,18) width 220: "dragging the bottom-right corner)."
layer at (8,68) size 154x154 clip at (10,70) size 150x150
  LayoutBlockFlow {DIV} at (0,52) size 154x154 [border: (2px solid #0000FF)]
layer at (10,70) size 79x79 clip at (12,72) size 75x75
  LayoutBlockFlow {DIV} at (2,2) size 79x79 [border: (2px solid #008000)]
