layer at (0,0) size 800x600
  LayoutView at (0,0) size 800x600
layer at (0,0) size 800x68
  LayoutBlockFlow {HTML} at (0,0) size 800x68
    LayoutBlockFlow {BODY} at (8,16) size 784x36
      LayoutBlockFlow {P} at (0,0) size 784x36
        LayoutText {#text} at (0,0) size 754x36
          text run at (0,0) width 754: "The test passes is you can resize the orange box to be smaller than its initial size. For reference there is an unresizable"
          text run at (0,18) width 375: "green box beneath it. If you can uncover it, the test passes."
layer at (8,68) size 100x100
  LayoutBlockFlow (positioned) {DIV} at (8,68) size 100x100 [bgcolor=#008000]
layer at (8,68) size 100x100
  LayoutBlockFlow (positioned) {DIV} at (8,68) size 100x100 [bgcolor=#FFA500]
