layer at (0,0) size 800x600
  LayoutView at (0,0) size 800x600
layer at (0,0) size 800x102
  LayoutBlockFlow {HTML} at (0,0) size 800x102
    LayoutBlockFlow {BODY} at (8,16) size 784x70
      LayoutBlockFlow {P} at (0,0) size 784x18
        LayoutText {#text} at (0,0) size 689x18
          text run at (0,0) width 689: "Resize the orange box below to the smallest size possible. There is a smaller unresizable red box beneath it."
      LayoutBlockFlow {P} at (0,34) size 784x36
        LayoutText {#text} at (0,0) size 777x36
          text run at (0,0) width 777: "If you can uncover any amount of red, the test fails. If you cannot resize the orange box, the test also fails. Otherwise, the"
          text run at (0,18) width 72: "test passes."
layer at (8,102) size 50x50
  LayoutBlockFlow (positioned) {DIV} at (8,102) size 50x50 [bgcolor=#FF0000]
layer at (8,102) size 100x100
  LayoutBlockFlow (positioned) {DIV} at (8,102) size 100x100 [bgcolor=#FFA500]
