layer at (0,0) size 800x600
  LayoutView at (0,0) size 800x600
layer at (0,0) size 800x180
  LayoutBlockFlow {HTML} at (0,0) size 800x180
    LayoutBlockFlow {BODY} at (8,16) size 784x156
      LayoutBlockFlow {P} at (0,0) size 784x36
        LayoutText {#text} at (0,0) size 90x18
          text run at (0,0) width 90: "Test passes if "
        LayoutInline {STRONG} at (0,0) size 49x18
          LayoutText {#text} at (89,0) size 49x18
            text run at (89,0) width 49: "neither"
        LayoutText {#text} at (137,0) size 73x18
          text run at (137,0) width 73: " the height "
        LayoutInline {STRONG} at (0,0) size 25x18
          LayoutText {#text} at (209,0) size 25x18
            text run at (209,0) width 25: "nor"
        LayoutText {#text} at (233,0) size 749x36
          text run at (233,0) width 516: " the width of the blue border square can be adjusted(for instance by dragging the"
          text run at (0,18) width 136: "bottom-right corner)."
      LayoutBlockFlow {DIV} at (0,52) size 104x104 [border: (2px solid #0000FF)]
