layer at (0,0) size 800x600
  LayoutView at (0,0) size 800x600
layer at (0,0) size 800x331
  LayoutBlockFlow {HTML} at (0,0) size 800x331
    LayoutBlockFlow {BODY} at (8,16) size 784x307
      LayoutBlockFlow {OL} at (0,0) size 784x72
        LayoutListItem {LI} at (40,0) size 744x18
          LayoutListMarker (anonymous) at (-16,0) size 16x18: "1"
          LayoutText {#text} at (0,0) size 513x18
            text run at (0,0) width 513: "If clicking a <select> opens a native widget which is modal, then SKIP this test."
        LayoutListItem {LI} at (40,18) size 744x18
          LayoutListMarker (anonymous) at (-16,0) size 16x18: "2"
          LayoutText {#text} at (0,0) size 364x18
            text run at (0,0) width 364: "Click on the <select> below. A selection widget appears."
        LayoutListItem {LI} at (40,36) size 744x18
          LayoutListMarker (anonymous) at (-16,0) size 16x18: "3"
          LayoutText {#text} at (0,0) size 729x18
            text run at (0,0) width 729: "Move the pointer so that it is hovering within the intersection area of the selection widget and the blue box below."
        LayoutListItem {LI} at (40,54) size 744x18
          LayoutListMarker (anonymous) at (-16,0) size 16x18: "4"
          LayoutText {#text} at (0,0) size 574x18
            text run at (0,0) width 574: "If the \"help\" cursor is displayed, then the test result is FAILED. Otherwise, it is PASSED."
      LayoutBlockFlow (anonymous) at (0,88) size 784x19
        LayoutMenuList {SELECT} at (0,1) size 97x18 [bgcolor=#F8F8F8]
          LayoutBlockFlow (anonymous) at (0,0) size 97x18
            LayoutText (anonymous) at (8,2) size 60x13
              text run at (8,2) width 60: "AAAAAAAA"
        LayoutText {#text} at (0,0) size 0x0
      LayoutBlockFlow {DIV} at (0,107) size 200x200 [bgcolor=#0000FF]
