layer at (0,0) size 800x600
  LayoutView at (0,0) size 800x600
layer at (0,0) size 800x93
  LayoutBlockFlow {HTML} at (0,0) size 800x93
    LayoutBlockFlow {BODY} at (8,16) size 784x69
      LayoutBlockFlow {P} at (0,0) size 784x18
        LayoutText {#text} at (0,0) size 595x18
          text run at (0,0) width 595: "This test passes if both the \x{201C}P\x{201D} and the ellipsis (\x{201C}\x{2026}\x{201D}) in the blue box bellow appear selected."
layer at (8,50) size 38x35 clip at (11,53) size 32x29 scrollWidth 60
  LayoutBlockFlow {DIV} at (0,34) size 37.50x35 [border: (3px solid #0000FF)]
    LayoutText {#text} at (3,3) size 60x29
      text run at (3,3) width 60: "Pass"
selection start: position 0 of child 0 {#text} of child 1 {DIV} of body
selection end:   position 4 of child 0 {#text} of child 1 {DIV} of body
