layer at (0,0) size 800x600 scrollWidth 807 scrollHeight 1172
  LayoutView at (0,0) size 800x600
layer at (0,0) size 800x1172 backgroundClip at (0,0) size 800x600 clip at (0,0) size 800x600
  LayoutBlockFlow {HTML} at (0,0) size 800x1172.44
    LayoutBlockFlow {BODY} at (8,8) size 784x1151.11 [bgcolor=#EEEEEE]
      LayoutBlockFlow (anonymous) at (0,0) size 784x22
        LayoutInline {SPAN} at (0,0) size 191x16
          LayoutText {#text} at (0,0) size 0x0
          LayoutInline {SPAN} at (0,0) size 191x16
            LayoutText {#text} at (0,0) size 0x0
            LayoutTable {TABLE} at (0,0) size 191x22
              LayoutTableSection {TBODY} at (0,0) size 191x22
                LayoutTableRow {TR} at (0,0) size 191x22
                  LayoutTableCell {TD} at (0,0) size 115x21 [r=0 c=0 rs=1 cs=1]
                    LayoutText {#text} at (1,1) size 113x18
                      text run at (1,1) width 113: "Record Locator:"
                  LayoutTableCell {TD} at (115,0) size 76x22 [r=0 c=1 rs=1 cs=1]
                    LayoutInline {B} at (0,0) size 74x19
                      LayoutText {#text} at (1,1) size 74x19
                        text run at (1,1) width 74: "WHGNSO"
                    LayoutText {#text} at (0,0) size 0x0
            LayoutText {#text} at (0,0) size 0x0
          LayoutText {#text} at (0,0) size 0x0
      LayoutBlockFlow (anonymous) at (0,28.66) size 784x2
        LayoutBlockFlow {HR} at (0,0) size 784x2 [border: (1px inset #EEEEEE)]
      LayoutBlockFlow (anonymous) at (0,37.31) size 784x47
        LayoutInline {SPAN} at (0,0) size 130x44
          LayoutInline {SPAN} at (0,0) size 130x44
            LayoutText {#text} at (0,0) size 0x0
            LayoutInline {SPAN} at (0,0) size 130x19
              LayoutText {#text} at (0,0) size 0x0
              LayoutBlockFlow {IMG} at (0,0) size 73x24
              LayoutText {#text} at (73,1) size 57x19
                text run at (73,1) width 4: " "
                text run at (77,1) width 53: "Names"
              LayoutBR {BR} at (130,16) size 0x0
            LayoutText {#text} at (0,0) size 0x0
            LayoutInline {SPAN} at (0,0) size 104x16
              LayoutText {#text} at (0,0) size 0x0
              LayoutText {#text} at (0,0) size 0x0
            LayoutText {#text} at (0,0) size 0x0
          LayoutText {#text} at (0,0) size 0x0
      LayoutBlockFlow (anonymous) at (0,90.97) size 784x2
        LayoutBlockFlow {HR} at (0,0) size 784x2 [border: (1px inset #EEEEEE)]
      LayoutBlockFlow (anonymous) at (0,99.63) size 784x68
        LayoutInline {SPAN} at (0,0) size 591x66
          LayoutInline {SPAN} at (0,0) size 591x66
            LayoutText {#text} at (0,0) size 0x0
            LayoutBlockFlow {IMG} at (0,2) size 82x20
            LayoutText {#text} at (82,2) size 4x16
              text run at (82,2) width 4: " "
            LayoutInline {SPAN} at (0,0) size 83x19
              LayoutText {#text} at (86,0) size 83x19
                text run at (86,0) width 83: "Addresses"
              LayoutBR {BR} at (169,15) size 0x0
            LayoutText {#text} at (0,0) size 0x0
            LayoutText {#text} at (0,0) size 0x0
          LayoutText {#text} at (0,0) size 0x0
      LayoutBlockFlow (anonymous) at (0,174.28) size 784x2
        LayoutBlockFlow {HR} at (0,0) size 784x2 [border: (1px inset #EEEEEE)]
      LayoutBlockFlow (anonymous) at (0,182.94) size 784x44
        LayoutInline {SPAN} at (0,0) size 146x44
          LayoutInline {SPAN} at (0,0) size 146x44
            LayoutText {#text} at (0,0) size 0x0
            LayoutInline {SPAN} at (0,0) size 146x19
              LayoutText {#text} at (0,0) size 0x0
              LayoutBlockFlow {IMG} at (0,0) size 79x24
              LayoutText {#text} at (79,1) size 67x19
                text run at (79,1) width 4: " "
                text run at (83,1) width 63: "Phones "
              LayoutBR {BR} at (146,16) size 0x0
            LayoutText {#text} at (0,0) size 0x0
      LayoutBlockFlow (anonymous) at (0,288.94) size 784x0
        LayoutInline {SPAN} at (0,0) size 0x0
          LayoutInline {SPAN} at (0,0) size 0x0
            LayoutText {#text} at (0,0) size 0x0
          LayoutText {#text} at (0,0) size 0x0
      LayoutBlockFlow (anonymous) at (0,295.59) size 784x2
        LayoutBlockFlow {HR} at (0,0) size 784x2 [border: (1px inset #EEEEEE)]
      LayoutBlockFlow (anonymous) at (0,304.25) size 784x24
        LayoutInline {SPAN} at (0,0) size 148x16
          LayoutInline {SPAN} at (0,0) size 148x16
            LayoutText {#text} at (0,0) size 0x0
            LayoutInline {SPAN} at (0,0) size 148x19
              LayoutText {#text} at (0,0) size 0x0
              LayoutBlockFlow {IMG} at (0,0) size 82x24
              LayoutText {#text} at (82,1) size 66x19
                text run at (82,1) width 4: " "
                text run at (86,1) width 62: "Itinerary"
            LayoutText {#text} at (0,0) size 0x0
            LayoutInline {SPAN} at (0,0) size 0x0
              LayoutText {#text} at (0,0) size 0x0
              LayoutInline {SPAN} at (0,0) size 0x0
                LayoutText {#text} at (0,0) size 0x0
      LayoutBlockFlow (anonymous) at (0,328.25) size 784x63
        LayoutTable {TABLE} at (0,0) size 600x63
          LayoutTableSection {TBODY} at (0,0) size 600x63
            LayoutTableRow {TR} at (0,2) size 600x59
              LayoutTableCell {TD} at (2,30) size 2x2 [r=0 c=0 rs=1 cs=1]
              LayoutTableCell {TD} at (6,2) size 2x2 [r=0 c=1 rs=1 cs=1]
              LayoutTableCell {TD} at (10,19) size 168x25 [r=0 c=2 rs=1 cs=1]
                LayoutBlockFlow {IMG} at (1,1) size 165.23x23
                LayoutText {#text} at (0,0) size 0x0
              LayoutTableCell {TD} at (180,2) size 418x59 [r=0 c=3 rs=1 cs=1]
                LayoutText {#text} at (1,1) size 146x18
                  text run at (1,1) width 146: "TUR - Tour Package"
                LayoutBR {BR} at (146,16) size 1x0
                LayoutText {#text} at (1,20) size 227x18
                  text run at (1,20) width 227: "Date: Sunday, January 12, 2003"
                LayoutBR {BR} at (227,35) size 1x0
                LayoutText {#text} at (1,39) size 416x18
                  text run at (1,39) width 416: "Comments: -** TICKETLESS CONF CODE IS WHGNSO**"
      LayoutBlockFlow (anonymous) at (0,391.25) size 784x0
        LayoutInline {SPAN} at (0,0) size 0x0
          LayoutInline {SPAN} at (0,0) size 0x0
            LayoutInline {SPAN} at (0,0) size 0x0
              LayoutInline {SPAN} at (0,0) size 0x0
              LayoutText {#text} at (0,0) size 0x0
      LayoutBlockFlow (anonymous) at (0,397.91) size 784x2
        LayoutBlockFlow {HR} at (0,0) size 784x2 [border: (1px inset #EEEEEE)]
      LayoutBlockFlow (anonymous) at (0,406.56) size 784x0
        LayoutInline {SPAN} at (0,0) size 0x0
          LayoutInline {SPAN} at (0,0) size 0x0
            LayoutInline {SPAN} at (0,0) size 0x0
              LayoutInline {SPAN} at (0,0) size 0x0
                LayoutText {#text} at (0,0) size 0x0
      LayoutBlockFlow (anonymous) at (0,406.56) size 784x206
        LayoutTable {TABLE} at (0,0) size 730x206
          LayoutTableSection {TBODY} at (0,0) size 730x206
            LayoutTableRow {TR} at (0,2) size 730x202
              LayoutTableCell {TD} at (2,102) size 2x2 [r=0 c=0 rs=1 cs=1]
              LayoutTableCell {TD} at (6,2) size 2x2 [r=0 c=1 rs=1 cs=1]
              LayoutTableCell {TD} at (10,90) size 110x25 [r=0 c=2 rs=1 cs=1]
                LayoutBlockFlow {IMG} at (1,1) size 108x23
                LayoutText {#text} at (0,0) size 0x0
              LayoutTableCell {TD} at (122,2) size 606x202 [r=0 c=3 rs=1 cs=1]
                LayoutBlockFlow (anonymous) at (1,1) size 604x133
                  LayoutText {#text} at (0,0) size 24x18
                    text run at (0,0) width 24: "Air "
                  LayoutBR {BR} at (0,0) size 0x0
                  LayoutText {#text} at (0,19) size 484x18
                    text run at (0,19) width 51: "United "
                    text run at (51,19) width 83: "Flight 1187 "
                    text run at (133,19) width 124: "Booking Code:M "
                    text run at (256,19) width 228: "Date: Sunday, January 12, 2003"
                  LayoutBR {BR} at (483,34) size 1x0
                  LayoutText {#text} at (0,38) size 388x18
                    text run at (0,38) width 388: "From: San Francisco Intl Arpt, San Francisco CA - U.S."
                  LayoutBR {BR} at (388,53) size 0x0
                  LayoutText {#text} at (0,57) size 404x18
                    text run at (0,57) width 26: "To: "
                    text run at (25,57) width 379: "Burbank Glendale Pasadena Arpt, Burbank CA - U.S."
                  LayoutBR {BR} at (403,72) size 1x0
                  LayoutText {#text} at (0,76) size 244x18
                    text run at (0,76) width 127: "Departs: 6:05 PM "
                    text run at (127,76) width 117: "Arrives: 7:10 PM"
                  LayoutBR {BR} at (244,91) size 0x0
                  LayoutText {#text} at (0,95) size 49x18
                    text run at (0,95) width 49: "Status:"
                  LayoutInline {SPACE} at (0,0) size 127x37
                    LayoutText {#text} at (49,95) size 74x18
                      text run at (49,95) width 74: " confirmed"
                    LayoutInline {SPACE} at (0,0) size 127x37
                      LayoutText {#text} at (123,95) size 4x18
                        text run at (123,95) width 4: " "
                      LayoutBR {BR} at (0,0) size 0x0
                      LayoutText {#text} at (0,114) size 45x18
                        text run at (0,114) width 45: "Seats:"
                      LayoutBR {BR} at (45,129) size 0x0
                LayoutBlockFlow (anonymous) at (1,134) size 604x48
                  LayoutTable {TABLE} at (0,0) size 604x48 [border: (1px outset #808080)]
                    LayoutTableSection {TBODY} at (1,1) size 602x46
                      LayoutTableRow {TR} at (0,0) size 602x23 [bgcolor=#E0E0E0]
                        LayoutTableCell {TD} at (0,0) size 98x23 [border: (1px inset #808080)] [r=0 c=0 rs=1 cs=1]
                          LayoutText {#text} at (2,2) size 43x18
                            text run at (2,2) width 43: "Name"
                        LayoutTableCell {TD} at (98,0) size 37x23 [border: (1px inset #808080)] [r=0 c=1 rs=1 cs=1]
                          LayoutText {#text} at (2,2) size 33x18
                            text run at (2,2) width 33: "Seat"
                        LayoutTableCell {TD} at (135,0) size 78x23 [border: (1px inset #808080)] [r=0 c=2 rs=1 cs=1]
                          LayoutText {#text} at (2,2) size 45x18
                            text run at (2,2) width 45: "Status"
                        LayoutTableCell {TD} at (213,0) size 316x23 [border: (1px inset #808080)] [r=0 c=3 rs=1 cs=1]
                          LayoutText {#text} at (2,2) size 36x18
                            text run at (2,2) width 36: "Type"
                        LayoutTableCell {TD} at (529,0) size 73x23 [border: (1px inset #808080)] [r=0 c=4 rs=1 cs=1]
                          LayoutText {#text} at (2,2) size 69x18
                            text run at (2,2) width 69: "Comment"
                      LayoutTableRow {TR} at (0,23) size 602x23
                        LayoutTableCell {TD} at (0,23) size 98x23 [border: (1px inset #808080)] [r=1 c=0 rs=1 cs=1]
                          LayoutText {#text} at (2,2) size 94x18
                            text run at (2,2) width 94: "HAO,SCOTT"
                        LayoutTableCell {TD} at (98,23) size 37x23 [border: (1px inset #808080)] [r=1 c=1 rs=1 cs=1]
                          LayoutText {#text} at (2,2) size 29x18
                            text run at (2,2) width 29: "08A"
                        LayoutTableCell {TD} at (135,23) size 78x23 [border: (1px inset #808080)] [r=1 c=2 rs=1 cs=1]
                          LayoutText {#text} at (2,2) size 74x18
                            text run at (2,2) width 74: "confirmed "
                        LayoutTableCell {TD} at (213,23) size 316x23 [border: (1px inset #808080)] [r=1 c=3 rs=1 cs=1]
                          LayoutText {#text} at (2,2) size 312x18
                            text run at (2,2) width 312: "Non-Smoking, Window Seat, Preferred Seat"
                        LayoutTableCell {TD} at (529,23) size 73x23 [border: (1px inset #808080)] [r=1 c=4 rs=1 cs=1]
                          LayoutText {#text} at (2,2) size 4x18
                            text run at (2,2) width 4: " "
                LayoutBlockFlow (anonymous) at (1,182) size 604x19
                  LayoutInline {SPACE} at (0,0) size 0x18
                    LayoutInline {SPACE} at (0,0) size 0x18
                      LayoutBR {BR} at (0,0) size 0x18
      LayoutBlockFlow (anonymous) at (0,612.56) size 784x0
        LayoutInline {SPAN} at (0,0) size 0x0
          LayoutInline {SPAN} at (0,0) size 0x0
            LayoutInline {SPAN} at (0,0) size 0x0
              LayoutInline {SPAN} at (0,0) size 0x0
              LayoutText {#text} at (0,0) size 0x0
      LayoutBlockFlow (anonymous) at (0,619.22) size 784x2
        LayoutBlockFlow {HR} at (0,0) size 784x2 [border: (1px inset #EEEEEE)]
      LayoutBlockFlow (anonymous) at (0,627.88) size 784x0
        LayoutInline {SPAN} at (0,0) size 0x0
          LayoutInline {SPAN} at (0,0) size 0x0
            LayoutInline {SPAN} at (0,0) size 0x0
              LayoutInline {SPAN} at (0,0) size 0x0
                LayoutText {#text} at (0,0) size 0x0
      LayoutBlockFlow (anonymous) at (0,627.88) size 784x206
        LayoutTable {TABLE} at (0,0) size 619x206
          LayoutTableSection {TBODY} at (0,0) size 619x206
            LayoutTableRow {TR} at (0,2) size 619x202
              LayoutTableCell {TD} at (2,102) size 2x2 [r=0 c=0 rs=1 cs=1]
              LayoutTableCell {TD} at (6,2) size 2x2 [r=0 c=1 rs=1 cs=1]
              LayoutTableCell {TD} at (10,90) size 110x25 [r=0 c=2 rs=1 cs=1]
                LayoutBlockFlow {IMG} at (1,1) size 108x23
                LayoutText {#text} at (0,0) size 0x0
              LayoutTableCell {TD} at (122,2) size 495x202 [r=0 c=3 rs=1 cs=1]
                LayoutBlockFlow (anonymous) at (1,1) size 493x133
                  LayoutText {#text} at (0,0) size 24x18
                    text run at (0,0) width 24: "Air "
                  LayoutBR {BR} at (0,0) size 0x0
                  LayoutText {#text} at (0,19) size 465x18
                    text run at (0,19) width 51: "United "
                    text run at (51,19) width 75: "Flight 480 "
                    text run at (126,19) width 122: "Booking Code:Q "
                    text run at (248,19) width 217: "Date: Friday, January 24, 2003"
                  LayoutBR {BR} at (464,34) size 1x0
                  LayoutText {#text} at (0,38) size 423x18
                    text run at (0,38) width 423: "From: Burbank Glendale Pasadena Arpt, Burbank CA - U.S."
                  LayoutBR {BR} at (423,53) size 0x0
                  LayoutText {#text} at (0,57) size 369x18
                    text run at (0,57) width 26: "To: "
                    text run at (25,57) width 344: "San Francisco Intl Arpt, San Francisco CA - U.S."
                  LayoutBR {BR} at (368,72) size 1x0
                  LayoutText {#text} at (0,76) size 244x18
                    text run at (0,76) width 127: "Departs: 1:40 PM "
                    text run at (127,76) width 117: "Arrives: 2:50 PM"
                  LayoutBR {BR} at (244,91) size 0x0
                  LayoutText {#text} at (0,95) size 49x18
                    text run at (0,95) width 49: "Status:"
                  LayoutInline {SPACE} at (0,0) size 127x37
                    LayoutText {#text} at (49,95) size 74x18
                      text run at (49,95) width 74: " confirmed"
                    LayoutInline {SPACE} at (0,0) size 127x37
                      LayoutText {#text} at (123,95) size 4x18
                        text run at (123,95) width 4: " "
                      LayoutBR {BR} at (0,0) size 0x0
                      LayoutText {#text} at (0,114) size 45x18
                        text run at (0,114) width 45: "Seats:"
                      LayoutBR {BR} at (45,129) size 0x0
                LayoutBlockFlow (anonymous) at (1,134) size 493x48
                  LayoutTable {TABLE} at (0,0) size 493x48 [border: (1px outset #808080)]
                    LayoutTableSection {TBODY} at (1,1) size 491x46
                      LayoutTableRow {TR} at (0,0) size 491x23 [bgcolor=#E0E0E0]
                        LayoutTableCell {TD} at (0,0) size 98x23 [border: (1px inset #808080)] [r=0 c=0 rs=1 cs=1]
                          LayoutText {#text} at (2,2) size 43x18
                            text run at (2,2) width 43: "Name"
                        LayoutTableCell {TD} at (98,0) size 37x23 [border: (1px inset #808080)] [r=0 c=1 rs=1 cs=1]
                          LayoutText {#text} at (2,2) size 33x18
                            text run at (2,2) width 33: "Seat"
                        LayoutTableCell {TD} at (135,0) size 78x23 [border: (1px inset #808080)] [r=0 c=2 rs=1 cs=1]
                          LayoutText {#text} at (2,2) size 45x18
                            text run at (2,2) width 45: "Status"
                        LayoutTableCell {TD} at (213,0) size 205x23 [border: (1px inset #808080)] [r=0 c=3 rs=1 cs=1]
                          LayoutText {#text} at (2,2) size 36x18
                            text run at (2,2) width 36: "Type"
                        LayoutTableCell {TD} at (418,0) size 73x23 [border: (1px inset #808080)] [r=0 c=4 rs=1 cs=1]
                          LayoutText {#text} at (2,2) size 69x18
                            text run at (2,2) width 69: "Comment"
                      LayoutTableRow {TR} at (0,23) size 491x23
                        LayoutTableCell {TD} at (0,23) size 98x23 [border: (1px inset #808080)] [r=1 c=0 rs=1 cs=1]
                          LayoutText {#text} at (2,2) size 94x18
                            text run at (2,2) width 94: "HAO,SCOTT"
                        LayoutTableCell {TD} at (98,23) size 37x23 [border: (1px inset #808080)] [r=1 c=1 rs=1 cs=1]
                          LayoutText {#text} at (2,2) size 28x18
                            text run at (2,2) width 28: "13F"
                        LayoutTableCell {TD} at (135,23) size 78x23 [border: (1px inset #808080)] [r=1 c=2 rs=1 cs=1]
                          LayoutText {#text} at (2,2) size 74x18
                            text run at (2,2) width 74: "confirmed "
                        LayoutTableCell {TD} at (213,23) size 205x23 [border: (1px inset #808080)] [r=1 c=3 rs=1 cs=1]
                          LayoutText {#text} at (2,2) size 201x18
                            text run at (2,2) width 201: "Non-Smoking, Window Seat"
                        LayoutTableCell {TD} at (418,23) size 73x23 [border: (1px inset #808080)] [r=1 c=4 rs=1 cs=1]
                          LayoutText {#text} at (2,2) size 4x18
                            text run at (2,2) width 4: " "
                LayoutBlockFlow (anonymous) at (1,182) size 493x19
                  LayoutInline {SPACE} at (0,0) size 0x18
                    LayoutInline {SPACE} at (0,0) size 0x18
                      LayoutBR {BR} at (0,0) size 0x18
      LayoutBlockFlow (anonymous) at (0,833.88) size 784x0
        LayoutInline {SPAN} at (0,0) size 0x0
          LayoutInline {SPAN} at (0,0) size 0x0
            LayoutInline {SPAN} at (0,0) size 0x0
              LayoutInline {SPAN} at (0,0) size 0x0
              LayoutText {#text} at (0,0) size 0x0
      LayoutBlockFlow (anonymous) at (0,840.53) size 784x2
        LayoutBlockFlow {HR} at (0,0) size 784x2 [border: (1px inset #EEEEEE)]
      LayoutBlockFlow (anonymous) at (0,849.19) size 784x0
        LayoutInline {SPAN} at (0,0) size 0x0
          LayoutInline {SPAN} at (0,0) size 0x0
            LayoutInline {SPAN} at (0,0) size 0x0
              LayoutInline {SPAN} at (0,0) size 0x0
                LayoutText {#text} at (0,0) size 0x0
      LayoutBlockFlow (anonymous) at (0,849.19) size 784x120
        LayoutTable {TABLE} at (0,0) size 633x120
          LayoutTableSection {TBODY} at (0,0) size 633x120
            LayoutTableRow {TR} at (0,2) size 633x116
              LayoutTableCell {TD} at (2,59) size 2x2 [r=0 c=0 rs=1 cs=1]
              LayoutTableCell {TD} at (6,2) size 2x2 [r=0 c=1 rs=1 cs=1]
              LayoutTableCell {TD} at (10,47) size 110x25 [r=0 c=2 rs=1 cs=1]
                LayoutBlockFlow {IMG} at (1,1) size 108x23
                LayoutText {#text} at (0,0) size 0x0
              LayoutTableCell {TD} at (122,2) size 509x116 [r=0 c=3 rs=1 cs=1]
                LayoutText {#text} at (1,1) size 24x18
                  text run at (1,1) width 24: "Air "
                LayoutBR {BR} at (0,0) size 0x0
                LayoutText {#text} at (1,20) size 507x18
                  text run at (1,20) width 90: "UNKNOWN "
                  text run at (91,20) width 75: "Flight 123 "
                  text run at (166,20) width 121: "Booking Code:Y "
                  text run at (287,20) width 221: "Date: Tuesday, March 25, 2003"
                LayoutBR {BR} at (507,35) size 1x0
                LayoutText {#text} at (1,39) size 388x18
                  text run at (1,39) width 388: "From: San Francisco Intl Arpt, San Francisco CA - U.S."
                LayoutBR {BR} at (389,54) size 0x0
                LayoutText {#text} at (1,58) size 369x18
                  text run at (1,58) width 26: "To: "
                  text run at (26,58) width 344: "San Francisco Intl Arpt, San Francisco CA - U.S."
                LayoutBR {BR} at (369,73) size 1x0
                LayoutText {#text} at (1,77) size 170x18
                  text run at (1,77) width 90: "Departs: n/a "
                  text run at (91,77) width 80: "Arrives: n/a"
                LayoutBR {BR} at (171,92) size 0x0
                LayoutText {#text} at (1,96) size 49x18
                  text run at (1,96) width 49: "Status:"
                LayoutInline {SPACE} at (0,0) size 195x18
                  LayoutText {#text} at (50,96) size 191x18
                    text run at (50,96) width 191: " requested, await response"
                  LayoutInline {SPACE} at (0,0) size 4x18
                    LayoutText {#text} at (241,96) size 4x18
                      text run at (241,96) width 4: " "
                    LayoutBR {BR} at (245,111) size 0x0
      LayoutBlockFlow (anonymous) at (0,969.19) size 784x0
        LayoutInline {SPAN} at (0,0) size 0x0
          LayoutInline {SPAN} at (0,0) size 0x0
            LayoutInline {SPAN} at (0,0) size 0x0
              LayoutInline {SPAN} at (0,0) size 0x0
              LayoutText {#text} at (0,0) size 0x0
      LayoutBlockFlow (anonymous) at (0,975.84) size 784x2
        LayoutBlockFlow {HR} at (0,0) size 784x2 [border: (1px inset #EEEEEE)]
      LayoutBlockFlow (anonymous) at (0,984.50) size 784x53
        LayoutInline {SPAN} at (0,0) size 196x51
          LayoutInline {SPAN} at (0,0) size 0x0
            LayoutInline {SPAN} at (0,0) size 0x0
            LayoutText {#text} at (0,0) size 0x0
          LayoutText {#text} at (0,0) size 0x0
          LayoutInline {SPAN} at (0,0) size 97x19
            LayoutText {#text} at (0,0) size 0x0
            LayoutBlockFlow {IMG} at (0,1) size 20x20
            LayoutText {#text} at (20,0) size 77x19
              text run at (20,0) width 4: " "
              text run at (24,0) width 73: "Remarks:"
            LayoutBR {BR} at (97,15) size 0x0
          LayoutText {#text} at (0,0) size 0x0
          LayoutBR {BR} at (0,21) size 0x16
          LayoutInline {SPAN} at (0,0) size 196x16
            LayoutText {#text} at (0,37) size 196x16
              text run at (0,37) width 126: "SERVICE FEE MCO "
              text run at (125,37) width 71: "8103220490"
            LayoutBR {BR} at (195,50) size 1x0
          LayoutText {#text} at (0,0) size 0x0
      LayoutBlockFlow (anonymous) at (0,1044.16) size 784x2
        LayoutBlockFlow {HR} at (0,0) size 784x2 [border: (1px inset #EEEEEE)]
      LayoutBlockFlow (anonymous) at (0,1052.81) size 784x24
        LayoutInline {SPAN} at (0,0) size 202x16
          LayoutInline {SPAN} at (0,0) size 202x19
            LayoutText {#text} at (0,0) size 0x0
            LayoutBlockFlow {IMG} at (0,0) size 82x24
            LayoutText {#text} at (82,1) size 4x19
              text run at (82,1) width 4: " "
            LayoutInline {B} at (0,0) size 112x19
              LayoutText {#text} at (86,1) size 112x19
                text run at (86,1) width 112: "Web Bookings"
            LayoutText {#text} at (197,1) size 5x19
              text run at (197,1) width 5: " "
            LayoutInline {SPAN} at (0,0) size 1x19
              LayoutBR {BR} at (201,16) size 1x0
              LayoutInline {SPAN} at (0,0) size 0x0
            LayoutText {#text} at (0,0) size 0x0
          LayoutText {#text} at (0,0) size 0x0
      LayoutBlockFlow (anonymous) at (0,1083.47) size 784x2
        LayoutBlockFlow {HR} at (0,0) size 784x2 [border: (1px inset #EEEEEE)]
      LayoutBlockFlow (anonymous) at (0,1092.13) size 784x21
        LayoutInline {SPAN} at (0,0) size 277x16
          LayoutInline {SPAN} at (0,0) size 277x16
            LayoutText {#text} at (0,0) size 0x0
            LayoutInline {SPAN} at (0,0) size 277x19
              LayoutText {#text} at (0,0) size 0x0
              LayoutBlockFlow {IMG} at (0,1) size 20x20
              LayoutText {#text} at (20,0) size 257x19
                text run at (20,0) width 4: " "
                text run at (24,0) width 253: "Remarks and Service Information"
              LayoutBR {BR} at (277,15) size 0x0
            LayoutText {#text} at (0,0) size 0x0
            LayoutText {#text} at (0,0) size 0x0
      LayoutBlockFlow (anonymous) at (0,1119.78) size 784x31.33
        LayoutBlockFlow {HR} at (0,0) size 784x2 [border: (1px inset #EEEEEE)]
        LayoutBlockFlow {P} at (0,15.33) size 784x16
          LayoutText {#text} at (0,0) size 204x16
            text run at (0,0) width 204: "This itinerary is subject to change. "
          LayoutInline {A} at (0,0) size 163x16 [color=#0000EE]
            LayoutText {#text} at (204,0) size 163x16
              text run at (204,0) width 163: "Click here for latest updates"
          LayoutText {#text} at (0,0) size 0x0
      LayoutBlockFlow (anonymous) at (0,1164.44) size 784x0
        LayoutInline {SPAN} at (0,0) size 0x0
          LayoutInline {SPAN} at (0,0) size 0x0
          LayoutText {#text} at (0,0) size 0x0
layer at (8,45) size 73x24 clip at (9,46) size 71x22
  LayoutBlockFlow {DIV} at (0,0) size 73x24 [border: (1px solid #C0C0C0)]
    LayoutImage (floating) {IMG} at (2,2) size 16x16
layer at (26,47) size 53x20
  LayoutBlockFlow {DIV} at (18,2) size 53x20
    LayoutText {#text} at (0,0) size 53x19
      text run at (0,0) width 53: "Names"
layer at (8,110) size 82x20 clip at (9,111) size 80x18
  LayoutBlockFlow {DIV} at (0,0) size 82x20 [border: (1px solid #C0C0C0)]
    LayoutImage (floating) {IMG} at (2,2) size 16x16
layer at (26,112) size 62x16
  LayoutBlockFlow {DIV} at (18,2) size 62x16
    LayoutText {#text} at (0,0) size 62x16
      text run at (0,0) width 62: "Addresses"
layer at (8,191) size 79x24 clip at (9,192) size 77x22
  LayoutBlockFlow {DIV} at (0,0) size 79x24 [border: (1px solid #C0C0C0)]
    LayoutImage (floating) {IMG} at (2,2) size 16x16
layer at (26,193) size 59x20
  LayoutBlockFlow {DIV} at (18,2) size 59x20
    LayoutText {#text} at (0,0) size 59x19
      text run at (0,0) width 59: "Phones"
layer at (8,312) size 82x24 clip at (9,313) size 80x22
  LayoutBlockFlow {DIV} at (0,0) size 82x24 [border: (1px solid #C0C0C0)]
    LayoutImage (floating) {IMG} at (2,2) size 16x16
layer at (26,314) size 62x20
  LayoutBlockFlow {DIV} at (18,2) size 62x20
    LayoutText {#text} at (0,0) size 62x19
      text run at (0,0) width 62: "Itinerary"
layer at (19,356) size 165x23 clip at (20,357) size 163x21
  LayoutBlockFlow {DIV} at (0,0) size 165.23x23 [border: (1px solid #C0C0C0)]
    LayoutImage (floating) {IMG} at (2,2) size 16x16
layer at (37,358) size 145x19
  LayoutBlockFlow {DIV} at (18,2) size 145.23x19
    LayoutText {#text} at (0,0) size 146x18
      text run at (0,0) width 146: "TUR - Tour Package"
layer at (19,506) size 108x23 clip at (20,507) size 106x21
  LayoutBlockFlow {DIV} at (0,0) size 108x23 [border: (1px solid #C0C0C0)]
    LayoutImage (floating) {IMG} at (2,2) size 16x16
layer at (37,508) size 88x19
  LayoutBlockFlow {DIV} at (18,2) size 88x19
    LayoutText {#text} at (0,0) size 88x18
      text run at (0,0) width 88: "Air Segment"
layer at (19,727) size 108x23 backgroundClip at (0,0) size 0x0 clip at (0,0) size 0x0
  LayoutBlockFlow {DIV} at (0,0) size 108x23 [border: (1px solid #C0C0C0)]
    LayoutImage (floating) {IMG} at (2,2) size 16x16
layer at (37,729) size 88x19 backgroundClip at (0,0) size 0x0 clip at (0,0) size 0x0
  LayoutBlockFlow {DIV} at (18,2) size 88x19
    LayoutText {#text} at (0,0) size 88x18
      text run at (0,0) width 88: "Air Segment"
layer at (19,905) size 108x23 backgroundClip at (0,0) size 0x0 clip at (0,0) size 0x0
  LayoutBlockFlow {DIV} at (0,0) size 108x23 [border: (1px solid #C0C0C0)]
    LayoutImage (floating) {IMG} at (2,2) size 16x16
layer at (37,907) size 88x19 backgroundClip at (0,0) size 0x0 clip at (0,0) size 0x0
  LayoutBlockFlow {DIV} at (18,2) size 88x19
    LayoutText {#text} at (0,0) size 88x18
      text run at (0,0) width 88: "Air Segment"
layer at (8,994) size 20x20 backgroundClip at (0,0) size 0x0 clip at (0,0) size 0x0
  LayoutBlockFlow {DIV} at (0,0) size 20x20 [border: (1px solid #C0C0C0)]
    LayoutImage (floating) {IMG} at (2,2) size 16x16
layer at (26,996) size 0x0
  LayoutBlockFlow {DIV} at (18,2) size 0x0
layer at (8,1061) size 82x24 backgroundClip at (0,0) size 0x0 clip at (0,0) size 0x0
  LayoutBlockFlow {DIV} at (0,0) size 82x24 [border: (1px solid #C0C0C0)]
    LayoutImage (floating) {IMG} at (2,2) size 16x16
layer at (26,1063) size 62x20 backgroundClip at (0,0) size 0x0 clip at (0,0) size 0x0
  LayoutBlockFlow {DIV} at (18,2) size 62x20
    LayoutText {#text} at (0,0) size 62x19
      text run at (0,0) width 62: "Itinerary"
layer at (8,1101) size 20x20 backgroundClip at (0,0) size 0x0 clip at (0,0) size 0x0
  LayoutBlockFlow {DIV} at (0,0) size 20x20 [border: (1px solid #C0C0C0)]
    LayoutImage (floating) {IMG} at (2,2) size 16x16
layer at (26,1103) size 0x0
  LayoutBlockFlow {DIV} at (18,2) size 0x0
layer at (23,45) size 104x16
  LayoutInline (relative positioned) {SPAN} at (0,0) size 104x16
    LayoutText {#text} at (0,0) size 0x0
    LayoutInline {SPAN} at (0,0) size 104x16
      LayoutText {#text} at (0,0) size 0x0
      LayoutBlockFlow {IMG} at (0,24) size 20x20
      LayoutText {#text} at (20,31) size 4x16
        text run at (20,31) width 4: " "
      LayoutInline {SPAN} at (0,0) size 80x16
        LayoutText {#text} at (24,31) size 80x16
          text run at (24,31) width 80: "HAO, SCOTT"
        LayoutBR {BR} at (104,44) size 0x0
        LayoutText {#text} at (0,0) size 0x0
      LayoutText {#text} at (0,0) size 0x0
    LayoutText {#text} at (0,0) size 0x0
layer at (23,69) size 20x20 clip at (24,70) size 18x18
  LayoutBlockFlow {DIV} at (0,0) size 20x20 [border: (1px solid #C0C0C0)]
    LayoutImage (floating) {IMG} at (2,2) size 16x16
layer at (41,71) size 0x0
  LayoutBlockFlow {DIV} at (18,2) size 0x0
layer at (48,45) size 0x0
  LayoutInline (relative positioned) {SPAN} at (0,0) size 0x0
    LayoutText {#text} at (0,0) size 0x0
layer at (23,108) size 591x39
  LayoutInline (relative positioned) {SPAN} at (0,0) size 591x39
    LayoutText {#text} at (0,0) size 0x0
    LayoutBlockFlow {IMG} at (0,22) size 20x20
    LayoutText {#text} at (20,29) size 571x16
      text run at (20,29) width 4: " "
      text run at (24,29) width 56: "Address: "
      text run at (80,29) width 511: "ST. JUDE MEDICAL, 21700 OXNARD ST SUITE 800, WOODLAND HILLS CA Z/91367 "
    LayoutBR {BR} at (590,42) size 1x0
    LayoutBlockFlow {IMG} at (0,45) size 20x20
    LayoutText {#text} at (20,52) size 406x16
      text run at (20,52) width 4: " "
      text run at (24,52) width 48: "Deliver: "
      text run at (72,52) width 103: "DEBI STANGEL, "
      text run at (175,52) width 115: "119 GLEN COURT, "
      text run at (289,52) width 137: "DANVILLE CA Z/94526"
layer at (23,130) size 20x20 clip at (24,131) size 18x18
  LayoutBlockFlow {DIV} at (0,0) size 20x20 [border: (1px solid #C0C0C0)]
    LayoutImage (floating) {IMG} at (2,2) size 16x16
layer at (41,132) size 0x0
  LayoutBlockFlow {DIV} at (18,2) size 0x0
layer at (23,153) size 20x20 clip at (24,154) size 18x18
  LayoutBlockFlow {DIV} at (0,0) size 20x20 [border: (1px solid #C0C0C0)]
    LayoutImage (floating) {IMG} at (2,2) size 16x16
layer at (41,155) size 0x0
  LayoutBlockFlow {DIV} at (18,2) size 0x0
layer at (23,191) size 20x16
  LayoutInline (relative positioned) {SPAN} at (0,0) size 20x16
    LayoutText {#text} at (0,0) size 0x0
    LayoutBlockFlow {IMG} at (0,24) size 20x20
    LayoutText {#text} at (0,0) size 0x0
layer at (23,215) size 20x20 clip at (24,216) size 18x18
  LayoutBlockFlow {DIV} at (0,0) size 20x20 [border: (1px solid #C0C0C0)]
    LayoutImage (floating) {IMG} at (2,2) size 16x16
layer at (41,217) size 0x0
  LayoutBlockFlow {DIV} at (18,2) size 0x0
layer at (23,235) size 784x62 backgroundClip at (0,0) size 800x600 clip at (0,0) size 800x600
  LayoutBlockFlow (anonymous) (relative positioned) at (0,226.94) size 784x62
layer at (43,220) size 528x62
  LayoutTable (relative positioned) {TABLE} at (0,0) size 528x62 [border: (1px outset #808080)]
    LayoutTableSection {TBODY} at (1,1) size 526x60
      LayoutTableRow {TR} at (0,2) size 526x23 [bgcolor=#E0E0E0]
        LayoutTableCell {TD} at (2,2) size 95x23 [border: (1px inset #808080)] [r=0 c=0 rs=1 cs=1]
          LayoutText {#text} at (2,2) size 36x18
            text run at (2,2) width 36: "Type"
        LayoutTableCell {TD} at (99,2) size 45x23 [border: (1px inset #808080)] [r=0 c=1 rs=1 cs=1]
          LayoutText {#text} at (2,2) size 28x18
            text run at (2,2) width 28: "City"
        LayoutTableCell {TD} at (146,2) size 378x23 [border: (1px inset #808080)] [r=0 c=2 rs=1 cs=1]
          LayoutText {#text} at (2,2) size 47x18
            text run at (2,2) width 47: "Phone"
      LayoutTableRow {TR} at (0,27) size 526x0
      LayoutTableRow {TR} at (0,29) size 526x23
        LayoutTableCell {TD} at (2,29) size 95x23 [border: (1px inset #808080)] [r=2 c=0 rs=1 cs=1]
          LayoutText {#text} at (2,2) size 91x18
            text run at (2,2) width 91: "Travel Agent"
        LayoutTableCell {TD} at (99,29) size 45x23 [border: (1px inset #808080)] [r=2 c=1 rs=1 cs=1]
          LayoutText {#text} at (2,2) size 41x18
            text run at (2,2) width 41: "(LAX)"
        LayoutTableCell {TD} at (146,29) size 378x23 [border: (1px inset #808080)] [r=2 c=2 rs=1 cs=1]
          LayoutText {#text} at (2,2) size 374x18
            text run at (2,2) width 374: "RQ0/818 990-4053-PLAZA TRAVEL - 05838276-RC"
      LayoutTableRow {TR} at (0,54) size 526x0
      LayoutTableRow {TR} at (0,56) size 526x0
      LayoutTableRow {TR} at (0,58) size 526x0
layer at (23,297) size 0x0
  LayoutInline (relative positioned) {SPAN} at (0,0) size 0x0
layer at (33,1100) size 0x0
  LayoutInline (relative positioned) {SPAN} at (0,0) size 0x0
    LayoutText {#text} at (0,0) size 0x0
    LayoutInline {SPAN} at (0,0) size 0x0
      LayoutText {#text} at (0,0) size 0x0
    LayoutText {#text} at (0,0) size 0x0
