layer at (0,0) size 800x600 clip at (0,0) size 785x600 scrollHeight 1902
  LayoutView at (0,0) size 800x600
layer at (0,0) size 785x1902 backgroundClip at (0,0) size 785x600 clip at (0,0) size 785x600
  LayoutBlockFlow {HTML} at (0,0) size 785x1902
    LayoutBlockFlow {BODY} at (8,16) size 769x1870
      LayoutBlockFlow {DIV} at (0,0) size 769x910
        LayoutBlockFlow {P} at (0,0) size 769x20
          LayoutText {#text} at (689,0) size 80x19
            text run at (689,0) width 80: "Right To Left"
        LayoutBlockFlow {P} at (0,36) size 769x20
          LayoutText {#text} at (456,0) size 313x19
            text run at (456,0) width 4 RTL: "."
            text run at (460,0) width 309: "Well-formed pair of unicode bidi control characters"
        LayoutBlockFlow {DIV} at (0,72) size 769x22
          LayoutText {#text} at (756,2) size 13x19
            text run at (756,2) width 0 RTL: "\x{202C}"
            text run at (756,2) width 5 RTL: "!"
            text run at (761,2) width 8: "\x{202B}b"
        LayoutBlockFlow {DIV} at (0,94) size 769x22
          LayoutText {#text} at (756,2) size 13x19
            text run at (756,2) width 0 RTL: "\x{202C}"
            text run at (756,2) width 13: "\x{202A}b!"
        LayoutBlockFlow {P} at (0,132) size 769x20
          LayoutText {#text} at (520,0) size 249x19
            text run at (520,0) width 4 RTL: "."
            text run at (524,0) width 245: "Unpaired unicode bidi control characters"
        LayoutBlockFlow {DIV} at (0,168) size 769x22
          LayoutText {#text} at (756,2) size 13x19
            text run at (756,2) width 5 RTL: "!"
            text run at (761,2) width 8: "\x{202B}b"
        LayoutBlockFlow {DIV} at (0,190) size 769x22
          LayoutText {#text} at (756,2) size 13x19
            text run at (756,2) width 13: "\x{202A}b!"
        LayoutBlockFlow {P} at (0,228) size 769x20
          LayoutText {#text} at (451,0) size 318x19
            text run at (451,0) width 4 RTL: "."
            text run at (455,0) width 314: "Empty content inside unicode bidi control characters"
        LayoutBlockFlow {DIV} at (0,264) size 769x22
          LayoutText {#text} at (769,2) size 0x19
            text run at (769,2) width 0 RTL: "\x{202C}\x{202C}"
        LayoutBlockFlow {DIV} at (0,286) size 769x22
          LayoutText {#text} at (769,2) size 0x19
            text run at (769,2) width 0: "\x{202A}"
            text run at (769,2) width 0 RTL: "\x{202A}"
        LayoutBlockFlow {DIV} at (0,308) size 769x22
          LayoutText {#text} at (769,2) size 0x19
            text run at (769,2) width 0 RTL: "\x{202B}"
            text run at (769,2) width 0 RTL: "\x{202B}"
        LayoutBlockFlow {P} at (0,346) size 769x20
          LayoutText {#text} at (503,0) size 266x19
            text run at (503,0) width 4 RTL: "."
            text run at (507,0) width 262: "String inside unicode bidi control characters"
        LayoutBlockFlow {DIV} at (0,382) size 769x22
          LayoutText {#text} at (747,2) size 22x19
            text run at (747,2) width 0 RTL: "\x{202C}"
            text run at (747,2) width 22: "\x{202C}abc"
        LayoutBlockFlow {DIV} at (0,404) size 769x22
          LayoutText {#text} at (747,2) size 22x19
            text run at (747,2) width 22: "\x{202A}abc"
            text run at (769,2) width 0 RTL: "\x{202A}"
        LayoutBlockFlow {DIV} at (0,426) size 769x22
          LayoutText {#text} at (747,2) size 22x19
            text run at (747,2) width 22: "\x{202B}abc"
            text run at (769,2) width 0 RTL: "\x{202B}"
        LayoutBlockFlow {P} at (0,464) size 769x20
          LayoutText {#text} at (495,0) size 274x19
            text run at (495,0) width 4 RTL: "."
            text run at (499,0) width 270: "String around unicode bidi control characters"
        LayoutBlockFlow {DIV} at (0,500) size 769x22
          LayoutText {#text} at (728,2) size 41x19
            text run at (728,2) width 0 RTL: "\x{202C}"
            text run at (728,2) width 41: "def\x{202C}abc"
        LayoutBlockFlow {DIV} at (0,522) size 769x22
          LayoutText {#text} at (728,2) size 41x19
            text run at (728,2) width 41: "\x{202C}abc\x{202C}def"
        LayoutBlockFlow {DIV} at (0,544) size 769x20
          LayoutText {#text} at (708,0) size 61x19
            text run at (708,0) width 61: "xyz\x{202C}abc\x{202C}def"
        LayoutBlockFlow {P} at (0,580) size 769x20
          LayoutText {#text} at (532,0) size 237x19
            text run at (532,0) width 4 RTL: "."
            text run at (536,0) width 233: "Nested unicode bidi control characters"
        LayoutBlockFlow {DIV} at (0,616) size 769x22
          LayoutText {#text} at (756,2) size 13x19
            text run at (756,2) width 0: "\x{202A}"
            text run at (756,2) width 0 RTL: "\x{202C}"
            text run at (756,2) width 13: "\x{202A}b!"
        LayoutBlockFlow {DIV} at (0,638) size 769x22
          LayoutText {#text} at (756,2) size 13x19
            text run at (756,2) width 0 RTL: "\x{202C}"
            text run at (756,2) width 5 RTL: "!"
            text run at (761,2) width 8: "\x{202B}b"
            text run at (769,2) width 0 RTL: "\x{202B}"
        LayoutBlockFlow {DIV} at (0,660) size 769x22
          LayoutText {#text} at (756,2) size 13x19
            text run at (756,2) width 5 RTL: "!\x{202C}"
            text run at (761,2) width 8: "\x{202C}\x{202C}b"
        LayoutBlockFlow {DIV} at (0,682) size 769x22
          LayoutText {#text} at (749,2) size 20x19
            text run at (749,2) width 0 RTL: "\x{202C}"
            text run at (749,2) width 8: "1"
            text run at (757,2) width 5 RTL: "!"
            text run at (762,2) width 7: "\x{202B}c"
            text run at (769,2) width 0 RTL: "\x{202C}"
        LayoutBlockFlow {P} at (0,720) size 769x20
          LayoutText {#text} at (508,0) size 261x19
            text run at (508,0) width 4 RTL: "."
            text run at (512,0) width 257: "Start with different directionality characters"
        LayoutBlockFlow {DIV} at (0,756) size 769x22
          LayoutText {#text} at (745,2) size 24x19
            text run at (745,2) width 0 RTL: "\x{202B}"
            text run at (745,2) width 0 RTL: "\x{202C}"
            text run at (745,2) width 8: "\x{202A}1"
            text run at (753,2) width 0 RTL: "\x{202C}"
            text run at (753,2) width 16: "12"
        LayoutBlockFlow {DIV} at (0,778) size 769x22
          LayoutText {#text} at (753,2) size 16x19
            text run at (753,2) width 0 RTL: "\x{202A}"
            text run at (753,2) width 0 RTL: "\x{202C}"
            text run at (753,2) width 16: "12"
        LayoutBlockFlow {DIV} at (0,800) size 769x22
          LayoutText {#text} at (753,2) size 16x19
            text run at (753,2) width 0 RTL: "\x{202A}"
            text run at (753,2) width 0 RTL: "\x{202C}"
            text run at (753,2) width 16: "\x{660}\x{661}"
        LayoutBlockFlow {DIV} at (0,822) size 769x22
          LayoutText {#text} at (753,2) size 16x19
            text run at (753,2) width 0 RTL: "\x{202A}"
            text run at (753,2) width 16 RTL: "\x{683}\x{684}\x{202C}"
        LayoutBlockFlow {DIV} at (0,844) size 769x22
          LayoutText {#text} at (769,2) size 0x19
            text run at (769,2) width 0 RTL: "\x{202A}"
            text run at (769,2) width 0 RTL: "\x{1}\x{202C}"
        LayoutBlockFlow {DIV} at (0,866) size 769x22
          LayoutText {#text} at (747,2) size 22x19
            text run at (747,2) width 22: "abc\x{202C}"
            text run at (769,2) width 0 RTL: "\x{202A}"
        LayoutBlockFlow {DIV} at (0,888) size 769x22
          LayoutText {#text} at (754,2) size 15x19
            text run at (754,2) width 0 RTL: "\x{202A}"
            text run at (754,2) width 15 RTL: "\x{5D0}\x{5D1}\x{202C}"
      LayoutBlockFlow {DIV} at (0,926) size 769x908
        LayoutBlockFlow {P} at (0,0) size 769x20
          LayoutText {#text} at (0,0) size 80x19
            text run at (0,0) width 80: "Left To Right"
        LayoutBlockFlow {P} at (0,36) size 769x20
          LayoutText {#text} at (0,0) size 313x19
            text run at (0,0) width 313: "Well-formed pair of unicode bidi control characters."
        LayoutBlockFlow {DIV} at (0,72) size 769x22
          LayoutText {#text} at (0,2) size 13x19
            text run at (0,2) width 5 RTL: "!"
            text run at (5,2) width 8: "\x{202B}b"
            text run at (13,2) width 0: "\x{202C}"
        LayoutBlockFlow {DIV} at (0,94) size 769x22
          LayoutText {#text} at (0,2) size 13x19
            text run at (0,2) width 13: "\x{202A}b!"
            text run at (13,2) width 0: "\x{202C}"
        LayoutBlockFlow {P} at (0,132) size 769x20
          LayoutText {#text} at (0,0) size 249x19
            text run at (0,0) width 249: "Unpaired unicode bidi control characters."
        LayoutBlockFlow {DIV} at (0,168) size 769x22
          LayoutText {#text} at (0,2) size 13x19
            text run at (0,2) width 13: "\x{202B}b!"
        LayoutBlockFlow {DIV} at (0,190) size 769x22
          LayoutText {#text} at (0,2) size 13x19
            text run at (0,2) width 13: "\x{202A}b!"
        LayoutBlockFlow {P} at (0,228) size 769x20
          LayoutText {#text} at (0,0) size 318x19
            text run at (0,0) width 318: "Empty content inside unicode bidi control characters."
        LayoutBlockFlow {DIV} at (0,264) size 769x22
          LayoutText {#text} at (0,2) size 0x19
            text run at (0,2) width 0: "\x{202C}\x{202C}"
        LayoutBlockFlow {DIV} at (0,286) size 769x22
          LayoutText {#text} at (0,2) size 0x19
            text run at (0,2) width 0: "\x{202A}"
            text run at (0,2) width 0: "\x{202A}"
        LayoutBlockFlow {DIV} at (0,308) size 769x22
          LayoutText {#text} at (0,2) size 0x19
            text run at (0,2) width 0: "\x{202B}"
            text run at (0,2) width 0 RTL: "\x{202B}"
        LayoutBlockFlow {P} at (0,346) size 769x20
          LayoutText {#text} at (0,0) size 266x19
            text run at (0,0) width 266: "String inside unicode bidi control characters."
        LayoutBlockFlow {DIV} at (0,382) size 769x22
          LayoutText {#text} at (0,2) size 22x19
            text run at (0,2) width 22: "\x{202C}abc\x{202C}"
        LayoutBlockFlow {DIV} at (0,404) size 769x22
          LayoutText {#text} at (0,2) size 22x19
            text run at (0,2) width 22: "\x{202A}abc"
            text run at (22,2) width 0: "\x{202A}"
        LayoutBlockFlow {DIV} at (0,426) size 769x22
          LayoutText {#text} at (0,2) size 22x19
            text run at (0,2) width 22: "\x{202B}abc"
            text run at (22,2) width 0: "\x{202B}"
        LayoutBlockFlow {P} at (0,464) size 769x20
          LayoutText {#text} at (0,0) size 274x19
            text run at (0,0) width 274: "String around unicode bidi control characters."
        LayoutBlockFlow {DIV} at (0,500) size 769x20
          LayoutText {#text} at (0,0) size 41x19
            text run at (0,0) width 41: "def\x{202C}abc\x{202C}"
        LayoutBlockFlow {DIV} at (0,520) size 769x22
          LayoutText {#text} at (0,2) size 41x19
            text run at (0,2) width 41: "\x{202C}abc\x{202C}def"
        LayoutBlockFlow {DIV} at (0,542) size 769x20
          LayoutText {#text} at (0,0) size 61x19
            text run at (0,0) width 61: "xyz\x{202C}abc\x{202C}def"
        LayoutBlockFlow {P} at (0,578) size 769x20
          LayoutText {#text} at (0,0) size 237x19
            text run at (0,0) width 237: "Nested unicode bidi control characters."
        LayoutBlockFlow {DIV} at (0,614) size 769x22
          LayoutText {#text} at (0,2) size 13x19
            text run at (0,2) width 0: "\x{202A}"
            text run at (0,2) width 13: "\x{202A}b!"
            text run at (13,2) width 0: "\x{202C}"
        LayoutBlockFlow {DIV} at (0,636) size 769x22
          LayoutText {#text} at (0,2) size 13x19
            text run at (0,2) width 5 RTL: "!"
            text run at (5,2) width 8: "\x{202B}b"
            text run at (13,2) width 0: "\x{202C}"
            text run at (13,2) width 0 RTL: "\x{202B}"
        LayoutBlockFlow {DIV} at (0,658) size 769x22
          LayoutText {#text} at (0,2) size 13x19
            text run at (0,2) width 13: "\x{202C}\x{202C}b!\x{202C}"
        LayoutBlockFlow {DIV} at (0,680) size 769x22
          LayoutText {#text} at (0,2) size 20x19
            text run at (0,2) width 8: "\x{202C}1"
            text run at (8,2) width 5 RTL: "!"
            text run at (13,2) width 7: "\x{202B}c"
            text run at (20,2) width 0: "\x{202C}"
        LayoutBlockFlow {P} at (0,718) size 769x20
          LayoutText {#text} at (0,0) size 261x19
            text run at (0,0) width 261: "Start with different directionality characters."
        LayoutBlockFlow {DIV} at (0,754) size 769x22
          LayoutText {#text} at (0,2) size 24x19
            text run at (0,2) width 16: "12\x{202C}"
            text run at (16,2) width 8: "\x{202A}1"
            text run at (24,2) width 0: "\x{202C}"
            text run at (24,2) width 0: "\x{202B}"
        LayoutBlockFlow {DIV} at (0,776) size 769x22
          LayoutText {#text} at (0,2) size 16x19
            text run at (0,2) width 16: "12\x{202C}"
            text run at (16,2) width 0: "\x{202A}"
        LayoutBlockFlow {DIV} at (0,798) size 769x22
          LayoutText {#text} at (0,2) size 16x19
            text run at (0,2) width 16: "\x{660}\x{661}"
            text run at (16,2) width 0: "\x{202C}"
            text run at (16,2) width 0: "\x{202A}"
        LayoutBlockFlow {DIV} at (0,820) size 769x22
          LayoutText {#text} at (0,2) size 16x19
            text run at (0,2) width 16 RTL: "\x{683}\x{684}"
            text run at (16,2) width 0: "\x{202C}"
            text run at (16,2) width 0: "\x{202A}"
        LayoutBlockFlow {DIV} at (0,842) size 769x22
          LayoutText {#text} at (0,2) size 0x19
            text run at (0,2) width 0: "\x{1}\x{202C}"
            text run at (0,2) width 0: "\x{202A}"
        LayoutBlockFlow {DIV} at (0,864) size 769x22
          LayoutText {#text} at (0,2) size 22x19
            text run at (0,2) width 22: "abc\x{202C}"
            text run at (22,2) width 0: "\x{202A}"
        LayoutBlockFlow {DIV} at (0,886) size 769x22
          LayoutText {#text} at (0,2) size 15x19
            text run at (0,2) width 15 RTL: "\x{5D0}\x{5D1}"
            text run at (15,2) width 0: "\x{202C}"
            text run at (15,2) width 0: "\x{202A}"
      LayoutBlockFlow {UL} at (0,1850) size 769x20
        LayoutListItem {LI} at (40,0) size 729x20
          LayoutListMarker (anonymous) at (-18,0) size 7x19: bullet
          LayoutText {#text} at (0,0) size 677x19
            text run at (0,0) width 677: "test id=test: the right-most character of rendering result of <PDF>abc<PDF> in RTL block should be c: Success"
selection start: position 3 of child 0 {#text} of child 20 {DIV} of child 1 {DIV} of body
selection end:   position 4 of child 0 {#text} of child 20 {DIV} of child 1 {DIV} of body
