layer at (0,0) size 800x600
  LayoutView at (0,0) size 800x600
layer at (0,0) size 800x600
  LayoutBlockFlow {HTML} at (0,0) size 800x600
    LayoutBlockFlow {BODY} at (8,8) size 784x576
      LayoutBlockFlow {OL} at (0,0) size 784x86
        LayoutListItem {LI} at (40,0) size 744x18
          LayoutBlockFlow {P} at (0,0) size 744x18
            LayoutListMarker (anonymous) at (-16,0) size 16x18: "1"
            LayoutText {#text} at (0,0) size 531x18
              text run at (0,0) width 531: "Clicking this link must navigate this page to a resource that contains \"THE END\": "
            LayoutInline {A} at (0,0) size 23x18 [color=#0000EE]
              LayoutText {#text} at (530,0) size 23x18
                text run at (530,0) width 23: "test"
            LayoutText {#text} at (0,0) size 0x0
        LayoutListItem {LI} at (40,34) size 744x18
          LayoutBlockFlow {P} at (0,0) size 744x18
            LayoutListMarker (anonymous) at (-16,0) size 16x18: "2"
            LayoutText {#text} at (0,0) size 433x18
              text run at (0,0) width 433: "Clicking this link must open a new browsing context that is empty: "
            LayoutInline {A} at (0,0) size 24x18 [color=#0000EE]
              LayoutText {#text} at (432,0) size 24x18
                text run at (432,0) width 24: "test"
            LayoutText {#text} at (0,0) size 0x0
        LayoutListItem {LI} at (40,68) size 744x18
          LayoutBlockFlow {P} at (0,0) size 744x18
            LayoutListMarker (anonymous) at (-16,0) size 16x18: "3"
            LayoutText {#text} at (0,0) size 531x18
              text run at (0,0) width 531: "Clicking this link must navigate this page to a resource that contains \"THE END\": "
            LayoutInline {A} at (0,0) size 23x18 [color=#0000EE]
              LayoutText {#text} at (530,0) size 23x18
                text run at (530,0) width 23: "test"
            LayoutText {#text} at (0,0) size 0x0
