layer at (0,0) size 800x600
  RenderView at (0,0) size 800x600
layer at (0,0) size 800x238
  RenderBlock {HTML} at (0,0) size 800x238
    RenderBody {BODY} at (8,16) size 784x214
      RenderBlock {P} at (0,0) size 784x36
        RenderText {#text} at (0,0) size 314x18
          text run at (0,0) width 292: "This is a test of generated content in <button> "
          text run at (292,0) width 22: "for "
        RenderInline {I} at (0,0) size 767x36
          RenderInline {A} at (0,0) size 348x18 [color=#0000EE]
            RenderText {#text} at (314,0) size 348x18
              text run at (314,0) width 348: "http://bugzilla.opendarwin.org/show_bug.cgi?id=9561"
          RenderText {#text} at (662,0) size 767x36
            text run at (662,0) width 4: " "
            text run at (666,0) width 101: "REGRESSION:"
            text run at (0,18) width 430: "Content property on :before of button causes hang on click or hover"
        RenderText {#text} at (430,18) size 4x18
          text run at (430,18) width 4: "."
      RenderBlock {HR} at (0,52) size 784x2 [border: (1px inset #000000)]
      RenderBlock (anonymous) at (0,62) size 784x152
        RenderButton {BUTTON} at (0,0) size 57x19 [color=#0000FF] [bgcolor=#C0C0C0] [border: (2px outset #C0C0C0)]
          RenderBlock (anonymous) at (8,2) size 41x15
            RenderInline (generated) at (0,0) size 35x13
              RenderText at (3,1) size 35x13
                text run at (3,1) width 35: "before"
        RenderText {#text} at (57,0) size 4x18
          text run at (57,0) width 4: " "
        RenderButton {BUTTON} at (61,0) size 93x19 [color=#0000FF] [bgcolor=#C0C0C0] [border: (2px outset #C0C0C0)]
          RenderBlock (anonymous) at (8,2) size 77x15
            RenderInline (generated) at (0,0) size 35x13
              RenderText at (3,1) size 35x13
                text run at (3,1) width 35: "before"
            RenderText {#text} at (38,1) size 36x13
              text run at (38,1) width 36: "button"
        RenderText {#text} at (154,0) size 4x18
          text run at (154,0) width 4: " "
        RenderBR {BR} at (0,0) size 0x0
        RenderButton {BUTTON} at (0,19) size 47x19 [color=#0000FF] [bgcolor=#C0C0C0] [border: (2px outset #C0C0C0)]
          RenderBlock (anonymous) at (8,2) size 31x15
            RenderInline (generated) at (0,0) size 25x13
              RenderText at (3,1) size 25x13
                text run at (3,1) width 25: "after"
        RenderText {#text} at (47,19) size 4x18
          text run at (47,19) width 4: " "
        RenderButton {BUTTON} at (51,19) size 83x19 [color=#0000FF] [bgcolor=#C0C0C0] [border: (2px outset #C0C0C0)]
          RenderBlock (anonymous) at (8,2) size 67x15
            RenderText {#text} at (3,1) size 36x13
              text run at (3,1) width 36: "button"
            RenderInline (generated) at (0,0) size 25x13
              RenderText at (39,1) size 25x13
                text run at (39,1) width 25: "after"
        RenderText {#text} at (134,19) size 4x18
          text run at (134,19) width 4: " "
        RenderBR {BR} at (0,0) size 0x0
        RenderButton {BUTTON} at (0,46) size 22x6 [bgcolor=#C0C0C0] [border: (2px outset #C0C0C0)]
          RenderBlock (anonymous) at (8,2) size 6x2
        RenderText {#text} at (22,38) size 4x18
          text run at (22,38) width 4: " "
        RenderButton {BUTTON} at (26,38) size 58x19 [bgcolor=#C0C0C0] [border: (2px outset #C0C0C0)]
          RenderBlock (anonymous) at (8,2) size 42x15
            RenderText {#text} at (3,1) size 36x13
              text run at (3,1) width 36: "button"
        RenderText {#text} at (84,38) size 4x18
          text run at (84,38) width 4: " "
        RenderBR {BR} at (0,0) size 0x0
        RenderButton {BUTTON} at (0,65) size 22x6 [bgcolor=#C0C0C0] [border: (2px outset #C0C0C0)]
          RenderBlock (anonymous) at (8,2) size 6x2
        RenderText {#text} at (22,57) size 4x18
          text run at (22,57) width 4: " "
        RenderButton {BUTTON} at (26,57) size 58x19 [bgcolor=#C0C0C0] [border: (2px outset #C0C0C0)]
          RenderBlock (anonymous) at (8,2) size 42x15
            RenderText {#text} at (3,1) size 36x13
              text run at (3,1) width 36: "button"
        RenderText {#text} at (84,57) size 4x18
          text run at (84,57) width 4: " "
        RenderBR {BR} at (0,0) size 0x0
        RenderButton {BUTTON} at (0,76) size 57x19 [bgcolor=#C0C0C0] [border: (2px outset #C0C0C0)]
          RenderBlock (anonymous) at (8,2) size 41x15
            RenderInline (generated) at (0,0) size 35x13
              RenderText at (3,1) size 35x13
                text run at (3,1) width 35: "before"
        RenderText {#text} at (57,76) size 4x18
          text run at (57,76) width 4: " "
        RenderButton {BUTTON} at (61,76) size 93x19 [bgcolor=#C0C0C0] [border: (2px outset #C0C0C0)]
          RenderBlock (anonymous) at (8,2) size 77x15
            RenderInline (generated) at (0,0) size 35x13
              RenderText at (3,1) size 35x13
                text run at (3,1) width 35: "before"
            RenderText {#text} at (38,1) size 36x13
              text run at (38,1) width 36: "button"
        RenderText {#text} at (154,76) size 4x18
          text run at (154,76) width 4: " "
        RenderBR {BR} at (0,0) size 0x0
        RenderButton {BUTTON} at (0,95) size 47x19 [bgcolor=#C0C0C0] [border: (2px outset #C0C0C0)]
          RenderBlock (anonymous) at (8,2) size 31x15
            RenderInline (generated) at (0,0) size 25x13
              RenderText at (3,1) size 25x13
                text run at (3,1) width 25: "after"
        RenderText {#text} at (47,95) size 4x18
          text run at (47,95) width 4: " "
        RenderButton {BUTTON} at (51,95) size 83x19 [bgcolor=#C0C0C0] [border: (2px outset #C0C0C0)]
          RenderBlock (anonymous) at (8,2) size 67x15
            RenderText {#text} at (3,1) size 36x13
              text run at (3,1) width 36: "button"
            RenderInline (generated) at (0,0) size 25x13
              RenderText at (39,1) size 25x13
                text run at (39,1) width 25: "after"
        RenderText {#text} at (134,95) size 4x18
          text run at (134,95) width 4: " "
        RenderBR {BR} at (0,0) size 0x0
        RenderButton {BUTTON} at (0,114) size 57x19 [bgcolor=#C0C0C0] [border: (2px outset #C0C0C0)]
          RenderBlock (anonymous) at (8,2) size 41x15
            RenderInline (generated) at (0,0) size 35x13
              RenderText at (3,1) size 35x13
                text run at (3,1) width 35: "before"
        RenderText {#text} at (57,114) size 4x18
          text run at (57,114) width 4: " "
        RenderButton {BUTTON} at (61,114) size 93x19 [bgcolor=#C0C0C0] [border: (2px outset #C0C0C0)]
          RenderBlock (anonymous) at (8,2) size 77x15
            RenderInline (generated) at (0,0) size 35x13
              RenderText at (3,1) size 35x13
                text run at (3,1) width 35: "before"
            RenderText {#text} at (38,1) size 36x13
              text run at (38,1) width 36: "button"
        RenderText {#text} at (154,114) size 4x18
          text run at (154,114) width 4: " "
        RenderBR {BR} at (0,0) size 0x0
        RenderButton {BUTTON} at (0,133) size 47x19 [bgcolor=#C0C0C0] [border: (2px outset #C0C0C0)]
          RenderBlock (anonymous) at (8,2) size 31x15
            RenderInline (generated) at (0,0) size 25x13
              RenderText at (3,1) size 25x13
                text run at (3,1) width 25: "after"
        RenderText {#text} at (47,133) size 4x18
          text run at (47,133) width 4: " "
        RenderButton {BUTTON} at (51,133) size 83x19 [bgcolor=#C0C0C0] [border: (2px outset #C0C0C0)]
          RenderBlock (anonymous) at (8,2) size 67x15
            RenderText {#text} at (3,1) size 36x13
              text run at (3,1) width 36: "button"
            RenderInline (generated) at (0,0) size 25x13
              RenderText at (39,1) size 25x13
                text run at (39,1) width 25: "after"
        RenderText {#text} at (134,133) size 4x18
          text run at (134,133) width 4: " "
        RenderBR {BR} at (0,0) size 0x0
