layer at (0,0) size 800x600
  RenderView at (0,0) size 800x600
layer at (0,0) size 800x600
  RenderBlock {HTML} at (0,0) size 800x600
    RenderBody {BODY} at (8,8) size 784x584
      RenderButton {BUTTON} at (0,8) size 51x12 [bgcolor=#C0C0C0] [border: (2px outset #C0C0C0)]
        RenderBlock (anonymous) at (8,2) size 35x8
          RenderText {#text} at (3,1) size 29x6
            text run at (3,1) width 29: "Test Button"
      RenderText {#text} at (51,2) size 4x18
        text run at (51,2) width 4: " "
      RenderButton {BUTTON} at (55,7) size 57x13 [bgcolor=#C0C0C0] [border: (2px outset #C0C0C0)]
        RenderBlock (anonymous) at (8,2) size 41x9
          RenderText {#text} at (3,1) size 35x7
            text run at (3,1) width 35: "Test Button"
      RenderText {#text} at (112,2) size 4x18
        text run at (112,2) width 4: " "
      RenderButton {BUTTON} at (116,6) size 62x14 [bgcolor=#C0C0C0] [border: (2px outset #C0C0C0)]
        RenderBlock (anonymous) at (8,2) size 46x10
          RenderText {#text} at (3,1) size 40x8
            text run at (3,1) width 40: "Test Button"
      RenderText {#text} at (178,2) size 4x18
        text run at (178,2) width 4: " "
      RenderButton {BUTTON} at (182,5) size 68x16 [bgcolor=#C0C0C0] [border: (2px outset #C0C0C0)]
        RenderBlock (anonymous) at (8,2) size 52x12
          RenderText {#text} at (3,1) size 46x10
            text run at (3,1) width 46: "Test Button"
      RenderText {#text} at (250,2) size 4x18
        text run at (250,2) width 4: " "
      RenderButton {BUTTON} at (254,4) size 73x17 [bgcolor=#C0C0C0] [border: (2px outset #C0C0C0)]
        RenderBlock (anonymous) at (8,2) size 57x13
          RenderText {#text} at (3,1) size 51x11
            text run at (3,1) width 51: "Test Button"
      RenderText {#text} at (327,2) size 4x18
        text run at (327,2) width 4: " "
      RenderButton {BUTTON} at (331,3) size 78x18 [bgcolor=#C0C0C0] [border: (2px outset #C0C0C0)]
        RenderBlock (anonymous) at (8,2) size 62x14
          RenderText {#text} at (3,1) size 56x12
            text run at (3,1) width 56: "Test Button"
      RenderText {#text} at (409,2) size 4x18
        text run at (409,2) width 4: " "
      RenderButton {BUTTON} at (413,2) size 83x19 [bgcolor=#C0C0C0] [border: (2px outset #C0C0C0)]
        RenderBlock (anonymous) at (8,2) size 67x15
          RenderText {#text} at (3,1) size 61x13
            text run at (3,1) width 61: "Test Button"
      RenderText {#text} at (496,2) size 4x18
        text run at (496,2) width 4: " "
      RenderButton {INPUT} at (500,2) size 83x19 [bgcolor=#C0C0C0] [border: (2px outset #C0C0C0)]
        RenderBlock (anonymous) at (8,2) size 67x15
          RenderText at (3,1) size 61x13
            text run at (3,1) width 61: "Test Button"
      RenderText {#text} at (583,2) size 4x18
        text run at (583,2) width 4: " "
      RenderButton {BUTTON} at (587,1) size 90x21 [bgcolor=#C0C0C0] [border: (2px outset #C0C0C0)]
        RenderBlock (anonymous) at (8,2) size 74x17
          RenderText {#text} at (3,1) size 68x15
            text run at (3,1) width 68: "Test Button"
      RenderText {#text} at (677,2) size 4x18
        text run at (677,2) width 4: " "
      RenderButton {BUTTON} at (681,0) size 95x22 [bgcolor=#C0C0C0] [border: (2px outset #C0C0C0)]
        RenderBlock (anonymous) at (8,2) size 79x18
          RenderText {#text} at (3,1) size 73x16
            text run at (3,1) width 73: "Test Button"
      RenderText {#text} at (776,2) size 4x18
        text run at (776,2) width 4: " "
      RenderButton {BUTTON} at (0,26) size 101x23 [bgcolor=#C0C0C0] [border: (2px outset #C0C0C0)]
        RenderBlock (anonymous) at (8,2) size 85x19
          RenderText {#text} at (3,1) size 79x17
            text run at (3,1) width 79: "Test Button"
      RenderText {#text} at (101,29) size 4x18
        text run at (101,29) width 4: " "
      RenderButton {BUTTON} at (105,25) size 107x24 [bgcolor=#C0C0C0] [border: (2px outset #C0C0C0)]
        RenderBlock (anonymous) at (8,2) size 91x20
          RenderText {#text} at (3,1) size 85x18
            text run at (3,1) width 85: "Test Button"
      RenderText {#text} at (212,29) size 4x18
        text run at (212,29) width 4: " "
      RenderButton {BUTTON} at (216,25) size 112x24 [bgcolor=#C0C0C0] [border: (2px outset #C0C0C0)]
        RenderBlock (anonymous) at (8,2) size 96x20
          RenderText {#text} at (3,1) size 90x18
            text run at (3,1) width 90: "Test Button"
      RenderText {#text} at (328,29) size 4x18
        text run at (328,29) width 4: " "
      RenderButton {BUTTON} at (332,24) size 118x26 [bgcolor=#C0C0C0] [border: (2px outset #C0C0C0)]
        RenderBlock (anonymous) at (8,2) size 102x22
          RenderText {#text} at (3,1) size 96x20
            text run at (3,1) width 96: "Test Button"
      RenderText {#text} at (450,29) size 4x18
        text run at (450,29) width 4: " "
      RenderButton {BUTTON} at (454,23) size 124x27 [bgcolor=#C0C0C0] [border: (2px outset #C0C0C0)]
        RenderBlock (anonymous) at (8,2) size 108x23
          RenderText {#text} at (3,1) size 102x21
            text run at (3,1) width 102: "Test Button"
      RenderText {#text} at (578,29) size 4x18
        text run at (578,29) width 4: " "
      RenderButton {BUTTON} at (582,22) size 129x28 [bgcolor=#C0C0C0] [border: (2px outset #C0C0C0)]
        RenderBlock (anonymous) at (8,2) size 113x24
          RenderText {#text} at (3,1) size 107x22
            text run at (3,1) width 107: "Test Button"
      RenderText {#text} at (711,29) size 4x18
        text run at (711,29) width 4: " "
      RenderButton {BUTTON} at (0,51) size 134x29 [bgcolor=#C0C0C0] [border: (2px outset #C0C0C0)]
        RenderBlock (anonymous) at (8,2) size 118x25
          RenderText {#text} at (3,1) size 112x23
            text run at (3,1) width 112: "Test Button"
      RenderText {#text} at (134,59) size 4x18
        text run at (134,59) width 4: " "
      RenderButton {BUTTON} at (138,50) size 140x30 [bgcolor=#C0C0C0] [border: (2px outset #C0C0C0)]
        RenderBlock (anonymous) at (8,2) size 124x26
          RenderText {#text} at (3,1) size 118x24
            text run at (3,1) width 118: "Test Button"
      RenderText {#text} at (0,0) size 0x0
