layer at (0,0) size 800x600
  RenderView at (0,0) size 800x600
layer at (0,0) size 800x600
  RenderBlock {HTML} at (0,0) size 800x600
    RenderBody {BODY} at (8,8) size 784x584
layer at (8,8) size 159x19
  RenderButton {BUTTON} at (8,8) size 159x19 [bgcolor=#C0C0C0] [border: (2px outset #C0C0C0)]
    RenderBlock (anonymous) at (8,2) size 143x15
      RenderText {#text} at (3,1) size 137x13
        text run at (3,1) width 137: "This button is positioned."
layer at (8,8) size 181x19
  RenderButton {INPUT} at (8,8) size 181x19 [bgcolor=#C0C0C0] [border: (2px outset #C0C0C0)]
    RenderBlock (anonymous) at (8,2) size 165x15
      RenderText at (3,1) size 159x13
        text run at (3,1) width 159: "This button is also positioned"
