layer at (0,0) size 785x1318
  RenderView at (0,0) size 785x600
layer at (0,0) size 785x1318
  RenderBlock {HTML} at (0,0) size 785x1318
    RenderBody {BODY} at (8,8) size 769x1295
      RenderBlock {P} at (0,0) size 769x18
        RenderText {#text} at (0,0) size 108x18
          text run at (0,0) width 108: "Legend align test"
      RenderFieldSet {FIELDSET} at (2,34) size 765x54 [border: (2px groove #C0C0C0)]
        RenderLegend {LEGEND} at (14,0) size 102x18
          RenderText {#text} at (2,0) size 98x18
            text run at (2,0) width 98: "My Legend left"
        RenderBlock (anonymous) at (14,23) size 737x19
          RenderTextControl {INPUT} at (0,0) size 130x19 [bgcolor=#FFFFFF] [border: (2px inset #000000)]
          RenderText {#text} at (0,0) size 0x0
      RenderFieldSet {FIELDSET} at (2,88) size 765x54 [border: (2px groove #C0C0C0)]
        RenderLegend {LEGEND} at (322,0) size 120x18
          RenderText {#text} at (2,0) size 116x18
            text run at (2,0) width 116: "My Legend center"
        RenderBlock (anonymous) at (14,23) size 737x19
          RenderTextControl {INPUT} at (0,0) size 130x19 [bgcolor=#FFFFFF] [border: (2px inset #000000)]
          RenderText {#text} at (0,0) size 0x0
      RenderFieldSet {FIELDSET} at (2,142) size 765x54 [border: (2px groove #C0C0C0)]
        RenderLegend {LEGEND} at (640,0) size 111x18
          RenderText {#text} at (2,0) size 107x18
            text run at (2,0) width 107: "My Legend right"
        RenderBlock (anonymous) at (14,23) size 737x19
          RenderTextControl {INPUT} at (0,0) size 130x19 [bgcolor=#FFFFFF] [border: (2px inset #000000)]
          RenderText {#text} at (0,0) size 0x0
      RenderFieldSet {FIELDSET} at (2,196) size 765x54 [border: (2px groove #C0C0C0)]
        RenderLegend {LEGEND} at (14,0) size 125x18
          RenderText {#text} at (2,0) size 121x18
            text run at (2,0) width 121: "My Legend default"
        RenderBlock (anonymous) at (14,23) size 737x19
          RenderTextControl {INPUT} at (0,0) size 130x19 [bgcolor=#FFFFFF] [border: (2px inset #000000)]
          RenderText {#text} at (0,0) size 0x0
      RenderBlock {HR} at (0,258) size 769x2 [border: (1px inset #000000)]
      RenderBlock {P} at (0,276) size 769x18
        RenderText {#text} at (0,0) size 147x18
          text run at (0,0) width 147: "Legend align test, RTL"
      RenderBlock (anonymous) at (0,310) size 769x0
        RenderInline {SPAN} at (0,0) size 0x0
          RenderText {#text} at (0,0) size 0x0
      RenderBlock (anonymous) at (0,310) size 769x216
        RenderFieldSet {FIELDSET} at (2,0) size 765x54 [border: (2px groove #C0C0C0)]
          RenderLegend {LEGEND} at (14,0) size 102x18
            RenderText {#text} at (2,0) size 98x18
              text run at (2,0) width 98: "My Legend left"
          RenderBlock (anonymous) at (14,23) size 737x19
            RenderTextControl {INPUT} at (607,0) size 130x19 [bgcolor=#FFFFFF] [border: (2px inset #000000)]
            RenderText {#text} at (0,0) size 0x0
        RenderFieldSet {FIELDSET} at (2,54) size 765x54 [border: (2px groove #C0C0C0)]
          RenderLegend {LEGEND} at (322,0) size 120x18
            RenderText {#text} at (2,0) size 116x18
              text run at (2,0) width 116: "My Legend center"
          RenderBlock (anonymous) at (14,23) size 737x19
            RenderTextControl {INPUT} at (607,0) size 130x19 [bgcolor=#FFFFFF] [border: (2px inset #000000)]
            RenderText {#text} at (0,0) size 0x0
        RenderFieldSet {FIELDSET} at (2,108) size 765x54 [border: (2px groove #C0C0C0)]
          RenderLegend {LEGEND} at (640,0) size 111x18
            RenderText {#text} at (2,0) size 107x18
              text run at (2,0) width 107: "My Legend right"
          RenderBlock (anonymous) at (14,23) size 737x19
            RenderTextControl {INPUT} at (607,0) size 130x19 [bgcolor=#FFFFFF] [border: (2px inset #000000)]
            RenderText {#text} at (0,0) size 0x0
        RenderFieldSet {FIELDSET} at (2,162) size 765x54 [border: (2px groove #C0C0C0)]
          RenderLegend {LEGEND} at (626,0) size 125x18
            RenderText {#text} at (2,0) size 121x18
              text run at (2,0) width 121: "My Legend default"
          RenderBlock (anonymous) at (14,23) size 737x19
            RenderTextControl {INPUT} at (607,0) size 130x19 [bgcolor=#FFFFFF] [border: (2px inset #000000)]
            RenderText {#text} at (0,0) size 0x0
      RenderBlock (anonymous) at (0,526) size 769x0
        RenderInline {SPAN} at (0,0) size 0x0
        RenderText {#text} at (0,0) size 0x0
      RenderBlock {HR} at (0,534) size 769x2 [border: (1px inset #000000)]
      RenderBlock {P} at (0,552) size 769x18
        RenderText {#text} at (0,0) size 270x18
          text run at (0,0) width 270: "Legend align test with margin and padding"
      RenderFieldSet {FIELDSET} at (15,586) size 739x69 [border: (2px groove #C0C0C0)]
        RenderLegend {LEGEND} at (17,0) size 102x18
          RenderText {#text} at (2,0) size 98x18
            text run at (2,0) width 98: "My Legend left"
        RenderBlock (anonymous) at (17,33) size 705x19
          RenderTextControl {INPUT} at (0,0) size 130x19 [bgcolor=#FFFFFF] [border: (2px inset #000000)]
          RenderText {#text} at (0,0) size 0x0
      RenderFieldSet {FIELDSET} at (15,670) size 739x69 [border: (2px groove #C0C0C0)]
        RenderLegend {LEGEND} at (309,0) size 120x18
          RenderText {#text} at (2,0) size 116x18
            text run at (2,0) width 116: "My Legend center"
        RenderBlock (anonymous) at (17,33) size 705x19
          RenderTextControl {INPUT} at (0,0) size 130x19 [bgcolor=#FFFFFF] [border: (2px inset #000000)]
          RenderText {#text} at (0,0) size 0x0
      RenderFieldSet {FIELDSET} at (15,754) size 739x69 [border: (2px groove #C0C0C0)]
        RenderLegend {LEGEND} at (611,0) size 111x18
          RenderText {#text} at (2,0) size 107x18
            text run at (2,0) width 107: "My Legend right"
        RenderBlock (anonymous) at (17,33) size 705x19
          RenderTextControl {INPUT} at (0,0) size 130x19 [bgcolor=#FFFFFF] [border: (2px inset #000000)]
          RenderText {#text} at (0,0) size 0x0
      RenderFieldSet {FIELDSET} at (15,838) size 739x69 [border: (2px groove #C0C0C0)]
        RenderLegend {LEGEND} at (17,0) size 125x18
          RenderText {#text} at (2,0) size 121x18
            text run at (2,0) width 121: "My Legend default"
        RenderBlock (anonymous) at (17,33) size 705x19
          RenderTextControl {INPUT} at (0,0) size 130x19 [bgcolor=#FFFFFF] [border: (2px inset #000000)]
          RenderText {#text} at (0,0) size 0x0
      RenderBlock {HR} at (0,922) size 769x2 [border: (1px inset #000000)]
      RenderBlock {P} at (0,940) size 769x18
        RenderText {#text} at (0,0) size 309x18
          text run at (0,0) width 309: "Legend align test with margin and padding, RTL"
      RenderBlock (anonymous) at (0,974) size 769x0
        RenderInline {SPAN} at (0,0) size 0x0
          RenderText {#text} at (0,0) size 0x0
      RenderBlock (anonymous) at (0,974) size 769x321
        RenderFieldSet {FIELDSET} at (15,0) size 739x69 [border: (2px groove #C0C0C0)]
          RenderLegend {LEGEND} at (17,0) size 102x18
            RenderText {#text} at (2,0) size 98x18
              text run at (2,0) width 98: "My Legend left"
          RenderBlock (anonymous) at (17,33) size 705x19
            RenderTextControl {INPUT} at (575,0) size 130x19 [bgcolor=#FFFFFF] [border: (2px inset #000000)]
            RenderText {#text} at (0,0) size 0x0
        RenderFieldSet {FIELDSET} at (15,84) size 739x69 [border: (2px groove #C0C0C0)]
          RenderLegend {LEGEND} at (309,0) size 120x18
            RenderText {#text} at (2,0) size 116x18
              text run at (2,0) width 116: "My Legend center"
          RenderBlock (anonymous) at (17,33) size 705x19
            RenderTextControl {INPUT} at (575,0) size 130x19 [bgcolor=#FFFFFF] [border: (2px inset #000000)]
            RenderText {#text} at (0,0) size 0x0
        RenderFieldSet {FIELDSET} at (15,168) size 739x69 [border: (2px groove #C0C0C0)]
          RenderLegend {LEGEND} at (611,0) size 111x18
            RenderText {#text} at (2,0) size 107x18
              text run at (2,0) width 107: "My Legend right"
          RenderBlock (anonymous) at (17,33) size 705x19
            RenderTextControl {INPUT} at (575,0) size 130x19 [bgcolor=#FFFFFF] [border: (2px inset #000000)]
            RenderText {#text} at (0,0) size 0x0
        RenderFieldSet {FIELDSET} at (15,252) size 739x69 [border: (2px groove #C0C0C0)]
          RenderLegend {LEGEND} at (597,0) size 125x18
            RenderText {#text} at (2,0) size 121x18
              text run at (2,0) width 121: "My Legend default"
          RenderBlock (anonymous) at (17,33) size 705x19
            RenderTextControl {INPUT} at (575,0) size 130x19 [bgcolor=#FFFFFF] [border: (2px inset #000000)]
            RenderText {#text} at (0,0) size 0x0
      RenderBlock (anonymous) at (0,1310) size 769x0
        RenderInline {SPAN} at (0,0) size 0x0
        RenderText {#text} at (0,0) size 0x0
        RenderText {#text} at (0,0) size 0x0
        RenderText {#text} at (0,0) size 0x0
layer at (26,68) size 126x13
  RenderBlock {DIV} at (2,3) size 126x13
layer at (26,122) size 126x13
  RenderBlock {DIV} at (2,3) size 126x13
layer at (26,176) size 126x13
  RenderBlock {DIV} at (2,3) size 126x13
layer at (26,230) size 126x13
  RenderBlock {DIV} at (2,3) size 126x13
layer at (633,344) size 126x13
  RenderBlock {DIV} at (2,3) size 126x13
layer at (633,398) size 126x13
  RenderBlock {DIV} at (2,3) size 126x13
layer at (633,452) size 126x13
  RenderBlock {DIV} at (2,3) size 126x13
layer at (633,506) size 126x13
  RenderBlock {DIV} at (2,3) size 126x13
layer at (42,630) size 126x13
  RenderBlock {DIV} at (2,3) size 126x13
layer at (42,714) size 126x13
  RenderBlock {DIV} at (2,3) size 126x13
layer at (42,798) size 126x13
  RenderBlock {DIV} at (2,3) size 126x13
layer at (42,882) size 126x13
  RenderBlock {DIV} at (2,3) size 126x13
layer at (617,1018) size 126x13
  RenderBlock {DIV} at (2,3) size 126x13
layer at (617,1102) size 126x13
  RenderBlock {DIV} at (2,3) size 126x13
layer at (617,1186) size 126x13
  RenderBlock {DIV} at (2,3) size 126x13
layer at (617,1270) size 126x13
  RenderBlock {DIV} at (2,3) size 126x13
