layer at (0,0) size 800x600
  RenderView at (0,0) size 800x600
layer at (0,0) size 800x600
  RenderBlock {HTML} at (0,0) size 800x600
    RenderBody {BODY} at (8,8) size 784x576
      RenderBlock {FORM} at (0,0) size 784x62
        RenderBlock (anonymous) at (0,0) size 784x60
          RenderBlock {INPUT} at (4,3) size 12x12
          RenderInline {B} at (0,0) size 75x18
            RenderText {#text} at (19,1) size 75x18
              text run at (19,1) width 75: "Attach File"
          RenderBR {BR} at (94,15) size 0x0
          RenderBR {BR} at (0,19) size 0x18
          RenderText {#text} at (0,39) size 86x18
            text run at (0,39) width 86: "  Select File:  "
          RenderFileUploadControl {INPUT} at (88,39) size 237x19
            RenderButton {INPUT} at (0,0) size 84x19 [color=#808080] [bgcolor=#C0C0C0] [border: (2px outset #C0C0C0)]
              RenderBlock (anonymous) at (8,2) size 68x15
                RenderText at (3,1) size 62x13
                  text run at (3,1) width 62: "Choose File"
          RenderBR {BR} at (327,53) size 0x0
        RenderTable {TABLE} at (0,60) size 4x2
          RenderTableSection {TBODY} at (0,0) size 4x2
