layer at (0,0) size 785x618
  RenderView at (0,0) size 785x600
layer at (0,0) size 785x618
  RenderBlock {HTML} at (0,0) size 785x618
    RenderBody {BODY} at (8,8) size 769x602
      RenderBlock {H1} at (0,0) size 769x37
        RenderText {#text} at (0,0) size 422x37
          text run at (0,0) width 422: "Form Element Geometry Tests"
      RenderBlock {P} at (0,58) size 769x18
        RenderText {#text} at (0,0) size 540x18
          text run at (0,0) width 540: "These tests help us tune the widget classes in KWQ to have all the right fudge factors."
      RenderBlock {H2} at (0,95) size 769x28
        RenderText {#text} at (0,0) size 165x28
          text run at (0,0) width 165: "Bounding Boxes"
      RenderTable {TABLE} at (0,142) size 178x29
        RenderTableSection {TBODY} at (0,0) size 178x29
          RenderTableRow {TR} at (0,2) size 178x25
            RenderTableCell {TD} at (2,2) size 64x25 [r=0 c=0 rs=1 cs=1]
              RenderBlock {DIV} at (1,1) size 62x23 [border: (2px solid #0000FF)]
                RenderInline {FONT} at (0,0) size 58x19
                  RenderButton {INPUT} at (2,2) size 58x19 [bgcolor=#C0C0C0] [border: (2px outset #C0C0C0)]
                    RenderBlock (anonymous) at (8,2) size 42x15
                      RenderText at (3,1) size 36x13
                        text run at (3,1) width 36: "button"
            RenderTableCell {TD} at (68,2) size 68x24 [r=0 c=1 rs=1 cs=1]
              RenderBlock {DIV} at (1,1) size 66x22 [border: (2px solid #0000FF)]
                RenderInline {FONT} at (0,0) size 62x18
                  RenderMenuList {SELECT} at (2,2) size 62x18 [bgcolor=#FFFFFF]
                    RenderBlock (anonymous) at (0,0) size 62x18
                      RenderText at (8,2) size 31x13
                        text run at (8,2) width 31: "menu"
              RenderBlock (anonymous) at (1,23) size 66x0
                RenderInline {FONT} at (0,0) size 0x0
            RenderTableCell {TD} at (138,5) size 18x19 [r=0 c=2 rs=1 cs=1]
              RenderBlock {DIV} at (1,1) size 16x17 [border: (2px solid #0000FF)]
                RenderInline {FONT} at (0,0) size 12x13
                  RenderBlock {INPUT} at (2,2) size 12x13
              RenderBlock (anonymous) at (1,18) size 16x0
                RenderInline {FONT} at (0,0) size 0x0
            RenderTableCell {TD} at (158,5) size 18x18 [r=0 c=3 rs=1 cs=1]
              RenderBlock {DIV} at (1,1) size 16x16 [border: (2px solid #0000FF)]
                RenderInline {FONT} at (0,0) size 12x12
                  RenderBlock {INPUT} at (2,2) size 12x12
              RenderBlock (anonymous) at (1,17) size 16x0
                RenderInline {FONT} at (0,0) size 0x0
      RenderTable {TABLE} at (0,171) size 178x29
        RenderTableSection {TBODY} at (0,0) size 178x29
          RenderTableRow {TR} at (0,2) size 178x25
            RenderTableCell {TD} at (2,2) size 64x25 [r=0 c=0 rs=1 cs=1]
              RenderBlock {DIV} at (1,1) size 62x23 [border: (2px solid #0000FF)]
                RenderButton {INPUT} at (2,2) size 58x19 [bgcolor=#C0C0C0] [border: (2px outset #C0C0C0)]
                  RenderBlock (anonymous) at (8,2) size 42x15
                    RenderText at (3,1) size 36x13
                      text run at (3,1) width 36: "button"
            RenderTableCell {TD} at (68,2) size 68x24 [r=0 c=1 rs=1 cs=1]
              RenderBlock {DIV} at (1,1) size 66x22 [border: (2px solid #0000FF)]
                RenderMenuList {SELECT} at (2,2) size 62x18 [bgcolor=#FFFFFF]
                  RenderBlock (anonymous) at (0,0) size 62x18
                    RenderText at (8,2) size 31x13
                      text run at (8,2) width 31: "menu"
            RenderTableCell {TD} at (138,5) size 18x19 [r=0 c=2 rs=1 cs=1]
              RenderBlock {DIV} at (1,1) size 16x17 [border: (2px solid #0000FF)]
                RenderBlock {INPUT} at (2,2) size 12x13
            RenderTableCell {TD} at (158,5) size 18x18 [r=0 c=3 rs=1 cs=1]
              RenderBlock {DIV} at (1,1) size 16x16 [border: (2px solid #0000FF)]
                RenderBlock {INPUT} at (2,2) size 12x12
      RenderTable {TABLE} at (0,200) size 178x29
        RenderTableSection {TBODY} at (0,0) size 178x29
          RenderTableRow {TR} at (0,2) size 178x25
            RenderTableCell {TD} at (2,2) size 64x25 [r=0 c=0 rs=1 cs=1]
              RenderBlock {DIV} at (1,1) size 62x23 [border: (2px solid #0000FF)]
                RenderInline {FONT} at (0,0) size 58x13
                  RenderButton {INPUT} at (2,2) size 58x19 [bgcolor=#C0C0C0] [border: (2px outset #C0C0C0)]
                    RenderBlock (anonymous) at (8,2) size 42x15
                      RenderText at (3,1) size 36x13
                        text run at (3,1) width 36: "button"
            RenderTableCell {TD} at (68,2) size 68x24 [r=0 c=1 rs=1 cs=1]
              RenderBlock {DIV} at (1,1) size 66x22 [border: (2px solid #0000FF)]
                RenderInline {FONT} at (0,0) size 62x13
                  RenderMenuList {SELECT} at (2,2) size 62x18 [bgcolor=#FFFFFF]
                    RenderBlock (anonymous) at (0,0) size 62x18
                      RenderText at (8,2) size 31x13
                        text run at (8,2) width 31: "menu"
            RenderTableCell {TD} at (138,5) size 18x19 [r=0 c=2 rs=1 cs=1]
              RenderBlock {DIV} at (1,1) size 16x17 [border: (2px solid #0000FF)]
                RenderInline {FONT} at (0,0) size 12x10
                  RenderBlock {INPUT} at (2,2) size 12x13
            RenderTableCell {TD} at (158,5) size 18x18 [r=0 c=3 rs=1 cs=1]
              RenderBlock {DIV} at (1,1) size 16x16 [border: (2px solid #0000FF)]
                RenderInline {FONT} at (0,0) size 12x10
                  RenderBlock {INPUT} at (2,2) size 12x12
      RenderTable {TABLE} at (0,229) size 504x67
        RenderTableSection {TBODY} at (0,0) size 504x67
          RenderTableRow {TR} at (0,2) size 504x63
            RenderTableCell {TD} at (2,2) size 86x25 [r=0 c=0 rs=1 cs=1]
              RenderBlock {DIV} at (1,1) size 84x23 [border: (2px solid #0000FF)]
                RenderTextControl {INPUT} at (2,2) size 80x19 [bgcolor=#FFFFFF] [border: (2px inset #000000)]
            RenderTableCell {TD} at (90,2) size 40x63 [r=0 c=1 rs=1 cs=1]
              RenderBlock {DIV} at (1,1) size 38x61 [border: (2px solid #0000FF)]
                RenderListBox {SELECT} at (2,2) size 34x57 [bgcolor=#FFFFFF] [border: (1px inset #808080)]
            RenderTableCell {TD} at (132,2) size 243x25 [r=0 c=2 rs=1 cs=1]
              RenderBlock {DIV} at (1,1) size 241x23 [border: (2px solid #0000FF)]
                RenderFileUploadControl {INPUT} at (2,2) size 237x19
                  RenderButton {INPUT} at (0,0) size 84x19 [bgcolor=#C0C0C0] [border: (2px outset #C0C0C0)]
                    RenderBlock (anonymous) at (8,2) size 68x15
                      RenderText at (3,1) size 62x13
                        text run at (3,1) width 62: "Choose File"
            RenderTableCell {TD} at (377,2) size 125x38 [r=0 c=3 rs=1 cs=1]
              RenderBlock {DIV} at (1,1) size 123x36 [border: (2px solid #0000FF)]
      RenderBlock {H2} at (0,315) size 769x28
        RenderText {#text} at (0,0) size 200x28
          text run at (0,0) width 200: "Baseline Alignment"
      RenderBlock {DIV} at (0,362) size 769x28
        RenderInline {FONT} at (0,0) size 220x28
          RenderText {#text} at (0,0) size 43x28
            text run at (0,0) width 43: "text "
          RenderButton {INPUT} at (43,8) size 58x19 [bgcolor=#C0C0C0] [border: (2px outset #C0C0C0)]
            RenderBlock (anonymous) at (8,2) size 42x15
              RenderText at (3,1) size 36x13
                text run at (3,1) width 36: "button"
          RenderText {#text} at (101,0) size 6x28
            text run at (101,0) width 6: " "
          RenderMenuList {SELECT} at (107,9) size 62x18 [bgcolor=#FFFFFF]
            RenderBlock (anonymous) at (0,0) size 62x18
              RenderText at (8,2) size 31x13
                text run at (8,2) width 31: "menu"
          RenderText {#text} at (169,0) size 6x28
            text run at (169,0) width 6: " "
          RenderBlock {INPUT} at (180,9) size 12x13
          RenderText {#text} at (195,0) size 6x28
            text run at (195,0) width 6: " "
          RenderBlock {INPUT} at (205,10) size 12x12
          RenderText {#text} at (0,0) size 0x0
      RenderBlock {DIV} at (0,390) size 769x21
        RenderText {#text} at (0,2) size 27x18
          text run at (0,2) width 27: "text "
        RenderButton {INPUT} at (27,2) size 58x19 [bgcolor=#C0C0C0] [border: (2px outset #C0C0C0)]
          RenderBlock (anonymous) at (8,2) size 42x15
            RenderText at (3,1) size 36x13
              text run at (3,1) width 36: "button"
        RenderText {#text} at (85,2) size 4x18
          text run at (85,2) width 4: " "
        RenderMenuList {SELECT} at (89,3) size 62x18 [bgcolor=#FFFFFF]
          RenderBlock (anonymous) at (0,0) size 62x18
            RenderText at (8,2) size 31x13
              text run at (8,2) width 31: "menu"
        RenderText {#text} at (151,2) size 4x18
          text run at (151,2) width 4: " "
        RenderBlock {INPUT} at (160,3) size 12x13
        RenderText {#text} at (175,2) size 4x18
          text run at (175,2) width 4: " "
        RenderBlock {INPUT} at (183,4) size 12x12
        RenderText {#text} at (0,0) size 0x0
      RenderBlock {DIV} at (0,411) size 769x21
        RenderInline {FONT} at (0,0) size 186x13
          RenderText {#text} at (0,6) size 18x13
            text run at (0,6) width 18: "text "
          RenderButton {INPUT} at (18,2) size 58x19 [bgcolor=#C0C0C0] [border: (2px outset #C0C0C0)]
            RenderBlock (anonymous) at (8,2) size 42x15
              RenderText at (3,1) size 36x13
                text run at (3,1) width 36: "button"
          RenderText {#text} at (76,6) size 3x13
            text run at (76,6) width 3: " "
          RenderMenuList {SELECT} at (79,3) size 62x18 [bgcolor=#FFFFFF]
            RenderBlock (anonymous) at (0,0) size 62x18
              RenderText at (8,2) size 31x13
                text run at (8,2) width 31: "menu"
          RenderText {#text} at (141,6) size 3x13
            text run at (141,6) width 3: " "
          RenderBlock {INPUT} at (149,3) size 12x13
          RenderText {#text} at (164,6) size 3x13
            text run at (164,6) width 3: " "
          RenderBlock {INPUT} at (171,4) size 12x12
          RenderText {#text} at (0,0) size 0x0
      RenderBlock {DIV} at (0,432) size 769x39
        RenderText {#text} at (0,18) size 27x18
          text run at (0,18) width 27: "text "
        RenderTextControl {INPUT} at (27,18) size 80x19 [bgcolor=#FFFFFF] [border: (2px inset #000000)]
        RenderText {#text} at (107,18) size 4x18
          text run at (107,18) width 4: " "
        RenderFileUploadControl {INPUT} at (113,18) size 237x19
          RenderButton {INPUT} at (0,0) size 84x19 [bgcolor=#C0C0C0] [border: (2px outset #C0C0C0)]
            RenderBlock (anonymous) at (8,2) size 68x15
              RenderText at (3,1) size 62x13
                text run at (3,1) width 62: "Choose File"
        RenderText {#text} at (352,18) size 4x18
          text run at (352,18) width 4: " "
        RenderText {#text} at (0,0) size 0x0
      RenderBlock {H2} at (0,490) size 769x28
        RenderText {#text} at (0,0) size 197x28
          text run at (0,0) width 197: "Pop-up Menu Sizes"
      RenderBlock {DIV} at (0,537) size 769x28
        RenderInline {FONT} at (0,0) size 169x28
          RenderText {#text} at (0,0) size 0x0
          RenderMenuList {SELECT} at (0,9) size 36x18 [bgcolor=#FFFFFF]
            RenderBlock (anonymous) at (0,0) size 36x18
              RenderBR at (8,2) size 0x13 [bgcolor=#FFFFFF]
          RenderText {#text} at (36,0) size 6x28
            text run at (36,0) width 6: " "
          RenderMenuList {SELECT} at (42,9) size 36x18 [bgcolor=#FFFFFF]
            RenderBlock (anonymous) at (0,0) size 36x18
              RenderText at (8,2) size 5x13
                text run at (8,2) width 5: "|"
          RenderText {#text} at (78,0) size 6x28
            text run at (78,0) width 6: " "
          RenderMenuList {SELECT} at (84,9) size 85x18 [bgcolor=#FFFFFF]
            RenderBlock (anonymous) at (0,0) size 85x18
              RenderText at (8,2) size 54x13
                text run at (8,2) width 54: "xxxxxxxx"
          RenderText {#text} at (0,0) size 0x0
      RenderBlock {DIV} at (0,565) size 769x19
        RenderMenuList {SELECT} at (0,1) size 36x18 [bgcolor=#FFFFFF]
          RenderBlock (anonymous) at (0,0) size 36x18
            RenderBR at (8,2) size 0x13 [bgcolor=#FFFFFF]
        RenderText {#text} at (36,0) size 4x18
          text run at (36,0) width 4: " "
        RenderMenuList {SELECT} at (40,1) size 36x18 [bgcolor=#FFFFFF]
          RenderBlock (anonymous) at (0,0) size 36x18
            RenderText at (8,2) size 5x13
              text run at (8,2) width 5: "|"
        RenderText {#text} at (76,0) size 4x18
          text run at (76,0) width 4: " "
        RenderMenuList {SELECT} at (80,1) size 85x18 [bgcolor=#FFFFFF]
          RenderBlock (anonymous) at (0,0) size 85x18
            RenderText at (8,2) size 54x13
              text run at (8,2) width 54: "xxxxxxxx"
        RenderText {#text} at (0,0) size 0x0
      RenderBlock {DIV} at (0,584) size 769x18
        RenderInline {FONT} at (0,0) size 163x13
          RenderText {#text} at (0,0) size 0x0
          RenderMenuList {SELECT} at (0,0) size 36x18 [bgcolor=#FFFFFF]
            RenderBlock (anonymous) at (0,0) size 36x18
              RenderBR at (8,2) size 0x13 [bgcolor=#FFFFFF]
          RenderText {#text} at (36,3) size 3x13
            text run at (36,3) width 3: " "
          RenderMenuList {SELECT} at (39,0) size 36x18 [bgcolor=#FFFFFF]
            RenderBlock (anonymous) at (0,0) size 36x18
              RenderText at (8,2) size 5x13
                text run at (8,2) width 5: "|"
          RenderText {#text} at (75,3) size 3x13
            text run at (75,3) width 3: " "
          RenderMenuList {SELECT} at (78,0) size 85x18 [bgcolor=#FFFFFF]
            RenderBlock (anonymous) at (0,0) size 85x18
              RenderText at (8,2) size 54x13
                text run at (8,2) width 54: "xxxxxxxx"
          RenderText {#text} at (0,0) size 0x0
layer at (15,245) size 76x13
  RenderBlock {DIV} at (2,3) size 76x13
    RenderText {#text} at (1,0) size 49x13
      text run at (1,0) width 49: "text field"
layer at (388,243) size 119x30 clip at (389,244) size 117x28
  RenderTextControl {TEXTAREA} at (2,3) size 119x30 [bgcolor=#FFFFFF] [border: (1px solid #000000)]
    RenderBlock {DIV} at (3,3) size 98x13
      RenderText {#text} at (0,0) size 56x13
        text run at (0,0) width 56: "textarea"
layer at (37,461) size 76x13
  RenderBlock {DIV} at (2,3) size 76x13
    RenderText {#text} at (1,0) size 49x13
      text run at (1,0) width 49: "text field"
layer at (364,441) size 119x30 clip at (365,442) size 117x28
  RenderTextControl {TEXTAREA} at (356,1) size 119x30 [bgcolor=#FFFFFF] [border: (1px solid #000000)]
    RenderBlock {DIV} at (3,3) size 98x13
      RenderText {#text} at (0,0) size 56x13
        text run at (0,0) width 56: "textarea"
