layer at (0,0) size 800x600
  RenderView at (0,0) size 800x600
layer at (0,0) size 800x600
  RenderBlock {HTML} at (0,0) size 800x600
    RenderBody {BODY} at (8,8) size 784x584
      RenderText {#text} at (0,0) size 344x18
        text run at (0,0) width 344: "This tests that the new text fields use the correct width."
      RenderBR {BR} at (344,14) size 0x0
      RenderTextControl {INPUT} at (0,18) size 130x19 [bgcolor=#FFFFFF] [border: (2px inset #000000)]
      RenderBR {BR} at (130,32) size 0x0
      RenderTextControl {INPUT} at (0,37) size 200x19 [bgcolor=#FFFFFF] [border: (2px inset #000000)]
      RenderBR {BR} at (200,51) size 0x0
      RenderTextControl {INPUT} at (0,56) size 280x19 [bgcolor=#FFFFFF] [border: (2px inset #000000)]
      RenderBR {BR} at (280,70) size 0x0
      RenderTextControl {INPUT} at (0,75) size 200x19 [bgcolor=#FFFFFF] [border: (2px inset #000000)]
      RenderBR {BR} at (200,89) size 0x0
      RenderTextControl {INPUT} at (0,94) size 80x19 [bgcolor=#FFFFFF] [border: (2px inset #000000)]
      RenderBR {BR} at (80,108) size 0x0
layer at (10,29) size 126x13
  RenderBlock {DIV} at (2,3) size 126x13
layer at (10,48) size 196x13
  RenderBlock {DIV} at (2,3) size 196x13
    RenderText {#text} at (1,0) size 103x13
      text run at (1,0) width 103: "styled width 200px"
layer at (10,67) size 276x13
  RenderBlock {DIV} at (2,3) size 276x13
    RenderText {#text} at (1,0) size 39x13
      text run at (1,0) width 39: "size 50"
layer at (10,86) size 196x13
  RenderBlock {DIV} at (2,3) size 196x13
    RenderText {#text} at (1,0) size 161x13
      text run at (1,0) width 161: "styled width 200px & size=10"
layer at (10,105) size 76x13
  RenderBlock {DIV} at (2,3) size 76x13
    RenderText {#text} at (1,0) size 39x13
      text run at (1,0) width 39: "size 10"
