layer at (0,0) size 800x600
  RenderView at (0,0) size 800x600
layer at (0,0) size 800x600
  RenderBlock {HTML} at (0,0) size 800x600
    RenderBody {BODY} at (8,8) size 784x576
      RenderBlock (anonymous) at (0,0) size 784x19
        RenderTextControl {INPUT} at (0,0) size 130x19 [bgcolor=#FFFFFF] [border: (2px inset #000000)]
        RenderText {#text} at (0,0) size 0x0
      RenderBlock {P} at (0,35) size 784x18
        RenderText {#text} at (0,0) size 567x18
          text run at (0,0) width 567: "Tests double-clicking on a word. If the test succeeds, the word \"word\" should be selected."
layer at (10,11) size 126x13
  RenderBlock {DIV} at (2,3) size 126x13
    RenderText {#text} at (1,0) size 72x13
      text run at (1,0) width 72: "word another"
selection start: position 0 of child 0 {#text} of child 0 {DIV} of child 0 {INPUT} of child 0 {BODY} of child 0 {HTML} of document
selection end:   position 5 of child 0 {#text} of child 0 {DIV} of child 0 {INPUT} of child 0 {BODY} of child 0 {HTML} of document
