layer at (0,0) size 800x600
  RenderView at (0,0) size 800x600
layer at (0,0) size 800x600
  RenderBlock {HTML} at (0,0) size 800x600
    RenderBody {BODY} at (8,8) size 784x584
      RenderText {#text} at (0,0) size 568x18
        text run at (0,0) width 568: "This tests that background color and background images can be set on the new text fields. "
      RenderBR {BR} at (568,14) size 0x0
      RenderTextControl {INPUT} at (0,18) size 130x19 [bgcolor=#FFC0CB] [border: (2px inset #000000)]
      RenderText {#text} at (130,18) size 4x18
        text run at (130,18) width 4: " "
      RenderBR {BR} at (134,32) size 0x0
      RenderTextControl {INPUT} at (0,37) size 130x19 [bgcolor=#FFFFFF] [border: (2px inset #000000)]
      RenderText {#text} at (0,0) size 0x0
      RenderText {#text} at (0,0) size 0x0
layer at (10,29) size 126x13
  RenderBlock {DIV} at (2,3) size 126x13
    RenderText {#text} at (1,0) size 110x13
      text run at (1,0) width 110: "This should be pink."
layer at (10,48) size 126x13
  RenderBlock {DIV} at (2,3) size 126x13
