layer at (0,0) size 800x600
  RenderView at (0,0) size 800x600
layer at (0,0) size 800x600
  RenderBlock {HTML} at (0,0) size 800x600
    RenderBody {BODY} at (8,8) size 784x576
      RenderBlock (anonymous) at (0,0) size 784x19
        RenderTextControl {INPUT} at (0,0) size 130x19 [bgcolor=#FFFFFF] [border: (2px inset #000000)]
        RenderText {#text} at (130,0) size 4x18
          text run at (130,0) width 4: " "
        RenderTextControl {INPUT} at (134,0) size 130x19 [bgcolor=#FFFFFF] [border: (2px inset #000000)]
        RenderText {#text} at (264,0) size 4x18
          text run at (264,0) width 4: " "
        RenderTextControl {INPUT} at (268,0) size 130x19 [bgcolor=#FFFFFF] [border: (2px inset #000000)]
        RenderText {#text} at (0,0) size 0x0
      RenderBlock {P} at (0,35) size 784x36
        RenderText {#text} at (0,0) size 784x36
          text run at (0,0) width 784: "Tests scrolling back to the beginning when a text field blurs. The first field should be scrolled to the left, the second and third"
          text run at (0,18) width 125: "scrolled to the right."
layer at (10,11) size 126x13 scrollWidth 321
  RenderBlock {DIV} at (2,3) size 126x13
    RenderText {#text} at (1,0) size 319x13
      text run at (1,0) width 319: "this text field has a lot of text in it so that it needs to scroll"
layer at (144,11) size 126x13 scrollX 194 scrollWidth 320
  RenderBlock {DIV} at (2,3) size 126x13
    RenderText {#text} at (-194,0) size 319x13
      text run at (-194,0) width 319: "this text field has a lot of text in it so that it needs to scroll"
layer at (278,11) size 126x13 scrollX 195 scrollWidth 321
  RenderBlock {DIV} at (2,3) size 126x13
    RenderText {#text} at (1,0) size 319x13
      text run at (1,0) width 319: "this text field has a lot of text in it so that it needs to scroll"
caret: position 66 of child 0 {#text} of child 0 {DIV} of child 4 {INPUT} of child 0 {BODY} of child 0 {HTML} of document
