layer at (0,0) size 800x600
  RenderView at (0,0) size 800x600
layer at (0,0) size 800x600
  RenderBlock {HTML} at (0,0) size 800x600
    RenderBody {BODY} at (8,8) size 784x584
      RenderText {#text} at (0,0) size 509x18
        text run at (0,0) width 509: "This tests that the text color changes appropriately when the text field is disabled."
      RenderBR {BR} at (509,14) size 0x0
      RenderTextControl {INPUT} at (0,18) size 130x19 [bgcolor=#EBEBE4] [border: (2px inset #000000)]
      RenderText {#text} at (130,18) size 4x18
        text run at (130,18) width 4: " "
      RenderTextControl {INPUT} at (134,18) size 130x19 [bgcolor=#FFFFFF] [border: (2px inset #000000)]
      RenderBR {BR} at (264,32) size 0x0
      RenderTextControl {INPUT} at (0,37) size 130x19 [color=#FF0000] [bgcolor=#EBEBE4] [border: (2px inset #FF0000)]
      RenderText {#text} at (130,37) size 4x18
        text run at (130,37) width 4: " "
      RenderTextControl {INPUT} at (134,37) size 130x19 [color=#FF0000] [bgcolor=#FFFFFF] [border: (2px inset #FF0000)]
      RenderBR {BR} at (264,51) size 0x0
      RenderTextControl {INPUT} at (0,56) size 130x19 [bgcolor=#0000FF] [border: (2px inset #000000)]
      RenderText {#text} at (130,56) size 4x18
        text run at (130,56) width 4: " "
      RenderTextControl {INPUT} at (134,56) size 130x19 [bgcolor=#0000FF] [border: (2px inset #000000)]
      RenderBR {BR} at (264,70) size 0x0
      RenderTextControl {INPUT} at (0,75) size 130x19 [color=#FF0000] [bgcolor=#0000FF] [border: (2px inset #FF0000)]
      RenderText {#text} at (130,75) size 4x18
        text run at (130,75) width 4: " "
      RenderTextControl {INPUT} at (134,75) size 130x19 [color=#FF0000] [bgcolor=#0000FF] [border: (2px inset #FF0000)]
      RenderBR {BR} at (264,89) size 0x0
      RenderTextControl {INPUT} at (0,94) size 130x19 [bgcolor=#000000] [border: (2px inset #000000)]
      RenderText {#text} at (130,94) size 4x18
        text run at (130,94) width 4: " "
      RenderTextControl {INPUT} at (134,94) size 130x19 [bgcolor=#000000] [border: (2px inset #000000)]
      RenderBR {BR} at (264,108) size 0x0
      RenderTextControl {INPUT} at (0,113) size 130x19 [color=#FFFFFF] [bgcolor=#000000] [border: (2px inset #FFFFFF)]
      RenderText {#text} at (130,113) size 4x18
        text run at (130,113) width 4: " "
      RenderTextControl {INPUT} at (134,113) size 130x19 [color=#FFFFFF] [bgcolor=#000000] [border: (2px inset #FFFFFF)]
      RenderBR {BR} at (264,127) size 0x0
      RenderTextControl {INPUT} at (0,132) size 130x19 [bgcolor=#808080] [border: (2px inset #000000)]
      RenderText {#text} at (130,132) size 4x18
        text run at (130,132) width 4: " "
      RenderTextControl {INPUT} at (134,132) size 130x19 [bgcolor=#808080] [border: (2px inset #000000)]
      RenderBR {BR} at (264,146) size 0x0
      RenderTextControl {INPUT} at (0,151) size 130x19 [color=#FFFFFF] [bgcolor=#A9A9A9] [border: (2px inset #FFFFFF)]
      RenderText {#text} at (130,151) size 4x18
        text run at (130,151) width 4: " "
      RenderTextControl {INPUT} at (134,151) size 130x19 [color=#FFFFFF] [bgcolor=#A9A9A9] [border: (2px inset #FFFFFF)]
      RenderBR {BR} at (264,165) size 0x0
      RenderTextControl {INPUT} at (0,170) size 130x19 [color=#808080] [bgcolor=#000000] [border: (2px inset #808080)]
      RenderText {#text} at (130,170) size 4x18
        text run at (130,170) width 4: " "
      RenderTextControl {INPUT} at (134,170) size 130x19 [color=#808080] [bgcolor=#000000] [border: (2px inset #808080)]
      RenderBR {BR} at (264,184) size 0x0
      RenderTextControl {INPUT} at (0,189) size 130x19 [color=#FF0000] [bgcolor=#808080] [border: (2px inset #FF0000)]
      RenderText {#text} at (130,189) size 4x18
        text run at (130,189) width 4: " "
      RenderTextControl {INPUT} at (134,189) size 130x19 [color=#FF0000] [bgcolor=#808080] [border: (2px inset #FF0000)]
      RenderBR {BR} at (264,203) size 0x0
      RenderTextControl {INPUT} at (0,208) size 130x19 [color=#808080] [bgcolor=#FF0000] [border: (2px inset #808080)]
      RenderText {#text} at (130,208) size 4x18
        text run at (130,208) width 4: " "
      RenderTextControl {INPUT} at (134,208) size 130x19 [color=#808080] [bgcolor=#FF0000] [border: (2px inset #808080)]
      RenderBR {BR} at (264,222) size 0x0
layer at (10,29) size 126x13 scrollWidth 356
  RenderBlock {DIV} at (2,3) size 126x13 [color=#545454]
    RenderText {#text} at (1,0) size 355x13
      text run at (1,0) width 355: "The text in this disabled field should displayed as dimmed or grey"
layer at (144,29) size 126x13 scrollWidth 158
  RenderBlock {DIV} at (2,3) size 126x13
    RenderText {#text} at (1,0) size 156x13
      text run at (1,0) width 156: "This text field is not disabled"
layer at (10,48) size 126x13 scrollWidth 356
  RenderBlock {DIV} at (2,3) size 126x13
    RenderText {#text} at (1,0) size 355x13
      text run at (1,0) width 355: "The text in this disabled field should displayed as dimmed or grey"
layer at (144,48) size 126x13 scrollWidth 158
  RenderBlock {DIV} at (2,3) size 126x13
    RenderText {#text} at (1,0) size 156x13
      text run at (1,0) width 156: "This text field is not disabled"
layer at (10,67) size 126x13 scrollWidth 356
  RenderBlock {DIV} at (2,3) size 126x13 [color=#545454]
    RenderText {#text} at (1,0) size 355x13
      text run at (1,0) width 355: "The text in this disabled field should displayed as dimmed or grey"
layer at (144,67) size 126x13 scrollWidth 158
  RenderBlock {DIV} at (2,3) size 126x13
    RenderText {#text} at (1,0) size 156x13
      text run at (1,0) width 156: "This text field is not disabled"
layer at (10,86) size 126x13 scrollWidth 356
  RenderBlock {DIV} at (2,3) size 126x13 [color=#AB0000]
    RenderText {#text} at (1,0) size 355x13
      text run at (1,0) width 355: "The text in this disabled field should displayed as dimmed or grey"
layer at (144,86) size 126x13 scrollWidth 158
  RenderBlock {DIV} at (2,3) size 126x13
    RenderText {#text} at (1,0) size 156x13
      text run at (1,0) width 156: "This text field is not disabled"
layer at (10,105) size 126x13 scrollWidth 356
  RenderBlock {DIV} at (2,3) size 126x13 [color=#545454]
    RenderText {#text} at (1,0) size 355x13
      text run at (1,0) width 355: "The text in this disabled field should displayed as dimmed or grey"
layer at (144,105) size 126x13 scrollWidth 158
  RenderBlock {DIV} at (2,3) size 126x13
    RenderText {#text} at (1,0) size 156x13
      text run at (1,0) width 156: "This text field is not disabled"
layer at (10,124) size 126x13 scrollWidth 356
  RenderBlock {DIV} at (2,3) size 126x13 [color=#ABABAB]
    RenderText {#text} at (1,0) size 355x13
      text run at (1,0) width 355: "The text in this disabled field should displayed as dimmed or grey"
layer at (144,124) size 126x13 scrollWidth 158
  RenderBlock {DIV} at (2,3) size 126x13
    RenderText {#text} at (1,0) size 156x13
      text run at (1,0) width 156: "This text field is not disabled"
layer at (10,143) size 126x13 scrollWidth 356
  RenderBlock {DIV} at (2,3) size 126x13 [color=#545454]
    RenderText {#text} at (1,0) size 355x13
      text run at (1,0) width 355: "The text in this disabled field should displayed as dimmed or grey"
layer at (144,143) size 126x13 scrollWidth 158
  RenderBlock {DIV} at (2,3) size 126x13
    RenderText {#text} at (1,0) size 156x13
      text run at (1,0) width 156: "This text field is not disabled"
layer at (10,162) size 126x13 scrollWidth 356
  RenderBlock {DIV} at (2,3) size 126x13 [color=#ABABAB]
    RenderText {#text} at (1,0) size 355x13
      text run at (1,0) width 355: "The text in this disabled field should displayed as dimmed or grey"
layer at (144,162) size 126x13 scrollWidth 158
  RenderBlock {DIV} at (2,3) size 126x13
    RenderText {#text} at (1,0) size 156x13
      text run at (1,0) width 156: "This text field is not disabled"
layer at (10,181) size 126x13 scrollWidth 356
  RenderBlock {DIV} at (2,3) size 126x13 [color=#2C2C2C]
    RenderText {#text} at (1,0) size 355x13
      text run at (1,0) width 355: "The text in this disabled field should displayed as dimmed or grey"
layer at (144,181) size 126x13 scrollWidth 158
  RenderBlock {DIV} at (2,3) size 126x13
    RenderText {#text} at (1,0) size 156x13
      text run at (1,0) width 156: "This text field is not disabled"
layer at (10,200) size 126x13 scrollWidth 356
  RenderBlock {DIV} at (2,3) size 126x13
    RenderText {#text} at (1,0) size 355x13
      text run at (1,0) width 355: "The text in this disabled field should displayed as dimmed or grey"
layer at (144,200) size 126x13 scrollWidth 158
  RenderBlock {DIV} at (2,3) size 126x13
    RenderText {#text} at (1,0) size 156x13
      text run at (1,0) width 156: "This text field is not disabled"
layer at (10,219) size 126x13 scrollWidth 356
  RenderBlock {DIV} at (2,3) size 126x13 [color=#2C2C2C]
    RenderText {#text} at (1,0) size 355x13
      text run at (1,0) width 355: "The text in this disabled field should displayed as dimmed or grey"
layer at (144,219) size 126x13 scrollWidth 158
  RenderBlock {DIV} at (2,3) size 126x13
    RenderText {#text} at (1,0) size 156x13
      text run at (1,0) width 156: "This text field is not disabled"
