layer at (0,0) size 800x600
  RenderView at (0,0) size 800x600
layer at (0,0) size 800x600
  RenderBlock {HTML} at (0,0) size 800x600
    RenderBody {BODY} at (8,8) size 784x576
      RenderBlock {P} at (0,0) size 784x18
        RenderText {#text} at (0,0) size 441x18
          text run at (0,0) width 441: "If you can see the word \"Placeholder\" in the text field, then all is well."
      RenderBlock {P} at (0,34) size 784x19
        RenderTextControl {INPUT} at (0,0) size 130x19 [bgcolor=#FFFFFF] [border: (2px inset #000000)]
layer at (10,45) size 126x13
  RenderBlock {DIV} at (2,3) size 126x13 [color=#808080]
    RenderText {#text} at (1,0) size 62x13
      text run at (1,0) width 62: "Placeholder"
