layer at (0,0) size 800x600
  RenderView at (0,0) size 800x600
layer at (0,0) size 800x600
  RenderBlock {HTML} at (0,0) size 800x600
    RenderBody {BODY} at (8,8) size 784x576
      RenderBlock {P} at (0,0) size 784x36
        RenderText {#text} at (0,0) size 682x36
          text run at (0,0) width 595: "This tests our ability to correctly select radio buttons when we have nested label tags. This test "
          text run at (595,0) width 87: "only works in"
          text run at (0,18) width 534: "DumpRenderTree. It can be tested manually outside of DRT just by clicking around."
      RenderBlock {FORM} at (0,52) size 784x38
        RenderBlock (anonymous) at (0,0) size 784x20
          RenderBlock {INPUT} at (5,3) size 12x13
          RenderInline {LABEL} at (0,0) size 176x18
            RenderText {#text} at (20,2) size 27x18
              text run at (20,2) width 27: "one "
            RenderBlock {INPUT} at (52,3) size 12x13
            RenderInline {LABEL} at (0,0) size 129x18
              RenderText {#text} at (67,2) size 28x18
                text run at (67,2) width 28: "two "
              RenderBlock {INPUT} at (100,3) size 12x13
              RenderInline {LABEL} at (0,0) size 81x18
                RenderText {#text} at (115,2) size 35x18
                  text run at (115,2) width 35: "three "
                RenderBlock {INPUT} at (155,3) size 12x13
                RenderInline {LABEL} at (0,0) size 26x18
                  RenderText {#text} at (170,2) size 26x18
                    text run at (170,2) width 26: "four"
                  RenderText {#text} at (0,0) size 0x0
        RenderBlock (anonymous) at (0,20) size 784x18
          RenderBlock {DIV} at (0,0) size 784x18
            RenderText {#text} at (0,0) size 104x18
              text run at (0,0) width 104: "Test Succeeded!"
        RenderBlock (anonymous) at (0,38) size 784x0
          RenderInline {LABEL} at (0,0) size 0x0
            RenderInline {LABEL} at (0,0) size 0x0
              RenderInline {LABEL} at (0,0) size 0x0
                RenderInline {LABEL} at (0,0) size 0x0
