layer at (0,0) size 800x600
  RenderView at (0,0) size 800x600
layer at (0,0) size 800x600
  RenderBlock {HTML} at (0,0) size 800x600
    RenderBody {BODY} at (8,8) size 784x584
      RenderText {#text} at (0,0) size 368x18
        text run at (0,0) width 368: "This tests that aqua-style search fields do not honor height."
      RenderBR {BR} at (368,14) size 0x0
      RenderTextControl {INPUT} at (0,41) size 79x6 [bgcolor=#FFFFFF] [border: (2px inset #000000)]
        RenderBlock {DIV} at (2,3) size 75x0
          RenderBlock {DIV} at (0,0) size 8x9
          RenderBlock {DIV} at (62,0) size 13x9
      RenderText {#text} at (79,33) size 4x18
        text run at (79,33) width 4: " "
      RenderTextControl {INPUT} at (83,29) size 179x40 [bgcolor=#FFFFFF] [border: (2px inset #000000)]
        RenderBlock {DIV} at (2,3) size 175x34
          RenderBlock {DIV} at (0,4) size 8x11
          RenderBlock {DIV} at (162,4) size 13x11
      RenderText {#text} at (262,33) size 4x18
        text run at (262,33) width 4: " "
      RenderTextControl {INPUT} at (266,18) size 306x200 [bgcolor=#FFFFFF] [border: (2px inset #000000)]
        RenderBlock {DIV} at (2,3) size 302x194
          RenderBlock {DIV} at (0,13) size 10x13
          RenderBlock {DIV} at (286,13) size 16x13
      RenderText {#text} at (0,0) size 0x0
      RenderText {#text} at (0,0) size 0x0
      RenderText {#text} at (0,0) size 0x0
layer at (101,40) size 154x34
  RenderBlock {DIV} at (8,0) size 154x34
    RenderText {#text} at (1,0) size 39x18
      text run at (1,0) width 39: "small"
layer at (286,29) size 276x194
  RenderBlock {DIV} at (10,0) size 276x194
    RenderText {#text} at (1,0) size 94x32
      text run at (1,0) width 94: "regular"
