layer at (0,0) size 800x600
  RenderView at (0,0) size 800x600
layer at (0,0) size 800x600
  RenderBlock {HTML} at (0,0) size 800x600
    RenderBody {BODY} at (8,8) size 784x584
      RenderText {#text} at (200,188) size 4x18
        text run at (200,188) width 4: " "
      RenderText {#text} at (204,188) size 52x18
        text run at (204,188) width 52: "183 314"
layer at (8,9) size 200x200 clip at (9,10) size 183x198 scrollHeight 314
  RenderTextControl {TEXTAREA} at (0,1) size 200x200 [bgcolor=#FFFFFF] [border: (1px solid #000000)]
    RenderBlock {DIV} at (3,3) size 179x312
      RenderText {#text} at (0,0) size 112x299
        text run at (0,0) width 112: "Lots of content."
        text run at (112,0) width 0: " "
        text run at (0,13) width 112: "Lots of content."
        text run at (112,13) width 0: " "
        text run at (0,26) width 112: "Lots of content."
        text run at (112,26) width 0: " "
        text run at (0,39) width 112: "Lots of content."
        text run at (112,39) width 0: " "
        text run at (0,52) width 0: " "
        text run at (0,65) width 112: "Lots of content."
        text run at (112,65) width 0: " "
        text run at (0,78) width 112: "Lots of content."
        text run at (112,78) width 0: " "
        text run at (0,91) width 0: " "
        text run at (0,104) width 112: "Lots of content."
        text run at (112,104) width 0: " "
        text run at (0,117) width 112: "Lots of content."
        text run at (112,117) width 0: " "
        text run at (0,130) width 0: " "
        text run at (0,143) width 112: "Lots of content."
        text run at (112,143) width 0: " "
        text run at (0,156) width 112: "Lots of content."
        text run at (112,156) width 0: " "
        text run at (0,169) width 0: " "
        text run at (0,182) width 112: "Lots of content."
        text run at (112,182) width 0: " "
        text run at (0,195) width 112: "Lots of content."
        text run at (112,195) width 0: " "
        text run at (0,208) width 0: " "
        text run at (0,221) width 112: "Lots of content."
        text run at (112,221) width 0: " "
        text run at (0,234) width 112: "Lots of content."
        text run at (112,234) width 0: " "
        text run at (0,247) width 0: " "
        text run at (0,260) width 112: "Lots of content."
        text run at (112,260) width 0: " "
        text run at (0,273) width 112: "Lots of content."
        text run at (112,273) width 0: " "
        text run at (0,286) width 0: " "
      RenderBR {BR} at (0,299) size 0x13
