layer at (0,0) size 800x600
  LayoutView at (0,0) size 800x600
layer at (0,0) size 800x504
  LayoutBlockFlow {HTML} at (0,0) size 800x504
    LayoutBlockFlow {BODY} at (8,16) size 784x480
      LayoutBlockFlow {P} at (0,0) size 784x20
        LayoutText {#text} at (0,0) size 731x19
          text run at (0,0) width 731: "Test that when we have images sprinkled within a span, borders, paddings and margins are still calculated correctly ."
      LayoutBlockFlow {DIV} at (0,36) size 212x222 [border: (1px solid #000000)]
        LayoutBlockFlow {P} at (6,22) size 200x130
          LayoutText {#text} at (0,6) size 173x52
            text run at (0,6) width 150: "aaa bbb ccc ddd eee fff "
            text run at (149,6) width 24 RTL: "\x{5DC}\x{5DE}\x{5D4}"
            text run at (0,39) width 58 RTL: "\x{5E2}\x{5E9}\x{5D9}\x{5EA}\x{5D9} \x{5D6}\x{5D0}\x{5EA}"
            text run at (58,39) width 4: " "
            text run at (62,39) width 16: "gg"
          LayoutInline {SPAN} at (0,0) size 189x54 [border: (1px solid #0000FF) (10px solid #FFA500) (1px solid #0000FF) (10px solid #008000)]
            LayoutText {#text} at (123,39) size 44x19
              text run at (123,39) width 44: " dgnjk "
            LayoutBlockFlow {IMG} at (167,32) size 22x34 [border: (1px solid #0000FF)]
            LayoutText {#text} at (0,72) size 40x19
              text run at (0,72) width 40: "njkng "
          LayoutText {#text} at (85,72) size 170x51
            text run at (85,72) width 84 RTL: "\x{5D6}\x{5D0}\x{5EA} \x{2013} \x{5D0}\x{5D9}\x{5E0}\x{5D9} \x{5D9}\x{5D5}\x{5D3}\x{5E2}"
            text run at (0,104) width 29 RTL: "\x{5D1}\x{5E2}\x{5E6}\x{5DE}"
            text run at (29,104) width 141: " qqq rrr sss ttt uuu vvv"
        LayoutBlockFlow {P} at (6,168) size 200x32
          LayoutInline {SPAN} at (0,0) size 159x21 [border: (1px solid #0000FF) (10px solid #FFA500) (1px solid #0000FF) (10px solid #008000)]
            LayoutText {#text} at (45,6) size 84x19
              text run at (45,6) width 84: "Some fill text"
            LayoutBlockFlow {IMG} at (129,0) size 20x32
      LayoutBlockFlow {DIV} at (0,258) size 212x222 [border: (1px solid #000000)]
        LayoutBlockFlow {P} at (6,22) size 200x130
          LayoutText {#text} at (27,6) size 189x52
            text run at (27,6) width 28 RTL: " \x{5DC}\x{5DE}\x{5D4}"
            text run at (54,6) width 146: "aaa bbb ccc ddd eee fff"
            text run at (11,39) width 16: "gg"
            text run at (138,39) width 62 RTL: "\x{5E2}\x{5E9}\x{5D9}\x{5EA}\x{5D9} \x{5D6}\x{5D0}\x{5EA} "
          LayoutInline {SPAN} at (0,0) size 173x54 [border: (1px solid #0000FF) (10px solid #FFA500) (1px solid #0000FF) (10px solid #008000)]
            LayoutText {#text} at (27,39) size 44x19
              text run at (27,39) width 44: " dgnjk "
            LayoutBlockFlow {IMG} at (71,32) size 22x34 [border: (1px solid #0000FF)]
            LayoutText {#text} at (160,72) size 40x19
              text run at (160,72) width 4 RTL: " "
              text run at (164,72) width 36: "njkng"
          LayoutText {#text} at (31,72) size 170x51
            text run at (31,72) width 84 RTL: "\x{5D6}\x{5D0}\x{5EA} \x{2013} \x{5D0}\x{5D9}\x{5E0}\x{5D9} \x{5D9}\x{5D5}\x{5D3}\x{5E2}"
            text run at (30,104) width 137: "qqq rrr sss ttt uuu vvv"
            text run at (167,104) width 33 RTL: "\x{5D1}\x{5E2}\x{5E6}\x{5DE} "
        LayoutBlockFlow {P} at (6,168) size 200x32
          LayoutInline {SPAN} at (0,0) size 159x21 [border: (1px solid #0000FF) (10px solid #FFA500) (1px solid #0000FF) (10px solid #008000)]
            LayoutText {#text} at (71,6) size 84x19
              text run at (71,6) width 84: "Some fill text"
            LayoutBlockFlow {IMG} at (51,0) size 20x32
layer at (182,108) size 20x20 clip at (183,109) size 18x18
  LayoutBlockFlow {DIV} at (1,2) size 20x20 [border: (1px solid #C0C0C0)]
    LayoutImage (floating) {IMG} at (2,2) size 16x16
layer at (200,110) size 0x0
  LayoutBlockFlow {DIV} at (18,2) size 0x0
layer at (143,221) size 20x20 clip at (144,222) size 18x18
  LayoutBlockFlow {DIV} at (0,1) size 20x20 [border: (1px solid #C0C0C0)]
    LayoutImage (floating) {IMG} at (2,2) size 16x16
layer at (161,223) size 0x0
  LayoutBlockFlow {DIV} at (18,2) size 0x0
layer at (86,330) size 20x20 clip at (87,331) size 18x18
  LayoutBlockFlow {DIV} at (1,2) size 20x20 [border: (1px solid #C0C0C0)]
    LayoutImage (floating) {IMG} at (2,2) size 16x16
layer at (88,332) size 0x0
  LayoutBlockFlow {DIV} at (2,2) size 0x0
layer at (65,443) size 20x20 clip at (66,444) size 18x18
  LayoutBlockFlow {DIV} at (0,1) size 20x20 [border: (1px solid #C0C0C0)]
    LayoutImage (floating) {IMG} at (2,2) size 16x16
layer at (67,445) size 0x0
  LayoutBlockFlow {DIV} at (2,2) size 0x0
