layer at (0,0) size 800x600
  RenderView at (0,0) size 800x600
layer at (0,0) size 800x600
  RenderBlock {HTML} at (0,0) size 800x600
    RenderBody {BODY} at (8,8) size 784x576
      RenderBlock {P} at (0,0) size 784x36
        RenderText {#text} at (0,0) size 780x36
          text run at (0,0) width 780: "This tests for a bug in InsertParagraph where it would split and clone a <form> element in the same way it would a <p> or a"
          text run at (0,18) width 46: "<div>. "
          text run at (46,18) width 530: "You should see two paragraphs below both inside the form (blue bordered) element."
      RenderBlock {DIV} at (0,52) size 784x40
        RenderBlock {FORM} at (0,0) size 784x40 [border: (1px solid #0000FF)]
          RenderTextControl {INPUT} at (1,1) size 130x19 [bgcolor=#FFFFFF] [border: (2px inset #000000)]
          RenderText {#text} at (131,1) size 8x18
            text run at (131,1) width 8: "x"
          RenderBR {BR} at (139,15) size 0x0
          RenderText {#text} at (1,20) size 8x18
            text run at (1,20) width 8: "x"
          RenderTextControl {INPUT} at (9,20) size 130x19 [bgcolor=#FFFFFF] [border: (2px inset #000000)]
layer at (11,64) size 126x13
  RenderBlock {DIV} at (2,3) size 126x13
layer at (19,83) size 126x13
  RenderBlock {DIV} at (2,3) size 126x13
caret: position 0 of child 3 {#text} of child 0 {FORM} of child 2 {DIV} of child 0 {BODY} of child 0 {HTML} of document
