layer at (0,0) size 800x600
  LayoutView at (0,0) size 800x600
layer at (0,0) size 800x120
  LayoutBlockFlow {html} at (0,0) size 800x120
    LayoutBlockFlow {body} at (8,16) size 784x96
      LayoutBlockFlow {p} at (0,0) size 784x20
        LayoutText {#text} at (0,0) size 691x19
          text run at (0,0) width 440: "Display this in a paged media. The word PASS should display below "
          text run at (439,0) width 252: "(followed by three mostly-blank pages)."
      LayoutBlockFlow {div} at (0,36) size 784x0
      LayoutBlockFlow {div} at (0,36) size 784x20
        LayoutText {#text} at (0,0) size 85x19
          text run at (0,0) width 85: "Blank Page 1"
      LayoutBlockFlow {div} at (0,56) size 784x20
        LayoutText {#text} at (0,0) size 85x19
          text run at (0,0) width 85: "Blank Page 2"
      LayoutBlockFlow {div} at (0,76) size 784x20
        LayoutText {#text} at (0,0) size 85x19
          text run at (0,0) width 85: "Blank Page 3"
layer at (78,208) size 47x83
  LayoutBlockFlow (positioned) {h1} at (78,208.25) size 47x83
    LayoutText {#text} at (0,0) size 47x83
      text run at (0,0) width 47: "P"
layer at (78,208) size 94x83
  LayoutBlockFlow (positioned) {h1} at (78,208.25) size 94x83
    LayoutText {#text} at (0,0) size 94x83
      text run at (0,0) width 94: " A"
layer at (78,208) size 141x83
  LayoutBlockFlow (positioned) {h1} at (78,208.25) size 141x83
    LayoutText {#text} at (0,0) size 141x83
      text run at (0,0) width 141: "  S"
layer at (78,208) size 188x83
  LayoutBlockFlow (positioned) {h1} at (78,208.25) size 188x83
    LayoutText {#text} at (0,0) size 188x83
      text run at (0,0) width 188: "   S"
