layer at (0,0) size 800x600
  LayoutView at (0,0) size 800x600
layer at (0,0) size 800x103
  LayoutBlockFlow {html} at (0,0) size 800x103
    LayoutBlockFlow {body} at (8,13) size 784x77
      LayoutBlockFlow {p} at (0,0) size 784x32
        LayoutInline {span} at (0,0) size 504x16 [color=#C0C0C0]
          LayoutText {#text} at (0,0) size 504x16
            text run at (0,0) width 504: "This is filler text. This is filler text. This is filler text. "
        LayoutText {#text} at (0,0) size 0x0
        LayoutInline {span} at (0,0) size 160x16
          LayoutText {#text} at (504,0) size 104x16
            text run at (504,0) width 104: "The test has "
          LayoutInline {span} at (0,0) size 48x16 [color=#FFFF00] [bgcolor=#FF0000]
            LayoutText {#text} at (608,0) size 48x16
              text run at (608,0) width 48: "FAILED"
          LayoutText {#text} at (656,0) size 8x16
            text run at (656,0) width 8: "."
        LayoutText {#text} at (664,0) size 8x16
          text run at (664,0) width 8: " "
        LayoutInline {span} at (0,0) size 784x32 [color=#C0C0C0]
          LayoutText {#text} at (672,0) size 784x32
            text run at (672,0) width 112: "This is filler"
            text run at (0,16) width 376: "text. This is filler text. This is filler text."
        LayoutText {#text} at (0,0) size 0x0
      LayoutBlockFlow {p} at (0,45) size 784x32
        LayoutText {#text} at (0,0) size 760x32
          text run at (0,0) width 464: "(Exception: when the word FAILED is at the beginning of a "
          text run at (464,0) width 296: "line, the word PASSED may still be at"
          text run at (0,16) width 192: "the end of the previous "
          text run at (192,16) width 48: "line.)"
layer at (616,13) size 48x16
  LayoutBlockFlow (positioned) {span} at (616,13) size 48x16 [color=#FFFFFF] [bgcolor=#008000]
    LayoutText {#text} at (0,0) size 48x16
      text run at (0,0) width 48: "PASSED"
