layer at (0,0) size 800x600 clip at (0,0) size 785x600 scrollHeight 3100
  LayoutView at (0,0) size 800x600
layer at (0,0) size 785x3100 backgroundClip at (0,0) size 785x600 clip at (0,0) size 785x600
  LayoutBlockFlow {html} at (0,0) size 785x3100
    LayoutBlockFlow {body} at (8,16) size 769x3076
      LayoutBlockFlow {p} at (0,0) size 769x60
        LayoutText {#text} at (0,0) size 751x59
          text run at (0,0) width 751: "Test passes if there is no red, if the blue stripe is just as wide and just as tall as its text and if the blue stripe is completely"
          text run at (0,20) width 745: "shifted below the orange line. Also when scrolling, the blue stripe must stay at its same position on the screen, all other"
          text run at (0,40) width 114: "content can scroll."
      LayoutBlockFlow {div} at (0,76) size 769x3000
        LayoutBlockFlow {div} at (0,0) size 769x6 [bgcolor=#FF0000] [border: (3px solid #FFA500)]
layer at (96,168) size 76x20
  LayoutBlockFlow (positioned) {div} at (96,168) size 75.89x20 [color=#FFFFFF] [bgcolor=#0000FF]
    LayoutText {#text} at (0,0) size 76x19
      text run at (0,0) width 76: "Text sample"
