layer at (0,0) size 800x600 clip at (0,0) size 785x600 scrollHeight 2528
  LayoutView at (0,0) size 800x600
layer at (0,0) size 785x600
  LayoutBlockFlow {html} at (0,0) size 785x600
    LayoutBlockFlow {body} at (8,16) size 769x600
      LayoutBlockFlow {p} at (0,0) size 769x20
        LayoutText {#text} at (0,0) size 378x19
          text run at (0,0) width 378: "PREREQUISITE: Switch to print preview or a paged view."
      LayoutBlockFlow {p} at (0,36) size 769x20
        LayoutText {#text} at (0,0) size 483x19
          text run at (0,0) width 483: "Test passes if the \"Filler Text\" is on all five pages when paginated or printed."
      LayoutBlockFlow {div} at (0,72) size 769x20
        LayoutText {#text} at (0,0) size 65x19
          text run at (0,0) width 65: "Filler Text"
      LayoutBlockFlow {div} at (10,102) size 749x2400
