layer at (0,0) size 800x600
  LayoutView at (0,0) size 800x600
layer at (0,0) size 800x600
  LayoutBlockFlow {HTML} at (0,0) size 800x600
    LayoutBlockFlow {BODY} at (8,8) size 784x584
      LayoutBlockFlow {P} at (0,0) size 784x20
        LayoutText {#text} at (0,0) size 274x19
          text run at (0,0) width 274: "The look of the controls should not change."
      LayoutBlockFlow {DIV} at (0,36) size 784x240 [color=#0000FF]
        LayoutText {#text} at (0,0) size 0x0
      LayoutBlockFlow (anonymous) at (0,276) size 784x240
        LayoutText {#text} at (0,0) size 0x0
layer at (18,44) size 320x240
  LayoutVideo {VIDEO} at (10,0) size 320x240
layer at (8,284) size 320x240
  LayoutVideo {VIDEO} at (0,0) size 320x240
layer at (18,44) size 320x240
  LayoutFlexibleBox (relative positioned) {DIV} at (0,0) size 320x240 [color=#000000]
    LayoutFlexibleBox {DIV} at (0,0) size 320x240
layer at (18,44) size 320x240
  LayoutFlexibleBox {DIV} at (0,0) size 320x240
    LayoutSlider {INPUT} at (16,221) size 288x2 [color=#9D968E]
      LayoutFlexibleBox {DIV} at (0,0) size 288x2
layer at (18,44) size 320x224 clip at (20,46) size 316x220
  LayoutButton {INPUT} at (0,0) size 320x224 [border: (2px outset #C0C0C0)]
    LayoutFlexibleBox (anonymous) at (8,84) size 304x56
      LayoutBlockFlow {DIV} at (124,0) size 56x56 [bgcolor=#FFFFFFE6]
layer at (18,228) size 320x32
  LayoutFlexibleBox (relative positioned) {DIV} at (0,184) size 320x32
    LayoutButton {INPUT} at (246,0) size 32x32
    LayoutButton {INPUT} at (278,0) size 32x32
layer at (34,230) size 28x30 transparent
  LayoutBlockFlow {DIV} at (16,2) size 28x30
    LayoutText {#text} at (0,7) size 28x16
      text run at (0,7) width 28: "0:00"
layer at (66,230) size 198x30 transparent
  LayoutBlockFlow {DIV} at (48,2) size 198x30
    LayoutText {#text} at (0,7) size 66x16
      text run at (0,7) width 66: "/ 0:06"
layer at (34,265) size 288x2
  LayoutBlockFlow (relative positioned) {DIV} at (0,0) size 288x2 [bgcolor=#00000033]
    LayoutBlockFlow {DIV} at (0,-4) size 10x10 [bgcolor=#000000DE]
layer at (34,265) size 288x0
  LayoutBlockFlow (positioned) {DIV} at (0,0) size 288x0
layer at (34,265) size 288x2
  LayoutBlockFlow (positioned) {DIV} at (0,0) size 288x2 [bgcolor=#0000008A]
layer at (34,265) size 0x2
  LayoutBlockFlow (positioned) {DIV} at (0,0) size 0x2 [bgcolor=#000000DE]
layer at (8,284) size 320x240
  LayoutFlexibleBox (relative positioned) {DIV} at (0,0) size 320x240
    LayoutFlexibleBox {DIV} at (0,0) size 320x240
layer at (8,284) size 320x240
  LayoutFlexibleBox {DIV} at (0,0) size 320x240
    LayoutSlider {INPUT} at (16,221) size 288x2 [color=#9D968E]
      LayoutFlexibleBox {DIV} at (0,0) size 288x2
layer at (8,284) size 320x224 clip at (10,286) size 316x220
  LayoutButton {INPUT} at (0,0) size 320x224 [border: (2px outset #C0C0C0)]
    LayoutFlexibleBox (anonymous) at (8,84) size 304x56
      LayoutBlockFlow {DIV} at (124,0) size 56x56 [bgcolor=#FFFFFFE6]
layer at (8,468) size 320x32
  LayoutFlexibleBox (relative positioned) {DIV} at (0,184) size 320x32
    LayoutButton {INPUT} at (246,0) size 32x32
    LayoutButton {INPUT} at (278,0) size 32x32
layer at (24,470) size 28x30 transparent
  LayoutBlockFlow {DIV} at (16,2) size 28x30
    LayoutText {#text} at (0,7) size 28x16
      text run at (0,7) width 28: "0:00"
layer at (56,470) size 198x30 transparent
  LayoutBlockFlow {DIV} at (48,2) size 198x30
    LayoutText {#text} at (0,7) size 36x16
      text run at (0,7) width 36: "/ 0:06"
layer at (24,505) size 288x2
  LayoutBlockFlow (relative positioned) {DIV} at (0,0) size 288x2 [bgcolor=#00000033]
    LayoutBlockFlow {DIV} at (0,-4) size 10x10 [bgcolor=#000000DE]
layer at (24,505) size 288x0
  LayoutBlockFlow (positioned) {DIV} at (0,0) size 288x0
layer at (24,505) size 288x2
  LayoutBlockFlow (positioned) {DIV} at (0,0) size 288x2 [bgcolor=#0000008A]
layer at (24,505) size 0x2
  LayoutBlockFlow (positioned) {DIV} at (0,0) size 0x2 [bgcolor=#000000DE]
