layer at (0,0) size 800x600
  LayoutView at (0,0) size 800x600
layer at (0,0) size 800x600
  LayoutBlockFlow {HTML} at (0,0) size 800x600
    LayoutBlockFlow {BODY} at (8,8) size 784x584
      LayoutBlockFlow {P} at (0,0) size 784x20
        LayoutText {#text} at (0,0) size 741x19
          text run at (0,0) width 651: "This tests that in a standalone media document with audio content, the media element repaints correctly "
          text run at (651,0) width 90: "while playing."
      LayoutBlockFlow (anonymous) at (0,36) size 784x334
        LayoutText {#text} at (0,0) size 0x0
layer at (8,44) size 384x334
  LayoutIFrame {IFRAME} at (0,0) size 384x334 [border: (2px inset #EEEEEE)]
    layer at (0,0) size 380x330
      LayoutView at (0,0) size 380x330
    layer at (0,0) size 380x330
      LayoutBlockFlow {HTML} at (0,0) size 380x330
        LayoutBlockFlow {BODY} at (8,8) size 364x314 [bgcolor=#000000]
    layer at (8,8) size 300x1
      LayoutVideo {VIDEO} at (0,0) size 300x1
    layer at (8,8) size 300x1
      LayoutFlexibleBox (relative positioned) {DIV} at (0,0) size 300x1
        LayoutFlexibleBox {DIV} at (0,0) size 300x1
    layer at (8,8) size 300x12
      LayoutFlexibleBox {DIV} at (0,0) size 300x12
        LayoutSlider {INPUT} at (16,-6.41) size 268x1.41 [color=#9D968E]
          LayoutFlexibleBox {DIV} at (0,0) size 268x1.41
    layer at (8,8) size 300x6 clip at (10,10) size 296x2 scrollHeight 58
      LayoutButton {INPUT} at (0,0) size 300x6 [border: (2px outset #C0C0C0)]
        LayoutFlexibleBox (anonymous) at (8,3) size 284x56
          LayoutBlockFlow {DIV} at (114,0) size 56x56 [bgcolor=#FFFFFFE6]
    layer at (8,-26) size 300x23 backgroundClip at (0,0) size 0x0 clip at (0,0) size 0x0
      LayoutFlexibleBox (relative positioned) {DIV} at (0,-34) size 300x22.59
        LayoutButton {INPUT} at (258,-9.41) size 32x32
    layer at (24,-33) size 28x30 backgroundClip at (0,0) size 0x0 clip at (0,0) size 0x0 transparent
      LayoutBlockFlow {DIV} at (16,-7.41) size 28x30
        LayoutText {#text} at (0,7) size 28x16
          text run at (0,7) width 28: "0:00"
    layer at (56,-33) size 210x30 backgroundClip at (0,0) size 0x0 clip at (0,0) size 0x0 transparent
      LayoutBlockFlow {DIV} at (48,-7.41) size 210x30
        LayoutText {#text} at (0,7) size 36x16
          text run at (0,7) width 36: "/ 0:01"
    layer at (24,2) size 268x1 backgroundClip at (8,8) size 300x12 clip at (8,8) size 300x12
      LayoutBlockFlow (relative positioned) {DIV} at (0,0) size 268x1.41 [bgcolor=#00000033]
        LayoutBlockFlow {DIV} at (128.98,-4) size 10x10 [bgcolor=#000000DE]
    layer at (24,2) size 268x0
      LayoutBlockFlow (positioned) {DIV} at (0,0) size 268x0
    layer at (157,2) size 134x2 backgroundClip at (8,8) size 300x12 clip at (8,8) size 300x12
      LayoutBlockFlow (positioned) {DIV} at (133,0) size 134x2 [bgcolor=#0000008A]
    layer at (24,2) size 133x2 backgroundClip at (8,8) size 300x12 clip at (8,8) size 300x12
      LayoutBlockFlow (positioned) {DIV} at (0,0) size 133x2 [bgcolor=#000000DE]
