layer at (0,0) size 800x600
  LayoutView at (0,0) size 800x600
layer at (0,0) size 800x326
  LayoutBlockFlow {HTML} at (0,0) size 800x326
    LayoutBlockFlow {BODY} at (8,8) size 784x310
      LayoutBlockFlow {DIV} at (0,0) size 784x155
      LayoutBlockFlow {DIV} at (0,155) size 784x155
layer at (8,8) size 300x150
  LayoutVideo {VIDEO} at (0,0) size 300x150
layer at (308,158) size 0x0
  LayoutMedia {AUDIO} at (300,150) size 0x0
layer at (8,163) size 300x150
  LayoutVideo {VIDEO} at (0,0) size 300x150
layer at (308,313) size 0x0
  LayoutMedia {AUDIO} at (300,150) size 0x0
layer at (8,8) size 300x150
  LayoutFlexibleBox (relative positioned) {DIV} at (0,0) size 300x150
    LayoutFlexibleBox {DIV} at (0,0) size 300x150
layer at (8,8) size 300x150
  LayoutFlexibleBox {DIV} at (0,0) size 300x150
    LayoutSlider {INPUT} at (16,131) size 268x2 [color=#9D968E]
      LayoutFlexibleBox {DIV} at (0,0) size 268x2
layer at (8,8) size 300x134 clip at (10,10) size 296x130
  LayoutButton {INPUT} at (0,0) size 300x134 [border: (2px outset #C0C0C0)]
    LayoutFlexibleBox (anonymous) at (8,39) size 284x56
      LayoutBlockFlow {DIV} at (114,0) size 56x56 [bgcolor=#FFFFFFE6]
layer at (8,102) size 300x32
  LayoutFlexibleBox (relative positioned) {DIV} at (0,94) size 300x32
layer at (24,104) size 28x30 transparent
  LayoutBlockFlow {DIV} at (16,2) size 28x30
    LayoutText {#text} at (0,7) size 28x16
      text run at (0,7) width 28: "0:00"
layer at (56,104) size 242x30 transparent
  LayoutBlockFlow {DIV} at (48,2) size 242x30
    LayoutText {#text} at (0,7) size 36x16
      text run at (0,7) width 36: "/ 0:00"
layer at (24,139) size 268x2
  LayoutBlockFlow (relative positioned) {DIV} at (0,0) size 268x2 [bgcolor=#00000033]
layer at (24,139) size 268x0
  LayoutBlockFlow (positioned) {DIV} at (0,0) size 268x0
layer at (24,139) size 0x2
  LayoutBlockFlow (positioned) {DIV} at (0,0) size 0x2 [bgcolor=#0000008A]
layer at (24,139) size 0x2
  LayoutBlockFlow (positioned) {DIV} at (0,0) size 0x2 [bgcolor=#000000DE]
layer at (308,158) size 240x0 scrollHeight 16
  LayoutFlexibleBox (relative positioned) {DIV} at (0,0) size 240x0 [bgcolor=#F1F3F4]
    LayoutFlexibleBox {DIV} at (0,-16) size 240x32
layer at (308,142) size 240x32 backgroundClip at (0,0) size 0x0 clip at (0,0) size 0x0
  LayoutFlexibleBox {DIV} at (0,0) size 240x32
    LayoutButton {INPUT} at (10,0) size 32x32
    LayoutSlider {INPUT} at (131,15) size 83x2 [color=#9D968E]
      LayoutFlexibleBox {DIV} at (0,0) size 83x2
layer at (355,150) size 28x16 backgroundClip at (0,0) size 0x0 clip at (0,0) size 0x0 transparent
  LayoutBlockFlow {DIV} at (47,8) size 28x16
    LayoutText {#text} at (0,0) size 28x16
      text run at (0,0) width 28: "0:00"
layer at (387,150) size 36x16 backgroundClip at (0,0) size 0x0 clip at (0,0) size 0x0 transparent
  LayoutBlockFlow {DIV} at (79,8) size 36x16
    LayoutText {#text} at (0,0) size 36x16
      text run at (0,0) width 36: "/ 0:00"
layer at (439,157) size 83x2 backgroundClip at (0,0) size 0x0 clip at (0,0) size 0x0
  LayoutBlockFlow (relative positioned) {DIV} at (0,0) size 83x2 [bgcolor=#00000033]
layer at (439,157) size 83x0
  LayoutBlockFlow (positioned) {DIV} at (0,0) size 83x0
layer at (439,157) size 0x2
  LayoutBlockFlow (positioned) {DIV} at (0,0) size 0x2 [bgcolor=#0000008A]
layer at (439,157) size 0x2
  LayoutBlockFlow (positioned) {DIV} at (0,0) size 0x2 [bgcolor=#000000DE]
layer at (8,163) size 300x150
  LayoutFlexibleBox (relative positioned) {DIV} at (0,0) size 300x150
    LayoutFlexibleBox {DIV} at (0,0) size 300x150
layer at (8,163) size 300x150
  LayoutFlexibleBox {DIV} at (0,0) size 300x150
    LayoutSlider {INPUT} at (16,131) size 268x2 [color=#9D968E]
      LayoutFlexibleBox {DIV} at (0,0) size 268x2
layer at (8,163) size 300x134 clip at (10,165) size 296x130
  LayoutButton {INPUT} at (0,0) size 300x134 [border: (2px outset #C0C0C0)]
    LayoutFlexibleBox (anonymous) at (8,39) size 284x56
      LayoutBlockFlow {DIV} at (114,0) size 56x56 [bgcolor=#FFFFFFE6]
layer at (8,257) size 300x32
  LayoutFlexibleBox (relative positioned) {DIV} at (0,94) size 300x32
layer at (24,259) size 28x30 transparent
  LayoutBlockFlow {DIV} at (16,2) size 28x30
    LayoutText {#text} at (0,7) size 28x16
      text run at (0,7) width 28: "0:00"
layer at (56,259) size 242x30 transparent
  LayoutBlockFlow {DIV} at (48,2) size 242x30
    LayoutText {#text} at (0,7) size 36x16
      text run at (0,7) width 36: "/ 0:00"
layer at (24,294) size 268x2
  LayoutBlockFlow (relative positioned) {DIV} at (0,0) size 268x2 [bgcolor=#00000033]
layer at (24,294) size 268x0
  LayoutBlockFlow (positioned) {DIV} at (0,0) size 268x0
layer at (24,294) size 0x2
  LayoutBlockFlow (positioned) {DIV} at (0,0) size 0x2 [bgcolor=#0000008A]
layer at (24,294) size 0x2
  LayoutBlockFlow (positioned) {DIV} at (0,0) size 0x2 [bgcolor=#000000DE]
layer at (308,313) size 240x0 scrollHeight 16
  LayoutFlexibleBox (relative positioned) {DIV} at (0,0) size 240x0 [bgcolor=#F1F3F4]
    LayoutFlexibleBox {DIV} at (0,-16) size 240x32
layer at (308,297) size 240x32 backgroundClip at (0,0) size 0x0 clip at (0,0) size 0x0
  LayoutFlexibleBox {DIV} at (0,0) size 240x32
    LayoutButton {INPUT} at (10,0) size 32x32
    LayoutSlider {INPUT} at (131,15) size 83x2 [color=#9D968E]
      LayoutFlexibleBox {DIV} at (0,0) size 83x2
layer at (355,305) size 28x16 backgroundClip at (0,0) size 0x0 clip at (0,0) size 0x0 transparent
  LayoutBlockFlow {DIV} at (47,8) size 28x16
    LayoutText {#text} at (0,0) size 28x16
      text run at (0,0) width 28: "0:00"
layer at (387,305) size 36x16 backgroundClip at (0,0) size 0x0 clip at (0,0) size 0x0 transparent
  LayoutBlockFlow {DIV} at (79,8) size 36x16
    LayoutText {#text} at (0,0) size 36x16
      text run at (0,0) width 36: "/ 0:00"
layer at (439,312) size 83x2 backgroundClip at (0,0) size 0x0 clip at (0,0) size 0x0
  LayoutBlockFlow (relative positioned) {DIV} at (0,0) size 83x2 [bgcolor=#00000033]
layer at (439,312) size 83x0
  LayoutBlockFlow (positioned) {DIV} at (0,0) size 83x0
layer at (439,312) size 0x2
  LayoutBlockFlow (positioned) {DIV} at (0,0) size 0x2 [bgcolor=#0000008A]
layer at (439,312) size 0x2
  LayoutBlockFlow (positioned) {DIV} at (0,0) size 0x2 [bgcolor=#000000DE]
