layer at (0,0) size 800x600
  LayoutView at (0,0) size 800x600
layer at (0,0) size 800x261
  LayoutBlockFlow {HTML} at (0,0) size 800x261
    LayoutBlockFlow {BODY} at (8,8) size 784x245
      LayoutText {#text} at (0,0) size 0x0
layer at (8,8) size 320x240
  LayoutVideo {VIDEO} at (0,0) size 320x240
    LayoutBlockFlow {DIV} at (0,0) size 320x240
layer at (0,0) size 800x16
  LayoutBlockFlow (positioned) {DIV} at (0,0) size 800x16
    LayoutBlockFlow {DIV} at (0,0) size 800x16
      LayoutText {#text} at (276,0) size 248x15
        text run at (276,0) width 248: "Cue 1: should be positioned at the top of the video."
layer at (0,0) size 800x16
  LayoutBlockFlow (positioned) {DIV} at (0,0) size 800x16
    LayoutBlockFlow {DIV} at (0,0) size 800x16
      LayoutText {#text} at (269,0) size 262x15
        text run at (269,0) width 262: "Cue 2: should be the second cue and not overlap cue 1."
layer at (0,0) size 800x16
  LayoutBlockFlow (positioned) {DIV} at (0,0) size 800x16
    LayoutBlockFlow {DIV} at (0,0) size 800x16
      LayoutText {#text} at (265,0) size 270x15
        text run at (265,0) width 270: "Cue 3: should become the third line from top to bottom."
layer at (0,0) size 800x16
  LayoutBlockFlow (positioned) {DIV} at (0,0) size 800x16
    LayoutBlockFlow {DIV} at (0,0) size 800x16
      LayoutText {#text} at (274,0) size 252x15
        text run at (274,0) width 252: "Cue 4: should be fixed positioned around the middle."
layer at (0,0) size 800x16
  LayoutBlockFlow (positioned) {DIV} at (0,0) size 800x16
    LayoutBlockFlow {DIV} at (0,0) size 800x16
      LayoutText {#text} at (269,0) size 262x15
        text run at (269,0) width 262: "Cue 5: should be displayed at the bottom of the video."
layer at (0,0) size 800x16
  LayoutBlockFlow (positioned) {DIV} at (0,0) size 800x16
    LayoutBlockFlow {DIV} at (0,0) size 800x16
      LayoutText {#text} at (274,0) size 252x15
        text run at (274,0) width 252: "Cue 6: should be on top of bottom positioned cue 5."
layer at (8,8) size 320x240
  LayoutFlexibleBox (relative positioned) {DIV} at (0,0) size 320x240
    LayoutFlexibleBox {DIV} at (0,0) size 320x240
