layer at (0,0) size 800x600
  LayoutView at (0,0) size 800x600
layer at (0,0) size 800x224
  LayoutBlockFlow {HTML} at (0,0) size 800x224
    LayoutBlockFlow {BODY} at (8,16) size 784x200
      LayoutBlockFlow {P} at (0,0) size 784x36
        LayoutText {#text} at (0,0) size 766x35
          text run at (0,0) width 641: "Test passes if, when the text area below is focused for editing, the text insertion caret is either black "
          text run at (640,0) width 126: "or some other color"
          text run at (0,18) width 256: "that contrasts well with the background."
      LayoutBlockFlow {P} at (0,52) size 784x18
        LayoutText {#text} at (0,0) size 442x17
          text run at (0,0) width 442: "The shape of the caret, and whether it flashes, are not part of the test."
      LayoutBlockFlow (anonymous) at (0,86) size 784x114
        LayoutText {#text} at (0,0) size 0x0
layer at (8,102) size 412x110 clip at (9,103) size 410x108
  LayoutTextControl {TEXTAREA} at (0,0) size 412x110 [bgcolor=#FFFFFF] [border: (1px solid #A9A9A9)]
    LayoutBlockFlow {DIV} at (11,11) size 390x44
caret: position 0 of child 0 {DIV} of {#document-fragment} of child 5 {TEXTAREA} of body
