layer at (0,0) size 800x600
  LayoutView at (0,0) size 800x600
layer at (0,0) size 800x120
  LayoutBlockFlow {html} at (0,0) size 800x120
    LayoutBlockFlow {body} at (8,16) size 784x88
      LayoutBlockFlow {p} at (0,0) size 784x18
        LayoutText {#text} at (0,0) size 780x18
          text run at (0,0) width 431: "Resize your window slowly from a wide size to a narrow size. The "
          text run at (430,0) width 350: "Xs below should always be perfectly aligned in a grid."
      LayoutBlockFlow {p} at (0,34) size 784x54
        LayoutInline {span} at (0,0) size 12x18 [color=#0000FF]
          LayoutText {#text} at (0,0) size 12x18
            text run at (0,0) width 12: "X"
        LayoutText {#text} at (11,0) size 5x18
          text run at (11,0) width 5: " "
        LayoutInline {span} at (0,0) size 13x18 [color=#0000FF]
          LayoutText {#text} at (15,0) size 13x18
            text run at (15,0) width 13: "X"
        LayoutText {#text} at (27,0) size 5x18
          text run at (27,0) width 5: " "
        LayoutInline {span} at (0,0) size 12x18 [color=#0000FF]
          LayoutText {#text} at (31,0) size 12x18
            text run at (31,0) width 12: "X"
        LayoutText {#text} at (42,0) size 5x18
          text run at (42,0) width 5: " "
        LayoutInline {span} at (0,0) size 13x18 [color=#0000FF]
          LayoutText {#text} at (46,0) size 13x18
            text run at (46,0) width 13: "X"
        LayoutText {#text} at (58,0) size 5x18
          text run at (58,0) width 5: " "
        LayoutInline {span} at (0,0) size 12x18 [color=#0000FF]
          LayoutText {#text} at (62,0) size 12x18
            text run at (62,0) width 12: "X"
        LayoutText {#text} at (73,0) size 5x18
          text run at (73,0) width 5: " "
        LayoutInline {span} at (0,0) size 13x18 [color=#0000FF]
          LayoutText {#text} at (77,0) size 13x18
            text run at (77,0) width 13: "X"
        LayoutText {#text} at (89,0) size 5x18
          text run at (89,0) width 5: " "
        LayoutInline {span} at (0,0) size 12x18 [color=#0000FF]
          LayoutText {#text} at (93,0) size 12x18
            text run at (93,0) width 12: "X"
        LayoutText {#text} at (104,0) size 5x18
          text run at (104,0) width 5: " "
        LayoutInline {span} at (0,0) size 13x18 [color=#0000FF]
          LayoutText {#text} at (108,0) size 13x18
            text run at (108,0) width 13: "X"
        LayoutText {#text} at (120,0) size 5x18
          text run at (120,0) width 5: " "
        LayoutInline {span} at (0,0) size 12x18 [color=#0000FF]
          LayoutText {#text} at (124,0) size 12x18
            text run at (124,0) width 12: "X"
        LayoutText {#text} at (135,0) size 5x18
          text run at (135,0) width 5: " "
        LayoutInline {span} at (0,0) size 13x18 [color=#0000FF]
          LayoutText {#text} at (139,0) size 13x18
            text run at (139,0) width 13: "X"
        LayoutText {#text} at (151,0) size 5x18
          text run at (151,0) width 5: " "
        LayoutInline {span} at (0,0) size 13x18 [color=#0000FF]
          LayoutText {#text} at (155,0) size 13x18
            text run at (155,0) width 13: "X"
        LayoutText {#text} at (167,0) size 5x18
          text run at (167,0) width 5: " "
        LayoutInline {span} at (0,0) size 12x18 [color=#0000FF]
          LayoutText {#text} at (171,0) size 12x18
            text run at (171,0) width 12: "X"
        LayoutText {#text} at (182,0) size 5x18
          text run at (182,0) width 5: " "
        LayoutInline {span} at (0,0) size 13x18 [color=#0000FF]
          LayoutText {#text} at (186,0) size 13x18
            text run at (186,0) width 13: "X"
        LayoutText {#text} at (198,0) size 5x18
          text run at (198,0) width 5: " "
        LayoutInline {span} at (0,0) size 12x18 [color=#0000FF]
          LayoutText {#text} at (202,0) size 12x18
            text run at (202,0) width 12: "X"
        LayoutText {#text} at (213,0) size 5x18
          text run at (213,0) width 5: " "
        LayoutInline {span} at (0,0) size 13x18 [color=#0000FF]
          LayoutText {#text} at (217,0) size 13x18
            text run at (217,0) width 13: "X"
        LayoutText {#text} at (229,0) size 5x18
          text run at (229,0) width 5: " "
        LayoutInline {span} at (0,0) size 12x18 [color=#0000FF]
          LayoutText {#text} at (233,0) size 12x18
            text run at (233,0) width 12: "X"
        LayoutText {#text} at (244,0) size 5x18
          text run at (244,0) width 5: " "
        LayoutInline {span} at (0,0) size 13x18 [color=#0000FF]
          LayoutText {#text} at (248,0) size 13x18
            text run at (248,0) width 13: "X"
        LayoutText {#text} at (260,0) size 5x18
          text run at (260,0) width 5: " "
        LayoutInline {span} at (0,0) size 12x18 [color=#0000FF]
          LayoutText {#text} at (264,0) size 12x18
            text run at (264,0) width 12: "X"
        LayoutText {#text} at (275,0) size 5x18
          text run at (275,0) width 5: " "
        LayoutInline {span} at (0,0) size 13x18 [color=#0000FF]
          LayoutText {#text} at (279,0) size 13x18
            text run at (279,0) width 13: "X"
        LayoutText {#text} at (291,0) size 5x18
          text run at (291,0) width 5: " "
        LayoutInline {span} at (0,0) size 12x18 [color=#0000FF]
          LayoutText {#text} at (295,0) size 12x18
            text run at (295,0) width 12: "X"
        LayoutText {#text} at (306,0) size 5x18
          text run at (306,0) width 5: " "
        LayoutInline {span} at (0,0) size 13x18 [color=#0000FF]
          LayoutText {#text} at (310,0) size 13x18
            text run at (310,0) width 13: "X"
        LayoutText {#text} at (322,0) size 5x18
          text run at (322,0) width 5: " "
        LayoutInline {span} at (0,0) size 13x18 [color=#0000FF]
          LayoutText {#text} at (326,0) size 13x18
            text run at (326,0) width 13: "X"
        LayoutText {#text} at (338,0) size 5x18
          text run at (338,0) width 5: " "
        LayoutInline {span} at (0,0) size 12x18 [color=#0000FF]
          LayoutText {#text} at (342,0) size 12x18
            text run at (342,0) width 12: "X"
        LayoutText {#text} at (353,0) size 5x18
          text run at (353,0) width 5: " "
        LayoutInline {span} at (0,0) size 13x18 [color=#0000FF]
          LayoutText {#text} at (357,0) size 13x18
            text run at (357,0) width 13: "X"
        LayoutText {#text} at (369,0) size 5x18
          text run at (369,0) width 5: " "
        LayoutInline {span} at (0,0) size 12x18 [color=#0000FF]
          LayoutText {#text} at (373,0) size 12x18
            text run at (373,0) width 12: "X"
        LayoutText {#text} at (384,0) size 5x18
          text run at (384,0) width 5: " "
        LayoutInline {span} at (0,0) size 13x18 [color=#0000FF]
          LayoutText {#text} at (388,0) size 13x18
            text run at (388,0) width 13: "X"
        LayoutText {#text} at (400,0) size 5x18
          text run at (400,0) width 5: " "
        LayoutInline {span} at (0,0) size 12x18 [color=#0000FF]
          LayoutText {#text} at (404,0) size 12x18
            text run at (404,0) width 12: "X"
        LayoutText {#text} at (415,0) size 5x18
          text run at (415,0) width 5: " "
        LayoutInline {span} at (0,0) size 13x18 [color=#0000FF]
          LayoutText {#text} at (419,0) size 13x18
            text run at (419,0) width 13: "X"
        LayoutText {#text} at (431,0) size 5x18
          text run at (431,0) width 5: " "
        LayoutInline {span} at (0,0) size 12x18 [color=#0000FF]
          LayoutText {#text} at (435,0) size 12x18
            text run at (435,0) width 12: "X"
        LayoutText {#text} at (446,0) size 5x18
          text run at (446,0) width 5: " "
        LayoutInline {span} at (0,0) size 13x18 [color=#0000FF]
          LayoutText {#text} at (450,0) size 13x18
            text run at (450,0) width 13: "X"
        LayoutText {#text} at (462,0) size 5x18
          text run at (462,0) width 5: " "
        LayoutInline {span} at (0,0) size 12x18 [color=#0000FF]
          LayoutText {#text} at (466,0) size 12x18
            text run at (466,0) width 12: "X"
        LayoutText {#text} at (477,0) size 5x18
          text run at (477,0) width 5: " "
        LayoutInline {span} at (0,0) size 13x18 [color=#0000FF]
          LayoutText {#text} at (481,0) size 13x18
            text run at (481,0) width 13: "X"
        LayoutText {#text} at (493,0) size 5x18
          text run at (493,0) width 5: " "
        LayoutInline {span} at (0,0) size 13x18 [color=#0000FF]
          LayoutText {#text} at (497,0) size 13x18
            text run at (497,0) width 13: "X"
        LayoutText {#text} at (509,0) size 5x18
          text run at (509,0) width 5: " "
        LayoutInline {span} at (0,0) size 12x18 [color=#0000FF]
          LayoutText {#text} at (513,0) size 12x18
            text run at (513,0) width 12: "X"
        LayoutText {#text} at (524,0) size 5x18
          text run at (524,0) width 5: " "
        LayoutInline {span} at (0,0) size 13x18 [color=#0000FF]
          LayoutText {#text} at (528,0) size 13x18
            text run at (528,0) width 13: "X"
        LayoutText {#text} at (540,0) size 5x18
          text run at (540,0) width 5: " "
        LayoutInline {span} at (0,0) size 12x18 [color=#0000FF]
          LayoutText {#text} at (544,0) size 12x18
            text run at (544,0) width 12: "X"
        LayoutText {#text} at (555,0) size 5x18
          text run at (555,0) width 5: " "
        LayoutInline {span} at (0,0) size 13x18 [color=#0000FF]
          LayoutText {#text} at (559,0) size 13x18
            text run at (559,0) width 13: "X"
        LayoutText {#text} at (571,0) size 5x18
          text run at (571,0) width 5: " "
        LayoutInline {span} at (0,0) size 12x18 [color=#0000FF]
          LayoutText {#text} at (575,0) size 12x18
            text run at (575,0) width 12: "X"
        LayoutText {#text} at (586,0) size 5x18
          text run at (586,0) width 5: " "
        LayoutInline {span} at (0,0) size 13x18 [color=#0000FF]
          LayoutText {#text} at (590,0) size 13x18
            text run at (590,0) width 13: "X"
        LayoutText {#text} at (602,0) size 5x18
          text run at (602,0) width 5: " "
        LayoutInline {span} at (0,0) size 12x18 [color=#0000FF]
          LayoutText {#text} at (606,0) size 12x18
            text run at (606,0) width 12: "X"
        LayoutText {#text} at (617,0) size 5x18
          text run at (617,0) width 5: " "
        LayoutInline {span} at (0,0) size 13x18 [color=#0000FF]
          LayoutText {#text} at (621,0) size 13x18
            text run at (621,0) width 13: "X"
        LayoutText {#text} at (633,0) size 5x18
          text run at (633,0) width 5: " "
        LayoutInline {span} at (0,0) size 12x18 [color=#0000FF]
          LayoutText {#text} at (637,0) size 12x18
            text run at (637,0) width 12: "X"
        LayoutText {#text} at (648,0) size 5x18
          text run at (648,0) width 5: " "
        LayoutInline {span} at (0,0) size 13x18 [color=#0000FF]
          LayoutText {#text} at (652,0) size 13x18
            text run at (652,0) width 13: "X"
        LayoutText {#text} at (664,0) size 5x18
          text run at (664,0) width 5: " "
        LayoutInline {span} at (0,0) size 13x18 [color=#0000FF]
          LayoutText {#text} at (668,0) size 13x18
            text run at (668,0) width 13: "X"
        LayoutText {#text} at (680,0) size 5x18
          text run at (680,0) width 5: " "
        LayoutInline {span} at (0,0) size 12x18 [color=#0000FF]
          LayoutText {#text} at (684,0) size 12x18
            text run at (684,0) width 12: "X"
        LayoutText {#text} at (695,0) size 5x18
          text run at (695,0) width 5: " "
        LayoutInline {span} at (0,0) size 13x18 [color=#0000FF]
          LayoutText {#text} at (699,0) size 13x18
            text run at (699,0) width 13: "X"
        LayoutText {#text} at (711,0) size 5x18
          text run at (711,0) width 5: " "
        LayoutInline {span} at (0,0) size 12x18 [color=#0000FF]
          LayoutText {#text} at (715,0) size 12x18
            text run at (715,0) width 12: "X"
        LayoutText {#text} at (726,0) size 5x18
          text run at (726,0) width 5: " "
        LayoutInline {span} at (0,0) size 13x18 [color=#0000FF]
          LayoutText {#text} at (730,0) size 13x18
            text run at (730,0) width 13: "X"
        LayoutText {#text} at (742,0) size 5x18
          text run at (742,0) width 5: " "
        LayoutInline {span} at (0,0) size 12x18 [color=#0000FF]
          LayoutText {#text} at (746,0) size 12x18
            text run at (746,0) width 12: "X"
        LayoutText {#text} at (757,0) size 5x18
          text run at (757,0) width 5: " "
        LayoutInline {span} at (0,0) size 13x18 [color=#0000FF]
          LayoutText {#text} at (761,0) size 13x18
            text run at (761,0) width 13: "X"
        LayoutText {#text} at (0,0) size 0x0
        LayoutInline {span} at (0,0) size 12x18 [color=#0000FF]
          LayoutText {#text} at (0,18) size 12x18
            text run at (0,18) width 12: "X"
        LayoutText {#text} at (11,18) size 5x18
          text run at (11,18) width 5: " "
        LayoutInline {span} at (0,0) size 13x18 [color=#0000FF]
          LayoutText {#text} at (15,18) size 13x18
            text run at (15,18) width 13: "X"
        LayoutText {#text} at (27,18) size 5x18
          text run at (27,18) width 5: " "
        LayoutInline {span} at (0,0) size 12x18 [color=#0000FF]
          LayoutText {#text} at (31,18) size 12x18
            text run at (31,18) width 12: "X"
        LayoutText {#text} at (42,18) size 5x18
          text run at (42,18) width 5: " "
        LayoutInline {span} at (0,0) size 13x18 [color=#0000FF]
          LayoutText {#text} at (46,18) size 13x18
            text run at (46,18) width 13: "X"
        LayoutText {#text} at (58,18) size 5x18
          text run at (58,18) width 5: " "
        LayoutInline {span} at (0,0) size 12x18 [color=#0000FF]
          LayoutText {#text} at (62,18) size 12x18
            text run at (62,18) width 12: "X"
        LayoutText {#text} at (73,18) size 5x18
          text run at (73,18) width 5: " "
        LayoutInline {span} at (0,0) size 13x18 [color=#0000FF]
          LayoutText {#text} at (77,18) size 13x18
            text run at (77,18) width 13: "X"
        LayoutText {#text} at (89,18) size 5x18
          text run at (89,18) width 5: " "
        LayoutInline {span} at (0,0) size 12x18 [color=#0000FF]
          LayoutText {#text} at (93,18) size 12x18
            text run at (93,18) width 12: "X"
        LayoutText {#text} at (104,18) size 5x18
          text run at (104,18) width 5: " "
        LayoutInline {span} at (0,0) size 13x18 [color=#0000FF]
          LayoutText {#text} at (108,18) size 13x18
            text run at (108,18) width 13: "X"
        LayoutText {#text} at (120,18) size 5x18
          text run at (120,18) width 5: " "
        LayoutInline {span} at (0,0) size 12x18 [color=#0000FF]
          LayoutText {#text} at (124,18) size 12x18
            text run at (124,18) width 12: "X"
        LayoutText {#text} at (135,18) size 5x18
          text run at (135,18) width 5: " "
        LayoutInline {span} at (0,0) size 13x18 [color=#0000FF]
          LayoutText {#text} at (139,18) size 13x18
            text run at (139,18) width 13: "X"
        LayoutText {#text} at (151,18) size 5x18
          text run at (151,18) width 5: " "
        LayoutInline {span} at (0,0) size 13x18 [color=#0000FF]
          LayoutText {#text} at (155,18) size 13x18
            text run at (155,18) width 13: "X"
        LayoutText {#text} at (167,18) size 5x18
          text run at (167,18) width 5: " "
        LayoutInline {span} at (0,0) size 12x18 [color=#0000FF]
          LayoutText {#text} at (171,18) size 12x18
            text run at (171,18) width 12: "X"
        LayoutText {#text} at (182,18) size 5x18
          text run at (182,18) width 5: " "
        LayoutInline {span} at (0,0) size 13x18 [color=#0000FF]
          LayoutText {#text} at (186,18) size 13x18
            text run at (186,18) width 13: "X"
        LayoutText {#text} at (198,18) size 5x18
          text run at (198,18) width 5: " "
        LayoutInline {span} at (0,0) size 12x18 [color=#0000FF]
          LayoutText {#text} at (202,18) size 12x18
            text run at (202,18) width 12: "X"
        LayoutText {#text} at (213,18) size 5x18
          text run at (213,18) width 5: " "
        LayoutInline {span} at (0,0) size 13x18 [color=#0000FF]
          LayoutText {#text} at (217,18) size 13x18
            text run at (217,18) width 13: "X"
        LayoutText {#text} at (229,18) size 5x18
          text run at (229,18) width 5: " "
        LayoutInline {span} at (0,0) size 12x18 [color=#0000FF]
          LayoutText {#text} at (233,18) size 12x18
            text run at (233,18) width 12: "X"
        LayoutText {#text} at (244,18) size 5x18
          text run at (244,18) width 5: " "
        LayoutInline {span} at (0,0) size 13x18 [color=#0000FF]
          LayoutText {#text} at (248,18) size 13x18
            text run at (248,18) width 13: "X"
        LayoutText {#text} at (260,18) size 5x18
          text run at (260,18) width 5: " "
        LayoutInline {span} at (0,0) size 12x18 [color=#0000FF]
          LayoutText {#text} at (264,18) size 12x18
            text run at (264,18) width 12: "X"
        LayoutText {#text} at (275,18) size 5x18
          text run at (275,18) width 5: " "
        LayoutInline {span} at (0,0) size 13x18 [color=#0000FF]
          LayoutText {#text} at (279,18) size 13x18
            text run at (279,18) width 13: "X"
        LayoutText {#text} at (291,18) size 5x18
          text run at (291,18) width 5: " "
        LayoutInline {span} at (0,0) size 12x18 [color=#0000FF]
          LayoutText {#text} at (295,18) size 12x18
            text run at (295,18) width 12: "X"
        LayoutText {#text} at (306,18) size 5x18
          text run at (306,18) width 5: " "
        LayoutInline {span} at (0,0) size 13x18 [color=#0000FF]
          LayoutText {#text} at (310,18) size 13x18
            text run at (310,18) width 13: "X"
        LayoutText {#text} at (322,18) size 5x18
          text run at (322,18) width 5: " "
        LayoutInline {span} at (0,0) size 13x18 [color=#0000FF]
          LayoutText {#text} at (326,18) size 13x18
            text run at (326,18) width 13: "X"
        LayoutText {#text} at (338,18) size 5x18
          text run at (338,18) width 5: " "
        LayoutInline {span} at (0,0) size 12x18 [color=#0000FF]
          LayoutText {#text} at (342,18) size 12x18
            text run at (342,18) width 12: "X"
        LayoutText {#text} at (353,18) size 5x18
          text run at (353,18) width 5: " "
        LayoutInline {span} at (0,0) size 13x18 [color=#0000FF]
          LayoutText {#text} at (357,18) size 13x18
            text run at (357,18) width 13: "X"
        LayoutText {#text} at (369,18) size 5x18
          text run at (369,18) width 5: " "
        LayoutInline {span} at (0,0) size 12x18 [color=#0000FF]
          LayoutText {#text} at (373,18) size 12x18
            text run at (373,18) width 12: "X"
        LayoutText {#text} at (384,18) size 5x18
          text run at (384,18) width 5: " "
        LayoutInline {span} at (0,0) size 13x18 [color=#0000FF]
          LayoutText {#text} at (388,18) size 13x18
            text run at (388,18) width 13: "X"
        LayoutText {#text} at (400,18) size 5x18
          text run at (400,18) width 5: " "
        LayoutInline {span} at (0,0) size 12x18 [color=#0000FF]
          LayoutText {#text} at (404,18) size 12x18
            text run at (404,18) width 12: "X"
        LayoutText {#text} at (415,18) size 5x18
          text run at (415,18) width 5: " "
        LayoutInline {span} at (0,0) size 13x18 [color=#0000FF]
          LayoutText {#text} at (419,18) size 13x18
            text run at (419,18) width 13: "X"
        LayoutText {#text} at (431,18) size 5x18
          text run at (431,18) width 5: " "
        LayoutInline {span} at (0,0) size 12x18 [color=#0000FF]
          LayoutText {#text} at (435,18) size 12x18
            text run at (435,18) width 12: "X"
        LayoutText {#text} at (446,18) size 5x18
          text run at (446,18) width 5: " "
        LayoutInline {span} at (0,0) size 13x18 [color=#0000FF]
          LayoutText {#text} at (450,18) size 13x18
            text run at (450,18) width 13: "X"
        LayoutText {#text} at (462,18) size 5x18
          text run at (462,18) width 5: " "
        LayoutInline {span} at (0,0) size 12x18 [color=#0000FF]
          LayoutText {#text} at (466,18) size 12x18
            text run at (466,18) width 12: "X"
        LayoutText {#text} at (477,18) size 5x18
          text run at (477,18) width 5: " "
        LayoutInline {span} at (0,0) size 13x18 [color=#0000FF]
          LayoutText {#text} at (481,18) size 13x18
            text run at (481,18) width 13: "X"
        LayoutText {#text} at (493,18) size 5x18
          text run at (493,18) width 5: " "
        LayoutInline {span} at (0,0) size 13x18 [color=#0000FF]
          LayoutText {#text} at (497,18) size 13x18
            text run at (497,18) width 13: "X"
        LayoutText {#text} at (509,18) size 5x18
          text run at (509,18) width 5: " "
        LayoutInline {span} at (0,0) size 12x18 [color=#0000FF]
          LayoutText {#text} at (513,18) size 12x18
            text run at (513,18) width 12: "X"
        LayoutText {#text} at (524,18) size 5x18
          text run at (524,18) width 5: " "
        LayoutInline {span} at (0,0) size 13x18 [color=#0000FF]
          LayoutText {#text} at (528,18) size 13x18
            text run at (528,18) width 13: "X"
        LayoutText {#text} at (540,18) size 5x18
          text run at (540,18) width 5: " "
        LayoutInline {span} at (0,0) size 12x18 [color=#0000FF]
          LayoutText {#text} at (544,18) size 12x18
            text run at (544,18) width 12: "X"
        LayoutText {#text} at (555,18) size 5x18
          text run at (555,18) width 5: " "
        LayoutInline {span} at (0,0) size 13x18 [color=#0000FF]
          LayoutText {#text} at (559,18) size 13x18
            text run at (559,18) width 13: "X"
        LayoutText {#text} at (571,18) size 5x18
          text run at (571,18) width 5: " "
        LayoutInline {span} at (0,0) size 12x18 [color=#0000FF]
          LayoutText {#text} at (575,18) size 12x18
            text run at (575,18) width 12: "X"
        LayoutText {#text} at (586,18) size 5x18
          text run at (586,18) width 5: " "
        LayoutInline {span} at (0,0) size 13x18 [color=#0000FF]
          LayoutText {#text} at (590,18) size 13x18
            text run at (590,18) width 13: "X"
        LayoutText {#text} at (602,18) size 5x18
          text run at (602,18) width 5: " "
        LayoutInline {span} at (0,0) size 12x18 [color=#0000FF]
          LayoutText {#text} at (606,18) size 12x18
            text run at (606,18) width 12: "X"
        LayoutText {#text} at (617,18) size 5x18
          text run at (617,18) width 5: " "
        LayoutInline {span} at (0,0) size 13x18 [color=#0000FF]
          LayoutText {#text} at (621,18) size 13x18
            text run at (621,18) width 13: "X"
        LayoutText {#text} at (633,18) size 5x18
          text run at (633,18) width 5: " "
        LayoutInline {span} at (0,0) size 12x18 [color=#0000FF]
          LayoutText {#text} at (637,18) size 12x18
            text run at (637,18) width 12: "X"
        LayoutText {#text} at (648,18) size 5x18
          text run at (648,18) width 5: " "
        LayoutInline {span} at (0,0) size 13x18 [color=#0000FF]
          LayoutText {#text} at (652,18) size 13x18
            text run at (652,18) width 13: "X"
        LayoutText {#text} at (664,18) size 5x18
          text run at (664,18) width 5: " "
        LayoutInline {span} at (0,0) size 13x18 [color=#0000FF]
          LayoutText {#text} at (668,18) size 13x18
            text run at (668,18) width 13: "X"
        LayoutText {#text} at (680,18) size 5x18
          text run at (680,18) width 5: " "
        LayoutInline {span} at (0,0) size 12x18 [color=#0000FF]
          LayoutText {#text} at (684,18) size 12x18
            text run at (684,18) width 12: "X"
        LayoutText {#text} at (695,18) size 5x18
          text run at (695,18) width 5: " "
        LayoutInline {span} at (0,0) size 13x18 [color=#0000FF]
          LayoutText {#text} at (699,18) size 13x18
            text run at (699,18) width 13: "X"
        LayoutText {#text} at (711,18) size 5x18
          text run at (711,18) width 5: " "
        LayoutInline {span} at (0,0) size 12x18 [color=#0000FF]
          LayoutText {#text} at (715,18) size 12x18
            text run at (715,18) width 12: "X"
        LayoutText {#text} at (726,18) size 5x18
          text run at (726,18) width 5: " "
        LayoutInline {span} at (0,0) size 13x18 [color=#0000FF]
          LayoutText {#text} at (730,18) size 13x18
            text run at (730,18) width 13: "X"
        LayoutText {#text} at (742,18) size 5x18
          text run at (742,18) width 5: " "
        LayoutInline {span} at (0,0) size 12x18 [color=#0000FF]
          LayoutText {#text} at (746,18) size 12x18
            text run at (746,18) width 12: "X"
        LayoutText {#text} at (757,18) size 5x18
          text run at (757,18) width 5: " "
        LayoutInline {span} at (0,0) size 13x18 [color=#0000FF]
          LayoutText {#text} at (761,18) size 13x18
            text run at (761,18) width 13: "X"
        LayoutText {#text} at (0,0) size 0x0
        LayoutInline {span} at (0,0) size 12x18 [color=#0000FF]
          LayoutText {#text} at (0,36) size 12x18
            text run at (0,36) width 12: "X"
        LayoutText {#text} at (11,36) size 5x18
          text run at (11,36) width 5: " "
        LayoutInline {span} at (0,0) size 13x18 [color=#0000FF]
          LayoutText {#text} at (15,36) size 13x18
            text run at (15,36) width 13: "X"
        LayoutText {#text} at (27,36) size 5x18
          text run at (27,36) width 5: " "
        LayoutInline {span} at (0,0) size 12x18 [color=#0000FF]
          LayoutText {#text} at (31,36) size 12x18
            text run at (31,36) width 12: "X"
        LayoutText {#text} at (42,36) size 5x18
          text run at (42,36) width 5: " "
        LayoutInline {span} at (0,0) size 13x18 [color=#0000FF]
          LayoutText {#text} at (46,36) size 13x18
            text run at (46,36) width 13: "X"
        LayoutText {#text} at (58,36) size 5x18
          text run at (58,36) width 5: " "
        LayoutInline {span} at (0,0) size 12x18 [color=#0000FF]
          LayoutText {#text} at (62,36) size 12x18
            text run at (62,36) width 12: "X"
        LayoutText {#text} at (73,36) size 5x18
          text run at (73,36) width 5: " "
        LayoutInline {span} at (0,0) size 13x18 [color=#0000FF]
          LayoutText {#text} at (77,36) size 13x18
            text run at (77,36) width 13: "X"
        LayoutText {#text} at (89,36) size 5x18
          text run at (89,36) width 5: " "
        LayoutInline {span} at (0,0) size 12x18 [color=#0000FF]
          LayoutText {#text} at (93,36) size 12x18
            text run at (93,36) width 12: "X"
        LayoutText {#text} at (104,36) size 5x18
          text run at (104,36) width 5: " "
        LayoutInline {span} at (0,0) size 13x18 [color=#0000FF]
          LayoutText {#text} at (108,36) size 13x18
            text run at (108,36) width 13: "X"
        LayoutText {#text} at (120,36) size 5x18
          text run at (120,36) width 5: " "
        LayoutInline {span} at (0,0) size 12x18 [color=#0000FF]
          LayoutText {#text} at (124,36) size 12x18
            text run at (124,36) width 12: "X"
        LayoutText {#text} at (135,36) size 5x18
          text run at (135,36) width 5: " "
        LayoutInline {span} at (0,0) size 13x18 [color=#0000FF]
          LayoutText {#text} at (139,36) size 13x18
            text run at (139,36) width 13: "X"
        LayoutText {#text} at (151,36) size 5x18
          text run at (151,36) width 5: " "
        LayoutInline {span} at (0,0) size 13x18 [color=#0000FF]
          LayoutText {#text} at (155,36) size 13x18
            text run at (155,36) width 13: "X"
        LayoutText {#text} at (167,36) size 5x18
          text run at (167,36) width 5: " "
        LayoutInline {span} at (0,0) size 12x18 [color=#0000FF]
          LayoutText {#text} at (171,36) size 12x18
            text run at (171,36) width 12: "X"
        LayoutText {#text} at (182,36) size 5x18
          text run at (182,36) width 5: " "
        LayoutInline {span} at (0,0) size 13x18 [color=#0000FF]
          LayoutText {#text} at (186,36) size 13x18
            text run at (186,36) width 13: "X"
        LayoutText {#text} at (198,36) size 5x18
          text run at (198,36) width 5: " "
        LayoutInline {span} at (0,0) size 12x18 [color=#0000FF]
          LayoutText {#text} at (202,36) size 12x18
            text run at (202,36) width 12: "X"
        LayoutText {#text} at (213,36) size 5x18
          text run at (213,36) width 5: " "
        LayoutInline {span} at (0,0) size 13x18 [color=#0000FF]
          LayoutText {#text} at (217,36) size 13x18
            text run at (217,36) width 13: "X"
        LayoutText {#text} at (229,36) size 5x18
          text run at (229,36) width 5: " "
        LayoutInline {span} at (0,0) size 12x18 [color=#0000FF]
          LayoutText {#text} at (233,36) size 12x18
            text run at (233,36) width 12: "X"
        LayoutText {#text} at (244,36) size 5x18
          text run at (244,36) width 5: " "
        LayoutInline {span} at (0,0) size 13x18 [color=#0000FF]
          LayoutText {#text} at (248,36) size 13x18
            text run at (248,36) width 13: "X"
        LayoutText {#text} at (260,36) size 5x18
          text run at (260,36) width 5: " "
        LayoutInline {span} at (0,0) size 12x18 [color=#0000FF]
          LayoutText {#text} at (264,36) size 12x18
            text run at (264,36) width 12: "X"
        LayoutText {#text} at (275,36) size 5x18
          text run at (275,36) width 5: " "
        LayoutInline {span} at (0,0) size 13x18 [color=#0000FF]
          LayoutText {#text} at (279,36) size 13x18
            text run at (279,36) width 13: "X"
        LayoutText {#text} at (291,36) size 5x18
          text run at (291,36) width 5: " "
        LayoutInline {span} at (0,0) size 12x18 [color=#0000FF]
          LayoutText {#text} at (295,36) size 12x18
            text run at (295,36) width 12: "X"
        LayoutText {#text} at (306,36) size 5x18
          text run at (306,36) width 5: " "
        LayoutInline {span} at (0,0) size 13x18 [color=#0000FF]
          LayoutText {#text} at (310,36) size 13x18
            text run at (310,36) width 13: "X"
        LayoutText {#text} at (322,36) size 5x18
          text run at (322,36) width 5: " "
        LayoutInline {span} at (0,0) size 13x18 [color=#0000FF]
          LayoutText {#text} at (326,36) size 13x18
            text run at (326,36) width 13: "X"
        LayoutText {#text} at (338,36) size 5x18
          text run at (338,36) width 5: " "
        LayoutInline {span} at (0,0) size 12x18 [color=#0000FF]
          LayoutText {#text} at (342,36) size 12x18
            text run at (342,36) width 12: "X"
        LayoutText {#text} at (353,36) size 5x18
          text run at (353,36) width 5: " "
        LayoutInline {span} at (0,0) size 13x18 [color=#0000FF]
          LayoutText {#text} at (357,36) size 13x18
            text run at (357,36) width 13: "X"
        LayoutText {#text} at (369,36) size 5x18
          text run at (369,36) width 5: " "
        LayoutInline {span} at (0,0) size 12x18 [color=#0000FF]
          LayoutText {#text} at (373,36) size 12x18
            text run at (373,36) width 12: "X"
        LayoutText {#text} at (384,36) size 5x18
          text run at (384,36) width 5: " "
        LayoutInline {span} at (0,0) size 13x18 [color=#0000FF]
          LayoutText {#text} at (388,36) size 13x18
            text run at (388,36) width 13: "X"
        LayoutText {#text} at (400,36) size 5x18
          text run at (400,36) width 5: " "
        LayoutInline {span} at (0,0) size 12x18 [color=#0000FF]
          LayoutText {#text} at (404,36) size 12x18
            text run at (404,36) width 12: "X"
        LayoutText {#text} at (415,36) size 5x18
          text run at (415,36) width 5: " "
        LayoutInline {span} at (0,0) size 13x18 [color=#0000FF]
          LayoutText {#text} at (419,36) size 13x18
            text run at (419,36) width 13: "X"
        LayoutText {#text} at (431,36) size 5x18
          text run at (431,36) width 5: " "
        LayoutInline {span} at (0,0) size 12x18 [color=#0000FF]
          LayoutText {#text} at (435,36) size 12x18
            text run at (435,36) width 12: "X"
        LayoutText {#text} at (446,36) size 5x18
          text run at (446,36) width 5: " "
        LayoutInline {span} at (0,0) size 13x18 [color=#0000FF]
          LayoutText {#text} at (450,36) size 13x18
            text run at (450,36) width 13: "X"
        LayoutText {#text} at (462,36) size 5x18
          text run at (462,36) width 5: " "
        LayoutInline {span} at (0,0) size 12x18 [color=#0000FF]
          LayoutText {#text} at (466,36) size 12x18
            text run at (466,36) width 12: "X"
        LayoutText {#text} at (477,36) size 5x18
          text run at (477,36) width 5: " "
        LayoutInline {span} at (0,0) size 13x18 [color=#0000FF]
          LayoutText {#text} at (481,36) size 13x18
            text run at (481,36) width 13: "X"
        LayoutText {#text} at (0,0) size 0x0
