layer at (0,0) size 800x600
  LayoutView at (0,0) size 800x600
layer at (0,0) size 800x244
  LayoutBlockFlow {html} at (0,0) size 800x244
    LayoutBlockFlow {body} at (8,16) size 784x212
      LayoutBlockFlow {p} at (0,0) size 784x36
        LayoutText {#text} at (0,0) size 772x36
          text run at (0,0) width 467: "Resize your window slowly from a wide size to a narrow size. Each \"X\" "
          text run at (466,0) width 306: "should be wrapped by a blue border. The boxed"
          text run at (0,18) width 180: "Xs below should always be "
          text run at (179,18) width 170: "perfectly aligned in a grid."
      LayoutBlockFlow {p} at (0,52) size 784x160
        LayoutInline {span} at (0,0) size 765x156
          LayoutText {#text} at (0,0) size 0x0
          LayoutInline {span} at (0,0) size 21x24 [color=#808080] [border: (3px solid #0000FF)]
            LayoutText {#text} at (3,7) size 15x18
              text run at (3,7) width 15: "X"
          LayoutText {#text} at (20,7) size 8x18
            text run at (20,7) width 8: " "
          LayoutInline {span} at (0,0) size 22x24 [color=#808080] [border: (3px solid #0000FF)]
            LayoutText {#text} at (30,7) size 16x18
              text run at (30,7) width 16: "X"
          LayoutText {#text} at (48,7) size 8x18
            text run at (48,7) width 8: " "
          LayoutInline {span} at (0,0) size 21x24 [color=#808080] [border: (3px solid #0000FF)]
            LayoutText {#text} at (58,7) size 15x18
              text run at (58,7) width 15: "X"
          LayoutText {#text} at (75,7) size 8x18
            text run at (75,7) width 8: " "
          LayoutInline {span} at (0,0) size 22x24 [color=#808080] [border: (3px solid #0000FF)]
            LayoutText {#text} at (85,7) size 16x18
              text run at (85,7) width 16: "X"
          LayoutText {#text} at (103,7) size 8x18
            text run at (103,7) width 8: " "
          LayoutInline {span} at (0,0) size 21x24 [color=#808080] [border: (3px solid #0000FF)]
            LayoutText {#text} at (113,7) size 15x18
              text run at (113,7) width 15: "X"
          LayoutText {#text} at (130,7) size 8x18
            text run at (130,7) width 8: " "
          LayoutInline {span} at (0,0) size 22x24 [color=#808080] [border: (3px solid #0000FF)]
            LayoutText {#text} at (140,7) size 16x18
              text run at (140,7) width 16: "X"
          LayoutText {#text} at (158,7) size 8x18
            text run at (158,7) width 8: " "
          LayoutInline {span} at (0,0) size 21x24 [color=#808080] [border: (3px solid #0000FF)]
            LayoutText {#text} at (168,7) size 15x18
              text run at (168,7) width 15: "X"
          LayoutText {#text} at (185,7) size 8x18
            text run at (185,7) width 8: " "
          LayoutInline {span} at (0,0) size 22x24 [color=#808080] [border: (3px solid #0000FF)]
            LayoutText {#text} at (195,7) size 16x18
              text run at (195,7) width 16: "X"
          LayoutText {#text} at (213,7) size 8x18
            text run at (213,7) width 8: " "
          LayoutInline {span} at (0,0) size 21x24 [color=#808080] [border: (3px solid #0000FF)]
            LayoutText {#text} at (223,7) size 15x18
              text run at (223,7) width 15: "X"
          LayoutText {#text} at (240,7) size 8x18
            text run at (240,7) width 8: " "
          LayoutInline {span} at (0,0) size 22x24 [color=#808080] [border: (3px solid #0000FF)]
            LayoutText {#text} at (250,7) size 16x18
              text run at (250,7) width 16: "X"
          LayoutText {#text} at (268,7) size 8x18
            text run at (268,7) width 8: " "
          LayoutInline {span} at (0,0) size 22x24 [color=#808080] [border: (3px solid #0000FF)]
            LayoutText {#text} at (278,7) size 16x18
              text run at (278,7) width 16: "X"
          LayoutText {#text} at (296,7) size 8x18
            text run at (296,7) width 8: " "
          LayoutInline {span} at (0,0) size 21x24 [color=#808080] [border: (3px solid #0000FF)]
            LayoutText {#text} at (306,7) size 15x18
              text run at (306,7) width 15: "X"
          LayoutText {#text} at (323,7) size 8x18
            text run at (323,7) width 8: " "
          LayoutInline {span} at (0,0) size 22x24 [color=#808080] [border: (3px solid #0000FF)]
            LayoutText {#text} at (333,7) size 16x18
              text run at (333,7) width 16: "X"
          LayoutText {#text} at (351,7) size 8x18
            text run at (351,7) width 8: " "
          LayoutInline {span} at (0,0) size 21x24 [color=#808080] [border: (3px solid #0000FF)]
            LayoutText {#text} at (361,7) size 15x18
              text run at (361,7) width 15: "X"
          LayoutText {#text} at (378,7) size 8x18
            text run at (378,7) width 8: " "
          LayoutInline {span} at (0,0) size 22x24 [color=#808080] [border: (3px solid #0000FF)]
            LayoutText {#text} at (388,7) size 16x18
              text run at (388,7) width 16: "X"
          LayoutText {#text} at (406,7) size 8x18
            text run at (406,7) width 8: " "
          LayoutInline {span} at (0,0) size 21x24 [color=#808080] [border: (3px solid #0000FF)]
            LayoutText {#text} at (416,7) size 15x18
              text run at (416,7) width 15: "X"
          LayoutText {#text} at (433,7) size 8x18
            text run at (433,7) width 8: " "
          LayoutInline {span} at (0,0) size 22x24 [color=#808080] [border: (3px solid #0000FF)]
            LayoutText {#text} at (443,7) size 16x18
              text run at (443,7) width 16: "X"
          LayoutText {#text} at (461,7) size 8x18
            text run at (461,7) width 8: " "
          LayoutInline {span} at (0,0) size 21x24 [color=#808080] [border: (3px solid #0000FF)]
            LayoutText {#text} at (471,7) size 15x18
              text run at (471,7) width 15: "X"
          LayoutText {#text} at (488,7) size 8x18
            text run at (488,7) width 8: " "
          LayoutInline {span} at (0,0) size 22x24 [color=#808080] [border: (3px solid #0000FF)]
            LayoutText {#text} at (498,7) size 16x18
              text run at (498,7) width 16: "X"
          LayoutText {#text} at (516,7) size 8x18
            text run at (516,7) width 8: " "
          LayoutInline {span} at (0,0) size 21x24 [color=#808080] [border: (3px solid #0000FF)]
            LayoutText {#text} at (526,7) size 15x18
              text run at (526,7) width 15: "X"
          LayoutText {#text} at (543,7) size 8x18
            text run at (543,7) width 8: " "
          LayoutInline {span} at (0,0) size 22x24 [color=#808080] [border: (3px solid #0000FF)]
            LayoutText {#text} at (553,7) size 16x18
              text run at (553,7) width 16: "X"
          LayoutText {#text} at (571,7) size 8x18
            text run at (571,7) width 8: " "
          LayoutInline {span} at (0,0) size 22x24 [color=#808080] [border: (3px solid #0000FF)]
            LayoutText {#text} at (581,7) size 16x18
              text run at (581,7) width 16: "X"
          LayoutText {#text} at (599,7) size 8x18
            text run at (599,7) width 8: " "
          LayoutInline {span} at (0,0) size 21x24 [color=#808080] [border: (3px solid #0000FF)]
            LayoutText {#text} at (609,7) size 15x18
              text run at (609,7) width 15: "X"
          LayoutText {#text} at (626,7) size 8x18
            text run at (626,7) width 8: " "
          LayoutInline {span} at (0,0) size 22x24 [color=#808080] [border: (3px solid #0000FF)]
            LayoutText {#text} at (636,7) size 16x18
              text run at (636,7) width 16: "X"
          LayoutText {#text} at (654,7) size 8x18
            text run at (654,7) width 8: " "
          LayoutInline {span} at (0,0) size 21x24 [color=#808080] [border: (3px solid #0000FF)]
            LayoutText {#text} at (664,7) size 15x18
              text run at (664,7) width 15: "X"
          LayoutText {#text} at (681,7) size 8x18
            text run at (681,7) width 8: " "
          LayoutInline {span} at (0,0) size 22x24 [color=#808080] [border: (3px solid #0000FF)]
            LayoutText {#text} at (691,7) size 16x18
              text run at (691,7) width 16: "X"
          LayoutText {#text} at (709,7) size 8x18
            text run at (709,7) width 8: " "
          LayoutInline {span} at (0,0) size 21x24 [color=#808080] [border: (3px solid #0000FF)]
            LayoutText {#text} at (719,7) size 15x18
              text run at (719,7) width 15: "X"
          LayoutText {#text} at (736,7) size 8x18
            text run at (736,7) width 8: " "
          LayoutInline {span} at (0,0) size 22x24 [color=#808080] [border: (3px solid #0000FF)]
            LayoutText {#text} at (746,7) size 16x18
              text run at (746,7) width 16: "X"
          LayoutText {#text} at (0,0) size 0x0
          LayoutInline {span} at (0,0) size 21x24 [color=#808080] [border: (3px solid #0000FF)]
            LayoutText {#text} at (3,39) size 15x18
              text run at (3,39) width 15: "X"
          LayoutText {#text} at (20,39) size 8x18
            text run at (20,39) width 8: " "
          LayoutInline {span} at (0,0) size 22x24 [color=#808080] [border: (3px solid #0000FF)]
            LayoutText {#text} at (30,39) size 16x18
              text run at (30,39) width 16: "X"
          LayoutText {#text} at (48,39) size 8x18
            text run at (48,39) width 8: " "
          LayoutInline {span} at (0,0) size 21x24 [color=#808080] [border: (3px solid #0000FF)]
            LayoutText {#text} at (58,39) size 15x18
              text run at (58,39) width 15: "X"
          LayoutText {#text} at (75,39) size 8x18
            text run at (75,39) width 8: " "
          LayoutInline {span} at (0,0) size 22x24 [color=#808080] [border: (3px solid #0000FF)]
            LayoutText {#text} at (85,39) size 16x18
              text run at (85,39) width 16: "X"
          LayoutText {#text} at (103,39) size 8x18
            text run at (103,39) width 8: " "
          LayoutInline {span} at (0,0) size 21x24 [color=#808080] [border: (3px solid #0000FF)]
            LayoutText {#text} at (113,39) size 15x18
              text run at (113,39) width 15: "X"
          LayoutText {#text} at (130,39) size 8x18
            text run at (130,39) width 8: " "
          LayoutInline {span} at (0,0) size 22x24 [color=#808080] [border: (3px solid #0000FF)]
            LayoutText {#text} at (140,39) size 16x18
              text run at (140,39) width 16: "X"
          LayoutText {#text} at (158,39) size 8x18
            text run at (158,39) width 8: " "
          LayoutInline {span} at (0,0) size 21x24 [color=#808080] [border: (3px solid #0000FF)]
            LayoutText {#text} at (168,39) size 15x18
              text run at (168,39) width 15: "X"
          LayoutText {#text} at (185,39) size 8x18
            text run at (185,39) width 8: " "
          LayoutInline {span} at (0,0) size 22x24 [color=#808080] [border: (3px solid #0000FF)]
            LayoutText {#text} at (195,39) size 16x18
              text run at (195,39) width 16: "X"
          LayoutText {#text} at (213,39) size 8x18
            text run at (213,39) width 8: " "
          LayoutInline {span} at (0,0) size 21x24 [color=#808080] [border: (3px solid #0000FF)]
            LayoutText {#text} at (223,39) size 15x18
              text run at (223,39) width 15: "X"
          LayoutText {#text} at (240,39) size 8x18
            text run at (240,39) width 8: " "
          LayoutInline {span} at (0,0) size 22x24 [color=#808080] [border: (3px solid #0000FF)]
            LayoutText {#text} at (250,39) size 16x18
              text run at (250,39) width 16: "X"
          LayoutText {#text} at (268,39) size 8x18
            text run at (268,39) width 8: " "
          LayoutInline {span} at (0,0) size 22x24 [color=#808080] [border: (3px solid #0000FF)]
            LayoutText {#text} at (278,39) size 16x18
              text run at (278,39) width 16: "X"
          LayoutText {#text} at (296,39) size 8x18
            text run at (296,39) width 8: " "
          LayoutInline {span} at (0,0) size 21x24 [color=#808080] [border: (3px solid #0000FF)]
            LayoutText {#text} at (306,39) size 15x18
              text run at (306,39) width 15: "X"
          LayoutText {#text} at (323,39) size 8x18
            text run at (323,39) width 8: " "
          LayoutInline {span} at (0,0) size 22x24 [color=#808080] [border: (3px solid #0000FF)]
            LayoutText {#text} at (333,39) size 16x18
              text run at (333,39) width 16: "X"
          LayoutText {#text} at (351,39) size 8x18
            text run at (351,39) width 8: " "
          LayoutInline {span} at (0,0) size 21x24 [color=#808080] [border: (3px solid #0000FF)]
            LayoutText {#text} at (361,39) size 15x18
              text run at (361,39) width 15: "X"
          LayoutText {#text} at (378,39) size 8x18
            text run at (378,39) width 8: " "
          LayoutInline {span} at (0,0) size 22x24 [color=#808080] [border: (3px solid #0000FF)]
            LayoutText {#text} at (388,39) size 16x18
              text run at (388,39) width 16: "X"
          LayoutText {#text} at (406,39) size 8x18
            text run at (406,39) width 8: " "
          LayoutInline {span} at (0,0) size 21x24 [color=#808080] [border: (3px solid #0000FF)]
            LayoutText {#text} at (416,39) size 15x18
              text run at (416,39) width 15: "X"
          LayoutText {#text} at (433,39) size 8x18
            text run at (433,39) width 8: " "
          LayoutInline {span} at (0,0) size 22x24 [color=#808080] [border: (3px solid #0000FF)]
            LayoutText {#text} at (443,39) size 16x18
              text run at (443,39) width 16: "X"
          LayoutText {#text} at (461,39) size 8x18
            text run at (461,39) width 8: " "
          LayoutInline {span} at (0,0) size 21x24 [color=#808080] [border: (3px solid #0000FF)]
            LayoutText {#text} at (471,39) size 15x18
              text run at (471,39) width 15: "X"
          LayoutText {#text} at (488,39) size 8x18
            text run at (488,39) width 8: " "
          LayoutInline {span} at (0,0) size 22x24 [color=#808080] [border: (3px solid #0000FF)]
            LayoutText {#text} at (498,39) size 16x18
              text run at (498,39) width 16: "X"
          LayoutText {#text} at (516,39) size 8x18
            text run at (516,39) width 8: " "
          LayoutInline {span} at (0,0) size 21x24 [color=#808080] [border: (3px solid #0000FF)]
            LayoutText {#text} at (526,39) size 15x18
              text run at (526,39) width 15: "X"
          LayoutText {#text} at (543,39) size 8x18
            text run at (543,39) width 8: " "
          LayoutInline {span} at (0,0) size 22x24 [color=#808080] [border: (3px solid #0000FF)]
            LayoutText {#text} at (553,39) size 16x18
              text run at (553,39) width 16: "X"
          LayoutText {#text} at (571,39) size 8x18
            text run at (571,39) width 8: " "
          LayoutInline {span} at (0,0) size 22x24 [color=#808080] [border: (3px solid #0000FF)]
            LayoutText {#text} at (581,39) size 16x18
              text run at (581,39) width 16: "X"
          LayoutText {#text} at (599,39) size 8x18
            text run at (599,39) width 8: " "
          LayoutInline {span} at (0,0) size 21x24 [color=#808080] [border: (3px solid #0000FF)]
            LayoutText {#text} at (609,39) size 15x18
              text run at (609,39) width 15: "X"
          LayoutText {#text} at (626,39) size 8x18
            text run at (626,39) width 8: " "
          LayoutInline {span} at (0,0) size 22x24 [color=#808080] [border: (3px solid #0000FF)]
            LayoutText {#text} at (636,39) size 16x18
              text run at (636,39) width 16: "X"
          LayoutText {#text} at (654,39) size 8x18
            text run at (654,39) width 8: " "
          LayoutInline {span} at (0,0) size 21x24 [color=#808080] [border: (3px solid #0000FF)]
            LayoutText {#text} at (664,39) size 15x18
              text run at (664,39) width 15: "X"
          LayoutText {#text} at (681,39) size 8x18
            text run at (681,39) width 8: " "
          LayoutInline {span} at (0,0) size 22x24 [color=#808080] [border: (3px solid #0000FF)]
            LayoutText {#text} at (691,39) size 16x18
              text run at (691,39) width 16: "X"
          LayoutText {#text} at (709,39) size 8x18
            text run at (709,39) width 8: " "
          LayoutInline {span} at (0,0) size 21x24 [color=#808080] [border: (3px solid #0000FF)]
            LayoutText {#text} at (719,39) size 15x18
              text run at (719,39) width 15: "X"
          LayoutText {#text} at (736,39) size 8x18
            text run at (736,39) width 8: " "
          LayoutInline {span} at (0,0) size 22x24 [color=#808080] [border: (3px solid #0000FF)]
            LayoutText {#text} at (746,39) size 16x18
              text run at (746,39) width 16: "X"
          LayoutText {#text} at (0,0) size 0x0
          LayoutInline {span} at (0,0) size 21x24 [color=#808080] [border: (3px solid #0000FF)]
            LayoutText {#text} at (3,71) size 15x18
              text run at (3,71) width 15: "X"
          LayoutText {#text} at (20,71) size 8x18
            text run at (20,71) width 8: " "
          LayoutInline {span} at (0,0) size 22x24 [color=#808080] [border: (3px solid #0000FF)]
            LayoutText {#text} at (30,71) size 16x18
              text run at (30,71) width 16: "X"
          LayoutText {#text} at (48,71) size 8x18
            text run at (48,71) width 8: " "
          LayoutInline {span} at (0,0) size 21x24 [color=#808080] [border: (3px solid #0000FF)]
            LayoutText {#text} at (58,71) size 15x18
              text run at (58,71) width 15: "X"
          LayoutText {#text} at (75,71) size 8x18
            text run at (75,71) width 8: " "
          LayoutInline {span} at (0,0) size 22x24 [color=#808080] [border: (3px solid #0000FF)]
            LayoutText {#text} at (85,71) size 16x18
              text run at (85,71) width 16: "X"
          LayoutText {#text} at (103,71) size 8x18
            text run at (103,71) width 8: " "
          LayoutInline {span} at (0,0) size 21x24 [color=#808080] [border: (3px solid #0000FF)]
            LayoutText {#text} at (113,71) size 15x18
              text run at (113,71) width 15: "X"
          LayoutText {#text} at (130,71) size 8x18
            text run at (130,71) width 8: " "
          LayoutInline {span} at (0,0) size 22x24 [color=#808080] [border: (3px solid #0000FF)]
            LayoutText {#text} at (140,71) size 16x18
              text run at (140,71) width 16: "X"
          LayoutText {#text} at (158,71) size 8x18
            text run at (158,71) width 8: " "
          LayoutInline {span} at (0,0) size 21x24 [color=#808080] [border: (3px solid #0000FF)]
            LayoutText {#text} at (168,71) size 15x18
              text run at (168,71) width 15: "X"
          LayoutText {#text} at (185,71) size 8x18
            text run at (185,71) width 8: " "
          LayoutInline {span} at (0,0) size 22x24 [color=#808080] [border: (3px solid #0000FF)]
            LayoutText {#text} at (195,71) size 16x18
              text run at (195,71) width 16: "X"
          LayoutText {#text} at (213,71) size 8x18
            text run at (213,71) width 8: " "
          LayoutInline {span} at (0,0) size 21x24 [color=#808080] [border: (3px solid #0000FF)]
            LayoutText {#text} at (223,71) size 15x18
              text run at (223,71) width 15: "X"
          LayoutText {#text} at (240,71) size 8x18
            text run at (240,71) width 8: " "
          LayoutInline {span} at (0,0) size 22x24 [color=#808080] [border: (3px solid #0000FF)]
            LayoutText {#text} at (250,71) size 16x18
              text run at (250,71) width 16: "X"
          LayoutText {#text} at (268,71) size 8x18
            text run at (268,71) width 8: " "
          LayoutInline {span} at (0,0) size 22x24 [color=#808080] [border: (3px solid #0000FF)]
            LayoutText {#text} at (278,71) size 16x18
              text run at (278,71) width 16: "X"
          LayoutText {#text} at (296,71) size 8x18
            text run at (296,71) width 8: " "
          LayoutInline {span} at (0,0) size 21x24 [color=#808080] [border: (3px solid #0000FF)]
            LayoutText {#text} at (306,71) size 15x18
              text run at (306,71) width 15: "X"
          LayoutText {#text} at (323,71) size 8x18
            text run at (323,71) width 8: " "
          LayoutInline {span} at (0,0) size 22x24 [color=#808080] [border: (3px solid #0000FF)]
            LayoutText {#text} at (333,71) size 16x18
              text run at (333,71) width 16: "X"
          LayoutText {#text} at (351,71) size 8x18
            text run at (351,71) width 8: " "
          LayoutInline {span} at (0,0) size 21x24 [color=#808080] [border: (3px solid #0000FF)]
            LayoutText {#text} at (361,71) size 15x18
              text run at (361,71) width 15: "X"
          LayoutText {#text} at (378,71) size 8x18
            text run at (378,71) width 8: " "
          LayoutInline {span} at (0,0) size 22x24 [color=#808080] [border: (3px solid #0000FF)]
            LayoutText {#text} at (388,71) size 16x18
              text run at (388,71) width 16: "X"
          LayoutText {#text} at (406,71) size 8x18
            text run at (406,71) width 8: " "
          LayoutInline {span} at (0,0) size 21x24 [color=#808080] [border: (3px solid #0000FF)]
            LayoutText {#text} at (416,71) size 15x18
              text run at (416,71) width 15: "X"
          LayoutText {#text} at (433,71) size 8x18
            text run at (433,71) width 8: " "
          LayoutInline {span} at (0,0) size 22x24 [color=#808080] [border: (3px solid #0000FF)]
            LayoutText {#text} at (443,71) size 16x18
              text run at (443,71) width 16: "X"
          LayoutText {#text} at (461,71) size 8x18
            text run at (461,71) width 8: " "
          LayoutInline {span} at (0,0) size 21x24 [color=#808080] [border: (3px solid #0000FF)]
            LayoutText {#text} at (471,71) size 15x18
              text run at (471,71) width 15: "X"
          LayoutText {#text} at (488,71) size 8x18
            text run at (488,71) width 8: " "
          LayoutInline {span} at (0,0) size 22x24 [color=#808080] [border: (3px solid #0000FF)]
            LayoutText {#text} at (498,71) size 16x18
              text run at (498,71) width 16: "X"
          LayoutText {#text} at (516,71) size 8x18
            text run at (516,71) width 8: " "
          LayoutInline {span} at (0,0) size 21x24 [color=#808080] [border: (3px solid #0000FF)]
            LayoutText {#text} at (526,71) size 15x18
              text run at (526,71) width 15: "X"
          LayoutText {#text} at (543,71) size 8x18
            text run at (543,71) width 8: " "
          LayoutInline {span} at (0,0) size 22x24 [color=#808080] [border: (3px solid #0000FF)]
            LayoutText {#text} at (553,71) size 16x18
              text run at (553,71) width 16: "X"
          LayoutText {#text} at (571,71) size 8x18
            text run at (571,71) width 8: " "
          LayoutInline {span} at (0,0) size 22x24 [color=#808080] [border: (3px solid #0000FF)]
            LayoutText {#text} at (581,71) size 16x18
              text run at (581,71) width 16: "X"
          LayoutText {#text} at (599,71) size 8x18
            text run at (599,71) width 8: " "
          LayoutInline {span} at (0,0) size 21x24 [color=#808080] [border: (3px solid #0000FF)]
            LayoutText {#text} at (609,71) size 15x18
              text run at (609,71) width 15: "X"
          LayoutText {#text} at (626,71) size 8x18
            text run at (626,71) width 8: " "
          LayoutInline {span} at (0,0) size 22x24 [color=#808080] [border: (3px solid #0000FF)]
            LayoutText {#text} at (636,71) size 16x18
              text run at (636,71) width 16: "X"
          LayoutText {#text} at (654,71) size 8x18
            text run at (654,71) width 8: " "
          LayoutInline {span} at (0,0) size 21x24 [color=#808080] [border: (3px solid #0000FF)]
            LayoutText {#text} at (664,71) size 15x18
              text run at (664,71) width 15: "X"
          LayoutText {#text} at (681,71) size 8x18
            text run at (681,71) width 8: " "
          LayoutInline {span} at (0,0) size 22x24 [color=#808080] [border: (3px solid #0000FF)]
            LayoutText {#text} at (691,71) size 16x18
              text run at (691,71) width 16: "X"
          LayoutText {#text} at (709,71) size 8x18
            text run at (709,71) width 8: " "
          LayoutInline {span} at (0,0) size 21x24 [color=#808080] [border: (3px solid #0000FF)]
            LayoutText {#text} at (719,71) size 15x18
              text run at (719,71) width 15: "X"
          LayoutText {#text} at (736,71) size 8x18
            text run at (736,71) width 8: " "
          LayoutInline {span} at (0,0) size 22x24 [color=#808080] [border: (3px solid #0000FF)]
            LayoutText {#text} at (746,71) size 16x18
              text run at (746,71) width 16: "X"
          LayoutText {#text} at (0,0) size 0x0
          LayoutInline {span} at (0,0) size 21x24 [color=#808080] [border: (3px solid #0000FF)]
            LayoutText {#text} at (3,103) size 15x18
              text run at (3,103) width 15: "X"
          LayoutText {#text} at (20,103) size 8x18
            text run at (20,103) width 8: " "
          LayoutInline {span} at (0,0) size 22x24 [color=#808080] [border: (3px solid #0000FF)]
            LayoutText {#text} at (30,103) size 16x18
              text run at (30,103) width 16: "X"
          LayoutText {#text} at (48,103) size 8x18
            text run at (48,103) width 8: " "
          LayoutInline {span} at (0,0) size 21x24 [color=#808080] [border: (3px solid #0000FF)]
            LayoutText {#text} at (58,103) size 15x18
              text run at (58,103) width 15: "X"
          LayoutText {#text} at (75,103) size 8x18
            text run at (75,103) width 8: " "
          LayoutInline {span} at (0,0) size 22x24 [color=#808080] [border: (3px solid #0000FF)]
            LayoutText {#text} at (85,103) size 16x18
              text run at (85,103) width 16: "X"
          LayoutText {#text} at (103,103) size 8x18
            text run at (103,103) width 8: " "
          LayoutInline {span} at (0,0) size 21x24 [color=#808080] [border: (3px solid #0000FF)]
            LayoutText {#text} at (113,103) size 15x18
              text run at (113,103) width 15: "X"
          LayoutText {#text} at (130,103) size 8x18
            text run at (130,103) width 8: " "
          LayoutInline {span} at (0,0) size 22x24 [color=#808080] [border: (3px solid #0000FF)]
            LayoutText {#text} at (140,103) size 16x18
              text run at (140,103) width 16: "X"
          LayoutText {#text} at (158,103) size 8x18
            text run at (158,103) width 8: " "
          LayoutInline {span} at (0,0) size 21x24 [color=#808080] [border: (3px solid #0000FF)]
            LayoutText {#text} at (168,103) size 15x18
              text run at (168,103) width 15: "X"
          LayoutText {#text} at (185,103) size 8x18
            text run at (185,103) width 8: " "
          LayoutInline {span} at (0,0) size 22x24 [color=#808080] [border: (3px solid #0000FF)]
            LayoutText {#text} at (195,103) size 16x18
              text run at (195,103) width 16: "X"
          LayoutText {#text} at (213,103) size 8x18
            text run at (213,103) width 8: " "
          LayoutInline {span} at (0,0) size 21x24 [color=#808080] [border: (3px solid #0000FF)]
            LayoutText {#text} at (223,103) size 15x18
              text run at (223,103) width 15: "X"
          LayoutText {#text} at (240,103) size 8x18
            text run at (240,103) width 8: " "
          LayoutInline {span} at (0,0) size 22x24 [color=#808080] [border: (3px solid #0000FF)]
            LayoutText {#text} at (250,103) size 16x18
              text run at (250,103) width 16: "X"
          LayoutText {#text} at (268,103) size 8x18
            text run at (268,103) width 8: " "
          LayoutInline {span} at (0,0) size 22x24 [color=#808080] [border: (3px solid #0000FF)]
            LayoutText {#text} at (278,103) size 16x18
              text run at (278,103) width 16: "X"
          LayoutText {#text} at (296,103) size 8x18
            text run at (296,103) width 8: " "
          LayoutInline {span} at (0,0) size 21x24 [color=#808080] [border: (3px solid #0000FF)]
            LayoutText {#text} at (306,103) size 15x18
              text run at (306,103) width 15: "X"
          LayoutText {#text} at (323,103) size 8x18
            text run at (323,103) width 8: " "
          LayoutInline {span} at (0,0) size 22x24 [color=#808080] [border: (3px solid #0000FF)]
            LayoutText {#text} at (333,103) size 16x18
              text run at (333,103) width 16: "X"
          LayoutText {#text} at (351,103) size 8x18
            text run at (351,103) width 8: " "
          LayoutInline {span} at (0,0) size 21x24 [color=#808080] [border: (3px solid #0000FF)]
            LayoutText {#text} at (361,103) size 15x18
              text run at (361,103) width 15: "X"
          LayoutText {#text} at (378,103) size 8x18
            text run at (378,103) width 8: " "
          LayoutInline {span} at (0,0) size 22x24 [color=#808080] [border: (3px solid #0000FF)]
            LayoutText {#text} at (388,103) size 16x18
              text run at (388,103) width 16: "X"
          LayoutText {#text} at (406,103) size 8x18
            text run at (406,103) width 8: " "
          LayoutInline {span} at (0,0) size 21x24 [color=#808080] [border: (3px solid #0000FF)]
            LayoutText {#text} at (416,103) size 15x18
              text run at (416,103) width 15: "X"
          LayoutText {#text} at (433,103) size 8x18
            text run at (433,103) width 8: " "
          LayoutInline {span} at (0,0) size 22x24 [color=#808080] [border: (3px solid #0000FF)]
            LayoutText {#text} at (443,103) size 16x18
              text run at (443,103) width 16: "X"
          LayoutText {#text} at (461,103) size 8x18
            text run at (461,103) width 8: " "
          LayoutInline {span} at (0,0) size 21x24 [color=#808080] [border: (3px solid #0000FF)]
            LayoutText {#text} at (471,103) size 15x18
              text run at (471,103) width 15: "X"
          LayoutText {#text} at (488,103) size 8x18
            text run at (488,103) width 8: " "
          LayoutInline {span} at (0,0) size 22x24 [color=#808080] [border: (3px solid #0000FF)]
            LayoutText {#text} at (498,103) size 16x18
              text run at (498,103) width 16: "X"
          LayoutText {#text} at (516,103) size 8x18
            text run at (516,103) width 8: " "
          LayoutInline {span} at (0,0) size 21x24 [color=#808080] [border: (3px solid #0000FF)]
            LayoutText {#text} at (526,103) size 15x18
              text run at (526,103) width 15: "X"
          LayoutText {#text} at (543,103) size 8x18
            text run at (543,103) width 8: " "
          LayoutInline {span} at (0,0) size 22x24 [color=#808080] [border: (3px solid #0000FF)]
            LayoutText {#text} at (553,103) size 16x18
              text run at (553,103) width 16: "X"
          LayoutText {#text} at (571,103) size 8x18
            text run at (571,103) width 8: " "
          LayoutInline {span} at (0,0) size 22x24 [color=#808080] [border: (3px solid #0000FF)]
            LayoutText {#text} at (581,103) size 16x18
              text run at (581,103) width 16: "X"
          LayoutText {#text} at (599,103) size 8x18
            text run at (599,103) width 8: " "
          LayoutInline {span} at (0,0) size 21x24 [color=#808080] [border: (3px solid #0000FF)]
            LayoutText {#text} at (609,103) size 15x18
              text run at (609,103) width 15: "X"
          LayoutText {#text} at (626,103) size 8x18
            text run at (626,103) width 8: " "
          LayoutInline {span} at (0,0) size 22x24 [color=#808080] [border: (3px solid #0000FF)]
            LayoutText {#text} at (636,103) size 16x18
              text run at (636,103) width 16: "X"
          LayoutText {#text} at (654,103) size 8x18
            text run at (654,103) width 8: " "
          LayoutInline {span} at (0,0) size 21x24 [color=#808080] [border: (3px solid #0000FF)]
            LayoutText {#text} at (664,103) size 15x18
              text run at (664,103) width 15: "X"
          LayoutText {#text} at (681,103) size 8x18
            text run at (681,103) width 8: " "
          LayoutInline {span} at (0,0) size 22x24 [color=#808080] [border: (3px solid #0000FF)]
            LayoutText {#text} at (691,103) size 16x18
              text run at (691,103) width 16: "X"
          LayoutText {#text} at (709,103) size 8x18
            text run at (709,103) width 8: " "
          LayoutInline {span} at (0,0) size 21x24 [color=#808080] [border: (3px solid #0000FF)]
            LayoutText {#text} at (719,103) size 15x18
              text run at (719,103) width 15: "X"
          LayoutText {#text} at (736,103) size 8x18
            text run at (736,103) width 8: " "
          LayoutInline {span} at (0,0) size 22x24 [color=#808080] [border: (3px solid #0000FF)]
            LayoutText {#text} at (746,103) size 16x18
              text run at (746,103) width 16: "X"
          LayoutText {#text} at (0,0) size 0x0
          LayoutInline {span} at (0,0) size 21x24 [color=#808080] [border: (3px solid #0000FF)]
            LayoutText {#text} at (3,135) size 15x18
              text run at (3,135) width 15: "X"
          LayoutText {#text} at (20,135) size 8x18
            text run at (20,135) width 8: " "
          LayoutInline {span} at (0,0) size 22x24 [color=#808080] [border: (3px solid #0000FF)]
            LayoutText {#text} at (30,135) size 16x18
              text run at (30,135) width 16: "X"
          LayoutText {#text} at (48,135) size 8x18
            text run at (48,135) width 8: " "
          LayoutInline {span} at (0,0) size 21x24 [color=#808080] [border: (3px solid #0000FF)]
            LayoutText {#text} at (58,135) size 15x18
              text run at (58,135) width 15: "X"
          LayoutText {#text} at (75,135) size 8x18
            text run at (75,135) width 8: " "
          LayoutInline {span} at (0,0) size 22x24 [color=#808080] [border: (3px solid #0000FF)]
            LayoutText {#text} at (85,135) size 16x18
              text run at (85,135) width 16: "X"
          LayoutText {#text} at (103,135) size 8x18
            text run at (103,135) width 8: " "
          LayoutInline {span} at (0,0) size 21x24 [color=#808080] [border: (3px solid #0000FF)]
            LayoutText {#text} at (113,135) size 15x18
              text run at (113,135) width 15: "X"
          LayoutText {#text} at (130,135) size 8x18
            text run at (130,135) width 8: " "
          LayoutInline {span} at (0,0) size 22x24 [color=#808080] [border: (3px solid #0000FF)]
            LayoutText {#text} at (140,135) size 16x18
              text run at (140,135) width 16: "X"
          LayoutText {#text} at (158,135) size 8x18
            text run at (158,135) width 8: " "
          LayoutInline {span} at (0,0) size 21x24 [color=#808080] [border: (3px solid #0000FF)]
            LayoutText {#text} at (168,135) size 15x18
              text run at (168,135) width 15: "X"
          LayoutText {#text} at (185,135) size 8x18
            text run at (185,135) width 8: " "
          LayoutInline {span} at (0,0) size 22x24 [color=#808080] [border: (3px solid #0000FF)]
            LayoutText {#text} at (195,135) size 16x18
              text run at (195,135) width 16: "X"
          LayoutText {#text} at (213,135) size 8x18
            text run at (213,135) width 8: " "
          LayoutInline {span} at (0,0) size 21x24 [color=#808080] [border: (3px solid #0000FF)]
            LayoutText {#text} at (223,135) size 15x18
              text run at (223,135) width 15: "X"
          LayoutText {#text} at (240,135) size 8x18
            text run at (240,135) width 8: " "
          LayoutInline {span} at (0,0) size 22x24 [color=#808080] [border: (3px solid #0000FF)]
            LayoutText {#text} at (250,135) size 16x18
              text run at (250,135) width 16: "X"
          LayoutText {#text} at (268,135) size 8x18
            text run at (268,135) width 8: " "
          LayoutInline {span} at (0,0) size 22x24 [color=#808080] [border: (3px solid #0000FF)]
            LayoutText {#text} at (278,135) size 16x18
              text run at (278,135) width 16: "X"
          LayoutText {#text} at (296,135) size 8x18
            text run at (296,135) width 8: " "
          LayoutInline {span} at (0,0) size 21x24 [color=#808080] [border: (3px solid #0000FF)]
            LayoutText {#text} at (306,135) size 15x18
              text run at (306,135) width 15: "X"
          LayoutText {#text} at (323,135) size 8x18
            text run at (323,135) width 8: " "
          LayoutInline {span} at (0,0) size 22x24 [color=#808080] [border: (3px solid #0000FF)]
            LayoutText {#text} at (333,135) size 16x18
              text run at (333,135) width 16: "X"
          LayoutText {#text} at (351,135) size 8x18
            text run at (351,135) width 8: " "
          LayoutInline {span} at (0,0) size 21x24 [color=#808080] [border: (3px solid #0000FF)]
            LayoutText {#text} at (361,135) size 15x18
              text run at (361,135) width 15: "X"
          LayoutText {#text} at (378,135) size 8x18
            text run at (378,135) width 8: " "
          LayoutInline {span} at (0,0) size 22x24 [color=#808080] [border: (3px solid #0000FF)]
            LayoutText {#text} at (388,135) size 16x18
              text run at (388,135) width 16: "X"
          LayoutText {#text} at (406,135) size 8x18
            text run at (406,135) width 8: " "
          LayoutInline {span} at (0,0) size 21x24 [color=#808080] [border: (3px solid #0000FF)]
            LayoutText {#text} at (416,135) size 15x18
              text run at (416,135) width 15: "X"
          LayoutText {#text} at (433,135) size 8x18
            text run at (433,135) width 8: " "
          LayoutInline {span} at (0,0) size 22x24 [color=#808080] [border: (3px solid #0000FF)]
            LayoutText {#text} at (443,135) size 16x18
              text run at (443,135) width 16: "X"
          LayoutText {#text} at (461,135) size 8x18
            text run at (461,135) width 8: " "
          LayoutInline {span} at (0,0) size 21x24 [color=#808080] [border: (3px solid #0000FF)]
            LayoutText {#text} at (471,135) size 15x18
              text run at (471,135) width 15: "X"
          LayoutText {#text} at (488,135) size 8x18
            text run at (488,135) width 8: " "
          LayoutInline {span} at (0,0) size 22x24 [color=#808080] [border: (3px solid #0000FF)]
            LayoutText {#text} at (498,135) size 16x18
              text run at (498,135) width 16: "X"
          LayoutText {#text} at (516,135) size 8x18
            text run at (516,135) width 8: " "
          LayoutInline {span} at (0,0) size 21x24 [color=#808080] [border: (3px solid #0000FF)]
            LayoutText {#text} at (526,135) size 15x18
              text run at (526,135) width 15: "X"
          LayoutText {#text} at (0,0) size 0x0
        LayoutText {#text} at (0,0) size 0x0
