layer at (0,0) size 800x600
  LayoutView at (0,0) size 800x600
layer at (0,0) size 800x600
  LayoutBlockFlow {HTML} at (0,0) size 800x600
    LayoutBlockFlow {BODY} at (8,8) size 784x584
      LayoutTable {TABLE} at (0,0) size 784x434 [border: (5px outset #808080)]
        LayoutTableSection {TBODY} at (5,5) size 774x424
          LayoutTableRow {TR} at (0,2) size 774x420
            LayoutTableCell {TD} at (2,210) size 716x4 [border: (1px inset #808080)] [r=0 c=0 rs=1 cs=1]
            LayoutTableCell {TD} at (720,2) size 52x420 [border: (1px inset #808080)] [r=0 c=1 rs=1 cs=1]
              LayoutInline {A} at (0,0) size 32x17 [color=#0000EE]
                LayoutText {#text} at (2,6) size 32x17
                  text run at (2,6) width 32: "\x{5CA1}\x{5C71}"
              LayoutText {#text} at (34,6) size 16x17
                text run at (34,6) width 16: "\x{FF5C}"
              LayoutInline {A} at (0,0) size 32x17 [color=#0000EE]
                LayoutText {#text} at (2,32) size 32x17
                  text run at (2,32) width 32: "\x{5E83}\x{5CF6}"
              LayoutText {#text} at (34,32) size 16x17
                text run at (34,32) width 16: "\x{FF5C}"
              LayoutInline {A} at (0,0) size 32x17 [color=#0000EE]
                LayoutText {#text} at (2,58) size 32x17
                  text run at (2,58) width 32: "\x{5C71}\x{53E3}"
              LayoutText {#text} at (34,58) size 16x17
                text run at (34,58) width 16: "\x{FF5C}"
              LayoutInline {A} at (0,0) size 32x17 [color=#0000EE]
                LayoutText {#text} at (2,84) size 32x17
                  text run at (2,84) width 32: "\x{5FB3}\x{5CF6}"
              LayoutText {#text} at (34,84) size 16x17
                text run at (34,84) width 16: "\x{FF5C}"
              LayoutInline {A} at (0,0) size 32x17 [color=#0000EE]
                LayoutText {#text} at (2,110) size 32x17
                  text run at (2,110) width 32: "\x{9999}\x{5DDD}"
              LayoutText {#text} at (34,110) size 16x17
                text run at (34,110) width 16: "\x{FF5C}"
              LayoutInline {A} at (0,0) size 32x17 [color=#0000EE]
                LayoutText {#text} at (2,136) size 32x17
                  text run at (2,136) width 32: "\x{611B}\x{5A9B}"
              LayoutText {#text} at (34,136) size 16x17
                text run at (34,136) width 16: "\x{FF5C}"
              LayoutInline {A} at (0,0) size 32x17 [color=#0000EE]
                LayoutText {#text} at (2,162) size 32x17
                  text run at (2,162) width 32: "\x{9AD8}\x{77E5}"
              LayoutText {#text} at (34,162) size 16x17
                text run at (34,162) width 16: "\x{FF5C}"
              LayoutInline {A} at (0,0) size 48x43 [color=#0000EE]
                LayoutText {#text} at (2,188) size 48x43
                  text run at (2,188) width 48: "\x{798F}\x{5CA1}\x{30FB}"
                  text run at (2,214) width 48: "\x{5317}\x{4E5D}\x{5DDE}"
              LayoutText {#text} at (2,240) size 16x17
                text run at (2,240) width 16: "\x{FF5C}"
              LayoutInline {A} at (0,0) size 32x17 [color=#0000EE]
                LayoutText {#text} at (18,240) size 32x17
                  text run at (18,240) width 32: "\x{4F50}\x{8CC0}"
              LayoutText {#text} at (2,266) size 16x17
                text run at (2,266) width 16: "\x{FF5C}"
              LayoutInline {A} at (0,0) size 32x17 [color=#0000EE]
                LayoutText {#text} at (18,266) size 32x17
                  text run at (18,266) width 32: "\x{9577}\x{5D0E}"
              LayoutText {#text} at (2,292) size 16x17
                text run at (2,292) width 16: "\x{FF5C}"
              LayoutInline {A} at (0,0) size 32x17 [color=#0000EE]
                LayoutText {#text} at (18,292) size 32x17
                  text run at (18,292) width 32: "\x{718A}\x{672C}"
              LayoutText {#text} at (2,318) size 16x17
                text run at (2,318) width 16: "\x{FF5C}"
              LayoutInline {A} at (0,0) size 32x17 [color=#0000EE]
                LayoutText {#text} at (18,318) size 32x17
                  text run at (18,318) width 32: "\x{5927}\x{5206}"
              LayoutText {#text} at (2,344) size 16x17
                text run at (2,344) width 16: "\x{FF5C}"
              LayoutInline {A} at (0,0) size 32x17 [color=#0000EE]
                LayoutText {#text} at (18,344) size 32x17
                  text run at (18,344) width 32: "\x{5BAE}\x{5D0E}"
              LayoutText {#text} at (2,370) size 16x17
                text run at (2,370) width 16: "\x{FF5C}"
              LayoutInline {A} at (0,0) size 48x43 [color=#0000EE]
                LayoutText {#text} at (18,370) size 48x43
                  text run at (18,370) width 32: "\x{9E7F}\x{5150}"
                  text run at (2,396) width 16: "\x{5CF6}"
              LayoutText {#text} at (18,396) size 16x17
                text run at (18,396) width 16: "\x{FF5C}"
