layer at (0,0) size 3200x2400
  LayoutView at (0,0) size 3200x2400
layer at (0,0) size 3200x114
  LayoutBlockFlow {HTML} at (0,0) size 3200x113.88
    LayoutBlockFlow {BODY} at (8,21.44) size 3184x76.44
      LayoutBlockFlow {H1} at (0,0) size 3184x37
        LayoutText {#text} at (0,0) size 755x37
          text run at (0,0) width 755: "Testing the values of 'pointer-events' on HTML content"
      LayoutBlockFlow {P} at (0,58.44) size 3184x18
        LayoutText {#text} at (0,0) size 2584x18
          text run at (0,0) width 589: "This test is expected to be run from within DumpRenderTree. If running manually, click on "
          text run at (588,0) width 542: "the elements in the first column, making sure the actual result (3rd column) matches "
          text run at (1129,0) width 645: "the expected result (2nd column). Repeat for click target (4th column), expected result (5th column) "
          text run at (1773,0) width 539: "and actual result (6th column). Note: You should click on a yellow inline element if "
          text run at (2311,0) width 273: "one exists, otherwise anywhere in the box."
layer at (10,140) size 300x100
  LayoutBlockFlow (positioned) {DIV} at (10,140) size 300x100
layer at (10,140) size 80x80
  LayoutBlockFlow (positioned) {DIV} at (0,0) size 80x80
layer at (10,140) size 80x80
  LayoutBlockFlow (positioned) {P} at (0,0) size 80x80 [bgcolor=#808080]
    LayoutText {#text} at (0,0) size 73x36
      text run at (0,0) width 51: "pointer-"
      text run at (0,18) width 73: "events auto"
layer at (110,140) size 80x80
  LayoutBlockFlow (positioned) {DIV} at (100,0) size 80x80
    LayoutText {#text} at (0,0) size 16x18
      text run at (0,0) width 16: "p1"
layer at (210,140) size 80x80
  LayoutBlockFlow (positioned) {DIV} at (200,0) size 80x80
    LayoutText {#text} at (0,0) size 32x18
      text run at (0,0) width 32: "none"
layer at (10,240) size 300x100
  LayoutBlockFlow (positioned) {DIV} at (10,240) size 300x100
layer at (10,240) size 80x80
  LayoutBlockFlow (positioned) {DIV} at (0,0) size 80x80
layer at (10,240) size 80x80
  LayoutBlockFlow (positioned) {P} at (0,0) size 80x80 [bgcolor=#808080]
    LayoutText {#text} at (0,0) size 76x36
      text run at (0,0) width 51: "pointer-"
      text run at (0,18) width 76: "events none"
layer at (110,240) size 80x80
  LayoutBlockFlow (positioned) {DIV} at (100,0) size 80x80
    LayoutText {#text} at (0,0) size 32x18
      text run at (0,0) width 32: "none"
layer at (210,240) size 80x80
  LayoutBlockFlow (positioned) {DIV} at (200,0) size 80x80
    LayoutText {#text} at (0,0) size 32x18
      text run at (0,0) width 32: "none"
layer at (10,340) size 300x100
  LayoutBlockFlow (positioned) {DIV} at (10,340) size 300x100
layer at (10,340) size 80x80
  LayoutBlockFlow (positioned) {DIV} at (0,0) size 80x80
layer at (10,340) size 80x80
  LayoutBlockFlow (positioned) {P} at (0,0) size 80x80 [bgcolor=#808080]
    LayoutText {#text} at (0,0) size 72x36
      text run at (0,0) width 60: "siblings -"
      text run at (0,18) width 72: "auto on top"
layer at (10,340) size 80x80
  LayoutBlockFlow (positioned) {P} at (0,0) size 80x80
layer at (110,340) size 80x80
  LayoutBlockFlow (positioned) {DIV} at (100,0) size 80x80
    LayoutText {#text} at (0,0) size 16x18
      text run at (0,0) width 16: "p4"
layer at (210,340) size 80x80
  LayoutBlockFlow (positioned) {DIV} at (200,0) size 80x80
    LayoutText {#text} at (0,0) size 32x18
      text run at (0,0) width 32: "none"
layer at (10,440) size 300x100
  LayoutBlockFlow (positioned) {DIV} at (10,440) size 300x100
layer at (10,440) size 80x80
  LayoutBlockFlow (positioned) {DIV} at (0,0) size 80x80
layer at (10,440) size 80x80
  LayoutBlockFlow (positioned) {P} at (0,0) size 80x80 [bgcolor=#808080]
    LayoutText {#text} at (0,0) size 76x36
      text run at (0,0) width 60: "siblings -"
      text run at (0,18) width 76: "none on top"
layer at (10,440) size 80x80
  LayoutBlockFlow (positioned) {P} at (0,0) size 80x80
layer at (110,440) size 80x80
  LayoutBlockFlow (positioned) {DIV} at (100,0) size 80x80
    LayoutText {#text} at (0,0) size 16x18
      text run at (0,0) width 16: "p5"
layer at (210,440) size 80x80
  LayoutBlockFlow (positioned) {DIV} at (200,0) size 80x80
    LayoutText {#text} at (0,0) size 32x18
      text run at (0,0) width 32: "none"
layer at (10,540) size 300x100
  LayoutBlockFlow (positioned) {DIV} at (10,540) size 300x100
layer at (10,540) size 80x80
  LayoutBlockFlow (positioned) {DIV} at (0,0) size 80x80
layer at (10,540) size 80x80
  LayoutBlockFlow (positioned) {DIV} at (0,0) size 80x80
layer at (10,540) size 80x80
  LayoutBlockFlow (positioned) {P} at (0,0) size 80x80 [bgcolor=#808080]
    LayoutText {#text} at (0,0) size 65x36
      text run at (0,0) width 51: "nested -"
      text run at (0,18) width 65: "auto outer"
layer at (110,540) size 80x80
  LayoutBlockFlow (positioned) {DIV} at (100,0) size 80x80
    LayoutText {#text} at (0,0) size 16x18
      text run at (0,0) width 16: "p7"
layer at (210,540) size 80x80
  LayoutBlockFlow (positioned) {DIV} at (200,0) size 80x80
    LayoutText {#text} at (0,0) size 32x18
      text run at (0,0) width 32: "none"
layer at (340,140) size 300x100
  LayoutBlockFlow (positioned) {DIV} at (340,140) size 300x100
layer at (340,140) size 80x80
  LayoutBlockFlow (positioned) {DIV} at (0,0) size 80x80
layer at (340,140) size 80x80
  LayoutBlockFlow (positioned) {DIV} at (0,0) size 80x80
layer at (340,140) size 80x80
  LayoutBlockFlow (positioned) {P} at (0,0) size 80x80 [bgcolor=#808080]
    LayoutText {#text} at (0,0) size 68x36
      text run at (0,0) width 51: "nested -"
      text run at (0,18) width 68: "none outer"
layer at (440,140) size 80x80
  LayoutBlockFlow (positioned) {DIV} at (100,0) size 80x80
    LayoutText {#text} at (0,0) size 24x18
      text run at (0,0) width 24: "p10"
layer at (540,140) size 80x80
  LayoutBlockFlow (positioned) {DIV} at (200,0) size 80x80
    LayoutText {#text} at (0,0) size 32x18
      text run at (0,0) width 32: "none"
layer at (340,240) size 300x100
  LayoutBlockFlow (positioned) {DIV} at (340,240) size 300x100
layer at (340,240) size 80x80
  LayoutBlockFlow (positioned) {DIV} at (0,0) size 80x80
layer at (340,240) size 80x80
  LayoutImage (positioned) {IMG} at (0,0) size 80x80
layer at (440,240) size 80x80
  LayoutBlockFlow (positioned) {DIV} at (100,0) size 80x80
    LayoutText {#text} at (0,0) size 24x18
      text run at (0,0) width 24: "p11"
layer at (540,240) size 80x80
  LayoutBlockFlow (positioned) {DIV} at (200,0) size 80x80
    LayoutText {#text} at (0,0) size 32x18
      text run at (0,0) width 32: "none"
layer at (340,340) size 300x100
  LayoutBlockFlow (positioned) {DIV} at (340,340) size 300x100
layer at (340,340) size 80x80
  LayoutBlockFlow (positioned) {DIV} at (0,0) size 80x80
layer at (340,340) size 80x80
  LayoutImage (positioned) {IMG} at (0,0) size 80x80
layer at (440,340) size 80x80
  LayoutBlockFlow (positioned) {DIV} at (100,0) size 80x80
    LayoutText {#text} at (0,0) size 32x18
      text run at (0,0) width 32: "none"
layer at (540,340) size 80x80
  LayoutBlockFlow (positioned) {DIV} at (200,0) size 80x80
    LayoutText {#text} at (0,0) size 32x18
      text run at (0,0) width 32: "none"
layer at (340,440) size 300x100
  LayoutBlockFlow (positioned) {DIV} at (340,440) size 300x100
layer at (340,440) size 80x80
  LayoutBlockFlow (positioned) {DIV} at (0,0) size 80x80
layer at (340,440) size 80x80
  LayoutBlockFlow (positioned) {P} at (0,0) size 80x80 [bgcolor=#808080]
    LayoutInline {SPAN} at (0,0) size 37x18 [bgcolor=#FFFF00]
      LayoutText {#text} at (0,0) size 37x18
        text run at (0,0) width 37: "inline"
    LayoutText {#text} at (36,0) size 76x54
      text run at (36,0) width 26: " has"
      text run at (0,18) width 76: "auto, parent"
      text run at (0,36) width 32: "none"
layer at (440,440) size 80x80
  LayoutBlockFlow (positioned) {DIV} at (100,0) size 80x80
    LayoutText {#text} at (0,0) size 24x18
      text run at (0,0) width 24: "p14"
layer at (540,440) size 80x80
  LayoutBlockFlow (positioned) {DIV} at (200,0) size 80x80
    LayoutText {#text} at (0,0) size 32x18
      text run at (0,0) width 32: "none"
layer at (340,540) size 300x100
  LayoutBlockFlow (positioned) {DIV} at (340,540) size 300x100
layer at (340,540) size 80x80
  LayoutBlockFlow (positioned) {DIV} at (0,0) size 80x80
layer at (340,540) size 80x80
  LayoutBlockFlow (positioned) {P} at (0,0) size 80x80 [bgcolor=#808080]
    LayoutInline {SPAN} at (0,0) size 37x18 [bgcolor=#FFFF00]
      LayoutText {#text} at (0,0) size 37x18
        text run at (0,0) width 37: "inline"
    LayoutText {#text} at (36,0) size 80x54
      text run at (36,0) width 26: " has"
      text run at (0,18) width 80: "none, parent"
      text run at (0,36) width 28: "auto"
layer at (440,540) size 80x80
  LayoutBlockFlow (positioned) {DIV} at (100,0) size 80x80
    LayoutText {#text} at (0,0) size 24x18
      text run at (0,0) width 24: "p15"
layer at (540,540) size 80x80
  LayoutBlockFlow (positioned) {DIV} at (200,0) size 80x80
    LayoutText {#text} at (0,0) size 32x18
      text run at (0,0) width 32: "none"
caret: position 419 of child 0 {#text} of child 3 {P} of body
