layer at (0,0) size 800x600
  LayoutView at (0,0) size 800x600
layer at (0,0) size 800x600
  LayoutBlockFlow {HTML} at (0,0) size 800x600
    LayoutBlockFlow {BODY} at (8,8) size 784x584
      LayoutBlockFlow {P} at (0,0) size 784x20
        LayoutText {#text} at (0,0) size 51x19
          text run at (0,0) width 51: "Test for "
        LayoutInline {A} at (0,0) size 66x19 [color=#0000EE]
          LayoutText {#text} at (51,0) size 66x19
            text run at (51,0) width 66: "bug 15263"
        LayoutText {#text} at (117,0) size 376x19
          text run at (117,0) width 376: ": REGRESSION: scrolldelay=0 causes marquee not to display"
      LayoutBlockFlow {P} at (0,36) size 784x40
        LayoutText {#text} at (0,0) size 749x39
          text run at (0,0) width 740: "The marquee below is defined with a scrollDelay value of zero and with the truespeed attribute assigned to an empty string. "
          text run at (740,0) width 9: "It"
          text run at (0,20) width 511: "should scroll until the text, \"The marquee scroll test passed\" is visible and left justified."
      LayoutBlockFlow {P} at (0,92) size 784x40
        LayoutText {#text} at (0,0) size 778x39
          text run at (0,0) width 778: "This test uses cyan characters to make the result image deterministic. (Otherwise, the result image changes depending on when the"
          text run at (0,20) width 552: "content_shell takes a snapshot.) In order to run this test manually, change the color to black."
      LayoutBlockFlow (anonymous) at (0,148) size 784x20
        LayoutText {#text} at (0,0) size 0x0
layer at (8,156) size 392x20
  LayoutBlockFlow {MARQUEE} at (0,0) size 392x20 [bgcolor=#00FFFF]
    LayoutBlockFlow {DIV} at (0,0) size 392x20
      LayoutInline {SPAN} at (0,0) size 186x19 [color=#00FFFF]
        LayoutText {#text} at (0,0) size 186x19
          text run at (0,0) width 186: "The marquee scroll test passed"
      LayoutText {#text} at (0,0) size 0x0
