layer at (0,0) size 800x600 scrollWidth 2028 scrollHeight 2386
  LayoutView at (0,0) size 800x600
layer at (0,0) size 800x2386 backgroundClip at (0,0) size 800x600 clip at (0,0) size 800x600
  LayoutBlockFlow {HTML} at (0,0) size 800x2386.28
    LayoutBlockFlow {BODY} at (8,8) size 784x2370.28
      LayoutBlockFlow {H2} at (0,0) size 784x28
        LayoutText {#text} at (0,0) size 139x28
          text run at (0,0) width 139: "word-spacing"
      LayoutBlockFlow (anonymous) at (0,47.91) size 784x193.41
        LayoutBlockFlow (floating) {PRE} at (0,13) size 1201.58x167.41
          LayoutBlockFlow {H3} at (0,15.20) size 1201.58x17
            LayoutText {#text} at (0,0) size 207x17
              text run at (0,0) width 207: "In a floated pre"
          LayoutBlockFlow (anonymous) at (0,47.41) size 1201.58x120
            LayoutText {#text} at (0,0) size 257x30
              text run at (0,0) width 0: " "
              text run at (0,15) width 257: "Word   spacing test "
            LayoutInline {EM} at (0,0) size 24x15
              LayoutText {#text} at (256,15) size 24x15
                text run at (256,15) width 24: "for"
            LayoutText {#text} at (299,15) size 9x15
              text run at (299,15) width 9: " "
            LayoutInline {STRONG} at (0,0) size 63x15
              LayoutText {#text} at (307,15) size 63x15
                text run at (307,15) width 63: "elements"
            LayoutText {#text} at (389,15) size 9x15
              text run at (389,15) width 9: " "
            LayoutInline {TT} at (0,0) size 48x15
              LayoutText {#text} at (397,15) size 48x15
                text run at (397,15) width 48: "within"
            LayoutText {#text} at (464,15) size 614x30
              text run at (464,15) width 130: " elements too."
              text run at (613,15) width 1: " "
              text run at (0,30) width 257: "Word   spacing test "
            LayoutInline {EM} at (0,0) size 24x15
              LayoutText {#text} at (256,30) size 24x15
                text run at (256,30) width 24: "for"
            LayoutText {#text} at (299,30) size 9x15
              text run at (299,30) width 9: " "
            LayoutInline {STRONG} at (0,0) size 63x15
              LayoutText {#text} at (307,30) size 63x15
                text run at (307,30) width 63: "elements"
            LayoutText {#text} at (389,30) size 9x15
              text run at (389,30) width 9: " "
            LayoutInline {TT} at (0,0) size 48x15
              LayoutText {#text} at (397,30) size 48x15
                text run at (397,30) width 48: "within"
            LayoutText {#text} at (464,30) size 99x15
              text run at (464,30) width 99: " elements "
            LayoutText {#text} at (562,30) size 1054x30
              text run at (562,30) width 472: " too. (with comment between elements and too)"
              text run at (1053,30) width 1: " "
              text run at (0,45) width 257: "Word   spacing test "
            LayoutInline {EM} at (0,0) size 24x15
              LayoutText {#text} at (256,45) size 24x15
                text run at (256,45) width 24: "for"
            LayoutText {#text} at (299,45) size 9x15
              text run at (299,45) width 9: " "
            LayoutInline {STRONG} at (0,0) size 63x15
              LayoutText {#text} at (307,45) size 63x15
                text run at (307,45) width 63: "elements"
            LayoutText {#text} at (389,45) size 9x15
              text run at (389,45) width 9: " "
            LayoutInline {TT} at (0,0) size 48x15
              LayoutText {#text} at (397,45) size 48x15
                text run at (397,45) width 48: "within"
            LayoutText {#text} at (464,45) size 71x15
              text run at (464,45) width 71: " elements"
            LayoutText {#text} at (554,45) size 1270x30
              text run at (554,45) width 696: " too. (with comment (no preceding space) between elements and too)"
              text run at (1269,45) width 1: " "
              text run at (0,60) width 257: "Word   spacing test "
            LayoutInline {EM} at (0,0) size 24x15
              LayoutText {#text} at (256,60) size 24x15
                text run at (256,60) width 24: "for"
            LayoutText {#text} at (299,60) size 9x15
              text run at (299,60) width 9: " "
            LayoutInline {STRONG} at (0,0) size 63x15
              LayoutText {#text} at (307,60) size 63x15
                text run at (307,60) width 63: "elements"
            LayoutText {#text} at (389,60) size 9x15
              text run at (389,60) width 9: " "
            LayoutInline {TT} at (0,0) size 48x15
              LayoutText {#text} at (397,60) size 48x15
                text run at (397,60) width 48: "within"
            LayoutText {#text} at (464,60) size 99x15
              text run at (464,60) width 99: " elements "
            LayoutText {#text} at (562,60) size 700x15
              text run at (562,60) width 680: "too. (with comment (no trailing space) between elements and too)"
              text run at (1261,60) width 1: " "
            LayoutInline {SPAN} at (0,0) size 370x15
              LayoutText {#text} at (0,75) size 257x15
                text run at (0,75) width 257: "Word   spacing test "
              LayoutInline {EM} at (0,0) size 24x15
                LayoutText {#text} at (256,75) size 24x15
                  text run at (256,75) width 24: "for"
              LayoutText {#text} at (299,75) size 9x15
                text run at (299,75) width 9: " "
              LayoutInline {STRONG} at (0,0) size 63x15
                LayoutText {#text} at (307,75) size 63x15
                  text run at (307,75) width 63: "elements"
            LayoutText {#text} at (389,75) size 9x15
              text run at (389,75) width 9: " "
            LayoutInline {TT} at (0,0) size 48x15
              LayoutText {#text} at (397,75) size 48x15
                text run at (397,75) width 48: "within"
            LayoutText {#text} at (464,75) size 1097x30
              text run at (464,75) width 613: " elements too. (with monospace font from Word to elements)"
              text run at (1096,75) width 1: " "
              text run at (0,90) width 257: "Word   spacing test "
            LayoutInline {SPAN} at (0,0) size 189x15
              LayoutInline {EM} at (0,0) size 24x15
                LayoutText {#text} at (256,90) size 24x15
                  text run at (256,90) width 24: "for"
              LayoutText {#text} at (299,90) size 9x15
                text run at (299,90) width 9: " "
              LayoutInline {STRONG} at (0,0) size 63x15
                LayoutText {#text} at (307,90) size 63x15
                  text run at (307,90) width 63: "elements"
              LayoutText {#text} at (389,90) size 9x15
                text run at (389,90) width 9: " "
              LayoutInline {TT} at (0,0) size 48x15
                LayoutText {#text} at (397,90) size 48x15
                  text run at (397,90) width 48: "within"
            LayoutText {#text} at (464,90) size 1074x30
              text run at (464,90) width 590: " elements too. (with monospace font from for to within)"
              text run at (1073,90) width 1: " "
              text run at (0,105) width 257: "Word   spacing test "
            LayoutInline {EM} at (0,0) size 24x15
              LayoutText {#text} at (256,105) size 24x15
                text run at (256,105) width 24: "for"
            LayoutText {#text} at (299,105) size 9x15
              text run at (299,105) width 9: " "
            LayoutInline {STRONG} at (0,0) size 63x15
              LayoutText {#text} at (307,105) size 63x15
                text run at (307,105) width 63: "elements"
            LayoutText {#text} at (389,105) size 9x15
              text run at (389,105) width 9: " "
            LayoutInline {SPAN} at (0,0) size 189x15
              LayoutInline {TT} at (0,0) size 48x15
                LayoutText {#text} at (397,105) size 48x15
                  text run at (397,105) width 48: "within"
              LayoutText {#text} at (464,105) size 122x15
                text run at (464,105) width 122: " elements too"
            LayoutText {#text} at (585,105) size 504x15
              text run at (585,105) width 484: ". (with monospace font from elements to too)"
              text run at (1088,105) width 1: " "
        LayoutBR {BR} at (1201,0) size 1x18
      LayoutBlockFlow {PRE} at (0,256.52) size 784x152.20
        LayoutBlockFlow {H3} at (0,0) size 784x17
          LayoutText {#text} at (0,0) size 243x17
            text run at (0,0) width 243: "In an un-floated pre"
        LayoutBlockFlow (anonymous) at (0,32.20) size 784x120
          LayoutText {#text} at (0,0) size 257x30
            text run at (0,0) width 0: " "
            text run at (0,15) width 257: "Word   spacing test "
          LayoutInline {EM} at (0,0) size 24x15
            LayoutText {#text} at (256,15) size 24x15
              text run at (256,15) width 24: "for"
          LayoutText {#text} at (299,15) size 9x15
            text run at (299,15) width 9: " "
          LayoutInline {STRONG} at (0,0) size 63x15
            LayoutText {#text} at (307,15) size 63x15
              text run at (307,15) width 63: "elements"
          LayoutText {#text} at (389,15) size 9x15
            text run at (389,15) width 9: " "
          LayoutInline {TT} at (0,0) size 48x15
            LayoutText {#text} at (397,15) size 48x15
              text run at (397,15) width 48: "within"
          LayoutText {#text} at (464,15) size 614x30
            text run at (464,15) width 130: " elements too."
            text run at (613,15) width 1: " "
            text run at (0,30) width 257: "Word   spacing test "
          LayoutInline {EM} at (0,0) size 24x15
            LayoutText {#text} at (256,30) size 24x15
              text run at (256,30) width 24: "for"
          LayoutText {#text} at (299,30) size 9x15
            text run at (299,30) width 9: " "
          LayoutInline {STRONG} at (0,0) size 63x15
            LayoutText {#text} at (307,30) size 63x15
              text run at (307,30) width 63: "elements"
          LayoutText {#text} at (389,30) size 9x15
            text run at (389,30) width 9: " "
          LayoutInline {TT} at (0,0) size 48x15
            LayoutText {#text} at (397,30) size 48x15
              text run at (397,30) width 48: "within"
          LayoutText {#text} at (464,30) size 99x15
            text run at (464,30) width 99: " elements "
          LayoutText {#text} at (562,30) size 1054x30
            text run at (562,30) width 472: " too. (with comment between elements and too)"
            text run at (1053,30) width 1: " "
            text run at (0,45) width 257: "Word   spacing test "
          LayoutInline {EM} at (0,0) size 24x15
            LayoutText {#text} at (256,45) size 24x15
              text run at (256,45) width 24: "for"
          LayoutText {#text} at (299,45) size 9x15
            text run at (299,45) width 9: " "
          LayoutInline {STRONG} at (0,0) size 63x15
            LayoutText {#text} at (307,45) size 63x15
              text run at (307,45) width 63: "elements"
          LayoutText {#text} at (389,45) size 9x15
            text run at (389,45) width 9: " "
          LayoutInline {TT} at (0,0) size 48x15
            LayoutText {#text} at (397,45) size 48x15
              text run at (397,45) width 48: "within"
          LayoutText {#text} at (464,45) size 71x15
            text run at (464,45) width 71: " elements"
          LayoutText {#text} at (554,45) size 1270x30
            text run at (554,45) width 696: " too. (with comment (no preceding space) between elements and too)"
            text run at (1269,45) width 1: " "
            text run at (0,60) width 257: "Word   spacing test "
          LayoutInline {EM} at (0,0) size 24x15
            LayoutText {#text} at (256,60) size 24x15
              text run at (256,60) width 24: "for"
          LayoutText {#text} at (299,60) size 9x15
            text run at (299,60) width 9: " "
          LayoutInline {STRONG} at (0,0) size 63x15
            LayoutText {#text} at (307,60) size 63x15
              text run at (307,60) width 63: "elements"
          LayoutText {#text} at (389,60) size 9x15
            text run at (389,60) width 9: " "
          LayoutInline {TT} at (0,0) size 48x15
            LayoutText {#text} at (397,60) size 48x15
              text run at (397,60) width 48: "within"
          LayoutText {#text} at (464,60) size 99x15
            text run at (464,60) width 99: " elements "
          LayoutText {#text} at (562,60) size 700x15
            text run at (562,60) width 680: "too. (with comment (no trailing space) between elements and too)"
            text run at (1261,60) width 1: " "
          LayoutInline {SPAN} at (0,0) size 370x15
            LayoutText {#text} at (0,75) size 257x15
              text run at (0,75) width 257: "Word   spacing test "
            LayoutInline {EM} at (0,0) size 24x15
              LayoutText {#text} at (256,75) size 24x15
                text run at (256,75) width 24: "for"
            LayoutText {#text} at (299,75) size 9x15
              text run at (299,75) width 9: " "
            LayoutInline {STRONG} at (0,0) size 63x15
              LayoutText {#text} at (307,75) size 63x15
                text run at (307,75) width 63: "elements"
          LayoutText {#text} at (389,75) size 9x15
            text run at (389,75) width 9: " "
          LayoutInline {TT} at (0,0) size 48x15
            LayoutText {#text} at (397,75) size 48x15
              text run at (397,75) width 48: "within"
          LayoutText {#text} at (464,75) size 1097x30
            text run at (464,75) width 613: " elements too. (with monospace font from Word to elements)"
            text run at (1096,75) width 1: " "
            text run at (0,90) width 257: "Word   spacing test "
          LayoutInline {SPAN} at (0,0) size 189x15
            LayoutInline {EM} at (0,0) size 24x15
              LayoutText {#text} at (256,90) size 24x15
                text run at (256,90) width 24: "for"
            LayoutText {#text} at (299,90) size 9x15
              text run at (299,90) width 9: " "
            LayoutInline {STRONG} at (0,0) size 63x15
              LayoutText {#text} at (307,90) size 63x15
                text run at (307,90) width 63: "elements"
            LayoutText {#text} at (389,90) size 9x15
              text run at (389,90) width 9: " "
            LayoutInline {TT} at (0,0) size 48x15
              LayoutText {#text} at (397,90) size 48x15
                text run at (397,90) width 48: "within"
          LayoutText {#text} at (464,90) size 1074x30
            text run at (464,90) width 590: " elements too. (with monospace font from for to within)"
            text run at (1073,90) width 1: " "
            text run at (0,105) width 257: "Word   spacing test "
          LayoutInline {EM} at (0,0) size 24x15
            LayoutText {#text} at (256,105) size 24x15
              text run at (256,105) width 24: "for"
          LayoutText {#text} at (299,105) size 9x15
            text run at (299,105) width 9: " "
          LayoutInline {STRONG} at (0,0) size 63x15
            LayoutText {#text} at (307,105) size 63x15
              text run at (307,105) width 63: "elements"
          LayoutText {#text} at (389,105) size 9x15
            text run at (389,105) width 9: " "
          LayoutInline {SPAN} at (0,0) size 189x15
            LayoutInline {TT} at (0,0) size 48x15
              LayoutText {#text} at (397,105) size 48x15
                text run at (397,105) width 48: "within"
            LayoutText {#text} at (464,105) size 122x15
              text run at (464,105) width 122: " elements too"
          LayoutText {#text} at (585,105) size 504x15
            text run at (585,105) width 484: ". (with monospace font from elements to too)"
            text run at (1088,105) width 1: " "
      LayoutBlockFlow (anonymous) at (0,421.72) size 784x0
        LayoutInline {SPAN} at (0,0) size 0x0
          LayoutText {#text} at (0,0) size 0x0
      LayoutBlockFlow (anonymous) at (0,427.44) size 784x22
        LayoutBlockFlow {H3} at (0,0) size 784x22
          LayoutText {#text} at (0,0) size 114x22
            text run at (0,0) width 114: "In a span"
      LayoutBlockFlow (anonymous) at (0,468.16) size 784x270
        LayoutInline {SPAN} at (0,0) size 781x234
          LayoutText {#text} at (0,0) size 179x18
            text run at (0,0) width 60: "Word "
            text run at (59,0) width 120: "spacing test "
          LayoutInline {EM} at (0,0) size 19x18
            LayoutText {#text} at (178,0) size 19x18
              text run at (178,0) width 19: "for"
          LayoutText {#text} at (216,0) size 5x18
            text run at (216,0) width 5: " "
          LayoutInline {STRONG} at (0,0) size 61x18
            LayoutText {#text} at (220,0) size 61x18
              text run at (220,0) width 61: "elements"
          LayoutText {#text} at (300,0) size 5x18
            text run at (300,0) width 5: " "
          LayoutInline {TT} at (0,0) size 48x15
            LayoutText {#text} at (304,2) size 48x15
              text run at (304,2) width 48: "within"
          LayoutText {#text} at (371,0) size 110x18
            text run at (371,0) width 110: " elements too."
          LayoutBR {BR} at (500,14) size 1x0
          LayoutText {#text} at (0,18) size 179x18
            text run at (0,18) width 60: "Word "
            text run at (59,18) width 120: "spacing test "
          LayoutInline {EM} at (0,0) size 19x18
            LayoutText {#text} at (178,18) size 19x18
              text run at (178,18) width 19: "for"
          LayoutText {#text} at (216,18) size 5x18
            text run at (216,18) width 5: " "
          LayoutInline {STRONG} at (0,0) size 61x18
            LayoutText {#text} at (220,18) size 61x18
              text run at (220,18) width 61: "elements"
          LayoutText {#text} at (300,18) size 5x18
            text run at (300,18) width 5: " "
          LayoutInline {TT} at (0,0) size 48x15
            LayoutText {#text} at (304,20) size 48x15
              text run at (304,20) width 48: "within"
          LayoutText {#text} at (371,18) size 86x18
            text run at (371,18) width 86: " elements "
          LayoutText {#text} at (456,18) size 781x36
            text run at (456,18) width 325: "too. (with comment between elements"
            text run at (0,36) width 73: "and too)"
          LayoutBR {BR} at (92,50) size 1x0
          LayoutText {#text} at (0,54) size 179x18
            text run at (0,54) width 60: "Word "
            text run at (59,54) width 120: "spacing test "
          LayoutInline {EM} at (0,0) size 19x18
            LayoutText {#text} at (178,54) size 19x18
              text run at (178,54) width 19: "for"
          LayoutText {#text} at (216,54) size 5x18
            text run at (216,54) width 5: " "
          LayoutInline {STRONG} at (0,0) size 61x18
            LayoutText {#text} at (220,54) size 61x18
              text run at (220,54) width 61: "elements"
          LayoutText {#text} at (300,54) size 5x18
            text run at (300,54) width 5: " "
          LayoutInline {TT} at (0,0) size 48x15
            LayoutText {#text} at (304,56) size 48x15
              text run at (304,56) width 48: "within"
          LayoutText {#text} at (371,54) size 62x18
            text run at (371,54) width 62: " elements"
          LayoutText {#text} at (452,54) size 755x36
            text run at (452,54) width 303: " too. (with comment (no preceding"
            text run at (0,72) width 296: "space) between elements and too)"
          LayoutBR {BR} at (315,86) size 1x0
          LayoutText {#text} at (0,90) size 179x18
            text run at (0,90) width 60: "Word "
            text run at (59,90) width 120: "spacing test "
          LayoutInline {EM} at (0,0) size 19x18
            LayoutText {#text} at (178,90) size 19x18
              text run at (178,90) width 19: "for"
          LayoutText {#text} at (216,90) size 5x18
            text run at (216,90) width 5: " "
          LayoutInline {STRONG} at (0,0) size 61x18
            LayoutText {#text} at (220,90) size 61x18
              text run at (220,90) width 61: "elements"
          LayoutText {#text} at (300,90) size 5x18
            text run at (300,90) width 5: " "
          LayoutInline {TT} at (0,0) size 48x15
            LayoutText {#text} at (304,92) size 48x15
              text run at (304,92) width 48: "within"
          LayoutText {#text} at (371,90) size 86x18
            text run at (371,90) width 86: " elements "
          LayoutText {#text} at (456,90) size 738x36
            text run at (456,90) width 282: "too. (with comment (no trailing"
            text run at (0,108) width 296: "space) between elements and too)"
          LayoutBR {BR} at (315,122) size 1x0
          LayoutInline {SPAN} at (0,0) size 314x15
            LayoutText {#text} at (0,128) size 201x15
              text run at (0,128) width 59: "Word "
              text run at (59,128) width 142: "spacing test "
            LayoutInline {EM} at (0,0) size 24x15
              LayoutText {#text} at (200,128) size 24x15
                text run at (200,128) width 24: "for"
            LayoutText {#text} at (243,128) size 9x15
              text run at (243,128) width 9: " "
            LayoutInline {STRONG} at (0,0) size 63x15
              LayoutText {#text} at (251,128) size 63x15
                text run at (251,128) width 63: "elements"
          LayoutText {#text} at (334,126) size 4x18
            text run at (334,126) width 4: " "
          LayoutInline {TT} at (0,0) size 47x15
            LayoutText {#text} at (338,128) size 47x15
              text run at (338,128) width 47: "within"
          LayoutText {#text} at (404,126) size 773x36
            text run at (404,126) width 369: " elements too. (with monospace font from"
            text run at (0,144) width 158: "Word to elements)"
          LayoutBR {BR} at (177,158) size 1x0
          LayoutText {#text} at (0,162) size 179x18
            text run at (0,162) width 60: "Word "
            text run at (59,162) width 120: "spacing test "
          LayoutInline {SPAN} at (0,0) size 189x15
            LayoutInline {EM} at (0,0) size 24x15
              LayoutText {#text} at (178,164) size 24x15
                text run at (178,164) width 24: "for"
            LayoutText {#text} at (221,164) size 9x15
              text run at (221,164) width 9: " "
            LayoutInline {STRONG} at (0,0) size 63x15
              LayoutText {#text} at (229,164) size 63x15
                text run at (229,164) width 63: "elements"
            LayoutText {#text} at (311,164) size 9x15
              text run at (311,164) width 9: " "
            LayoutInline {TT} at (0,0) size 48x15
              LayoutText {#text} at (319,164) size 48x15
                text run at (319,164) width 48: "within"
          LayoutText {#text} at (386,162) size 755x36
            text run at (386,162) width 369: " elements too. (with monospace font from"
            text run at (0,180) width 126: "for to within)"
          LayoutBR {BR} at (145,194) size 1x0
          LayoutText {#text} at (0,198) size 179x18
            text run at (0,198) width 60: "Word "
            text run at (59,198) width 120: "spacing test "
          LayoutInline {EM} at (0,0) size 19x18
            LayoutText {#text} at (178,198) size 19x18
              text run at (178,198) width 19: "for"
          LayoutText {#text} at (216,198) size 5x18
            text run at (216,198) width 5: " "
          LayoutInline {STRONG} at (0,0) size 61x18
            LayoutText {#text} at (220,198) size 61x18
              text run at (220,198) width 61: "elements"
          LayoutText {#text} at (300,198) size 5x18
            text run at (300,198) width 5: " "
          LayoutInline {SPAN} at (0,0) size 189x15
            LayoutInline {TT} at (0,0) size 48x15
              LayoutText {#text} at (304,200) size 48x15
                text run at (304,200) width 48: "within"
            LayoutText {#text} at (371,200) size 122x15
              text run at (371,200) width 122: " elements too"
          LayoutText {#text} at (492,198) size 756x36
            text run at (492,198) width 264: ". (with monospace font from"
            text run at (0,216) width 168: "elements to too) "
        LayoutText {#text} at (0,0) size 0x0
        LayoutBR {BR} at (0,0) size 0x0
        LayoutBR {BR} at (0,234) size 0x18
        LayoutBR {BR} at (0,252) size 0x18
      LayoutBlockFlow {H2} at (0,758.06) size 784x28
        LayoutText {#text} at (0,0) size 140x28
          text run at (0,0) width 140: "letter-spacing"
      LayoutBlockFlow (anonymous) at (0,805.97) size 784x193.41
        LayoutBlockFlow (floating) {PRE} at (0,13) size 1484.98x167.41
          LayoutBlockFlow {H3} at (0,15.20) size 1484.98x17
            LayoutText {#text} at (0,0) size 222x17
              text run at (0,0) width 222: "In a floated pre"
          LayoutBlockFlow (anonymous) at (0,47.41) size 1484.98x120
            LayoutText {#text} at (0,0) size 282x30
              text run at (0,0) width 0: " "
              text run at (0,15) width 282: "Letter   spacing test "
            LayoutInline {EM} at (0,0) size 35x15
              LayoutText {#text} at (281,15) size 35x15
                text run at (281,15) width 35: "for"
            LayoutText {#text} at (315,15) size 18x15
              text run at (315,15) width 18: " "
            LayoutInline {STRONG} at (0,0) size 99x15
              LayoutText {#text} at (332,15) size 99x15
                text run at (332,15) width 99: "elements"
            LayoutText {#text} at (430,15) size 19x15
              text run at (430,15) width 19: " "
            LayoutInline {TT} at (0,0) size 72x15
              LayoutText {#text} at (448,15) size 72x15
                text run at (448,15) width 72: "within"
            LayoutText {#text} at (519,15) size 705x30
              text run at (519,15) width 186: " elements too."
              text run at (704,15) width 1: " "
              text run at (0,30) width 282: "Letter   spacing test "
            LayoutInline {EM} at (0,0) size 35x15
              LayoutText {#text} at (281,30) size 35x15
                text run at (281,30) width 35: "for"
            LayoutText {#text} at (315,30) size 18x15
              text run at (315,30) width 18: " "
            LayoutInline {STRONG} at (0,0) size 99x15
              LayoutText {#text} at (332,30) size 99x15
                text run at (332,30) width 99: "elements"
            LayoutText {#text} at (430,30) size 19x15
              text run at (430,30) width 19: " "
            LayoutInline {TT} at (0,0) size 72x15
              LayoutText {#text} at (448,30) size 72x15
                text run at (448,30) width 72: "within"
            LayoutText {#text} at (519,30) size 134x15
              text run at (519,30) width 134: " elements "
            LayoutText {#text} at (652,30) size 1229x30
              text run at (652,30) width 577: " too. (with comment between elements and too)"
              text run at (1228,30) width 1: " "
              text run at (0,45) width 282: "Letter   spacing test "
            LayoutInline {EM} at (0,0) size 35x15
              LayoutText {#text} at (281,45) size 35x15
                text run at (281,45) width 35: "for"
            LayoutText {#text} at (315,45) size 18x15
              text run at (315,45) width 18: " "
            LayoutInline {STRONG} at (0,0) size 99x15
              LayoutText {#text} at (332,45) size 99x15
                text run at (332,45) width 99: "elements"
            LayoutText {#text} at (430,45) size 19x15
              text run at (430,45) width 19: " "
            LayoutInline {TT} at (0,0) size 72x15
              LayoutText {#text} at (448,45) size 72x15
                text run at (448,45) width 72: "within"
            LayoutText {#text} at (519,45) size 122x15
              text run at (519,45) width 122: " elements"
            LayoutText {#text} at (640,45) size 1485x30
              text run at (640,45) width 845: " too. (with comment (no preceding space) between elements and too)"
              text run at (1484,45) width 1: " "
              text run at (0,60) width 282: "Letter   spacing test "
            LayoutInline {EM} at (0,0) size 35x15
              LayoutText {#text} at (281,60) size 35x15
                text run at (281,60) width 35: "for"
            LayoutText {#text} at (315,60) size 18x15
              text run at (315,60) width 18: " "
            LayoutInline {STRONG} at (0,0) size 99x15
              LayoutText {#text} at (332,60) size 99x15
                text run at (332,60) width 99: "elements"
            LayoutText {#text} at (430,60) size 19x15
              text run at (430,60) width 19: " "
            LayoutInline {TT} at (0,0) size 72x15
              LayoutText {#text} at (448,60) size 72x15
                text run at (448,60) width 72: "within"
            LayoutText {#text} at (519,60) size 134x15
              text run at (519,60) width 134: " elements "
            LayoutText {#text} at (652,60) size 821x15
              text run at (652,60) width 821: "too. (with comment (no trailing space) between elements and too)"
              text run at (1472,60) width 1: " "
            LayoutInline {SPAN} at (0,0) size 431x15
              LayoutText {#text} at (0,75) size 282x15
                text run at (0,75) width 282: "Letter   spacing test "
              LayoutInline {EM} at (0,0) size 35x15
                LayoutText {#text} at (281,75) size 35x15
                  text run at (281,75) width 35: "for"
              LayoutText {#text} at (315,75) size 18x15
                text run at (315,75) width 18: " "
              LayoutInline {STRONG} at (0,0) size 99x15
                LayoutText {#text} at (332,75) size 99x15
                  text run at (332,75) width 99: "elements"
            LayoutText {#text} at (430,75) size 19x15
              text run at (430,75) width 19: " "
            LayoutInline {TT} at (0,0) size 72x15
              LayoutText {#text} at (448,75) size 72x15
                text run at (448,75) width 72: "within"
            LayoutText {#text} at (519,75) size 1293x30
              text run at (519,75) width 774: " elements too. (with monospace font from Letter to elements)"
              text run at (1292,75) width 1: " "
              text run at (0,90) width 282: "Letter   spacing test "
            LayoutInline {SPAN} at (0,0) size 239x15
              LayoutInline {EM} at (0,0) size 35x15
                LayoutText {#text} at (281,90) size 35x15
                  text run at (281,90) width 35: "for"
              LayoutText {#text} at (315,90) size 18x15
                text run at (315,90) width 18: " "
              LayoutInline {STRONG} at (0,0) size 99x15
                LayoutText {#text} at (332,90) size 99x15
                  text run at (332,90) width 99: "elements"
              LayoutText {#text} at (430,90) size 19x15
                text run at (430,90) width 19: " "
              LayoutInline {TT} at (0,0) size 72x15
                LayoutText {#text} at (448,90) size 72x15
                  text run at (448,90) width 72: "within"
            LayoutText {#text} at (519,90) size 1229x30
              text run at (519,90) width 710: " elements too. (with monospace font from for to within)"
              text run at (1228,90) width 1: " "
              text run at (0,105) width 282: "Letter   spacing test "
            LayoutInline {EM} at (0,0) size 35x15
              LayoutText {#text} at (281,105) size 35x15
                text run at (281,105) width 35: "for"
            LayoutText {#text} at (315,105) size 18x15
              text run at (315,105) width 18: " "
            LayoutInline {STRONG} at (0,0) size 99x15
              LayoutText {#text} at (332,105) size 99x15
                text run at (332,105) width 99: "elements"
            LayoutText {#text} at (430,105) size 19x15
              text run at (430,105) width 19: " "
            LayoutInline {SPAN} at (0,0) size 239x15
              LayoutInline {TT} at (0,0) size 72x15
                LayoutText {#text} at (448,105) size 72x15
                  text run at (448,105) width 72: "within"
              LayoutText {#text} at (519,105) size 168x15
                text run at (519,105) width 168: " elements too"
            LayoutText {#text} at (686,105) size 569x15
              text run at (686,105) width 569: ". (with monospace font from elements to too)"
              text run at (1254,105) width 1: " "
        LayoutBR {BR} at (1484,0) size 1x18
      LayoutBlockFlow {PRE} at (0,1014.58) size 784x152.20
        LayoutBlockFlow {H3} at (0,0) size 784x17
          LayoutText {#text} at (0,0) size 278x17
            text run at (0,0) width 278: "In an un-floated pre"
        LayoutBlockFlow (anonymous) at (0,32.20) size 784x120
          LayoutText {#text} at (0,0) size 282x30
            text run at (0,0) width 0: " "
            text run at (0,15) width 282: "Letter   spacing test "
          LayoutInline {EM} at (0,0) size 35x15
            LayoutText {#text} at (281,15) size 35x15
              text run at (281,15) width 35: "for"
          LayoutText {#text} at (315,15) size 18x15
            text run at (315,15) width 18: " "
          LayoutInline {STRONG} at (0,0) size 99x15
            LayoutText {#text} at (332,15) size 99x15
              text run at (332,15) width 99: "elements"
          LayoutText {#text} at (430,15) size 19x15
            text run at (430,15) width 19: " "
          LayoutInline {TT} at (0,0) size 72x15
            LayoutText {#text} at (448,15) size 72x15
              text run at (448,15) width 72: "within"
          LayoutText {#text} at (519,15) size 705x30
            text run at (519,15) width 186: " elements too."
            text run at (704,15) width 1: " "
            text run at (0,30) width 282: "Letter   spacing test "
          LayoutInline {EM} at (0,0) size 35x15
            LayoutText {#text} at (281,30) size 35x15
              text run at (281,30) width 35: "for"
          LayoutText {#text} at (315,30) size 18x15
            text run at (315,30) width 18: " "
          LayoutInline {STRONG} at (0,0) size 99x15
            LayoutText {#text} at (332,30) size 99x15
              text run at (332,30) width 99: "elements"
          LayoutText {#text} at (430,30) size 19x15
            text run at (430,30) width 19: " "
          LayoutInline {TT} at (0,0) size 72x15
            LayoutText {#text} at (448,30) size 72x15
              text run at (448,30) width 72: "within"
          LayoutText {#text} at (519,30) size 134x15
            text run at (519,30) width 134: " elements "
          LayoutText {#text} at (652,30) size 1229x30
            text run at (652,30) width 577: " too. (with comment between elements and too)"
            text run at (1228,30) width 1: " "
            text run at (0,45) width 282: "Letter   spacing test "
          LayoutInline {EM} at (0,0) size 35x15
            LayoutText {#text} at (281,45) size 35x15
              text run at (281,45) width 35: "for"
          LayoutText {#text} at (315,45) size 18x15
            text run at (315,45) width 18: " "
          LayoutInline {STRONG} at (0,0) size 99x15
            LayoutText {#text} at (332,45) size 99x15
              text run at (332,45) width 99: "elements"
          LayoutText {#text} at (430,45) size 19x15
            text run at (430,45) width 19: " "
          LayoutInline {TT} at (0,0) size 72x15
            LayoutText {#text} at (448,45) size 72x15
              text run at (448,45) width 72: "within"
          LayoutText {#text} at (519,45) size 122x15
            text run at (519,45) width 122: " elements"
          LayoutText {#text} at (640,45) size 1485x30
            text run at (640,45) width 845: " too. (with comment (no preceding space) between elements and too)"
            text run at (1484,45) width 1: " "
            text run at (0,60) width 282: "Letter   spacing test "
          LayoutInline {EM} at (0,0) size 35x15
            LayoutText {#text} at (281,60) size 35x15
              text run at (281,60) width 35: "for"
          LayoutText {#text} at (315,60) size 18x15
            text run at (315,60) width 18: " "
          LayoutInline {STRONG} at (0,0) size 99x15
            LayoutText {#text} at (332,60) size 99x15
              text run at (332,60) width 99: "elements"
          LayoutText {#text} at (430,60) size 19x15
            text run at (430,60) width 19: " "
          LayoutInline {TT} at (0,0) size 72x15
            LayoutText {#text} at (448,60) size 72x15
              text run at (448,60) width 72: "within"
          LayoutText {#text} at (519,60) size 134x15
            text run at (519,60) width 134: " elements "
          LayoutText {#text} at (652,60) size 821x15
            text run at (652,60) width 821: "too. (with comment (no trailing space) between elements and too)"
            text run at (1472,60) width 1: " "
          LayoutInline {SPAN} at (0,0) size 431x15
            LayoutText {#text} at (0,75) size 282x15
              text run at (0,75) width 282: "Letter   spacing test "
            LayoutInline {EM} at (0,0) size 35x15
              LayoutText {#text} at (281,75) size 35x15
                text run at (281,75) width 35: "for"
            LayoutText {#text} at (315,75) size 18x15
              text run at (315,75) width 18: " "
            LayoutInline {STRONG} at (0,0) size 99x15
              LayoutText {#text} at (332,75) size 99x15
                text run at (332,75) width 99: "elements"
          LayoutText {#text} at (430,75) size 19x15
            text run at (430,75) width 19: " "
          LayoutInline {TT} at (0,0) size 72x15
            LayoutText {#text} at (448,75) size 72x15
              text run at (448,75) width 72: "within"
          LayoutText {#text} at (519,75) size 1293x30
            text run at (519,75) width 774: " elements too. (with monospace font from Letter to elements)"
            text run at (1292,75) width 1: " "
            text run at (0,90) width 282: "Letter   spacing test "
          LayoutInline {SPAN} at (0,0) size 239x15
            LayoutInline {EM} at (0,0) size 35x15
              LayoutText {#text} at (281,90) size 35x15
                text run at (281,90) width 35: "for"
            LayoutText {#text} at (315,90) size 18x15
              text run at (315,90) width 18: " "
            LayoutInline {STRONG} at (0,0) size 99x15
              LayoutText {#text} at (332,90) size 99x15
                text run at (332,90) width 99: "elements"
            LayoutText {#text} at (430,90) size 19x15
              text run at (430,90) width 19: " "
            LayoutInline {TT} at (0,0) size 72x15
              LayoutText {#text} at (448,90) size 72x15
                text run at (448,90) width 72: "within"
          LayoutText {#text} at (519,90) size 1229x30
            text run at (519,90) width 710: " elements too. (with monospace font from for to within)"
            text run at (1228,90) width 1: " "
            text run at (0,105) width 282: "Letter   spacing test "
          LayoutInline {EM} at (0,0) size 35x15
            LayoutText {#text} at (281,105) size 35x15
              text run at (281,105) width 35: "for"
          LayoutText {#text} at (315,105) size 18x15
            text run at (315,105) width 18: " "
          LayoutInline {STRONG} at (0,0) size 99x15
            LayoutText {#text} at (332,105) size 99x15
              text run at (332,105) width 99: "elements"
          LayoutText {#text} at (430,105) size 19x15
            text run at (430,105) width 19: " "
          LayoutInline {SPAN} at (0,0) size 239x15
            LayoutInline {TT} at (0,0) size 72x15
              LayoutText {#text} at (448,105) size 72x15
                text run at (448,105) width 72: "within"
            LayoutText {#text} at (519,105) size 168x15
              text run at (519,105) width 168: " elements too"
          LayoutText {#text} at (686,105) size 569x15
            text run at (686,105) width 569: ". (with monospace font from elements to too)"
            text run at (1254,105) width 1: " "
      LayoutBlockFlow (anonymous) at (0,1179.78) size 784x18
        LayoutBR {BR} at (0,0) size 0x18
        LayoutInline {SPAN} at (0,0) size 0x0
          LayoutText {#text} at (0,0) size 0x0
      LayoutBlockFlow (anonymous) at (0,1216.50) size 784x22
        LayoutBlockFlow {H3} at (0,0) size 784x22
          LayoutText {#text} at (0,0) size 114x22
            text run at (0,0) width 114: "In a span"
      LayoutBlockFlow (anonymous) at (0,1257.22) size 784x270
        LayoutInline {SPAN} at (0,0) size 780x234
          LayoutText {#text} at (0,0) size 222x18
            text run at (0,0) width 78: "Letter "
            text run at (77,0) width 145: "spacing test "
          LayoutInline {EM} at (0,0) size 29x18
            LayoutText {#text} at (221,0) size 29x18
              text run at (221,0) width 29: "for"
          LayoutText {#text} at (249,0) size 15x18
            text run at (249,0) width 15: " "
          LayoutInline {STRONG} at (0,0) size 96x18
            LayoutText {#text} at (263,0) size 96x18
              text run at (263,0) width 96: "elements"
          LayoutText {#text} at (358,0) size 15x18
            text run at (358,0) width 15: " "
          LayoutInline {TT} at (0,0) size 73x15
            LayoutText {#text} at (372,2) size 73x15
              text run at (372,2) width 73: "within"
          LayoutText {#text} at (444,0) size 165x18
            text run at (444,0) width 165: " elements too."
          LayoutBR {BR} at (608,14) size 1x0
          LayoutText {#text} at (0,18) size 222x18
            text run at (0,18) width 78: "Letter "
            text run at (77,18) width 145: "spacing test "
          LayoutInline {EM} at (0,0) size 29x18
            LayoutText {#text} at (221,18) size 29x18
              text run at (221,18) width 29: "for"
          LayoutText {#text} at (249,18) size 15x18
            text run at (249,18) width 15: " "
          LayoutInline {STRONG} at (0,0) size 96x18
            LayoutText {#text} at (263,18) size 96x18
              text run at (263,18) width 96: "elements"
          LayoutText {#text} at (358,18) size 15x18
            text run at (358,18) width 15: " "
          LayoutInline {TT} at (0,0) size 73x15
            LayoutText {#text} at (372,20) size 73x15
              text run at (372,20) width 73: "within"
          LayoutText {#text} at (444,18) size 121x18
            text run at (444,18) width 121: " elements "
          LayoutText {#text} at (564,18) size 780x36
            text run at (564,18) width 216: "too. (with comment"
            text run at (0,36) width 297: "between elements and too)"
          LayoutBR {BR} at (296,50) size 1x0
          LayoutText {#text} at (0,54) size 222x18
            text run at (0,54) width 78: "Letter "
            text run at (77,54) width 145: "spacing test "
          LayoutInline {EM} at (0,0) size 29x18
            LayoutText {#text} at (221,54) size 29x18
              text run at (221,54) width 29: "for"
          LayoutText {#text} at (249,54) size 15x18
            text run at (249,54) width 15: " "
          LayoutInline {STRONG} at (0,0) size 96x18
            LayoutText {#text} at (263,54) size 96x18
              text run at (263,54) width 96: "elements"
          LayoutText {#text} at (358,54) size 15x18
            text run at (358,54) width 15: " "
          LayoutInline {TT} at (0,0) size 73x15
            LayoutText {#text} at (372,56) size 73x15
              text run at (372,56) width 73: "within"
          LayoutText {#text} at (444,54) size 112x18
            text run at (444,54) width 112: " elements"
          LayoutText {#text} at (555,54) size 780x36
            text run at (555,54) width 225: " too. (with comment"
            text run at (0,72) width 539: "(no preceding space) between elements and too)"
          LayoutBR {BR} at (538,86) size 1x0
          LayoutText {#text} at (0,90) size 222x18
            text run at (0,90) width 78: "Letter "
            text run at (77,90) width 145: "spacing test "
          LayoutInline {EM} at (0,0) size 29x18
            LayoutText {#text} at (221,90) size 29x18
              text run at (221,90) width 29: "for"
          LayoutText {#text} at (249,90) size 15x18
            text run at (249,90) width 15: " "
          LayoutInline {STRONG} at (0,0) size 96x18
            LayoutText {#text} at (263,90) size 96x18
              text run at (263,90) width 96: "elements"
          LayoutText {#text} at (358,90) size 15x18
            text run at (358,90) width 15: " "
          LayoutInline {TT} at (0,0) size 73x15
            LayoutText {#text} at (372,92) size 73x15
              text run at (372,92) width 73: "within"
          LayoutText {#text} at (444,90) size 121x18
            text run at (444,90) width 121: " elements "
          LayoutText {#text} at (564,90) size 780x36
            text run at (564,90) width 216: "too. (with comment"
            text run at (0,108) width 517: "(no trailing space) between elements and too)"
          LayoutBR {BR} at (516,122) size 1x0
          LayoutInline {SPAN} at (0,0) size 405x15
            LayoutText {#text} at (0,128) size 256x15
              text run at (0,128) width 90: "Letter "
              text run at (89,128) width 167: "spacing test "
            LayoutInline {EM} at (0,0) size 34x15
              LayoutText {#text} at (256,128) size 34x15
                text run at (256,128) width 34: "for"
            LayoutText {#text} at (289,128) size 19x15
              text run at (289,128) width 19: " "
            LayoutInline {STRONG} at (0,0) size 98x15
              LayoutText {#text} at (307,128) size 98x15
                text run at (307,128) width 98: "elements"
          LayoutText {#text} at (404,126) size 15x18
            text run at (404,126) width 15: " "
          LayoutInline {TT} at (0,0) size 73x15
            LayoutText {#text} at (418,128) size 73x15
              text run at (418,128) width 73: "within"
          LayoutText {#text} at (490,126) size 723x36
            text run at (490,126) width 233: " elements too. (with"
            text run at (0,144) width 457: "monospace font from Letter to elements)"
          LayoutBR {BR} at (456,158) size 1x0
          LayoutText {#text} at (0,162) size 222x18
            text run at (0,162) width 78: "Letter "
            text run at (77,162) width 145: "spacing test "
          LayoutInline {SPAN} at (0,0) size 239x15
            LayoutInline {EM} at (0,0) size 34x15
              LayoutText {#text} at (221,164) size 34x15
                text run at (221,164) width 34: "for"
            LayoutText {#text} at (254,164) size 19x15
              text run at (254,164) width 19: " "
            LayoutInline {STRONG} at (0,0) size 98x15
              LayoutText {#text} at (272,164) size 98x15
                text run at (272,164) width 98: "elements"
            LayoutText {#text} at (369,164) size 19x15
              text run at (369,164) width 19: " "
            LayoutInline {TT} at (0,0) size 73x15
              LayoutText {#text} at (387,164) size 73x15
                text run at (387,164) width 73: "within"
          LayoutText {#text} at (459,162) size 692x36
            text run at (459,162) width 233: " elements too. (with"
            text run at (0,180) width 397: "monospace font from for to within)"
          LayoutBR {BR} at (396,194) size 1x0
          LayoutText {#text} at (0,198) size 222x18
            text run at (0,198) width 78: "Letter "
            text run at (77,198) width 145: "spacing test "
          LayoutInline {EM} at (0,0) size 29x18
            LayoutText {#text} at (221,198) size 29x18
              text run at (221,198) width 29: "for"
          LayoutText {#text} at (249,198) size 15x18
            text run at (249,198) width 15: " "
          LayoutInline {STRONG} at (0,0) size 96x18
            LayoutText {#text} at (263,198) size 96x18
              text run at (263,198) width 96: "elements"
          LayoutText {#text} at (358,198) size 15x18
            text run at (358,198) width 15: " "
          LayoutInline {SPAN} at (0,0) size 239x15
            LayoutInline {TT} at (0,0) size 73x15
              LayoutText {#text} at (372,200) size 73x15
                text run at (372,200) width 73: "within"
            LayoutText {#text} at (444,200) size 167x15
              text run at (444,200) width 167: " elements too"
          LayoutText {#text} at (610,198) size 693x36
            text run at (610,198) width 83: ". (with"
            text run at (0,216) width 428: "monospace font from elements to too) "
        LayoutText {#text} at (0,0) size 0x0
        LayoutBR {BR} at (0,0) size 0x0
        LayoutBR {BR} at (0,234) size 0x18
        LayoutBR {BR} at (0,252) size 0x18
      LayoutBlockFlow {H2} at (0,1547.13) size 784x28
        LayoutText {#text} at (0,0) size 133x28
          text run at (0,0) width 133: "both-spacing"
      LayoutBlockFlow (anonymous) at (0,1595.03) size 784x193.41
        LayoutBlockFlow (floating) {PRE} at (0,13) size 1947.39x167.41
          LayoutBlockFlow {H3} at (0,15.20) size 1947.39x17
            LayoutText {#text} at (0,0) size 282x17
              text run at (0,0) width 282: "In a floated pre"
          LayoutBlockFlow (anonymous) at (0,47.41) size 1947.39x120
            LayoutText {#text} at (0,0) size 537x30
              text run at (0,0) width 0: " "
              text run at (0,15) width 537: "Word and letter   spacing test "
            LayoutInline {EM} at (0,0) size 35x15
              LayoutText {#text} at (536,15) size 35x15
                text run at (536,15) width 35: "for"
            LayoutText {#text} at (590,15) size 19x15
              text run at (590,15) width 19: " "
            LayoutInline {STRONG} at (0,0) size 98x15
              LayoutText {#text} at (608,15) size 98x15
                text run at (608,15) width 98: "elements"
            LayoutText {#text} at (725,15) size 19x15
              text run at (725,15) width 19: " "
            LayoutInline {TT} at (0,0) size 73x15
              LayoutText {#text} at (743,15) size 73x15
                text run at (743,15) width 73: "within"
            LayoutText {#text} at (835,15) size 1060x30
              text run at (835,15) width 205: " elements too."
              text run at (1059,15) width 1: " "
              text run at (0,30) width 537: "Word and letter   spacing test "
            LayoutInline {EM} at (0,0) size 35x15
              LayoutText {#text} at (536,30) size 35x15
                text run at (536,30) width 35: "for"
            LayoutText {#text} at (590,30) size 19x15
              text run at (590,30) width 19: " "
            LayoutInline {STRONG} at (0,0) size 98x15
              LayoutText {#text} at (608,30) size 98x15
                text run at (608,30) width 98: "elements"
            LayoutText {#text} at (725,30) size 19x15
              text run at (725,30) width 19: " "
            LayoutInline {TT} at (0,0) size 73x15
              LayoutText {#text} at (743,30) size 73x15
                text run at (743,30) width 73: "within"
            LayoutText {#text} at (835,30) size 154x15
              text run at (835,30) width 154: " elements "
            LayoutText {#text} at (988,30) size 1705x30
              text run at (988,30) width 697: " too. (with comment between elements and too)"
              text run at (1704,30) width 1: " "
              text run at (0,45) width 537: "Word and letter   spacing test "
            LayoutInline {EM} at (0,0) size 35x15
              LayoutText {#text} at (536,45) size 35x15
                text run at (536,45) width 35: "for"
            LayoutText {#text} at (590,45) size 19x15
              text run at (590,45) width 19: " "
            LayoutInline {STRONG} at (0,0) size 98x15
              LayoutText {#text} at (608,45) size 98x15
                text run at (608,45) width 98: "elements"
            LayoutText {#text} at (725,45) size 19x15
              text run at (725,45) width 19: " "
            LayoutInline {TT} at (0,0) size 73x15
              LayoutText {#text} at (743,45) size 73x15
                text run at (743,45) width 73: "within"
            LayoutText {#text} at (835,45) size 121x15
              text run at (835,45) width 121: " elements"
            LayoutText {#text} at (975,45) size 2021x30
              text run at (975,45) width 1026: " too. (with comment (no preceding space) between elements and too)"
              text run at (2020,45) width 1: " "
              text run at (0,60) width 537: "Word and letter   spacing test "
            LayoutInline {EM} at (0,0) size 35x15
              LayoutText {#text} at (536,60) size 35x15
                text run at (536,60) width 35: "for"
            LayoutText {#text} at (590,60) size 19x15
              text run at (590,60) width 19: " "
            LayoutInline {STRONG} at (0,0) size 98x15
              LayoutText {#text} at (608,60) size 98x15
                text run at (608,60) width 98: "elements"
            LayoutText {#text} at (725,60) size 19x15
              text run at (725,60) width 19: " "
            LayoutInline {TT} at (0,0) size 73x15
              LayoutText {#text} at (743,60) size 73x15
                text run at (743,60) width 73: "within"
            LayoutText {#text} at (835,60) size 154x15
              text run at (835,60) width 154: " elements "
            LayoutText {#text} at (988,60) size 1020x15
              text run at (988,60) width 1000: "too. (with comment (no trailing space) between elements and too)"
              text run at (2007,60) width 1: " "
            LayoutInline {SPAN} at (0,0) size 706x15
              LayoutText {#text} at (0,75) size 537x15
                text run at (0,75) width 537: "Word and letter   spacing test "
              LayoutInline {EM} at (0,0) size 35x15
                LayoutText {#text} at (536,75) size 35x15
                  text run at (536,75) width 35: "for"
              LayoutText {#text} at (590,75) size 19x15
                text run at (590,75) width 19: " "
              LayoutInline {STRONG} at (0,0) size 98x15
                LayoutText {#text} at (608,75) size 98x15
                  text run at (608,75) width 98: "elements"
            LayoutText {#text} at (725,75) size 19x15
              text run at (725,75) width 19: " "
            LayoutInline {TT} at (0,0) size 73x15
              LayoutText {#text} at (743,75) size 73x15
                text run at (743,75) width 73: "within"
            LayoutText {#text} at (835,75) size 1763x30
              text run at (835,75) width 908: " elements too. (with monospace font from Word to elements)"
              text run at (1762,75) width 1: " "
              text run at (0,90) width 537: "Word and letter   spacing test "
            LayoutInline {SPAN} at (0,0) size 280x15
              LayoutInline {EM} at (0,0) size 35x15
                LayoutText {#text} at (536,90) size 35x15
                  text run at (536,90) width 35: "for"
              LayoutText {#text} at (590,90) size 19x15
                text run at (590,90) width 19: " "
              LayoutInline {STRONG} at (0,0) size 98x15
                LayoutText {#text} at (608,90) size 98x15
                  text run at (608,90) width 98: "elements"
              LayoutText {#text} at (725,90) size 19x15
                text run at (725,90) width 19: " "
              LayoutInline {TT} at (0,0) size 73x15
                LayoutText {#text} at (743,90) size 73x15
                  text run at (743,90) width 73: "within"
            LayoutText {#text} at (835,90) size 1725x30
              text run at (835,90) width 870: " elements too. (with monospace font from for to within)"
              text run at (1724,90) width 1: " "
              text run at (0,105) width 537: "Word and letter   spacing test "
            LayoutInline {EM} at (0,0) size 35x15
              LayoutText {#text} at (536,105) size 35x15
                text run at (536,105) width 35: "for"
            LayoutText {#text} at (590,105) size 19x15
              text run at (590,105) width 19: " "
            LayoutInline {STRONG} at (0,0) size 98x15
              LayoutText {#text} at (608,105) size 98x15
                text run at (608,105) width 98: "elements"
            LayoutText {#text} at (725,105) size 19x15
              text run at (725,105) width 19: " "
            LayoutInline {SPAN} at (0,0) size 279x15
              LayoutInline {TT} at (0,0) size 73x15
                LayoutText {#text} at (743,105) size 73x15
                  text run at (743,105) width 73: "within"
              LayoutText {#text} at (835,105) size 187x15
                text run at (835,105) width 187: " elements too"
            LayoutText {#text} at (1021,105) size 729x15
              text run at (1021,105) width 709: ". (with monospace font from elements to too)"
              text run at (1749,105) width 1: " "
        LayoutBR {BR} at (1947,0) size 1x18
      LayoutBlockFlow {PRE} at (0,1803.64) size 784x152.20
        LayoutBlockFlow {H3} at (0,0) size 784x17
          LayoutText {#text} at (0,0) size 338x17
            text run at (0,0) width 338: "In an un-floated pre"
        LayoutBlockFlow (anonymous) at (0,32.20) size 784x120
          LayoutText {#text} at (0,0) size 537x30
            text run at (0,0) width 0: " "
            text run at (0,15) width 537: "Word and letter   spacing test "
          LayoutInline {EM} at (0,0) size 35x15
            LayoutText {#text} at (536,15) size 35x15
              text run at (536,15) width 35: "for"
          LayoutText {#text} at (590,15) size 19x15
            text run at (590,15) width 19: " "
          LayoutInline {STRONG} at (0,0) size 98x15
            LayoutText {#text} at (608,15) size 98x15
              text run at (608,15) width 98: "elements"
          LayoutText {#text} at (725,15) size 19x15
            text run at (725,15) width 19: " "
          LayoutInline {TT} at (0,0) size 73x15
            LayoutText {#text} at (743,15) size 73x15
              text run at (743,15) width 73: "within"
          LayoutText {#text} at (835,15) size 1060x30
            text run at (835,15) width 205: " elements too."
            text run at (1059,15) width 1: " "
            text run at (0,30) width 537: "Word and letter   spacing test "
          LayoutInline {EM} at (0,0) size 35x15
            LayoutText {#text} at (536,30) size 35x15
              text run at (536,30) width 35: "for"
          LayoutText {#text} at (590,30) size 19x15
            text run at (590,30) width 19: " "
          LayoutInline {STRONG} at (0,0) size 98x15
            LayoutText {#text} at (608,30) size 98x15
              text run at (608,30) width 98: "elements"
          LayoutText {#text} at (725,30) size 19x15
            text run at (725,30) width 19: " "
          LayoutInline {TT} at (0,0) size 73x15
            LayoutText {#text} at (743,30) size 73x15
              text run at (743,30) width 73: "within"
          LayoutText {#text} at (835,30) size 154x15
            text run at (835,30) width 154: " elements "
          LayoutText {#text} at (988,30) size 1705x30
            text run at (988,30) width 697: " too. (with comment between elements and too)"
            text run at (1704,30) width 1: " "
            text run at (0,45) width 537: "Word and letter   spacing test "
          LayoutInline {EM} at (0,0) size 35x15
            LayoutText {#text} at (536,45) size 35x15
              text run at (536,45) width 35: "for"
          LayoutText {#text} at (590,45) size 19x15
            text run at (590,45) width 19: " "
          LayoutInline {STRONG} at (0,0) size 98x15
            LayoutText {#text} at (608,45) size 98x15
              text run at (608,45) width 98: "elements"
          LayoutText {#text} at (725,45) size 19x15
            text run at (725,45) width 19: " "
          LayoutInline {TT} at (0,0) size 73x15
            LayoutText {#text} at (743,45) size 73x15
              text run at (743,45) width 73: "within"
          LayoutText {#text} at (835,45) size 121x15
            text run at (835,45) width 121: " elements"
          LayoutText {#text} at (975,45) size 2021x30
            text run at (975,45) width 1026: " too. (with comment (no preceding space) between elements and too)"
            text run at (2020,45) width 1: " "
            text run at (0,60) width 537: "Word and letter   spacing test "
          LayoutInline {EM} at (0,0) size 35x15
            LayoutText {#text} at (536,60) size 35x15
              text run at (536,60) width 35: "for"
          LayoutText {#text} at (590,60) size 19x15
            text run at (590,60) width 19: " "
          LayoutInline {STRONG} at (0,0) size 98x15
            LayoutText {#text} at (608,60) size 98x15
              text run at (608,60) width 98: "elements"
          LayoutText {#text} at (725,60) size 19x15
            text run at (725,60) width 19: " "
          LayoutInline {TT} at (0,0) size 73x15
            LayoutText {#text} at (743,60) size 73x15
              text run at (743,60) width 73: "within"
          LayoutText {#text} at (835,60) size 154x15
            text run at (835,60) width 154: " elements "
          LayoutText {#text} at (988,60) size 1020x15
            text run at (988,60) width 1000: "too. (with comment (no trailing space) between elements and too)"
            text run at (2007,60) width 1: " "
          LayoutInline {SPAN} at (0,0) size 706x15
            LayoutText {#text} at (0,75) size 537x15
              text run at (0,75) width 537: "Word and letter   spacing test "
            LayoutInline {EM} at (0,0) size 35x15
              LayoutText {#text} at (536,75) size 35x15
                text run at (536,75) width 35: "for"
            LayoutText {#text} at (590,75) size 19x15
              text run at (590,75) width 19: " "
            LayoutInline {STRONG} at (0,0) size 98x15
              LayoutText {#text} at (608,75) size 98x15
                text run at (608,75) width 98: "elements"
          LayoutText {#text} at (725,75) size 19x15
            text run at (725,75) width 19: " "
          LayoutInline {TT} at (0,0) size 73x15
            LayoutText {#text} at (743,75) size 73x15
              text run at (743,75) width 73: "within"
          LayoutText {#text} at (835,75) size 1763x30
            text run at (835,75) width 908: " elements too. (with monospace font from Word to elements)"
            text run at (1762,75) width 1: " "
            text run at (0,90) width 537: "Word and letter   spacing test "
          LayoutInline {SPAN} at (0,0) size 280x15
            LayoutInline {EM} at (0,0) size 35x15
              LayoutText {#text} at (536,90) size 35x15
                text run at (536,90) width 35: "for"
            LayoutText {#text} at (590,90) size 19x15
              text run at (590,90) width 19: " "
            LayoutInline {STRONG} at (0,0) size 98x15
              LayoutText {#text} at (608,90) size 98x15
                text run at (608,90) width 98: "elements"
            LayoutText {#text} at (725,90) size 19x15
              text run at (725,90) width 19: " "
            LayoutInline {TT} at (0,0) size 73x15
              LayoutText {#text} at (743,90) size 73x15
                text run at (743,90) width 73: "within"
          LayoutText {#text} at (835,90) size 1725x30
            text run at (835,90) width 870: " elements too. (with monospace font from for to within)"
            text run at (1724,90) width 1: " "
            text run at (0,105) width 537: "Word and letter   spacing test "
          LayoutInline {EM} at (0,0) size 35x15
            LayoutText {#text} at (536,105) size 35x15
              text run at (536,105) width 35: "for"
          LayoutText {#text} at (590,105) size 19x15
            text run at (590,105) width 19: " "
          LayoutInline {STRONG} at (0,0) size 98x15
            LayoutText {#text} at (608,105) size 98x15
              text run at (608,105) width 98: "elements"
          LayoutText {#text} at (725,105) size 19x15
            text run at (725,105) width 19: " "
          LayoutInline {SPAN} at (0,0) size 279x15
            LayoutInline {TT} at (0,0) size 73x15
              LayoutText {#text} at (743,105) size 73x15
                text run at (743,105) width 73: "within"
            LayoutText {#text} at (835,105) size 187x15
              text run at (835,105) width 187: " elements too"
          LayoutText {#text} at (1021,105) size 729x15
            text run at (1021,105) width 709: ". (with monospace font from elements to too)"
            text run at (1749,105) width 1: " "
      LayoutBlockFlow (anonymous) at (0,1968.84) size 784x18
        LayoutBR {BR} at (0,0) size 0x18
        LayoutInline {SPAN} at (0,0) size 0x0
          LayoutText {#text} at (0,0) size 0x0
      LayoutBlockFlow (anonymous) at (0,2005.56) size 784x22
        LayoutBlockFlow {H3} at (0,0) size 784x22
          LayoutText {#text} at (0,0) size 154x22
            text run at (0,0) width 154: "In a span"
      LayoutBlockFlow (anonymous) at (0,2046.28) size 784x324
        LayoutInline {SPAN} at (0,0) size 804x324
          LayoutText {#text} at (0,0) size 428x18
            text run at (0,0) width 244: "Word and letter "
            text run at (243,0) width 185: "spacing test "
          LayoutInline {EM} at (0,0) size 29x18
            LayoutText {#text} at (427,0) size 29x18
              text run at (427,0) width 29: "for"
          LayoutText {#text} at (475,0) size 15x18
            text run at (475,0) width 15: " "
          LayoutInline {STRONG} at (0,0) size 96x18
            LayoutText {#text} at (489,0) size 96x18
              text run at (489,0) width 96: "elements"
          LayoutText {#text} at (604,0) size 15x18
            text run at (604,0) width 15: " "
          LayoutInline {TT} at (0,0) size 73x15
            LayoutText {#text} at (618,2) size 73x15
              text run at (618,2) width 73: "within"
          LayoutText {#text} at (0,18) size 171x18
            text run at (0,18) width 171: "elements too."
          LayoutBR {BR} at (190,32) size 1x0
          LayoutText {#text} at (0,36) size 428x18
            text run at (0,36) width 244: "Word and letter "
            text run at (243,36) width 185: "spacing test "
          LayoutInline {EM} at (0,0) size 29x18
            LayoutText {#text} at (427,36) size 29x18
              text run at (427,36) width 29: "for"
          LayoutText {#text} at (475,36) size 15x18
            text run at (475,36) width 15: " "
          LayoutInline {STRONG} at (0,0) size 96x18
            LayoutText {#text} at (489,36) size 96x18
              text run at (489,36) width 96: "elements"
          LayoutText {#text} at (604,36) size 15x18
            text run at (604,36) width 15: " "
          LayoutInline {TT} at (0,0) size 73x15
            LayoutText {#text} at (618,38) size 73x15
              text run at (618,38) width 73: "within"
          LayoutText {#text} at (0,54) size 126x18
            text run at (0,54) width 126: "elements "
          LayoutText {#text} at (125,54) size 642x18
            text run at (125,54) width 642: "too. (with comment between elements and too)"
          LayoutBR {BR} at (786,68) size 1x0
          LayoutText {#text} at (0,72) size 428x18
            text run at (0,72) width 244: "Word and letter "
            text run at (243,72) width 185: "spacing test "
          LayoutInline {EM} at (0,0) size 29x18
            LayoutText {#text} at (427,72) size 29x18
              text run at (427,72) width 29: "for"
          LayoutText {#text} at (475,72) size 15x18
            text run at (475,72) width 15: " "
          LayoutInline {STRONG} at (0,0) size 96x18
            LayoutText {#text} at (489,72) size 96x18
              text run at (489,72) width 96: "elements"
          LayoutText {#text} at (604,72) size 15x18
            text run at (604,72) width 15: " "
          LayoutInline {TT} at (0,0) size 73x15
            LayoutText {#text} at (618,74) size 73x15
              text run at (618,74) width 73: "within"
          LayoutText {#text} at (0,90) size 97x18
            text run at (0,90) width 97: "elements"
          LayoutText {#text} at (116,90) size 684x36
            text run at (116,90) width 568: " too. (with comment (no preceding space)"
            text run at (0,108) width 357: "between elements and too)"
          LayoutBR {BR} at (376,122) size 1x0
          LayoutText {#text} at (0,126) size 428x18
            text run at (0,126) width 244: "Word and letter "
            text run at (243,126) width 185: "spacing test "
          LayoutInline {EM} at (0,0) size 29x18
            LayoutText {#text} at (427,126) size 29x18
              text run at (427,126) width 29: "for"
          LayoutText {#text} at (475,126) size 15x18
            text run at (475,126) width 15: " "
          LayoutInline {STRONG} at (0,0) size 96x18
            LayoutText {#text} at (489,126) size 96x18
              text run at (489,126) width 96: "elements"
          LayoutText {#text} at (604,126) size 15x18
            text run at (604,126) width 15: " "
          LayoutInline {TT} at (0,0) size 73x15
            LayoutText {#text} at (618,128) size 73x15
              text run at (618,128) width 73: "within"
          LayoutText {#text} at (0,144) size 126x18
            text run at (0,144) width 126: "elements "
          LayoutText {#text} at (125,144) size 780x36
            text run at (125,144) width 655: "too. (with comment (no trailing space) between"
            text run at (0,162) width 239: "elements and too)"
          LayoutBR {BR} at (258,176) size 1x0
          LayoutInline {SPAN} at (0,0) size 640x15
            LayoutText {#text} at (0,182) size 472x15
              text run at (0,182) width 265: "Word and letter "
              text run at (264,182) width 208: "spacing test "
            LayoutInline {EM} at (0,0) size 34x15
              LayoutText {#text} at (471,182) size 34x15
                text run at (471,182) width 34: "for"
            LayoutText {#text} at (524,182) size 19x15
              text run at (524,182) width 19: " "
            LayoutInline {STRONG} at (0,0) size 98x15
              LayoutText {#text} at (542,182) size 98x15
                text run at (542,182) width 98: "elements"
          LayoutText {#text} at (659,180) size 15x18
            text run at (659,180) width 15: " "
          LayoutInline {TT} at (0,0) size 73x15
            LayoutText {#text} at (673,182) size 73x15
              text run at (673,182) width 73: "within"
          LayoutText {#text} at (0,198) size 695x36
            text run at (0,198) width 695: "elements too. (with monospace font from Word to"
            text run at (0,216) width 108: "elements)"
          LayoutBR {BR} at (127,230) size 1x0
          LayoutText {#text} at (0,234) size 428x18
            text run at (0,234) width 244: "Word and letter "
            text run at (243,234) width 185: "spacing test "
          LayoutInline {SPAN} at (0,0) size 279x15
            LayoutInline {EM} at (0,0) size 34x15
              LayoutText {#text} at (427,236) size 34x15
                text run at (427,236) width 34: "for"
            LayoutText {#text} at (480,236) size 19x15
              text run at (480,236) width 19: " "
            LayoutInline {STRONG} at (0,0) size 98x15
              LayoutText {#text} at (498,236) size 98x15
                text run at (498,236) width 98: "elements"
            LayoutText {#text} at (615,236) size 19x15
              text run at (615,236) width 19: " "
            LayoutInline {TT} at (0,0) size 73x15
              LayoutText {#text} at (633,236) size 73x15
                text run at (633,236) width 73: "within"
          LayoutText {#text} at (0,252) size 784x18
            text run at (0,252) width 784: "elements too. (with monospace font from for to within)"
          LayoutBR {BR} at (803,266) size 1x0
          LayoutText {#text} at (0,270) size 428x18
            text run at (0,270) width 244: "Word and letter "
            text run at (243,270) width 185: "spacing test "
          LayoutInline {EM} at (0,0) size 29x18
            LayoutText {#text} at (427,270) size 29x18
              text run at (427,270) width 29: "for"
          LayoutText {#text} at (475,270) size 15x18
            text run at (475,270) width 15: " "
          LayoutInline {STRONG} at (0,0) size 96x18
            LayoutText {#text} at (489,270) size 96x18
              text run at (489,270) width 96: "elements"
          LayoutText {#text} at (604,270) size 15x18
            text run at (604,270) width 15: " "
          LayoutInline {SPAN} at (0,0) size 691x33
            LayoutInline {TT} at (0,0) size 73x15
              LayoutText {#text} at (618,272) size 73x15
                text run at (618,272) width 73: "within"
            LayoutText {#text} at (0,290) size 169x15
              text run at (0,290) width 169: "elements too"
          LayoutText {#text} at (168,288) size 749x36
            text run at (168,288) width 581: ". (with monospace font from elements to"
            text run at (0,306) width 46: "too)"
        LayoutText {#text} at (0,0) size 0x0
