layer at (0,0) size 800x600
  LayoutView at (0,0) size 800x600
layer at (0,0) size 800x466
  LayoutBlockFlow {HTML} at (0,0) size 800x466
    LayoutBlockFlow {BODY} at (8,8) size 784x450
      LayoutBlockFlow {DIV} at (0,0) size 784x450 [border: (1px solid #FF0000)]
        LayoutText {#text} at (1,0) size 169x18
          text run at (1,0) width 169: "Whitespace in option text:"
        LayoutMenuList {SELECT} at (169.39,1) size 56x18 [bgcolor=#F8F8F8]
          LayoutBlockFlow (anonymous) at (0,0) size 56x18
            LayoutText (anonymous) at (8,2) size 25x13
              text run at (8,2) width 25: "f o o"
        LayoutText {#text} at (225,0) size 8x18
          text run at (225,0) width 8: "a"
        LayoutMenuList {SELECT} at (232.48,1) size 56x18 [bgcolor=#F8F8F8]
          LayoutBlockFlow (anonymous) at (0,0) size 56x18
            LayoutText (anonymous) at (8,2) size 4x13
              text run at (8,2) width 4: " "
        LayoutText {#text} at (288,0) size 9x18
          text run at (288,0) width 9: "b"
        LayoutBR {BR} at (296,0) size 1x18
        LayoutBR {BR} at (1,18) size 0x18
        LayoutText {#text} at (1,34) size 140x18
          text run at (1,34) width 140: "Simple select control:"
        LayoutMenuList {SELECT} at (140.52,35) size 49x18 [bgcolor=#F8F8F8]
          LayoutBlockFlow (anonymous) at (0,0) size 49x18
            LayoutText (anonymous) at (8,2) size 18x13
              text run at (8,2) width 18: "foo"
        LayoutText {#text} at (189,34) size 8x18
          text run at (189,34) width 8: "a"
        LayoutMenuList {SELECT} at (196.61,35) size 49x18 [color=#808080] [bgcolor=#F8F8F8]
          LayoutBlockFlow (anonymous) at (0,0) size 49x18
            LayoutText (anonymous) at (8,2) size 18x13
              text run at (8,2) width 18: "foo"
        LayoutText {#text} at (245,34) size 9x18
          text run at (245,34) width 9: "b"
        LayoutBR {BR} at (253,34) size 1x18
        LayoutBR {BR} at (1,52) size 0x18
        LayoutText {#text} at (1,68) size 198x18
          text run at (1,68) width 198: "Line-height should be ignored:"
        LayoutMenuList {SELECT} at (198.73,69) size 49x18 [bgcolor=#F8F8F8]
          LayoutBlockFlow (anonymous) at (0,0) size 49x18
            LayoutText (anonymous) at (8,2) size 18x13
              text run at (8,2) width 18: "foo"
        LayoutText {#text} at (247,68) size 8x18
          text run at (247,68) width 8: "a"
        LayoutMenuList {SELECT} at (254.83,69) size 49x18 [color=#808080] [bgcolor=#F8F8F8]
          LayoutBlockFlow (anonymous) at (0,0) size 49x18
            LayoutText (anonymous) at (8,2) size 18x13
              text run at (8,2) width 18: "bar"
        LayoutText {#text} at (303,68) size 9x18
          text run at (303,68) width 9: "b"
        LayoutBR {BR} at (311,68) size 1x18
        LayoutBR {BR} at (1,86) size 0x18
        LayoutText {#text} at (1,102) size 441x18
          text run at (1,102) width 441: "Padding should be respected, the arrow button shouldn't change size:"
        LayoutMenuList {SELECT} at (442,103) size 49x18 [bgcolor=#F8F8F8]
          LayoutBlockFlow (anonymous) at (0,0) size 49x18
            LayoutText (anonymous) at (8,2) size 18x13
              text run at (8,2) width 18: "foo"
        LayoutText {#text} at (491,102) size 8x18
          text run at (491,102) width 8: "a"
        LayoutMenuList {SELECT} at (498.09,103) size 49x18 [color=#808080] [bgcolor=#F8F8F8]
          LayoutBlockFlow (anonymous) at (0,0) size 49x18
            LayoutText (anonymous) at (8,2) size 18x13
              text run at (8,2) width 18: "foo"
        LayoutText {#text} at (547,102) size 9x18
          text run at (547,102) width 9: "b"
        LayoutBR {BR} at (555,102) size 1x18
        LayoutBR {BR} at (1,120) size 0x18
        LayoutText {#text} at (1,145) size 180x18
          text run at (1,145) width 180: "Border should be respected:"
        LayoutMenuList {SELECT} at (180.05,137) size 55x36 [bgcolor=#F8F8F8] [border: (8px solid #33CCFF)]
          LayoutBlockFlow (anonymous) at (8,10) size 39x16
            LayoutText (anonymous) at (8,1) size 18x13
              text run at (8,1) width 18: "foo"
        LayoutText {#text} at (235,145) size 8x18
          text run at (235,145) width 8: "a"
        LayoutMenuList {SELECT} at (242.14,137) size 55x36 [color=#7F7F7F] [bgcolor=#F8F8F8] [border: (8px solid #33CCFF)]
          LayoutBlockFlow (anonymous) at (8,10) size 39x16
            LayoutText (anonymous) at (8,1) size 18x13
              text run at (8,1) width 18: "foo"
        LayoutText {#text} at (297,145) size 9x18
          text run at (297,145) width 9: "b"
        LayoutBR {BR} at (305,145) size 1x18
        LayoutBR {BR} at (1,172) size 0x18
        LayoutText {#text} at (1,193) size 118x18
          text run at (1,193) width 118: "Border + padding:"
        LayoutMenuList {SELECT} at (118.44,189) size 47x28 [bgcolor=#F8F8F8] [border: (4px solid #33CCFF)]
          LayoutBlockFlow (anonymous) at (4,6) size 39x16
            LayoutText (anonymous) at (8,1) size 18x13
              text run at (8,1) width 18: "foo"
        LayoutText {#text} at (165,193) size 8x18
          text run at (165,193) width 8: "a"
        LayoutMenuList {SELECT} at (172.53,189) size 47x28 [color=#7F7F7F] [bgcolor=#F8F8F8] [border: (4px solid #33CCFF)]
          LayoutBlockFlow (anonymous) at (4,6) size 39x16
            LayoutText (anonymous) at (8,1) size 18x13
              text run at (8,1) width 18: "foo"
        LayoutText {#text} at (219,193) size 9x18
          text run at (219,193) width 9: "b"
        LayoutBR {BR} at (227,193) size 1x18
        LayoutBR {BR} at (1,216) size 0x18
        LayoutText {#text} at (1,232) size 491x18
          text run at (1,232) width 491: "Height larger than font-size, button should grow, text baseline should center:"
        LayoutMenuList {SELECT} at (491.11,233) size 49x18 [bgcolor=#F8F8F8]
          LayoutBlockFlow (anonymous) at (0,0) size 49x18
            LayoutText (anonymous) at (8,2) size 18x13
              text run at (8,2) width 18: "foo"
        LayoutText {#text} at (540,232) size 8x18
          text run at (540,232) width 8: "a"
        LayoutMenuList {SELECT} at (547.20,233) size 49x18 [color=#808080] [bgcolor=#F8F8F8]
          LayoutBlockFlow (anonymous) at (0,0) size 49x18
            LayoutText (anonymous) at (8,2) size 4x13
              text run at (8,2) width 4: " "
        LayoutText {#text} at (596,232) size 9x18
          text run at (596,232) width 9: "b"
        LayoutBR {BR} at (604,232) size 1x18
        LayoutBR {BR} at (1,250) size 0x18
        LayoutText {#text} at (1,266) size 498x18
          text run at (1,266) width 498: "Height smaller than font-size, whole select shrinks but baseline is unchanged:"
        LayoutMenuList {SELECT} at (498.20,267) size 49x18 [bgcolor=#F8F8F8]
          LayoutBlockFlow (anonymous) at (0,0) size 49x18
            LayoutText (anonymous) at (8,2) size 18x13
              text run at (8,2) width 18: "foo"
        LayoutText {#text} at (547,266) size 8x18
          text run at (547,266) width 8: "a"
        LayoutMenuList {SELECT} at (554.30,267) size 49x18 [bgcolor=#F8F8F8]
          LayoutBlockFlow (anonymous) at (0,0) size 49x18
            LayoutText (anonymous) at (8,2) size 18x13
              text run at (8,2) width 18: "bar"
        LayoutText {#text} at (603,266) size 9x18
          text run at (603,266) width 9: "b"
        LayoutBR {BR} at (611,266) size 1x18
        LayoutBR {BR} at (1,284) size 0x18
        LayoutText {#text} at (1,300) size 173x18
          text run at (1,300) width 173: "select control with size=0: "
        LayoutBR {BR} at (173,300) size 1x18
        LayoutMenuList {SELECT} at (1,317) size 198x18 [bgcolor=#F8F8F8]
          LayoutBlockFlow (anonymous) at (0,0) size 198x18
            LayoutText (anonymous) at (8,2) size 70x13
              text run at (8,2) width 70: "Future Series"
        LayoutText {#text} at (199,316) size 4x18
          text run at (199,316) width 4: " "
        LayoutBR {BR} at (0,0) size 0x0
        LayoutText {#text} at (1,334) size 173x18
          text run at (1,334) width 173: "select control with size=1: "
        LayoutBR {BR} at (173,334) size 1x18
        LayoutMenuList {SELECT} at (1,351) size 198x18 [bgcolor=#F8F8F8]
          LayoutBlockFlow (anonymous) at (0,0) size 198x18
            LayoutText (anonymous) at (8,2) size 70x13
              text run at (8,2) width 70: "Future Series"
        LayoutText {#text} at (199,350) size 4x18
          text run at (199,350) width 4: " "
        LayoutBR {BR} at (0,0) size 0x0
        LayoutText {#text} at (1,368) size 170x18
          text run at (1,368) width 170: "Non-styled select control: "
        LayoutBR {BR} at (170,368) size 1x18
        LayoutMenuList {SELECT} at (1,385) size 190x24 [bgcolor=#F8F8F8] [border: (1px solid #A6A6A6)]
          LayoutBlockFlow (anonymous) at (1,4) size 188x16
            LayoutText (anonymous) at (8,1) size 70x13
              text run at (8,1) width 70: "Future Series"
        LayoutText {#text} at (191,387) size 4x18
          text run at (191,387) width 4: " "
        LayoutBR {BR} at (0,0) size 0x0
        LayoutText {#text} at (1,408) size 298x18
          text run at (1,408) width 298: "Styled select control with large border-radius: "
        LayoutBR {BR} at (298,408) size 1x18
        LayoutMenuList {SELECT} at (1,425) size 190x24 [bgcolor=#33CCFF] [border: (1px solid #A6A6A6)]
          LayoutBlockFlow (anonymous) at (1,4) size 188x16
            LayoutText (anonymous) at (8,1) size 70x13
              text run at (8,1) width 70: "Future Series"
        LayoutText {#text} at (191,427) size 4x18
          text run at (191,427) width 4: " "
        LayoutBR {BR} at (0,0) size 0x0
