layer at (0,0) size 800x600
  LayoutView at (0,0) size 800x600
layer at (0,0) size 800x600
  LayoutBlockFlow {HTML} at (0,0) size 800x600
    LayoutBlockFlow {BODY} at (8,8) size 784x584
      LayoutMenuList {SELECT} at (0,3) size 70x18 [bgcolor=#F8F8F8]
        LayoutBlockFlow (anonymous) at (0,0) size 70x18
          LayoutText (anonymous) at (8,2) size 39x13
            text run at (8,2) width 39: "Default"
      LayoutText {#text} at (70,2) size 4x18
        text run at (70,2) width 4: " "
      LayoutMenuList {SELECT} at (74,3) size 52x18 [bgcolor=#F8F8F8]
        LayoutBlockFlow (anonymous) at (0,0) size 52x18
          LayoutText (anonymous) at (8,2) size 20x13
            text run at (8,2) width 20: "Red"
      LayoutText {#text} at (126,2) size 4x18
        text run at (126,2) width 4: " "
      LayoutMenuList {SELECT} at (130,0) size 113x24 [bgcolor=#008000] [border: (1px solid #A6A6A6)]
        LayoutBlockFlow (anonymous) at (1,4) size 111x16
          LayoutText (anonymous) at (8,1) size 90x13
            text run at (8,1) width 90: "Default on green"
      LayoutText {#text} at (243,2) size 4x18
        text run at (243,2) width 4: " "
      LayoutMenuList {SELECT} at (247,0) size 94x24 [color=#FF0000] [bgcolor=#008000] [border: (1px solid #A6A6A6)]
        LayoutBlockFlow (anonymous) at (1,4) size 92x16
          LayoutText (anonymous) at (8,1) size 71x13
            text run at (8,1) width 71: "Red on green"
      LayoutText {#text} at (0,0) size 0x0
