layer at (0,0) size 800x600
  RenderView at (0,0) size 800x600
layer at (0,0) size 800x600
  RenderBlock {HTML} at (0,0) size 800x600
    RenderBody {BODY} at (8,8) size 784x584
      RenderBlock {DIV} at (0,0) size 32x496 [border: (1px solid #FF0000)]
        RenderTextControl {INPUT} at (1,1) size 130x19 [bgcolor=#FFFFFF] [border: (2px inset #000000)]
        RenderTextControl {INPUT} at (1,20) size 130x19 [bgcolor=#FFFFFF] [border: (2px inset #000000)]
        RenderText {#text} at (0,0) size 0x0
        RenderImage {IMG} at (1,39) size 27x27 [border: (1px solid #000000)]
        RenderImage {IMG} at (1,66) size 27x27 [border: (1px solid #000000)]
        RenderText {#text} at (0,0) size 0x0
        RenderButton {INPUT} at (1,93) size 50x19 [bgcolor=#C0C0C0] [border: (2px outset #C0C0C0)]
          RenderBlock (anonymous) at (8,2) size 34x15
            RenderText at (3,1) size 28x13
              text run at (3,1) width 28: "input"
        RenderButton {INPUT} at (1,112) size 50x19 [bgcolor=#C0C0C0] [border: (2px outset #C0C0C0)]
          RenderBlock (anonymous) at (8,2) size 34x15
            RenderText at (3,1) size 28x13
              text run at (3,1) width 28: "input"
        RenderText {#text} at (0,0) size 0x0
        RenderButton {BUTTON} at (1,131) size 58x19 [bgcolor=#C0C0C0] [border: (2px outset #C0C0C0)]
          RenderBlock (anonymous) at (8,2) size 42x15
            RenderText {#text} at (3,1) size 36x13
              text run at (3,1) width 36: "button"
        RenderButton {BUTTON} at (1,150) size 58x19 [bgcolor=#C0C0C0] [border: (2px outset #C0C0C0)]
          RenderBlock (anonymous) at (8,2) size 42x15
            RenderText {#text} at (3,1) size 36x13
              text run at (3,1) width 36: "button"
        RenderText {#text} at (0,0) size 0x0
        RenderMenuList {SELECT} at (1,169) size 62x18 [bgcolor=#FFFFFF]
          RenderBlock (anonymous) at (0,0) size 62x18
            RenderText at (8,2) size 31x13
              text run at (8,2) width 31: "select"
        RenderMenuList {SELECT} at (1,187) size 62x18 [bgcolor=#FFFFFF]
          RenderBlock (anonymous) at (0,0) size 62x18
            RenderText at (8,2) size 31x13
              text run at (8,2) width 31: "select"
        RenderText {#text} at (0,0) size 0x0
        RenderListBox {SELECT} at (1,205) size 48x57 [bgcolor=#FFFFFF] [border: (1px inset #808080)]
        RenderListBox {SELECT} at (1,262) size 48x57 [bgcolor=#FFFFFF] [border: (1px inset #808080)]
        RenderText {#text} at (0,0) size 0x0
        RenderBlock {INPUT} at (5,322) size 12x12
        RenderBlock {INPUT} at (5,340) size 12x12
        RenderText {#text} at (0,0) size 0x0
        RenderBlock {INPUT} at (6,358) size 12x13
        RenderBlock {INPUT} at (6,374) size 12x13
        RenderText {#text} at (0,0) size 0x0
        RenderPartObject {IFRAME} at (1,387) size 27x27 [border: (1px solid #000000)]
          layer at (0,0) size 25x25
            RenderView at (0,0) size 25x25
          layer at (0,0) size 25x8
            RenderBlock {HTML} at (0,0) size 25x8
              RenderBody {BODY} at (8,8) size 9x0
        RenderPartObject {IFRAME} at (1,414) size 27x27 [border: (1px solid #000000)]
          layer at (0,0) size 25x25
            RenderView at (0,0) size 25x25
          layer at (0,0) size 25x8
            RenderBlock {HTML} at (0,0) size 25x8
              RenderBody {BODY} at (8,8) size 9x0
        RenderText {#text} at (0,0) size 0x0
        RenderPartObject {EMBED} at (1,441) size 27x27 [border: (1px solid #000000)]
        RenderPartObject {EMBED} at (1,468) size 27x27 [border: (1px solid #000000)]
        RenderText {#text} at (0,0) size 0x0
layer at (11,12) size 126x13
  RenderBlock {DIV} at (2,3) size 126x13
layer at (11,31) size 126x13
  RenderBlock {DIV} at (2,3) size 126x13
