layer at (0,0) size 800x600
  RenderView at (0,0) size 800x600
layer at (0,0) size 800x600
  RenderBlock {HTML} at (0,0) size 800x600
    RenderBody {BODY} at (8,8) size 784x584
      RenderBlock (anonymous) at (0,0) size 784x18
        RenderText {#text} at (0,0) size 252x18
          text run at (0,0) width 252: "The textareas below should not overlap."
      RenderTable {TABLE} at (0,18) size 784x36
        RenderTableSection {TBODY} at (0,0) size 784x36
          RenderTableRow {TR} at (0,1) size 784x34
            RenderTableCell {TD} at (1,1) size 121x34 [r=0 c=0 rs=1 cs=1]
            RenderTableCell {TD} at (123,1) size 6x34 [r=0 c=1 rs=1 cs=1]
            RenderTableCell {TD} at (130,1) size 6x34 [r=0 c=2 rs=1 cs=1]
            RenderTableCell {TD} at (137,8) size 646x20 [r=0 c=3 rs=1 cs=1]
              RenderText {#text} at (1,1) size 4x18
                text run at (1,1) width 4: " "
      RenderBlock (anonymous) at (0,54) size 784x36
        RenderBR {BR} at (0,0) size 0x18
        RenderBR {BR} at (0,18) size 0x18
      RenderTable {TABLE} at (0,90) size 784x36
        RenderTableSection {TBODY} at (0,0) size 784x36
          RenderTableRow {TR} at (0,1) size 784x34
            RenderTableCell {TD} at (1,1) size 171x34 [r=0 c=0 rs=1 cs=1]
            RenderTableCell {TD} at (173,1) size 6x34 [r=0 c=1 rs=1 cs=1]
            RenderTableCell {TD} at (180,1) size 6x34 [r=0 c=2 rs=1 cs=1]
            RenderTableCell {TD} at (187,8) size 596x20 [r=0 c=3 rs=1 cs=1]
              RenderText {#text} at (1,1) size 4x18
                text run at (1,1) width 4: " "
layer at (10,29) size 119x30 clip at (11,30) size 117x28
  RenderTextControl {TEXTAREA} at (1,2) size 119x30 [bgcolor=#FFFFFF] [border: (1px solid #000000)]
    RenderBlock {DIV} at (3,3) size 98x13
      RenderText {#text} at (0,0) size 21x13
        text run at (0,0) width 21: "one"
layer at (132,29) size 4x30 clip at (0,0) size 0x0 scrollWidth 2 scrollHeight 41
  RenderTextControl {TEXTAREA} at (1,2) size 4x30 [bgcolor=#FFFFFF] [border: (1px solid #000000)]
    RenderBlock {DIV} at (3,3) size 0x39
      RenderText {#text} at (0,0) size 0x39
        text run at (0,0) width 0: "t"
        text run at (0,13) width 0: "w"
        text run at (0,26) width 0: "o"
layer at (139,29) size 4x30 clip at (0,0) size 0x0 scrollWidth 2 scrollHeight 67
  RenderTextControl {TEXTAREA} at (1,2) size 4x30 [bgcolor=#FFFFFF] [border: (1px solid #000000)]
    RenderBlock {DIV} at (3,3) size 0x65
      RenderText {#text} at (0,0) size 0x65
        text run at (0,0) width 0: "t"
        text run at (0,13) width 0: "h"
        text run at (0,26) width 0: "r"
        text run at (0,39) width 0: "e"
        text run at (0,52) width 0: "e"
layer at (10,101) size 169x30 clip at (11,102) size 167x28
  RenderTextControl {TEXTAREA} at (1,2) size 169x30 [bgcolor=#FFFFFF] [border: (1px solid #000000)]
    RenderBlock {DIV} at (3,3) size 148x13
      RenderText {#text} at (0,0) size 91x13
        text run at (0,0) width 91: "one two three"
layer at (182,101) size 4x30 clip at (0,0) size 0x0 scrollWidth 2 scrollHeight 41
  RenderTextControl {TEXTAREA} at (1,2) size 4x30 [bgcolor=#FFFFFF] [border: (1px solid #000000)]
    RenderBlock {DIV} at (3,3) size 0x39
      RenderText {#text} at (0,0) size 0x39
        text run at (0,0) width 0: "t"
        text run at (0,13) width 0: "w"
        text run at (0,26) width 0: "o"
layer at (189,101) size 4x30 clip at (0,0) size 0x0 scrollWidth 2 scrollHeight 67
  RenderTextControl {TEXTAREA} at (1,2) size 4x30 [bgcolor=#FFFFFF] [border: (1px solid #000000)]
    RenderBlock {DIV} at (3,3) size 0x65
      RenderText {#text} at (0,0) size 0x65
        text run at (0,0) width 0: "t"
        text run at (0,13) width 0: "h"
        text run at (0,26) width 0: "r"
        text run at (0,39) width 0: "e"
        text run at (0,52) width 0: "e"
