layer at (0,0) size 800x600
  RenderView at (0,0) size 800x600
layer at (0,0) size 800x600
  RenderBlock {HTML} at (0,0) size 800x600
    RenderBody {BODY} at (8,8) size 784x584
      RenderBlock (anonymous) at (0,0) size 784x18
        RenderText {#text} at (0,0) size 309x18
          text run at (0,0) width 309: "The following sets of buttons should not overlap."
      RenderTable {TABLE} at (0,18) size 784x23
        RenderTableSection {TBODY} at (0,0) size 784x23
          RenderTableRow {TR} at (0,1) size 784x21
            RenderTableCell {TD} at (1,1) size 72x21 [r=0 c=0 rs=1 cs=1]
              RenderButton {INPUT} at (1,1) size 70x19 [bgcolor=#C0C0C0] [border: (2px outset #C0C0C0)]
                RenderBlock (anonymous) at (8,2) size 54x15
                  RenderText at (3,1) size 48x13
                    text run at (3,1) width 48: "New Mail"
            RenderTableCell {TD} at (74,1) size 53x21 [r=0 c=1 rs=1 cs=1]
              RenderButton {INPUT} at (1,1) size 51x19 [bgcolor=#C0C0C0] [border: (2px outset #C0C0C0)]
                RenderBlock (anonymous) at (8,2) size 35x15
                  RenderText at (3,1) size 29x13
                    text run at (3,1) width 29: "Reply"
            RenderTableCell {TD} at (128,1) size 70x21 [r=0 c=2 rs=1 cs=1]
              RenderButton {INPUT} at (1,1) size 68x19 [bgcolor=#C0C0C0] [border: (2px outset #C0C0C0)]
                RenderBlock (anonymous) at (8,2) size 52x15
                  RenderText at (3,1) size 46x13
                    text run at (3,1) width 46: "Reply All"
            RenderTableCell {TD} at (199,1) size 584x20 [r=0 c=3 rs=1 cs=1]
              RenderText {#text} at (1,1) size 4x18
                text run at (1,1) width 4: " "
      RenderBlock (anonymous) at (0,41) size 784x36
        RenderBR {BR} at (0,0) size 0x18
        RenderBR {BR} at (0,18) size 0x18
      RenderTable {TABLE} at (0,77) size 784x23
        RenderTableSection {TBODY} at (0,0) size 784x23
          RenderTableRow {TR} at (0,1) size 784x21
            RenderTableCell {TD} at (1,1) size 72x21 [r=0 c=0 rs=1 cs=1]
              RenderButton {INPUT} at (1,1) size 70x19 [bgcolor=#C0C0C0] [border: (2px outset #C0C0C0)]
                RenderBlock (anonymous) at (8,2) size 54x15
                  RenderText at (3,1) size 48x13
                    text run at (3,1) width 48: "New Mail"
            RenderTableCell {TD} at (74,1) size 53x21 [r=0 c=1 rs=1 cs=1]
              RenderButton {INPUT} at (1,1) size 51x19 [bgcolor=#C0C0C0] [border: (2px outset #C0C0C0)]
                RenderBlock (anonymous) at (8,2) size 35x15
                  RenderText at (3,1) size 29x13
                    text run at (3,1) width 29: "Reply"
            RenderTableCell {TD} at (128,1) size 70x21 [r=0 c=2 rs=1 cs=1]
              RenderButton {INPUT} at (1,1) size 68x19 [bgcolor=#C0C0C0] [border: (2px outset #C0C0C0)]
                RenderBlock (anonymous) at (8,2) size 52x15
                  RenderText at (3,1) size 46x13
                    text run at (3,1) width 46: "Reply All"
            RenderTableCell {TD} at (199,1) size 584x20 [r=0 c=3 rs=1 cs=1]
              RenderText {#text} at (1,1) size 4x18
                text run at (1,1) width 4: " "
