layer at (0,0) size 800x600
  LayoutView at (0,0) size 800x600
layer at (0,0) size 800x352
  LayoutBlockFlow {HTML} at (0,0) size 800x352
    LayoutBlockFlow {BODY} at (0,16) size 800x336
      LayoutBlockFlow {P} at (0,0) size 800x20
        LayoutText {#text} at (0,0) size 583x17
          text run at (0,0) width 583: "There should be no invalidations because justify-self style change causes no visual change."
      LayoutGrid {DIV} at (0,36) size 200x300 [bgcolor=#FF0000]
        LayoutBlockFlow {DIV} at (0,0) size 100x300 [bgcolor=#008000]
        LayoutBlockFlow {DIV} at (100,0) size 100x300 [bgcolor=#008000]
