layer at (0,0) size 800x600
  LayoutView at (0,0) size 800x600
layer at (5,0) size 795x600
  LayoutBlockFlow {HTML} at (0,0) size 795x600
    LayoutBlockFlow {BODY} at (8,8) size 0x584
      LayoutBlockFlow (floating) {DIV} at (8,8) size 178x366 [border: (3px solid #000000)]
        LayoutText {#text} at (15,3) size 23x270
          text run at (15,3) width 270: "\x{305B}\x{3063}\x{304B}\x{304F}\x{898B}\x{3064}\x{3051}\x{305F}\x{3059}\x{3070}\x{3089}\x{3057}\x{3044}\x{8A18}\x{4E8B}"
        LayoutInline {SPAN} at (0,0) size 58x360
          LayoutText {#text} at (15,273) size 58x360
            text run at (15,273) width 90: "\x{304C}\x{3069}\x{3053}\x{306B}\x{3042}"
            text run at (50,3) width 144: "\x{3063}\x{305F}\x{304B}\x{5FD8}\x{308C}\x{3066}\x{3057}\x{307E}"
        LayoutText {#text} at (50,147) size 23x180
          text run at (50,147) width 180: "\x{3063}\x{305F}\x{7D4C}\x{9A13}\x{306F}\x{3042}\x{308A}\x{307E}\x{3059}\x{304B}"
        LayoutInline {SPAN} at (0,0) size 58x360
          LayoutText {#text} at (50,327) size 58x360
            text run at (50,327) width 36: "\x{306A}\x{3089}"
            text run at (85,3) width 270: "\x{30BF}\x{30A4}\x{30C8}\x{30EB}\x{3068}\x{30A2}\x{30C9}\x{30EC}\x{30B9}\x{3060}\x{3051}\x{3067}\x{306A}\x{304F}\x{3001}"
        LayoutText {#text} at (85,273) size 87x360
          text run at (85,273) width 90: "\x{8A2A}\x{554F}\x{3057}\x{305F}\x{30A6}"
          text run at (120,3) width 360: "\x{30A7}\x{30D6}\x{30DA}\x{30FC}\x{30B8}\x{306E}\x{30B3}\x{30F3}\x{30C6}\x{30F3}\x{30C4}\x{304B}\x{3089}\x{3082}\x{691C}\x{7D22}\x{3059}\x{308B}\x{3053}\x{3068}"
          text run at (149,3) width 108: "\x{304C}\x{3067}\x{304D}\x{307E}\x{3059}\x{3002}"
      LayoutBlockFlow (floating) {DIV} at (202,8) size 178x366 [border: (3px solid #000000)]
        LayoutText {#text} at (15,3) size 23x54
          text run at (15,3) width 54: "\x{305B}\x{3063}\x{304B}"
        LayoutInline {SPAN} at (0,0) size 23x108
          LayoutText {#text} at (15,57) size 23x108
            text run at (15,57) width 108: "\x{304F}\x{898B}\x{3064}\x{3051}\x{305F}\x{3059}"
        LayoutInline {SPAN} at (0,0) size 23x72
          LayoutText {#text} at (15,165) size 23x72
            text run at (15,165) width 72: "\x{3070}\x{3089}\x{3057}\x{3044}"
        LayoutInline {SPAN} at (0,0) size 23x72
          LayoutText {#text} at (15,237) size 23x72
            text run at (15,237) width 72: "\x{8A18}\x{4E8B}\x{304C}\x{3069}"
        LayoutInline {SPAN} at (0,0) size 58x360
          LayoutText {#text} at (15,309) size 58x360
            text run at (15,309) width 54: "\x{3053}\x{306B}\x{3042}"
            text run at (50,3) width 18: "\x{3063}"
        LayoutInline {SPAN} at (0,0) size 23x108
          LayoutText {#text} at (50,21) size 23x108
            text run at (50,21) width 108: "\x{305F}\x{304B}\x{5FD8}\x{308C}\x{3066}\x{3057}"
        LayoutInline {SPAN} at (0,0) size 23x90
          LayoutText {#text} at (50,129) size 23x90
            text run at (50,129) width 90: "\x{307E}\x{3063}\x{305F}\x{7D4C}\x{9A13}"
        LayoutInline {SPAN} at (0,0) size 23x108
          LayoutText {#text} at (50,219) size 23x108
            text run at (50,219) width 108: "\x{306F}\x{3042}\x{308A}\x{307E}\x{3059}\x{304B}"
        LayoutInline {SPAN} at (0,0) size 58x360
          LayoutText {#text} at (50,327) size 58x360
            text run at (50,327) width 36: "\x{306A}\x{3089}"
            text run at (85,3) width 90: "\x{30BF}\x{30A4}\x{30C8}\x{30EB}\x{3068}"
        LayoutInline {SPAN} at (0,0) size 23x144
          LayoutText {#text} at (85,93) size 23x144
            text run at (85,93) width 144: "\x{30A2}\x{30C9}\x{30EC}\x{30B9}\x{3060}\x{3051}\x{3067}\x{306A}"
        LayoutInline {SPAN} at (0,0) size 23x126
          LayoutText {#text} at (85,237) size 23x126
            text run at (85,237) width 126: "\x{304F}\x{3001}\x{8A2A}\x{554F}\x{3057}\x{305F}\x{30A6}"
        LayoutInline {SPAN} at (0,0) size 23x162
          LayoutText {#text} at (120,3) size 23x162
            text run at (120,3) width 162: "\x{30A7}\x{30D6}\x{30DA}\x{30FC}\x{30B8}\x{306E}\x{30B3}\x{30F3}\x{30C6}"
        LayoutText {#text} at (120,165) size 52x360
          text run at (120,165) width 198: "\x{30F3}\x{30C4}\x{304B}\x{3089}\x{3082}\x{691C}\x{7D22}\x{3059}\x{308B}\x{3053}\x{3068}"
          text run at (149,3) width 108: "\x{304C}\x{3067}\x{304D}\x{307E}\x{3059}\x{3002}"
      LayoutBlockFlow (floating) {DIV} at (396,8) size 175x366 [border: (3px solid #000000)]
        LayoutText {#text} at (6,3) size 23x54
          text run at (6,3) width 54: "\x{305B}\x{3063}\x{304B}"
        LayoutInline {SPAN} at (0,0) size 23x108
          LayoutText {#text} at (6,57) size 23x108
            text run at (6,57) width 108: "\x{304F}\x{898B}\x{3064}\x{3051}\x{305F}\x{3059}"
        LayoutInline {SPAN} at (0,0) size 23x72
          LayoutText {#text} at (6,165) size 23x72
            text run at (6,165) width 72: "\x{3070}\x{3089}\x{3057}\x{3044}"
        LayoutInline {SPAN} at (0,0) size 23x72
          LayoutText {#text} at (6,237) size 23x72
            text run at (6,237) width 72: "\x{8A18}\x{4E8B}\x{304C}\x{3069}"
        LayoutInline {SPAN} at (0,0) size 58x360
          LayoutText {#text} at (6,309) size 58x360
            text run at (6,309) width 54: "\x{3053}\x{306B}\x{3042}"
            text run at (41,3) width 18: "\x{3063}"
        LayoutInline {SPAN} at (0,0) size 23x108
          LayoutText {#text} at (41,21) size 23x108
            text run at (41,21) width 108: "\x{305F}\x{304B}\x{5FD8}\x{308C}\x{3066}\x{3057}"
        LayoutInline {SPAN} at (0,0) size 23x90
          LayoutText {#text} at (41,129) size 23x90
            text run at (41,129) width 90: "\x{307E}\x{3063}\x{305F}\x{7D4C}\x{9A13}"
        LayoutInline {SPAN} at (0,0) size 23x108
          LayoutText {#text} at (41,219) size 23x108
            text run at (41,219) width 108: "\x{306F}\x{3042}\x{308A}\x{307E}\x{3059}\x{304B}"
        LayoutInline {SPAN} at (0,0) size 58x360
          LayoutText {#text} at (41,327) size 58x360
            text run at (41,327) width 36: "\x{306A}\x{3089}"
            text run at (76,3) width 90: "\x{30BF}\x{30A4}\x{30C8}\x{30EB}\x{3068}"
        LayoutInline {SPAN} at (0,0) size 23x144
          LayoutText {#text} at (76,93) size 23x144
            text run at (76,93) width 144: "\x{30A2}\x{30C9}\x{30EC}\x{30B9}\x{3060}\x{3051}\x{3067}\x{306A}"
        LayoutInline {SPAN} at (0,0) size 23x126
          LayoutText {#text} at (76,237) size 23x126
            text run at (76,237) width 126: "\x{304F}\x{3001}\x{8A2A}\x{554F}\x{3057}\x{305F}\x{30A6}"
        LayoutInline {SPAN} at (0,0) size 23x162
          LayoutText {#text} at (111,3) size 23x162
            text run at (111,3) width 162: "\x{30A7}\x{30D6}\x{30DA}\x{30FC}\x{30B8}\x{306E}\x{30B3}\x{30F3}\x{30C6}"
        LayoutText {#text} at (111,165) size 58x360
          text run at (111,165) width 198: "\x{30F3}\x{30C4}\x{304B}\x{3089}\x{3082}\x{691C}\x{7D22}\x{3059}\x{308B}\x{3053}\x{3068}"
          text run at (146,3) width 108: "\x{304C}\x{3067}\x{304D}\x{307E}\x{3059}\x{3002}"
      LayoutBlockFlow (floating) {DIV} at (587,8) size 192x366 [border: (3px solid #000000)]
        LayoutText {#text} at (15,3) size 23x270
          text run at (15,3) width 270: "\x{305B}\x{3063}\x{304B}\x{304F}\x{898B}\x{3064}\x{3051}\x{305F}\x{3059}\x{3070}\x{3089}\x{3057}\x{3044}\x{8A18}\x{4E8B}"
        LayoutInline {SPAN} at (0,0) size 59x360
          LayoutText {#text} at (15,273) size 59x360
            text run at (15,273) width 90: "\x{304C}\x{3069}\x{3053}\x{306B}\x{3042}"
            text run at (51,3) width 144: "\x{3063}\x{305F}\x{304B}\x{5FD8}\x{308C}\x{3066}\x{3057}\x{307E}"
        LayoutText {#text} at (51,147) size 23x180
          text run at (51,147) width 180: "\x{3063}\x{305F}\x{7D4C}\x{9A13}\x{306F}\x{3042}\x{308A}\x{307E}\x{3059}\x{304B}"
        LayoutInline {SPAN} at (0,0) size 59x360
          LayoutText {#text} at (51,327) size 59x360
            text run at (51,327) width 36: "\x{306A}\x{3089}"
            text run at (87,3) width 270: "\x{30BF}\x{30A4}\x{30C8}\x{30EB}\x{3068}\x{30A2}\x{30C9}\x{30EC}\x{30B9}\x{3060}\x{3051}\x{3067}\x{306A}\x{304F}\x{3001}"
        LayoutText {#text} at (87,273) size 95x360
          text run at (87,273) width 90: "\x{8A2A}\x{554F}\x{3057}\x{305F}\x{30A6}"
          text run at (123,3) width 360: "\x{30A7}\x{30D6}\x{30DA}\x{30FC}\x{30B8}\x{306E}\x{30B3}\x{30F3}\x{30C6}\x{30F3}\x{30C4}\x{304B}\x{3089}\x{3082}\x{691C}\x{7D22}\x{3059}\x{308B}\x{3053}\x{3068}"
          text run at (159,3) width 108: "\x{304C}\x{3067}\x{304D}\x{307E}\x{3059}\x{3002}"
