layer at (0,0) size 800x600
  LayoutView at (0,0) size 800x600
layer at (0,0) size 800x320
  LayoutBlockFlow {HTML} at (0,0) size 800x320
    LayoutBlockFlow {BODY} at (8,8) size 784x304
      LayoutBlockFlow {DIV} at (0,0) size 784x148
        LayoutBlockFlow {DIV} at (0,0) size 96x50 [border: (3px solid #000000)]
          LayoutText {#text} at (3,7) size 57x17
            text run at (3,7) width 57: "a. b. "
          LayoutInline {SPAN} at (0,0) size 5x17
            LayoutText {#text} at (59,7) size 5x17
              text run at (59,7) width 5: "i"
          LayoutText {#text} at (63,7) size 90x39
            text run at (63,7) width 30: "\x{306F}"
            text run at (3,29) width 56: "xxxxxxx"
        LayoutBlockFlow {DIV} at (0,58) size 96x50 [border: (3px solid #000000)]
          LayoutText {#text} at (3,7) size 90x39
            text run at (3,7) width 90: "a. b. i\x{306F}"
            text run at (3,29) width 56: "xxxxxxx"
        LayoutBlockFlow {DIV} at (0,116) size 96x32 [border: (3px solid #000000)]
          LayoutText {#text} at (3,7) size 216x17
            text run at (3,7) width 216: "xxxxxxxxxxxxxxxxxxxxx\x{FF08}\x{624B}\x{FF09}"
      LayoutBlockFlow {DIV} at (0,156) size 784x148
        LayoutBlockFlow {DIV} at (0,0) size 96x50 [border: (3px solid #000000)]
          LayoutText {#text} at (3,7) size 57x17
            text run at (3,7) width 57: "a. b. "
          LayoutInline {SPAN} at (0,0) size 5x17
            LayoutText {#text} at (59,7) size 5x17
              text run at (59,7) width 5: "i"
          LayoutText {#text} at (63,7) size 90x39
            text run at (63,7) width 30: "\x{306F}"
            text run at (3,29) width 56: "xxxxxxx"
        LayoutBlockFlow {DIV} at (0,58) size 96x50 [border: (3px solid #000000)]
          LayoutText {#text} at (3,7) size 90x39
            text run at (3,7) width 90: "a. b. i\x{306F}"
            text run at (3,29) width 56: "xxxxxxx"
        LayoutBlockFlow {DIV} at (0,116) size 96x32 [border: (3px solid #000000)]
          LayoutText {#text} at (3,7) size 216x17
            text run at (3,7) width 216: "xxxxxxxxxxxxxxxxxxxxx\x{FF08}\x{624B}\x{FF09}"
