layer at (0,0) size 800x600
  LayoutView at (0,0) size 800x600
layer at (0,0) size 800x246
  LayoutBlockFlow {HTML} at (0,0) size 800x246
    LayoutBlockFlow {BODY} at (8,30) size 784x208
      LayoutBlockFlow {P} at (0,0) size 784x82
        LayoutText {#text} at (0,7) size 769x74
          text run at (0,7) width 769: "The selection should be painted correctly from and including \x{732B}"
          text run at (0,48) width 580: "until and including C, then from right to left for "
          text run at (579,48) width 39 RTL: "\x{627}\x{644}\x{639}\x{631}"
          text run at (617,48) width 9: "."
      LayoutBlockFlow {DIV} at (0,112) size 784x48
        LayoutText {#text} at (0,7) size 425x33
          text run at (0,7) width 360: "\x{543E}\x{8F29}\x{306F}\x{732B}\x{3067} \x{92E}\x{93E}\x{928}\x{915} \x{939}\x{93F}\x{928}\x{94D}\x{926}\x{940}ABC"
          text run at (359,7) width 66 RTL: "\x{627}\x{644}\x{639}\x{631}\x{628}\x{64A}\x{629}"
      LayoutBlockFlow {DIV} at (0,160) size 784x48
        LayoutText {#text} at (0,7) size 425x33
          text run at (0,7) width 360: "\x{543E}\x{8F29}\x{306F}\x{732B}\x{3067} \x{92E}\x{93E}\x{928}\x{915} \x{939}\x{93F}\x{928}\x{94D}\x{926}\x{940}ABC"
          text run at (359,7) width 66 RTL: "\x{627}\x{644}\x{639}\x{631}\x{628}\x{64A}\x{629}"
selection start: position 3 of child 0 {#text} of child 5 {DIV} of body
selection end:   position 24 of child 0 {#text} of child 5 {DIV} of body
