layer at (0,0) size 800x600
  LayoutView at (0,0) size 800x600
layer at (0,0) size 800x390
  LayoutBlockFlow {HTML} at (0,0) size 800x390
    LayoutBlockFlow {BODY} at (8,16) size 784x358
      LayoutBlockFlow {P} at (0,0) size 784x18
        LayoutText {#text} at (0,0) size 66x17
          text run at (0,0) width 66: "locale=tr: "
        LayoutInline {SPAN} at (0,0) size 44x17
          LayoutText {#text} at (65,0) size 44x17
            text run at (65,0) width 44: "Isi\x{130} \x{130}s\x{131}I"
        LayoutText {#text} at (108,0) size 10x17
          text run at (108,0) width 10: " :"
      LayoutBlockFlow {P} at (0,34) size 784x18
        LayoutText {#text} at (0,0) size 94x17
          text run at (0,0) width 94: "locale=tr_TR: "
        LayoutInline {SPAN} at (0,0) size 45x17
          LayoutText {#text} at (93,0) size 45x17
            text run at (93,0) width 45: "Isi\x{130} \x{130}s\x{131}I"
        LayoutText {#text} at (137,0) size 9x17
          text run at (137,0) width 9: " :"
      LayoutBlockFlow {P} at (0,68) size 784x18
        LayoutText {#text} at (0,0) size 92x17
          text run at (0,0) width 92: "locale=tr-TR: "
        LayoutInline {SPAN} at (0,0) size 44x17
          LayoutText {#text} at (91,0) size 44x17
            text run at (91,0) width 44: "Isi\x{130} \x{130}s\x{131}I"
        LayoutText {#text} at (134,0) size 9x17
          text run at (134,0) width 9: " :"
      LayoutBlockFlow {P} at (0,102) size 784x18
        LayoutText {#text} at (0,0) size 131x17
          text run at (0,0) width 131: "locale=tr@foo=bar: "
        LayoutInline {SPAN} at (0,0) size 45x17
          LayoutText {#text} at (130,0) size 45x17
            text run at (130,0) width 45: "Isi\x{130} \x{130}s\x{131}I"
        LayoutText {#text} at (174,0) size 9x17
          text run at (174,0) width 9: " :"
      LayoutBlockFlow {P} at (0,136) size 784x18
        LayoutText {#text} at (0,0) size 70x17
          text run at (0,0) width 70: "locale=az: "
        LayoutInline {SPAN} at (0,0) size 45x17
          LayoutText {#text} at (69,0) size 45x17
            text run at (69,0) width 45: "Isi\x{130} \x{130}s\x{131}I"
        LayoutText {#text} at (113,0) size 9x17
          text run at (113,0) width 9: " :"
      LayoutBlockFlow {P} at (0,170) size 784x18
        LayoutText {#text} at (0,0) size 100x17
          text run at (0,0) width 100: "locale=az_AZ: "
        LayoutInline {SPAN} at (0,0) size 44x17
          LayoutText {#text} at (99,0) size 44x17
            text run at (99,0) width 44: "Isi\x{130} \x{130}s\x{131}I"
        LayoutText {#text} at (142,0) size 9x17
          text run at (142,0) width 9: " :"
      LayoutBlockFlow {P} at (0,204) size 784x18
        LayoutText {#text} at (0,0) size 97x17
          text run at (0,0) width 97: "locale=az-AZ: "
        LayoutInline {SPAN} at (0,0) size 44x17
          LayoutText {#text} at (96,0) size 44x17
            text run at (96,0) width 44: "Isi\x{130} \x{130}s\x{131}I"
        LayoutText {#text} at (139,0) size 10x17
          text run at (139,0) width 10: " :"
      LayoutBlockFlow {P} at (0,238) size 784x18
        LayoutText {#text} at (0,0) size 136x17
          text run at (0,0) width 136: "locale=az@foo=bar: "
        LayoutInline {SPAN} at (0,0) size 44x17
          LayoutText {#text} at (135,0) size 44x17
            text run at (135,0) width 44: "Isi\x{130} \x{130}s\x{131}I"
        LayoutText {#text} at (178,0) size 10x17
          text run at (178,0) width 10: " :"
      LayoutBlockFlow {P} at (0,272) size 784x18
        LayoutText {#text} at (0,0) size 92x17
          text run at (0,0) width 92: "locale=tr-US: "
        LayoutInline {SPAN} at (0,0) size 44x17
          LayoutText {#text} at (91,0) size 44x17
            text run at (91,0) width 44: "Isi\x{130} \x{130}s\x{131}I"
        LayoutText {#text} at (134,0) size 9x17
          text run at (134,0) width 9: " :"
      LayoutBlockFlow {P} at (0,306) size 784x18
        LayoutText {#text} at (0,0) size 77x17
          text run at (0,0) width 77: "locale=TR: "
        LayoutInline {SPAN} at (0,0) size 44x17
          LayoutText {#text} at (76,0) size 44x17
            text run at (76,0) width 44: "Isi\x{130} \x{130}s\x{131}I"
        LayoutText {#text} at (119,0) size 9x17
          text run at (119,0) width 9: " :"
      LayoutBlockFlow {P} at (0,340) size 784x18
        LayoutText {#text} at (0,0) size 71x17
          text run at (0,0) width 71: "locale=en: "
        LayoutInline {SPAN} at (0,0) size 45x17
          LayoutText {#text} at (70,0) size 45x17
            text run at (70,0) width 45: "Isi\x{130} \x{130}s\x{131}I"
        LayoutText {#text} at (114,0) size 9x17
          text run at (114,0) width 9: " :"
