layer at (0,0) size 800x600
  LayoutView at (0,0) size 800x600
layer at (20,20) size 644x433
  LayoutBlockFlow {HTML} at (20,20) size 644x433 [bgcolor=#C0C0C0] [border: none (4px solid #808080) none]
    LayoutBlockFlow {BODY} at (-4,-4) size 644x433 [bgcolor=#FFFFFF] [border: (1px solid #000000)]
      LayoutBlockFlow {H1} at (41,41) size 562x120
        LayoutText {#text} at (0,4) size 273x112
          text run at (0,4) width 273: "Acid3"
      LayoutBlockFlow {DIV} at (41,121) size 562x312
        LayoutBlockFlow {P} at (7,80) size 54x42 [bgcolor=#FF0000] [border: (1px solid #000000)]
        LayoutBlockFlow {P} at (70,64) size 64x50 [bgcolor=#FFA500] [border: (1px solid #000000)]
        LayoutBlockFlow {P} at (144.98,48) size 74x58 [bgcolor=#FFFF00] [border: (1px solid #000000)]
        LayoutBlockFlow {P} at (230.98,32) size 86x66 [bgcolor=#00FF00] [border: (1px solid #000000)]
        LayoutBlockFlow {P} at (329.98,16) size 96x74 [bgcolor=#0000FF] [border: (1px solid #000000)]
        LayoutBlockFlow {P} at (440.98,0) size 106x82 [bgcolor=#800080] [border: (1px solid #000000)]
        LayoutText {#text} at (0,0) size 0x0
      LayoutBlockFlow {P} at (41,214) size 568x120
        LayoutInline {SPAN} at (0,0) size 168x112
          LayoutText {#text} at (206,4) size 168x112
            text run at (206,4) width 168: "100"
        LayoutInline {SPAN} at (0,0) size 29x112
          LayoutText {#text} at (373,4) size 29x112
            text run at (373,4) width 29: "/"
        LayoutInline {SPAN} at (0,0) size 167x112
          LayoutText {#text} at (401,4) size 167x112
            text run at (401,4) width 167: "100"
      LayoutBlockFlow (anonymous) at (41,334) size 562x0
        LayoutInline {MAP} at (0,0) size 0x0
          LayoutInline {AREA} at (0,0) size 0x0 [color=#0000FF]
      LayoutBlockFlow (anonymous) at (41,334) size 562x0
        LayoutBlockFlow {FORM} at (0,0) size 562x0
        LayoutTable {TABLE} at (0,0) size 1x0
          LayoutTableSection {TBODY} at (0,0) size 1x0
            LayoutTableRow {TR} at (0,0) size 1x0
              LayoutTableCell {TD} at (0,0) size 1x0 [r=0 c=0 rs=1 cs=1]
                LayoutBlockFlow {P} at (0,0) size 1x0
      LayoutBlockFlow (anonymous) at (41,334) size 562x0
        LayoutInline {MAP} at (0,0) size 0x0
        LayoutText {#text} at (0,0) size 0x0
      LayoutBlockFlow {P} at (41,334) size 582x98 [color=#808080]
        LayoutText {#text} at (0,1) size 119x17
          text run at (0,1) width 119: "To pass the test,"
        LayoutBlockFlow (floating) {SPAN} at (562,0) size 20x20 [bgcolor=#FFFFFF]
        LayoutText {#text} at (118,1) size 548x55
          text run at (118,1) width 430: " a browser must use its default settings, the animation has to"
          text run at (0,20) width 532: "be smooth, the score has to end on 100/100, and the final page has to look"
          text run at (0,39) width 190: "exactly, pixel for pixel, like "
        LayoutInline {A} at (0,0) size 170x17 [color=#0000FF]
          LayoutText {#text} at (189,39) size 170x17
            text run at (189,39) width 170: "this reference rendering"
        LayoutText {#text} at (358,39) size 5x17
          text run at (358,39) width 5: "."
layer at (131,84) size 300x150
  LayoutEmbeddedObject {OBJECT} at (130.50,84.30) size 300x150
    layer at (0,0) size 300x150
      LayoutView at (0,0) size 300x150
    layer at (0,0) size 300x16
      LayoutBlockFlow {HTML} at (0,0) size 300x16
        LayoutBlockFlow {BODY} at (8,16) size 284x0
          LayoutBlockFlow {P} at (0,0) size 284x0
layer at (17,18) size 80x30
  LayoutBlockFlow (positioned) {A} at (17,18) size 80x30 [color=#FF0000]
    LayoutText {#text} at (0,0) size 70x30
      text run at (0,0) width 67: "YOU SHOULD"
      text run at (0,10) width 70: "NOT SEE THIS"
      text run at (0,20) width 36: "AT ALL"
layer at (638,18) size 20x20
  LayoutBlockFlow (positioned) {<pseudo:after>} at (638,18) size 20x20 [color=#FFFFFF] [bgcolor=#FF00FF]
    LayoutTextFragment at (0,0) size 20x20
      text run at (0,0) width 20: "X"
layer at (10,10) size 84x45
  LayoutBlockFlow (positioned) {DIV} at (10,10) size 84.48x45 [color=#00000000]
    LayoutText {#text} at (0,0) size 85x44
      text run at (0,0) width 85: "FAIL"
