layer at (0,0) size 800x600
  LayoutView at (0,0) size 800x600
layer at (0,0) size 800x73
  LayoutBlockFlow {HTML} at (0,0) size 800x73
    LayoutBlockFlow {BODY} at (8,16) size 784x41
      LayoutBlockFlow {P} at (0,0) size 784x41
        LayoutButton {BUTTON} at (0,0) size 226.17x22 [bgcolor=#00FF00] [border: (2px outset #C0C0C0)]
          LayoutBlockFlow (anonymous) at (8,4) size 210.17x13
            LayoutText {#text} at (0,0) size 211x13
              text run at (0,0) width 211: "A button (enabled) with green background"
        LayoutText {#text} at (226,1) size 5x18
          text run at (226,1) width 5: " "
        LayoutBR {BR} at (0,0) size 0x0
        LayoutTextControl {INPUT} at (0,22) size 227x19 [bgcolor=#00FF00] [border: (2px inset #EEEEEE)]
        LayoutText {#text} at (0,0) size 0x0
layer at (11,41) size 221x13
  LayoutBlockFlow {DIV} at (3,3) size 221x13
    LayoutText {#text} at (0,0) size 221x13
      text run at (0,0) width 221: "a text area (enabled) with green background"
