layer at (0,0) size 800x600
  LayoutView at (0,0) size 800x600
layer at (0,0) size 800x600
  LayoutBlockFlow {HTML} at (0,0) size 800x600
    LayoutBlockFlow {BODY} at (8,8) size 784x584
      LayoutBlockFlow (anonymous) at (0,0) size 784x32
        LayoutInline {SPAN} at (0,0) size 729x32
          LayoutInline {SPAN} at (0,0) size 729x32
            LayoutText {#text} at (0,0) size 729x32
              text run at (0,0) width 103: "Bug #3810389. "
              text run at (102,0) width 395: "Make sure we don't crash manipulating blocks inside inlines. "
              text run at (496,0) width 233: "You should see the numbers 1 and 2"
              text run at (0,16) width 215: "vertically stacked below this line."
      LayoutBlockFlow (anonymous) at (0,32) size 784x16
        LayoutBlockFlow {DIV} at (0,0) size 784x16
          LayoutText {#text} at (0,0) size 8x16
            text run at (0,0) width 8: "1"
      LayoutBlockFlow (anonymous) at (0,48) size 784x16
        LayoutInline {SPAN} at (0,0) size 16x16
          LayoutInline {SPAN} at (0,0) size 8x16
            LayoutText {#text} at (0,0) size 8x16
              text run at (0,0) width 8: "2"
          LayoutText {#text} at (8,0) size 4x16
            text run at (8,0) width 4: " "
          LayoutImage {IMG} at (12,12) size 0x0
          LayoutText {#text} at (12,0) size 4x16
            text run at (12,0) width 4: " "
        LayoutText {#text} at (0,0) size 0x0
        LayoutImage {IMG} at (16,12) size 0x0
        LayoutText {#text} at (0,0) size 0x0
        LayoutText {#text} at (0,0) size 0x0
