layer at (0,0) size 800x600
  LayoutView at (0,0) size 800x600
layer at (0,0) size 800x280
  LayoutBlockFlow {HTML} at (0,0) size 800x280
    LayoutBlockFlow {BODY} at (8,8) size 784x264
      LayoutFlexibleBox {DIV} at (0,0) size 784x264
        LayoutBlockFlow {DIV} at (0,0) size 260x264
          LayoutBlockFlow {P} at (0,24) size 260x24 [color=#0F0F0F]
            LayoutText {#text} at (0,0) size 192x24
              text run at (0,0) width 192: "\x{C9}p \x{C9}p \x{C9}p"
          LayoutBlockFlow {P} at (0,72) size 260x24 [color=#0F0F0F]
            LayoutText {#text} at (0,0) size 192x24
              text run at (0,0) width 192: "\x{C9}p \x{C9}p \x{C9}p"
          LayoutBlockFlow {P} at (0,120) size 260x24 [color=#0F0F0F]
            LayoutText {#text} at (0,0) size 192x24
              text run at (0,0) width 192: "\x{C9}p \x{C9}p \x{C9}p"
          LayoutBlockFlow {P} at (0,168) size 260x24 [color=#0F0F0F]
            LayoutText {#text} at (0,0) size 192x24
              text run at (0,0) width 192: "\x{C9}p \x{C9}p \x{C9}p"
          LayoutBlockFlow {P} at (0,216) size 260x24 [color=#0F0F0F]
            LayoutText {#text} at (0,0) size 192x24
              text run at (0,0) width 192: "\x{C9}p \x{C9}p \x{C9}p"
        LayoutBlockFlow {DIV} at (260,0) size 264x264
          LayoutBlockFlow {P} at (24,0) size 24x264 [color=#0F0F0F]
            LayoutText {#text} at (0,0) size 24x192
              text run at (0,0) width 192: "\x{C9}p \x{C9}p \x{C9}p"
          LayoutBlockFlow {P} at (72,0) size 24x264 [color=#0F0F0F]
            LayoutText {#text} at (0,0) size 24x192
              text run at (0,0) width 192: "\x{C9}p \x{C9}p \x{C9}p"
          LayoutBlockFlow {P} at (120,0) size 24x264 [color=#0F0F0F]
            LayoutText {#text} at (0,0) size 24x192
              text run at (0,0) width 192: "\x{C9}p \x{C9}p \x{C9}p"
          LayoutBlockFlow {P} at (168,0) size 24x264 [color=#0F0F0F]
            LayoutText {#text} at (0,0) size 24x192
              text run at (0,0) width 192: "\x{C9}p \x{C9}p \x{C9}p"
          LayoutBlockFlow {P} at (216,0) size 24x264 [color=#0F0F0F]
            LayoutText {#text} at (0,0) size 24x192
              text run at (0,0) width 192: "\x{C9}p \x{C9}p \x{C9}p"
        LayoutBlockFlow {DIV} at (524,0) size 260x264
          LayoutBlockFlow {P} at (16,0) size 24x264
            LayoutInline {SPAN} at (0,0) size 24x72 [color=#0F0F0F]
              LayoutText {#text} at (0,0) size 24x72
                text run at (0,0) width 72: "\x{C9}p "
            LayoutInline {SPAN} at (0,0) size 24x72 [color=#0F0F0F]
              LayoutText {#text} at (0,72) size 24x72
                text run at (0,72) width 72: "\x{C9}p "
            LayoutInline {SPAN} at (0,0) size 24x48 [color=#0F0F0F]
              LayoutText {#text} at (0,144) size 24x48
                text run at (0,144) width 48: "\x{C9}p"
          LayoutBlockFlow {P} at (56,0) size 24x264
            LayoutInline {SPAN} at (0,0) size 24x72 [color=#0F0F0F]
              LayoutText {#text} at (0,0) size 24x72
                text run at (0,0) width 72: "\x{C9}p "
            LayoutInline {SPAN} at (0,0) size 24x72 [color=#0F0F0F]
              LayoutText {#text} at (0,72) size 24x72
                text run at (0,72) width 72: "\x{C9}p "
            LayoutInline {SPAN} at (0,0) size 24x48 [color=#0F0F0F]
              LayoutText {#text} at (0,144) size 24x48
                text run at (0,144) width 48: "\x{C9}p"
          LayoutBlockFlow {P} at (96,0) size 24x264
            LayoutInline {SPAN} at (0,0) size 24x72 [color=#0F0F0F]
              LayoutText {#text} at (0,0) size 24x72
                text run at (0,0) width 72: "\x{C9}p "
            LayoutInline {SPAN} at (0,0) size 24x72 [color=#0F0F0F]
              LayoutText {#text} at (0,72) size 24x72
                text run at (0,72) width 72: "\x{C9}p "
            LayoutInline {SPAN} at (0,0) size 24x48 [color=#0F0F0F]
              LayoutText {#text} at (0,144) size 24x48
                text run at (0,144) width 48: "\x{C9}p"
          LayoutBlockFlow {P} at (136,0) size 24x264
            LayoutInline {SPAN} at (0,0) size 24x72 [color=#0F0F0F]
              LayoutText {#text} at (0,0) size 24x72
                text run at (0,0) width 72: "\x{C9}p "
            LayoutInline {SPAN} at (0,0) size 24x72 [color=#0F0F0F]
              LayoutText {#text} at (0,72) size 24x72
                text run at (0,72) width 72: "\x{C9}p "
            LayoutInline {SPAN} at (0,0) size 24x48 [color=#0F0F0F]
              LayoutText {#text} at (0,144) size 24x48
                text run at (0,144) width 48: "\x{C9}p"
          LayoutBlockFlow {P} at (176,0) size 24x264
            LayoutInline {SPAN} at (0,0) size 24x72 [color=#0F0F0F]
              LayoutText {#text} at (0,0) size 24x72
                text run at (0,0) width 72: "\x{C9}p "
            LayoutInline {SPAN} at (0,0) size 24x72 [color=#0F0F0F]
              LayoutText {#text} at (0,72) size 24x72
                text run at (0,72) width 72: "\x{C9}p "
            LayoutInline {SPAN} at (0,0) size 24x48 [color=#0F0F0F]
              LayoutText {#text} at (0,144) size 24x48
                text run at (0,144) width 48: "\x{C9}p"
