layer at (0,0) size 800x600 scrollHeight 1331
  LayoutView at (0,0) size 800x600
layer at (0,0) size 800x1331 backgroundClip at (0,0) size 800x600 clip at (0,0) size 800x600 outlineClip at (0,0) size 800x600
  LayoutBlockFlow {HTML} at (0,0) size 800x1331
    LayoutBlockFlow {BODY} at (8,8) size 784x1315
      LayoutBlockFlow {SECTION} at (0,0) size 785.55x1299
        LayoutBlockFlow {H1} at (0,0) size 785.55x27
          LayoutText {#text} at (0,0) size 283x26
            text run at (0,0) width 283: "Font Size Scaling Pixel Test"
        LayoutBlockFlow {P} at (0,31) size 785.55x18
          LayoutText {#text} at (0,0) size 768x17
            text run at (0,0) width 251: "Size of the text should scale smoothly. "
            text run at (250,0) width 518: "Reported width should be within 0.02px of that of the highlighted reference row."
        LayoutBlockFlow {DIV} at (0,53) size 785.55x1246
          LayoutBlockFlow {DIV} at (0,0) size 785.55x14 [border: none (1px solid #000000) none]
            LayoutBlockFlow {DIV} at (0,0) size 65x13
              LayoutText {#text} at (15,0) size 45x13
                text run at (15,0) width 45: "Font Size"
            LayoutBlockFlow {DIV} at (65,0) size 65x13
              LayoutText {#text} at (33,0) size 27x13
                text run at (33,0) width 27: "Width"
            LayoutBlockFlow {DIV} at (130,0) size 65x13
              LayoutText {#text} at (6,0) size 54x13
                text run at (6,0) width 54: "Normalized"
            LayoutBlockFlow {DIV} at (195,0) size 65x13
              LayoutText {#text} at (44,0) size 16x13
                text run at (44,0) width 16: "Diff"
            LayoutInline {SPAN} at (0,0) size 37x13
              LayoutText {#text} at (260,0) size 37x13
                text run at (260,0) width 37: "Content"
          LayoutBlockFlow {DIV} at (0,14) size 785.55x13
            LayoutBlockFlow {DIV} at (0,0) size 65x13
              LayoutText {#text} at (33,0) size 27x13
                text run at (33,0) width 27: "10.00"
            LayoutBlockFlow {DIV} at (65,0) size 65x13
              LayoutText {#text} at (27,0) size 33x13
                text run at (27,0) width 33: "223.00"
            LayoutBlockFlow {DIV} at (130,0) size 65x13
              LayoutText {#text} at (27,0) size 33x13
                text run at (27,0) width 33: "267.60"
            LayoutBlockFlow {DIV} at (195,0) size 65x12 [color=#FF0000]
              LayoutText {#text} at (39,0) size 21x12
                text run at (39,0) width 21: "7.60"
            LayoutInline {SPAN} at (0,0) size 223x13
              LayoutText {#text} at (260,0) size 223x13
                text run at (260,0) width 223: "Amazingly few discotheques provide jukeboxes."
          LayoutBlockFlow {DIV} at (0,27) size 785.55x13
            LayoutBlockFlow {DIV} at (0,0) size 65x13
              LayoutText {#text} at (33,0) size 27x13
                text run at (33,0) width 27: "10.25"
            LayoutBlockFlow {DIV} at (65,0) size 65x13
              LayoutText {#text} at (27,0) size 33x13
                text run at (27,0) width 33: "223.00"
            LayoutBlockFlow {DIV} at (130,0) size 65x13
              LayoutText {#text} at (27,0) size 33x13
                text run at (27,0) width 33: "261.07"
            LayoutBlockFlow {DIV} at (195,0) size 65x12 [color=#FF0000]
              LayoutText {#text} at (39,0) size 21x12
                text run at (39,0) width 21: "1.07"
            LayoutInline {SPAN} at (0,0) size 223x13
              LayoutText {#text} at (260,0) size 223x13
                text run at (260,0) width 223: "Amazingly few discotheques provide jukeboxes."
          LayoutBlockFlow {DIV} at (0,40) size 785.55x14
            LayoutBlockFlow {DIV} at (0,1) size 65x13
              LayoutText {#text} at (33,0) size 27x13
                text run at (33,0) width 27: "10.50"
            LayoutBlockFlow {DIV} at (65,1) size 65x13
              LayoutText {#text} at (27,0) size 33x13
                text run at (27,0) width 33: "235.00"
            LayoutBlockFlow {DIV} at (130,1) size 65x13
              LayoutText {#text} at (27,0) size 33x13
                text run at (27,0) width 33: "268.57"
            LayoutBlockFlow {DIV} at (195,1) size 65x12 [color=#FF0000]
              LayoutText {#text} at (39,0) size 21x12
                text run at (39,0) width 21: "8.57"
            LayoutInline {SPAN} at (0,0) size 235x14
              LayoutText {#text} at (260,0) size 235x14
                text run at (260,0) width 235: "Amazingly few discotheques provide jukeboxes."
          LayoutBlockFlow {DIV} at (0,54) size 785.55x14
            LayoutBlockFlow {DIV} at (0,1) size 65x13
              LayoutText {#text} at (33,0) size 27x13
                text run at (33,0) width 27: "10.75"
            LayoutBlockFlow {DIV} at (65,1) size 65x13
              LayoutText {#text} at (27,0) size 33x13
                text run at (27,0) width 33: "235.00"
            LayoutBlockFlow {DIV} at (130,1) size 65x13
              LayoutText {#text} at (27,0) size 33x13
                text run at (27,0) width 33: "262.33"
            LayoutBlockFlow {DIV} at (195,1) size 65x12 [color=#FF0000]
              LayoutText {#text} at (39,0) size 21x12
                text run at (39,0) width 21: "2.33"
            LayoutInline {SPAN} at (0,0) size 235x14
              LayoutText {#text} at (260,0) size 235x14
                text run at (260,0) width 235: "Amazingly few discotheques provide jukeboxes."
          LayoutBlockFlow {DIV} at (0,68) size 785.55x14
            LayoutBlockFlow {DIV} at (0,1) size 65x13
              LayoutText {#text} at (33,0) size 27x13
                text run at (33,0) width 27: "11.00"
            LayoutBlockFlow {DIV} at (65,1) size 65x13
              LayoutText {#text} at (27,0) size 33x13
                text run at (27,0) width 33: "235.00"
            LayoutBlockFlow {DIV} at (130,1) size 65x13
              LayoutText {#text} at (27,0) size 33x13
                text run at (27,0) width 33: "256.36"
            LayoutBlockFlow {DIV} at (195,1) size 65x12 [color=#FF0000]
              LayoutText {#text} at (36,0) size 24x12
                text run at (36,0) width 24: "-3.64"
            LayoutInline {SPAN} at (0,0) size 235x14
              LayoutText {#text} at (260,0) size 235x14
                text run at (260,0) width 235: "Amazingly few discotheques provide jukeboxes."
          LayoutBlockFlow {DIV} at (0,82) size 785.55x14
            LayoutBlockFlow {DIV} at (0,1) size 65x13
              LayoutText {#text} at (33,0) size 27x13
                text run at (33,0) width 27: "11.25"
            LayoutBlockFlow {DIV} at (65,1) size 65x13
              LayoutText {#text} at (27,0) size 33x13
                text run at (27,0) width 33: "235.00"
            LayoutBlockFlow {DIV} at (130,1) size 65x13
              LayoutText {#text} at (27,0) size 33x13
                text run at (27,0) width 33: "250.67"
            LayoutBlockFlow {DIV} at (195,1) size 65x12 [color=#FF0000]
              LayoutText {#text} at (36,0) size 24x12
                text run at (36,0) width 24: "-9.33"
            LayoutInline {SPAN} at (0,0) size 235x14
              LayoutText {#text} at (260,0) size 235x14
                text run at (260,0) width 235: "Amazingly few discotheques provide jukeboxes."
          LayoutBlockFlow {DIV} at (0,96) size 785.55x15
            LayoutBlockFlow {DIV} at (0,2) size 65x13
              LayoutText {#text} at (33,0) size 27x13
                text run at (33,0) width 27: "11.50"
            LayoutBlockFlow {DIV} at (65,2) size 65x13
              LayoutText {#text} at (27,0) size 33x13
                text run at (27,0) width 33: "260.00"
            LayoutBlockFlow {DIV} at (130,2) size 65x13
              LayoutText {#text} at (27,0) size 33x13
                text run at (27,0) width 33: "271.30"
            LayoutBlockFlow {DIV} at (195,2) size 65x12 [color=#FF0000]
              LayoutText {#text} at (33,0) size 27x12
                text run at (33,0) width 27: "11.30"
            LayoutInline {SPAN} at (0,0) size 260x15
              LayoutText {#text} at (260,0) size 260x15
                text run at (260,0) width 260: "Amazingly few discotheques provide jukeboxes."
          LayoutBlockFlow {DIV} at (0,111) size 785.55x15
            LayoutBlockFlow {DIV} at (0,2) size 65x13
              LayoutText {#text} at (33,0) size 27x13
                text run at (33,0) width 27: "11.75"
            LayoutBlockFlow {DIV} at (65,2) size 65x13
              LayoutText {#text} at (27,0) size 33x13
                text run at (27,0) width 33: "260.00"
            LayoutBlockFlow {DIV} at (130,2) size 65x13
              LayoutText {#text} at (27,0) size 33x13
                text run at (27,0) width 33: "265.53"
            LayoutBlockFlow {DIV} at (195,2) size 65x12 [color=#FF0000]
              LayoutText {#text} at (39,0) size 21x12
                text run at (39,0) width 21: "5.53"
            LayoutInline {SPAN} at (0,0) size 260x15
              LayoutText {#text} at (260,0) size 260x15
                text run at (260,0) width 260: "Amazingly few discotheques provide jukeboxes."
          LayoutBlockFlow {DIV} at (0,126) size 785.55x15 [bgcolor=#FBFCC5]
            LayoutBlockFlow {DIV} at (0,2) size 65x13
              LayoutText {#text} at (33,0) size 27x13
                text run at (33,0) width 27: "12.00"
            LayoutBlockFlow {DIV} at (65,2) size 65x13
              LayoutText {#text} at (27,0) size 33x13
                text run at (27,0) width 33: "260.00"
            LayoutBlockFlow {DIV} at (130,2) size 65x13
              LayoutText {#text} at (27,0) size 33x13
                text run at (27,0) width 33: "260.00"
            LayoutBlockFlow {DIV} at (195,2) size 65x13
              LayoutText {#text} at (39,0) size 21x13
                text run at (39,0) width 21: "0.00"
            LayoutInline {SPAN} at (0,0) size 260x15
              LayoutText {#text} at (260,0) size 260x15
                text run at (260,0) width 260: "Amazingly few discotheques provide jukeboxes."
          LayoutBlockFlow {DIV} at (0,141) size 785.55x15
            LayoutBlockFlow {DIV} at (0,2) size 65x13
              LayoutText {#text} at (33,0) size 27x13
                text run at (33,0) width 27: "12.25"
            LayoutBlockFlow {DIV} at (65,2) size 65x13
              LayoutText {#text} at (27,0) size 33x13
                text run at (27,0) width 33: "260.00"
            LayoutBlockFlow {DIV} at (130,2) size 65x13
              LayoutText {#text} at (27,0) size 33x13
                text run at (27,0) width 33: "254.69"
            LayoutBlockFlow {DIV} at (195,2) size 65x12 [color=#FF0000]
              LayoutText {#text} at (36,0) size 24x12
                text run at (36,0) width 24: "-5.31"
            LayoutInline {SPAN} at (0,0) size 260x15
              LayoutText {#text} at (260,0) size 260x15
                text run at (260,0) width 260: "Amazingly few discotheques provide jukeboxes."
          LayoutBlockFlow {DIV} at (0,156) size 785.55x16
            LayoutBlockFlow {DIV} at (0,3) size 65x13
              LayoutText {#text} at (33,0) size 27x13
                text run at (33,0) width 27: "12.50"
            LayoutBlockFlow {DIV} at (65,3) size 65x13
              LayoutText {#text} at (27,0) size 33x13
                text run at (27,0) width 33: "276.00"
            LayoutBlockFlow {DIV} at (130,3) size 65x13
              LayoutText {#text} at (27,0) size 33x13
                text run at (27,0) width 33: "264.96"
            LayoutBlockFlow {DIV} at (195,3) size 65x12 [color=#FF0000]
              LayoutText {#text} at (39,0) size 21x12
                text run at (39,0) width 21: "4.96"
            LayoutInline {SPAN} at (0,0) size 276x16
              LayoutText {#text} at (260,0) size 276x16
                text run at (260,0) width 276: "Amazingly few discotheques provide jukeboxes."
          LayoutBlockFlow {DIV} at (0,172) size 785.55x16
            LayoutBlockFlow {DIV} at (0,3) size 65x13
              LayoutText {#text} at (33,0) size 27x13
                text run at (33,0) width 27: "12.75"
            LayoutBlockFlow {DIV} at (65,3) size 65x13
              LayoutText {#text} at (27,0) size 33x13
                text run at (27,0) width 33: "276.00"
            LayoutBlockFlow {DIV} at (130,3) size 65x13
              LayoutText {#text} at (27,0) size 33x13
                text run at (27,0) width 33: "259.76"
            LayoutBlockFlow {DIV} at (195,3) size 65x12 [color=#FF0000]
              LayoutText {#text} at (36,0) size 24x12
                text run at (36,0) width 24: "-0.24"
            LayoutInline {SPAN} at (0,0) size 276x16
              LayoutText {#text} at (260,0) size 276x16
                text run at (260,0) width 276: "Amazingly few discotheques provide jukeboxes."
          LayoutBlockFlow {DIV} at (0,188) size 785.55x16
            LayoutBlockFlow {DIV} at (0,3) size 65x13
              LayoutText {#text} at (33,0) size 27x13
                text run at (33,0) width 27: "13.00"
            LayoutBlockFlow {DIV} at (65,3) size 65x13
              LayoutText {#text} at (27,0) size 33x13
                text run at (27,0) width 33: "276.00"
            LayoutBlockFlow {DIV} at (130,3) size 65x13
              LayoutText {#text} at (27,0) size 33x13
                text run at (27,0) width 33: "254.77"
            LayoutBlockFlow {DIV} at (195,3) size 65x12 [color=#FF0000]
              LayoutText {#text} at (36,0) size 24x12
                text run at (36,0) width 24: "-5.23"
            LayoutInline {SPAN} at (0,0) size 276x16
              LayoutText {#text} at (260,0) size 276x16
                text run at (260,0) width 276: "Amazingly few discotheques provide jukeboxes."
          LayoutBlockFlow {DIV} at (0,204) size 785.55x16
            LayoutBlockFlow {DIV} at (0,3) size 65x13
              LayoutText {#text} at (33,0) size 27x13
                text run at (33,0) width 27: "13.25"
            LayoutBlockFlow {DIV} at (65,3) size 65x13
              LayoutText {#text} at (27,0) size 33x13
                text run at (27,0) width 33: "276.00"
            LayoutBlockFlow {DIV} at (130,3) size 65x13
              LayoutText {#text} at (27,0) size 33x13
                text run at (27,0) width 33: "249.96"
            LayoutBlockFlow {DIV} at (195,3) size 65x12 [color=#FF0000]
              LayoutText {#text} at (30,0) size 30x12
                text run at (30,0) width 30: "-10.04"
            LayoutInline {SPAN} at (0,0) size 276x16
              LayoutText {#text} at (260,0) size 276x16
                text run at (260,0) width 276: "Amazingly few discotheques provide jukeboxes."
          LayoutBlockFlow {DIV} at (0,220) size 785.55x16
            LayoutBlockFlow {DIV} at (0,3) size 65x13
              LayoutText {#text} at (33,0) size 27x13
                text run at (33,0) width 27: "13.50"
            LayoutBlockFlow {DIV} at (65,3) size 65x13
              LayoutText {#text} at (27,0) size 33x13
                text run at (27,0) width 33: "298.00"
            LayoutBlockFlow {DIV} at (130,3) size 65x13
              LayoutText {#text} at (27,0) size 33x13
                text run at (27,0) width 33: "264.89"
            LayoutBlockFlow {DIV} at (195,3) size 65x12 [color=#FF0000]
              LayoutText {#text} at (39,0) size 21x12
                text run at (39,0) width 21: "4.89"
            LayoutInline {SPAN} at (0,0) size 298x16
              LayoutText {#text} at (260,0) size 298x16
                text run at (260,0) width 298: "Amazingly few discotheques provide jukeboxes."
          LayoutBlockFlow {DIV} at (0,236) size 785.55x16
            LayoutBlockFlow {DIV} at (0,3) size 65x13
              LayoutText {#text} at (33,0) size 27x13
                text run at (33,0) width 27: "13.75"
            LayoutBlockFlow {DIV} at (65,3) size 65x13
              LayoutText {#text} at (27,0) size 33x13
                text run at (27,0) width 33: "298.00"
            LayoutBlockFlow {DIV} at (130,3) size 65x13
              LayoutText {#text} at (27,0) size 33x13
                text run at (27,0) width 33: "260.07"
            LayoutBlockFlow {DIV} at (195,3) size 65x12 [color=#FF0000]
              LayoutText {#text} at (39,0) size 21x12
                text run at (39,0) width 21: "0.07"
            LayoutInline {SPAN} at (0,0) size 298x16
              LayoutText {#text} at (260,0) size 298x16
                text run at (260,0) width 298: "Amazingly few discotheques provide jukeboxes."
          LayoutBlockFlow {DIV} at (0,252) size 785.55x16
            LayoutBlockFlow {DIV} at (0,3) size 65x13
              LayoutText {#text} at (33,0) size 27x13
                text run at (33,0) width 27: "14.00"
            LayoutBlockFlow {DIV} at (65,3) size 65x13
              LayoutText {#text} at (27,0) size 33x13
                text run at (27,0) width 33: "298.00"
            LayoutBlockFlow {DIV} at (130,3) size 65x13
              LayoutText {#text} at (27,0) size 33x13
                text run at (27,0) width 33: "255.43"
            LayoutBlockFlow {DIV} at (195,3) size 65x12 [color=#FF0000]
              LayoutText {#text} at (36,0) size 24x12
                text run at (36,0) width 24: "-4.57"
            LayoutInline {SPAN} at (0,0) size 298x16
              LayoutText {#text} at (260,0) size 298x16
                text run at (260,0) width 298: "Amazingly few discotheques provide jukeboxes."
          LayoutBlockFlow {DIV} at (0,268) size 785.55x16
            LayoutBlockFlow {DIV} at (0,3) size 65x13
              LayoutText {#text} at (33,0) size 27x13
                text run at (33,0) width 27: "14.25"
            LayoutBlockFlow {DIV} at (65,3) size 65x13
              LayoutText {#text} at (27,0) size 33x13
                text run at (27,0) width 33: "298.00"
            LayoutBlockFlow {DIV} at (130,3) size 65x13
              LayoutText {#text} at (27,0) size 33x13
                text run at (27,0) width 33: "250.95"
            LayoutBlockFlow {DIV} at (195,3) size 65x12 [color=#FF0000]
              LayoutText {#text} at (36,0) size 24x12
                text run at (36,0) width 24: "-9.05"
            LayoutInline {SPAN} at (0,0) size 298x16
              LayoutText {#text} at (260,0) size 298x16
                text run at (260,0) width 298: "Amazingly few discotheques provide jukeboxes."
          LayoutBlockFlow {DIV} at (0,284) size 785.55x17
            LayoutBlockFlow {DIV} at (0,4) size 65x13
              LayoutText {#text} at (33,0) size 27x13
                text run at (33,0) width 27: "14.50"
            LayoutBlockFlow {DIV} at (65,4) size 65x13
              LayoutText {#text} at (27,0) size 33x13
                text run at (27,0) width 33: "309.00"
            LayoutBlockFlow {DIV} at (130,4) size 65x13
              LayoutText {#text} at (27,0) size 33x13
                text run at (27,0) width 33: "255.72"
            LayoutBlockFlow {DIV} at (195,4) size 65x12 [color=#FF0000]
              LayoutText {#text} at (36,0) size 24x12
                text run at (36,0) width 24: "-4.28"
            LayoutInline {SPAN} at (0,0) size 309x17
              LayoutText {#text} at (260,0) size 309x17
                text run at (260,0) width 309: "Amazingly few discotheques provide jukeboxes."
          LayoutBlockFlow {DIV} at (0,301) size 785.55x17
            LayoutBlockFlow {DIV} at (0,4) size 65x13
              LayoutText {#text} at (33,0) size 27x13
                text run at (33,0) width 27: "14.75"
            LayoutBlockFlow {DIV} at (65,4) size 65x13
              LayoutText {#text} at (27,0) size 33x13
                text run at (27,0) width 33: "309.00"
            LayoutBlockFlow {DIV} at (130,4) size 65x13
              LayoutText {#text} at (27,0) size 33x13
                text run at (27,0) width 33: "251.39"
            LayoutBlockFlow {DIV} at (195,4) size 65x12 [color=#FF0000]
              LayoutText {#text} at (36,0) size 24x12
                text run at (36,0) width 24: "-8.61"
            LayoutInline {SPAN} at (0,0) size 309x17
              LayoutText {#text} at (260,0) size 309x17
                text run at (260,0) width 309: "Amazingly few discotheques provide jukeboxes."
          LayoutBlockFlow {DIV} at (0,318) size 785.55x17
            LayoutBlockFlow {DIV} at (0,4) size 65x13
              LayoutText {#text} at (33,0) size 27x13
                text run at (33,0) width 27: "15.00"
            LayoutBlockFlow {DIV} at (65,4) size 65x13
              LayoutText {#text} at (27,0) size 33x13
                text run at (27,0) width 33: "309.00"
            LayoutBlockFlow {DIV} at (130,4) size 65x13
              LayoutText {#text} at (27,0) size 33x13
                text run at (27,0) width 33: "247.20"
            LayoutBlockFlow {DIV} at (195,4) size 65x12 [color=#FF0000]
              LayoutText {#text} at (30,0) size 30x12
                text run at (30,0) width 30: "-12.80"
            LayoutInline {SPAN} at (0,0) size 309x17
              LayoutText {#text} at (260,0) size 309x17
                text run at (260,0) width 309: "Amazingly few discotheques provide jukeboxes."
          LayoutBlockFlow {DIV} at (0,335) size 785.55x17
            LayoutBlockFlow {DIV} at (0,4) size 65x13
              LayoutText {#text} at (33,0) size 27x13
                text run at (33,0) width 27: "15.25"
            LayoutBlockFlow {DIV} at (65,4) size 65x13
              LayoutText {#text} at (27,0) size 33x13
                text run at (27,0) width 33: "309.00"
            LayoutBlockFlow {DIV} at (130,4) size 65x13
              LayoutText {#text} at (27,0) size 33x13
                text run at (27,0) width 33: "243.15"
            LayoutBlockFlow {DIV} at (195,4) size 65x12 [color=#FF0000]
              LayoutText {#text} at (30,0) size 30x12
                text run at (30,0) width 30: "-16.85"
            LayoutInline {SPAN} at (0,0) size 309x17
              LayoutText {#text} at (260,0) size 309x17
                text run at (260,0) width 309: "Amazingly few discotheques provide jukeboxes."
          LayoutBlockFlow {DIV} at (0,352) size 785.55x19
            LayoutBlockFlow {DIV} at (0,5) size 65x13
              LayoutText {#text} at (33,0) size 27x13
                text run at (33,0) width 27: "15.50"
            LayoutBlockFlow {DIV} at (65,5) size 65x13
              LayoutText {#text} at (27,0) size 33x13
                text run at (27,0) width 33: "330.00"
            LayoutBlockFlow {DIV} at (130,5) size 65x13
              LayoutText {#text} at (27,0) size 33x13
                text run at (27,0) width 33: "255.48"
            LayoutBlockFlow {DIV} at (195,5) size 65x12 [color=#FF0000]
              LayoutText {#text} at (36,0) size 24x12
                text run at (36,0) width 24: "-4.52"
            LayoutInline {SPAN} at (0,0) size 330x18
              LayoutText {#text} at (260,0) size 330x18
                text run at (260,0) width 330: "Amazingly few discotheques provide jukeboxes."
          LayoutBlockFlow {DIV} at (0,371) size 785.55x19
            LayoutBlockFlow {DIV} at (0,5) size 65x13
              LayoutText {#text} at (33,0) size 27x13
                text run at (33,0) width 27: "15.75"
            LayoutBlockFlow {DIV} at (65,5) size 65x13
              LayoutText {#text} at (27,0) size 33x13
                text run at (27,0) width 33: "330.00"
            LayoutBlockFlow {DIV} at (130,5) size 65x13
              LayoutText {#text} at (27,0) size 33x13
                text run at (27,0) width 33: "251.43"
            LayoutBlockFlow {DIV} at (195,5) size 65x12 [color=#FF0000]
              LayoutText {#text} at (36,0) size 24x12
                text run at (36,0) width 24: "-8.57"
            LayoutInline {SPAN} at (0,0) size 330x18
              LayoutText {#text} at (260,0) size 330x18
                text run at (260,0) width 330: "Amazingly few discotheques provide jukeboxes."
          LayoutBlockFlow {DIV} at (0,390) size 785.55x18
            LayoutBlockFlow {DIV} at (0,4) size 65x13
              LayoutText {#text} at (33,0) size 27x13
                text run at (33,0) width 27: "16.00"
            LayoutBlockFlow {DIV} at (65,4) size 65x13
              LayoutText {#text} at (27,0) size 33x13
                text run at (27,0) width 33: "339.73"
            LayoutBlockFlow {DIV} at (130,4) size 65x13
              LayoutText {#text} at (27,0) size 33x13
                text run at (27,0) width 33: "254.80"
            LayoutBlockFlow {DIV} at (195,4) size 65x12 [color=#FF0000]
              LayoutText {#text} at (36,0) size 24x12
                text run at (36,0) width 24: "-5.20"
            LayoutInline {SPAN} at (0,0) size 340x17
              LayoutText {#text} at (260,0) size 340x17
                text run at (260,0) width 340: "Amazingly few discotheques provide jukeboxes."
          LayoutBlockFlow {DIV} at (0,408) size 785.55x19
            LayoutBlockFlow {DIV} at (0,5) size 65x13
              LayoutText {#text} at (33,0) size 27x13
                text run at (33,0) width 27: "16.25"
            LayoutBlockFlow {DIV} at (65,5) size 65x13
              LayoutText {#text} at (27,0) size 33x13
                text run at (27,0) width 33: "345.05"
            LayoutBlockFlow {DIV} at (130,5) size 65x13
              LayoutText {#text} at (27,0) size 33x13
                text run at (27,0) width 33: "254.80"
            LayoutBlockFlow {DIV} at (195,5) size 65x12 [color=#FF0000]
              LayoutText {#text} at (36,0) size 24x12
                text run at (36,0) width 24: "-5.20"
            LayoutInline {SPAN} at (0,0) size 346x18
              LayoutText {#text} at (260,0) size 346x18
                text run at (260,0) width 346: "Amazingly few discotheques provide jukeboxes."
          LayoutBlockFlow {DIV} at (0,427) size 785.55x19
            LayoutBlockFlow {DIV} at (0,5) size 65x13
              LayoutText {#text} at (33,0) size 27x13
                text run at (33,0) width 27: "16.50"
            LayoutBlockFlow {DIV} at (65,5) size 65x13
              LayoutText {#text} at (27,0) size 33x13
                text run at (27,0) width 33: "350.34"
            LayoutBlockFlow {DIV} at (130,5) size 65x13
              LayoutText {#text} at (27,0) size 33x13
                text run at (27,0) width 33: "254.80"
            LayoutBlockFlow {DIV} at (195,5) size 65x12 [color=#FF0000]
              LayoutText {#text} at (36,0) size 24x12
                text run at (36,0) width 24: "-5.20"
            LayoutInline {SPAN} at (0,0) size 351x18
              LayoutText {#text} at (260,0) size 351x18
                text run at (260,0) width 351: "Amazingly few discotheques provide jukeboxes."
          LayoutBlockFlow {DIV} at (0,446) size 785.55x20
            LayoutBlockFlow {DIV} at (0,5) size 65x13
              LayoutText {#text} at (33,0) size 27x13
                text run at (33,0) width 27: "16.75"
            LayoutBlockFlow {DIV} at (65,5) size 65x13
              LayoutText {#text} at (27,0) size 33x13
                text run at (27,0) width 33: "355.66"
            LayoutBlockFlow {DIV} at (130,5) size 65x13
              LayoutText {#text} at (27,0) size 33x13
                text run at (27,0) width 33: "254.80"
            LayoutBlockFlow {DIV} at (195,5) size 65x12 [color=#FF0000]
              LayoutText {#text} at (36,0) size 24x12
                text run at (36,0) width 24: "-5.20"
            LayoutInline {SPAN} at (0,0) size 356x19
              LayoutText {#text} at (260,0) size 356x19
                text run at (260,0) width 356: "Amazingly few discotheques provide jukeboxes."
          LayoutBlockFlow {DIV} at (0,466) size 785.55x20
            LayoutBlockFlow {DIV} at (0,5) size 65x13
              LayoutText {#text} at (33,0) size 27x13
                text run at (33,0) width 27: "17.00"
            LayoutBlockFlow {DIV} at (65,5) size 65x13
              LayoutText {#text} at (27,0) size 33x13
                text run at (27,0) width 33: "360.97"
            LayoutBlockFlow {DIV} at (130,5) size 65x13
              LayoutText {#text} at (27,0) size 33x13
                text run at (27,0) width 33: "254.80"
            LayoutBlockFlow {DIV} at (195,5) size 65x12 [color=#FF0000]
              LayoutText {#text} at (36,0) size 24x12
                text run at (36,0) width 24: "-5.20"
            LayoutInline {SPAN} at (0,0) size 361x19
              LayoutText {#text} at (260,0) size 361x19
                text run at (260,0) width 361: "Amazingly few discotheques provide jukeboxes."
          LayoutBlockFlow {DIV} at (0,486) size 785.55x21
            LayoutBlockFlow {DIV} at (0,6) size 65x13
              LayoutText {#text} at (33,0) size 27x13
                text run at (33,0) width 27: "17.25"
            LayoutBlockFlow {DIV} at (65,6) size 65x13
              LayoutText {#text} at (27,0) size 33x13
                text run at (27,0) width 33: "366.28"
            LayoutBlockFlow {DIV} at (130,6) size 65x13
              LayoutText {#text} at (27,0) size 33x13
                text run at (27,0) width 33: "254.80"
            LayoutBlockFlow {DIV} at (195,6) size 65x12 [color=#FF0000]
              LayoutText {#text} at (36,0) size 24x12
                text run at (36,0) width 24: "-5.20"
            LayoutInline {SPAN} at (0,0) size 367x20
              LayoutText {#text} at (260,0) size 367x20
                text run at (260,0) width 367: "Amazingly few discotheques provide jukeboxes."
          LayoutBlockFlow {DIV} at (0,507) size 785.55x21
            LayoutBlockFlow {DIV} at (0,6) size 65x13
              LayoutText {#text} at (33,0) size 27x13
                text run at (33,0) width 27: "17.50"
            LayoutBlockFlow {DIV} at (65,6) size 65x13
              LayoutText {#text} at (27,0) size 33x13
                text run at (27,0) width 33: "371.58"
            LayoutBlockFlow {DIV} at (130,6) size 65x13
              LayoutText {#text} at (27,0) size 33x13
                text run at (27,0) width 33: "254.80"
            LayoutBlockFlow {DIV} at (195,6) size 65x12 [color=#FF0000]
              LayoutText {#text} at (36,0) size 24x12
                text run at (36,0) width 24: "-5.20"
            LayoutInline {SPAN} at (0,0) size 372x20
              LayoutText {#text} at (260,0) size 372x20
                text run at (260,0) width 372: "Amazingly few discotheques provide jukeboxes."
          LayoutBlockFlow {DIV} at (0,528) size 785.55x21
            LayoutBlockFlow {DIV} at (0,6) size 65x13
              LayoutText {#text} at (33,0) size 27x13
                text run at (33,0) width 27: "17.75"
            LayoutBlockFlow {DIV} at (65,6) size 65x13
              LayoutText {#text} at (27,0) size 33x13
                text run at (27,0) width 33: "376.89"
            LayoutBlockFlow {DIV} at (130,6) size 65x13
              LayoutText {#text} at (27,0) size 33x13
                text run at (27,0) width 33: "254.80"
            LayoutBlockFlow {DIV} at (195,6) size 65x12 [color=#FF0000]
              LayoutText {#text} at (36,0) size 24x12
                text run at (36,0) width 24: "-5.20"
            LayoutInline {SPAN} at (0,0) size 377x20
              LayoutText {#text} at (260,0) size 377x20
                text run at (260,0) width 377: "Amazingly few discotheques provide jukeboxes."
          LayoutBlockFlow {DIV} at (0,549) size 785.55x21
            LayoutBlockFlow {DIV} at (0,6) size 65x13
              LayoutText {#text} at (33,0) size 27x13
                text run at (33,0) width 27: "18.00"
            LayoutBlockFlow {DIV} at (65,6) size 65x13
              LayoutText {#text} at (27,0) size 33x13
                text run at (27,0) width 33: "382.20"
            LayoutBlockFlow {DIV} at (130,6) size 65x13
              LayoutText {#text} at (27,0) size 33x13
                text run at (27,0) width 33: "254.80"
            LayoutBlockFlow {DIV} at (195,6) size 65x12 [color=#FF0000]
              LayoutText {#text} at (36,0) size 24x12
                text run at (36,0) width 24: "-5.20"
            LayoutInline {SPAN} at (0,0) size 383x20
              LayoutText {#text} at (260,0) size 383x20
                text run at (260,0) width 383: "Amazingly few discotheques provide jukeboxes."
          LayoutBlockFlow {DIV} at (0,570) size 785.55x22
            LayoutBlockFlow {DIV} at (0,7) size 65x13
              LayoutText {#text} at (33,0) size 27x13
                text run at (33,0) width 27: "18.25"
            LayoutBlockFlow {DIV} at (65,7) size 65x13
              LayoutText {#text} at (27,0) size 33x13
                text run at (27,0) width 33: "387.52"
            LayoutBlockFlow {DIV} at (130,7) size 65x13
              LayoutText {#text} at (27,0) size 33x13
                text run at (27,0) width 33: "254.80"
            LayoutBlockFlow {DIV} at (195,7) size 65x12 [color=#FF0000]
              LayoutText {#text} at (36,0) size 24x12
                text run at (36,0) width 24: "-5.20"
            LayoutInline {SPAN} at (0,0) size 388x21
              LayoutText {#text} at (260,0) size 388x21
                text run at (260,0) width 388: "Amazingly few discotheques provide jukeboxes."
          LayoutBlockFlow {DIV} at (0,592) size 785.55x22
            LayoutBlockFlow {DIV} at (0,7) size 65x13
              LayoutText {#text} at (33,0) size 27x13
                text run at (33,0) width 27: "18.50"
            LayoutBlockFlow {DIV} at (65,7) size 65x13
              LayoutText {#text} at (27,0) size 33x13
                text run at (27,0) width 33: "392.81"
            LayoutBlockFlow {DIV} at (130,7) size 65x13
              LayoutText {#text} at (27,0) size 33x13
                text run at (27,0) width 33: "254.80"
            LayoutBlockFlow {DIV} at (195,7) size 65x12 [color=#FF0000]
              LayoutText {#text} at (36,0) size 24x12
                text run at (36,0) width 24: "-5.20"
            LayoutInline {SPAN} at (0,0) size 393x21
              LayoutText {#text} at (260,0) size 393x21
                text run at (260,0) width 393: "Amazingly few discotheques provide jukeboxes."
          LayoutBlockFlow {DIV} at (0,614) size 785.55x22
            LayoutBlockFlow {DIV} at (0,7) size 65x13
              LayoutText {#text} at (33,0) size 27x13
                text run at (33,0) width 27: "18.75"
            LayoutBlockFlow {DIV} at (65,7) size 65x13
              LayoutText {#text} at (27,0) size 33x13
                text run at (27,0) width 33: "398.13"
            LayoutBlockFlow {DIV} at (130,7) size 65x13
              LayoutText {#text} at (27,0) size 33x13
                text run at (27,0) width 33: "254.80"
            LayoutBlockFlow {DIV} at (195,7) size 65x12 [color=#FF0000]
              LayoutText {#text} at (36,0) size 24x12
                text run at (36,0) width 24: "-5.20"
            LayoutInline {SPAN} at (0,0) size 399x21
              LayoutText {#text} at (260,0) size 399x21
                text run at (260,0) width 399: "Amazingly few discotheques provide jukeboxes."
          LayoutBlockFlow {DIV} at (0,636) size 785.55x22
            LayoutBlockFlow {DIV} at (0,7) size 65x13
              LayoutText {#text} at (33,0) size 27x13
                text run at (33,0) width 27: "19.00"
            LayoutBlockFlow {DIV} at (65,7) size 65x13
              LayoutText {#text} at (27,0) size 33x13
                text run at (27,0) width 33: "403.44"
            LayoutBlockFlow {DIV} at (130,7) size 65x13
              LayoutText {#text} at (27,0) size 33x13
                text run at (27,0) width 33: "254.80"
            LayoutBlockFlow {DIV} at (195,7) size 65x12 [color=#FF0000]
              LayoutText {#text} at (36,0) size 24x12
                text run at (36,0) width 24: "-5.20"
            LayoutInline {SPAN} at (0,0) size 404x21
              LayoutText {#text} at (260,0) size 404x21
                text run at (260,0) width 404: "Amazingly few discotheques provide jukeboxes."
          LayoutBlockFlow {DIV} at (0,658) size 785.55x22
            LayoutBlockFlow {DIV} at (0,7) size 65x13
              LayoutText {#text} at (33,0) size 27x13
                text run at (33,0) width 27: "19.25"
            LayoutBlockFlow {DIV} at (65,7) size 65x13
              LayoutText {#text} at (27,0) size 33x13
                text run at (27,0) width 33: "408.75"
            LayoutBlockFlow {DIV} at (130,7) size 65x13
              LayoutText {#text} at (27,0) size 33x13
                text run at (27,0) width 33: "254.81"
            LayoutBlockFlow {DIV} at (195,7) size 65x12 [color=#FF0000]
              LayoutText {#text} at (36,0) size 24x12
                text run at (36,0) width 24: "-5.19"
            LayoutInline {SPAN} at (0,0) size 409x21
              LayoutText {#text} at (260,0) size 409x21
                text run at (260,0) width 409: "Amazingly few discotheques provide jukeboxes."
          LayoutBlockFlow {DIV} at (0,680) size 785.55x23
            LayoutBlockFlow {DIV} at (0,8) size 65x13
              LayoutText {#text} at (33,0) size 27x13
                text run at (33,0) width 27: "19.50"
            LayoutBlockFlow {DIV} at (65,8) size 65x13
              LayoutText {#text} at (27,0) size 33x13
                text run at (27,0) width 33: "414.05"
            LayoutBlockFlow {DIV} at (130,8) size 65x13
              LayoutText {#text} at (27,0) size 33x13
                text run at (27,0) width 33: "254.80"
            LayoutBlockFlow {DIV} at (195,8) size 65x12 [color=#FF0000]
              LayoutText {#text} at (36,0) size 24x12
                text run at (36,0) width 24: "-5.20"
            LayoutInline {SPAN} at (0,0) size 415x22
              LayoutText {#text} at (260,0) size 415x22
                text run at (260,0) width 415: "Amazingly few discotheques provide jukeboxes."
          LayoutBlockFlow {DIV} at (0,703) size 785.55x23
            LayoutBlockFlow {DIV} at (0,8) size 65x13
              LayoutText {#text} at (33,0) size 27x13
                text run at (33,0) width 27: "19.75"
            LayoutBlockFlow {DIV} at (65,8) size 65x13
              LayoutText {#text} at (27,0) size 33x13
                text run at (27,0) width 33: "419.36"
            LayoutBlockFlow {DIV} at (130,8) size 65x13
              LayoutText {#text} at (27,0) size 33x13
                text run at (27,0) width 33: "254.80"
            LayoutBlockFlow {DIV} at (195,8) size 65x12 [color=#FF0000]
              LayoutText {#text} at (36,0) size 24x12
                text run at (36,0) width 24: "-5.20"
            LayoutInline {SPAN} at (0,0) size 420x22
              LayoutText {#text} at (260,0) size 420x22
                text run at (260,0) width 420: "Amazingly few discotheques provide jukeboxes."
          LayoutBlockFlow {DIV} at (0,726) size 785.55x23
            LayoutBlockFlow {DIV} at (0,8) size 65x13
              LayoutText {#text} at (33,0) size 27x13
                text run at (33,0) width 27: "20.00"
            LayoutBlockFlow {DIV} at (65,8) size 65x13
              LayoutText {#text} at (27,0) size 33x13
                text run at (27,0) width 33: "424.67"
            LayoutBlockFlow {DIV} at (130,8) size 65x13
              LayoutText {#text} at (27,0) size 33x13
                text run at (27,0) width 33: "254.80"
            LayoutBlockFlow {DIV} at (195,8) size 65x12 [color=#FF0000]
              LayoutText {#text} at (36,0) size 24x12
                text run at (36,0) width 24: "-5.20"
            LayoutInline {SPAN} at (0,0) size 425x22
              LayoutText {#text} at (260,0) size 425x22
                text run at (260,0) width 425: "Amazingly few discotheques provide jukeboxes."
          LayoutBlockFlow {DIV} at (0,749) size 785.55x23
            LayoutBlockFlow {DIV} at (0,8) size 65x13
              LayoutText {#text} at (33,0) size 27x13
                text run at (33,0) width 27: "20.25"
            LayoutBlockFlow {DIV} at (65,8) size 65x13
              LayoutText {#text} at (27,0) size 33x13
                text run at (27,0) width 33: "429.98"
            LayoutBlockFlow {DIV} at (130,8) size 65x13
              LayoutText {#text} at (27,0) size 33x13
                text run at (27,0) width 33: "254.81"
            LayoutBlockFlow {DIV} at (195,8) size 65x12 [color=#FF0000]
              LayoutText {#text} at (36,0) size 24x12
                text run at (36,0) width 24: "-5.19"
            LayoutInline {SPAN} at (0,0) size 430x22
              LayoutText {#text} at (260,0) size 430x22
                text run at (260,0) width 430: "Amazingly few discotheques provide jukeboxes."
          LayoutBlockFlow {DIV} at (0,772) size 785.55x24
            LayoutBlockFlow {DIV} at (0,9) size 65x13
              LayoutText {#text} at (33,0) size 27x13
                text run at (33,0) width 27: "20.50"
            LayoutBlockFlow {DIV} at (65,9) size 65x13
              LayoutText {#text} at (27,0) size 33x13
                text run at (27,0) width 33: "435.28"
            LayoutBlockFlow {DIV} at (130,9) size 65x13
              LayoutText {#text} at (27,0) size 33x13
                text run at (27,0) width 33: "254.80"
            LayoutBlockFlow {DIV} at (195,9) size 65x12 [color=#FF0000]
              LayoutText {#text} at (36,0) size 24x12
                text run at (36,0) width 24: "-5.20"
            LayoutInline {SPAN} at (0,0) size 436x23
              LayoutText {#text} at (260,0) size 436x23
                text run at (260,0) width 436: "Amazingly few discotheques provide jukeboxes."
          LayoutBlockFlow {DIV} at (0,796) size 785.55x24
            LayoutBlockFlow {DIV} at (0,9) size 65x13
              LayoutText {#text} at (33,0) size 27x13
                text run at (33,0) width 27: "20.75"
            LayoutBlockFlow {DIV} at (65,9) size 65x13
              LayoutText {#text} at (27,0) size 33x13
                text run at (27,0) width 33: "440.59"
            LayoutBlockFlow {DIV} at (130,9) size 65x13
              LayoutText {#text} at (27,0) size 33x13
                text run at (27,0) width 33: "254.80"
            LayoutBlockFlow {DIV} at (195,9) size 65x12 [color=#FF0000]
              LayoutText {#text} at (36,0) size 24x12
                text run at (36,0) width 24: "-5.20"
            LayoutInline {SPAN} at (0,0) size 441x23
              LayoutText {#text} at (260,0) size 441x23
                text run at (260,0) width 441: "Amazingly few discotheques provide jukeboxes."
          LayoutBlockFlow {DIV} at (0,820) size 785.55x24
            LayoutBlockFlow {DIV} at (0,9) size 65x13
              LayoutText {#text} at (33,0) size 27x13
                text run at (33,0) width 27: "21.00"
            LayoutBlockFlow {DIV} at (65,9) size 65x13
              LayoutText {#text} at (27,0) size 33x13
                text run at (27,0) width 33: "445.91"
            LayoutBlockFlow {DIV} at (130,9) size 65x13
              LayoutText {#text} at (27,0) size 33x13
                text run at (27,0) width 33: "254.80"
            LayoutBlockFlow {DIV} at (195,9) size 65x12 [color=#FF0000]
              LayoutText {#text} at (36,0) size 24x12
                text run at (36,0) width 24: "-5.20"
            LayoutInline {SPAN} at (0,0) size 446x23
              LayoutText {#text} at (260,0) size 446x23
                text run at (260,0) width 446: "Amazingly few discotheques provide jukeboxes."
          LayoutBlockFlow {DIV} at (0,844) size 785.55x25
            LayoutBlockFlow {DIV} at (0,9) size 65x13
              LayoutText {#text} at (33,0) size 27x13
                text run at (33,0) width 27: "21.25"
            LayoutBlockFlow {DIV} at (65,9) size 65x13
              LayoutText {#text} at (27,0) size 33x13
                text run at (27,0) width 33: "451.22"
            LayoutBlockFlow {DIV} at (130,9) size 65x13
              LayoutText {#text} at (27,0) size 33x13
                text run at (27,0) width 33: "254.81"
            LayoutBlockFlow {DIV} at (195,9) size 65x12 [color=#FF0000]
              LayoutText {#text} at (36,0) size 24x12
                text run at (36,0) width 24: "-5.19"
            LayoutInline {SPAN} at (0,0) size 452x24
              LayoutText {#text} at (260,0) size 452x24
                text run at (260,0) width 452: "Amazingly few discotheques provide jukeboxes."
          LayoutBlockFlow {DIV} at (0,869) size 785.55x25
            LayoutBlockFlow {DIV} at (0,9) size 65x13
              LayoutText {#text} at (33,0) size 27x13
                text run at (33,0) width 27: "21.50"
            LayoutBlockFlow {DIV} at (65,9) size 65x13
              LayoutText {#text} at (27,0) size 33x13
                text run at (27,0) width 33: "456.52"
            LayoutBlockFlow {DIV} at (130,9) size 65x13
              LayoutText {#text} at (27,0) size 33x13
                text run at (27,0) width 33: "254.80"
            LayoutBlockFlow {DIV} at (195,9) size 65x12 [color=#FF0000]
              LayoutText {#text} at (36,0) size 24x12
                text run at (36,0) width 24: "-5.20"
            LayoutInline {SPAN} at (0,0) size 457x24
              LayoutText {#text} at (260,0) size 457x24
                text run at (260,0) width 457: "Amazingly few discotheques provide jukeboxes."
          LayoutBlockFlow {DIV} at (0,894) size 785.55x26
            LayoutBlockFlow {DIV} at (0,10) size 65x13
              LayoutText {#text} at (33,0) size 27x13
                text run at (33,0) width 27: "21.75"
            LayoutBlockFlow {DIV} at (65,10) size 65x13
              LayoutText {#text} at (27,0) size 33x13
                text run at (27,0) width 33: "461.83"
            LayoutBlockFlow {DIV} at (130,10) size 65x13
              LayoutText {#text} at (27,0) size 33x13
                text run at (27,0) width 33: "254.80"
            LayoutBlockFlow {DIV} at (195,10) size 65x12 [color=#FF0000]
              LayoutText {#text} at (36,0) size 24x12
                text run at (36,0) width 24: "-5.20"
            LayoutInline {SPAN} at (0,0) size 462x25
              LayoutText {#text} at (260,0) size 462x25
                text run at (260,0) width 462: "Amazingly few discotheques provide jukeboxes."
          LayoutBlockFlow {DIV} at (0,920) size 785.55x26
            LayoutBlockFlow {DIV} at (0,10) size 65x13
              LayoutText {#text} at (33,0) size 27x13
                text run at (33,0) width 27: "22.00"
            LayoutBlockFlow {DIV} at (65,10) size 65x13
              LayoutText {#text} at (27,0) size 33x13
                text run at (27,0) width 33: "467.14"
            LayoutBlockFlow {DIV} at (130,10) size 65x13
              LayoutText {#text} at (27,0) size 33x13
                text run at (27,0) width 33: "254.80"
            LayoutBlockFlow {DIV} at (195,10) size 65x12 [color=#FF0000]
              LayoutText {#text} at (36,0) size 24x12
                text run at (36,0) width 24: "-5.20"
            LayoutInline {SPAN} at (0,0) size 468x25
              LayoutText {#text} at (260,0) size 468x25
                text run at (260,0) width 468: "Amazingly few discotheques provide jukeboxes."
          LayoutBlockFlow {DIV} at (0,946) size 785.55x26
            LayoutBlockFlow {DIV} at (0,10) size 65x13
              LayoutText {#text} at (33,0) size 27x13
                text run at (33,0) width 27: "22.25"
            LayoutBlockFlow {DIV} at (65,10) size 65x13
              LayoutText {#text} at (27,0) size 33x13
                text run at (27,0) width 33: "472.45"
            LayoutBlockFlow {DIV} at (130,10) size 65x13
              LayoutText {#text} at (27,0) size 33x13
                text run at (27,0) width 33: "254.81"
            LayoutBlockFlow {DIV} at (195,10) size 65x12 [color=#FF0000]
              LayoutText {#text} at (36,0) size 24x12
                text run at (36,0) width 24: "-5.19"
            LayoutInline {SPAN} at (0,0) size 473x25
              LayoutText {#text} at (260,0) size 473x25
                text run at (260,0) width 473: "Amazingly few discotheques provide jukeboxes."
          LayoutBlockFlow {DIV} at (0,972) size 785.55x26
            LayoutBlockFlow {DIV} at (0,10) size 65x13
              LayoutText {#text} at (33,0) size 27x13
                text run at (33,0) width 27: "22.50"
            LayoutBlockFlow {DIV} at (65,10) size 65x13
              LayoutText {#text} at (27,0) size 33x13
                text run at (27,0) width 33: "477.75"
            LayoutBlockFlow {DIV} at (130,10) size 65x13
              LayoutText {#text} at (27,0) size 33x13
                text run at (27,0) width 33: "254.80"
            LayoutBlockFlow {DIV} at (195,10) size 65x12 [color=#FF0000]
              LayoutText {#text} at (36,0) size 24x12
                text run at (36,0) width 24: "-5.20"
            LayoutInline {SPAN} at (0,0) size 478x25
              LayoutText {#text} at (260,0) size 478x25
                text run at (260,0) width 478: "Amazingly few discotheques provide jukeboxes."
          LayoutBlockFlow {DIV} at (0,998) size 785.55x27
            LayoutBlockFlow {DIV} at (0,11) size 65x13
              LayoutText {#text} at (33,0) size 27x13
                text run at (33,0) width 27: "22.75"
            LayoutBlockFlow {DIV} at (65,11) size 65x13
              LayoutText {#text} at (27,0) size 33x13
                text run at (27,0) width 33: "483.06"
            LayoutBlockFlow {DIV} at (130,11) size 65x13
              LayoutText {#text} at (27,0) size 33x13
                text run at (27,0) width 33: "254.80"
            LayoutBlockFlow {DIV} at (195,11) size 65x12 [color=#FF0000]
              LayoutText {#text} at (36,0) size 24x12
                text run at (36,0) width 24: "-5.20"
            LayoutInline {SPAN} at (0,0) size 484x26
              LayoutText {#text} at (260,0) size 484x26
                text run at (260,0) width 484: "Amazingly few discotheques provide jukeboxes."
          LayoutBlockFlow {DIV} at (0,1025) size 785.55x27
            LayoutBlockFlow {DIV} at (0,11) size 65x13
              LayoutText {#text} at (33,0) size 27x13
                text run at (33,0) width 27: "23.00"
            LayoutBlockFlow {DIV} at (65,11) size 65x13
              LayoutText {#text} at (27,0) size 33x13
                text run at (27,0) width 33: "488.38"
            LayoutBlockFlow {DIV} at (130,11) size 65x13
              LayoutText {#text} at (27,0) size 33x13
                text run at (27,0) width 33: "254.80"
            LayoutBlockFlow {DIV} at (195,11) size 65x12 [color=#FF0000]
              LayoutText {#text} at (36,0) size 24x12
                text run at (36,0) width 24: "-5.20"
            LayoutInline {SPAN} at (0,0) size 489x26
              LayoutText {#text} at (260,0) size 489x26
                text run at (260,0) width 489: "Amazingly few discotheques provide jukeboxes."
          LayoutBlockFlow {DIV} at (0,1052) size 785.55x27
            LayoutBlockFlow {DIV} at (0,11) size 65x13
              LayoutText {#text} at (33,0) size 27x13
                text run at (33,0) width 27: "23.25"
            LayoutBlockFlow {DIV} at (65,11) size 65x13
              LayoutText {#text} at (27,0) size 33x13
                text run at (27,0) width 33: "493.69"
            LayoutBlockFlow {DIV} at (130,11) size 65x13
              LayoutText {#text} at (27,0) size 33x13
                text run at (27,0) width 33: "254.81"
            LayoutBlockFlow {DIV} at (195,11) size 65x12 [color=#FF0000]
              LayoutText {#text} at (36,0) size 24x12
                text run at (36,0) width 24: "-5.19"
            LayoutInline {SPAN} at (0,0) size 494x26
              LayoutText {#text} at (260,0) size 494x26
                text run at (260,0) width 494: "Amazingly few discotheques provide jukeboxes."
          LayoutBlockFlow {DIV} at (0,1079) size 785.55x27
            LayoutBlockFlow {DIV} at (0,11) size 65x13
              LayoutText {#text} at (33,0) size 27x13
                text run at (33,0) width 27: "23.50"
            LayoutBlockFlow {DIV} at (65,11) size 65x13
              LayoutText {#text} at (27,0) size 33x13
                text run at (27,0) width 33: "498.98"
            LayoutBlockFlow {DIV} at (130,11) size 65x13
              LayoutText {#text} at (27,0) size 33x13
                text run at (27,0) width 33: "254.80"
            LayoutBlockFlow {DIV} at (195,11) size 65x12 [color=#FF0000]
              LayoutText {#text} at (36,0) size 24x12
                text run at (36,0) width 24: "-5.20"
            LayoutInline {SPAN} at (0,0) size 499x26
              LayoutText {#text} at (260,0) size 499x26
                text run at (260,0) width 499: "Amazingly few discotheques provide jukeboxes."
          LayoutBlockFlow {DIV} at (0,1106) size 785.55x28
            LayoutBlockFlow {DIV} at (0,12) size 65x13
              LayoutText {#text} at (33,0) size 27x13
                text run at (33,0) width 27: "23.75"
            LayoutBlockFlow {DIV} at (65,12) size 65x13
              LayoutText {#text} at (27,0) size 33x13
                text run at (27,0) width 33: "504.30"
            LayoutBlockFlow {DIV} at (130,12) size 65x13
              LayoutText {#text} at (27,0) size 33x13
                text run at (27,0) width 33: "254.80"
            LayoutBlockFlow {DIV} at (195,12) size 65x12 [color=#FF0000]
              LayoutText {#text} at (36,0) size 24x12
                text run at (36,0) width 24: "-5.20"
            LayoutInline {SPAN} at (0,0) size 505x27
              LayoutText {#text} at (260,0) size 505x27
                text run at (260,0) width 505: "Amazingly few discotheques provide jukeboxes."
          LayoutBlockFlow {DIV} at (0,1134) size 785.55x28
            LayoutBlockFlow {DIV} at (0,12) size 65x13
              LayoutText {#text} at (33,0) size 27x13
                text run at (33,0) width 27: "24.00"
            LayoutBlockFlow {DIV} at (65,12) size 65x13
              LayoutText {#text} at (27,0) size 33x13
                text run at (27,0) width 33: "509.61"
            LayoutBlockFlow {DIV} at (130,12) size 65x13
              LayoutText {#text} at (27,0) size 33x13
                text run at (27,0) width 33: "254.80"
            LayoutBlockFlow {DIV} at (195,12) size 65x12 [color=#FF0000]
              LayoutText {#text} at (36,0) size 24x12
                text run at (36,0) width 24: "-5.20"
            LayoutInline {SPAN} at (0,0) size 510x27
              LayoutText {#text} at (260,0) size 510x27
                text run at (260,0) width 510: "Amazingly few discotheques provide jukeboxes."
          LayoutBlockFlow {DIV} at (0,1162) size 785.55x28
            LayoutBlockFlow {DIV} at (0,12) size 65x13
              LayoutText {#text} at (33,0) size 27x13
                text run at (33,0) width 27: "24.25"
            LayoutBlockFlow {DIV} at (65,12) size 65x13
              LayoutText {#text} at (27,0) size 33x13
                text run at (27,0) width 33: "514.91"
            LayoutBlockFlow {DIV} at (130,12) size 65x13
              LayoutText {#text} at (27,0) size 33x13
                text run at (27,0) width 33: "254.80"
            LayoutBlockFlow {DIV} at (195,12) size 65x12 [color=#FF0000]
              LayoutText {#text} at (36,0) size 24x12
                text run at (36,0) width 24: "-5.20"
            LayoutInline {SPAN} at (0,0) size 515x27
              LayoutText {#text} at (260,0) size 515x27
                text run at (260,0) width 515: "Amazingly few discotheques provide jukeboxes."
          LayoutBlockFlow {DIV} at (0,1190) size 785.55x28
            LayoutBlockFlow {DIV} at (0,12) size 65x13
              LayoutText {#text} at (33,0) size 27x13
                text run at (33,0) width 27: "24.50"
            LayoutBlockFlow {DIV} at (65,12) size 65x13
              LayoutText {#text} at (27,0) size 33x13
                text run at (27,0) width 33: "520.22"
            LayoutBlockFlow {DIV} at (130,12) size 65x13
              LayoutText {#text} at (27,0) size 33x13
                text run at (27,0) width 33: "254.80"
            LayoutBlockFlow {DIV} at (195,12) size 65x12 [color=#FF0000]
              LayoutText {#text} at (36,0) size 24x12
                text run at (36,0) width 24: "-5.20"
            LayoutInline {SPAN} at (0,0) size 521x27
              LayoutText {#text} at (260,0) size 521x27
                text run at (260,0) width 521: "Amazingly few discotheques provide jukeboxes."
          LayoutBlockFlow {DIV} at (0,1218) size 785.55x28
            LayoutBlockFlow {DIV} at (0,12) size 65x13
              LayoutText {#text} at (33,0) size 27x13
                text run at (33,0) width 27: "24.75"
            LayoutBlockFlow {DIV} at (65,12) size 65x13
              LayoutText {#text} at (27,0) size 33x13
                text run at (27,0) width 33: "525.53"
            LayoutBlockFlow {DIV} at (130,12) size 65x13
              LayoutText {#text} at (27,0) size 33x13
                text run at (27,0) width 33: "254.80"
            LayoutBlockFlow {DIV} at (195,12) size 65x12 [color=#FF0000]
              LayoutText {#text} at (36,0) size 24x12
                text run at (36,0) width 24: "-5.20"
            LayoutInline {SPAN} at (0,0) size 526x27
              LayoutText {#text} at (260,0) size 526x27
                text run at (260,0) width 526: "Amazingly few discotheques provide jukeboxes."
      LayoutText {#text} at (0,0) size 0x0
      LayoutText {#text} at (0,0) size 0x0
