layer at (0,0) size 800x600
  LayoutView at (0,0) size 800x600
layer at (0,0) size 800x102
  LayoutBlockFlow {HTML} at (0,0) size 800x102
    LayoutBlockFlow {BODY} at (8,16) size 784x70
      LayoutBlockFlow {P} at (0,0) size 784x18
        LayoutText {#text} at (0,0) size 274x18
          text run at (0,0) width 274: "Editable text should be centered vertically."
      LayoutBlockFlow {P} at (0,34) size 784x36
        LayoutTextControl {INPUT} at (0,5) size 260x20 [bgcolor=#FFFFFF] [border: (1px solid #000000)]
        LayoutText {#text} at (260,10) size 4x18
          text run at (260,10) width 4: " "
        LayoutTextControl {INPUT} at (264,0) size 168x36 [bgcolor=#FFFFFF] [border: (1px solid #000000)]
        LayoutText {#text} at (0,0) size 0x0
layer at (10,57) size 256x16 scrollHeight 22
  LayoutBlockFlow {DIV} at (2,2) size 256x16
    LayoutText {#text} at (0,-6) size 82x28
      text run at (0,-6) width 82: "ABCgjy"
layer at (274,59) size 164x18
  LayoutBlockFlow {DIV} at (2,9) size 164x18
    LayoutText {#text} at (0,0) size 55x18
      text run at (0,0) width 55: "ABCgjy"
