layer at (0,0) size 800x600
  LayoutView at (0,0) size 800x600
layer at (0,0) size 800x186
  LayoutBlockFlow {HTML} at (0,0) size 800x186
    LayoutBlockFlow {BODY} at (8,16) size 784x154
      LayoutBlockFlow {P} at (0,0) size 784x18
        LayoutText {#text} at (0,0) size 590x18
          text run at (0,0) width 590: "Open the console inside the developer tools. It should contain four lines whose contents are:"
      LayoutBlockFlow {P} at (0,34) size 784x18
        LayoutInline {CODE} at (0,0) size 78x15
          LayoutText {#text} at (0,2) size 78x15
            text run at (0,2) width 78: "default: 1"
      LayoutBlockFlow {P} at (0,68) size 784x18
        LayoutInline {CODE} at (0,0) size 78x15
          LayoutText {#text} at (0,2) size 78x15
            text run at (0,2) width 78: "default: 2"
      LayoutBlockFlow {P} at (0,102) size 784x18
        LayoutInline {CODE} at (0,0) size 78x15
          LayoutText {#text} at (0,2) size 78x15
            text run at (0,2) width 78: "default: 3"
      LayoutBlockFlow {P} at (0,136) size 784x18
        LayoutInline {CODE} at (0,0) size 78x15
          LayoutText {#text} at (0,2) size 78x15
            text run at (0,2) width 78: "default: 4"
