layer at (0,0) size 800x600
  LayoutView at (0,0) size 800x600
layer at (0,0) size 800x600
  LayoutBlockFlow {HTML} at (0,0) size 800x600
    LayoutBlockFlow {BODY} at (8,8) size 784x576
      LayoutBlockFlow {P} at (0,0) size 784x18
        LayoutText {#text} at (0,0) size 274x18
          text run at (0,0) width 274: "Editable text should be centered vertically."
      LayoutBlockFlow {P} at (0,34) size 784x32
        LayoutTextControl {INPUT} at (0,5) size 274x16 [bgcolor=#FFFFFF] [border: (1px solid #000000)]
        LayoutText {#text} at (274,8) size 4x18
          text run at (274,8) width 4: " "
        LayoutTextControl {INPUT} at (278,0) size 171x32 [bgcolor=#FFFFFF] [border: (1px solid #000000)]
        LayoutText {#text} at (0,0) size 0x0
layer at (10,47) size 270x16 scrollHeight 22
  LayoutBlockFlow {DIV} at (2,0) size 270x16
    LayoutText {#text} at (0,-6) size 82x28
      text run at (0,-6) width 82: "ABCgjy"
layer at (288,49) size 167x18
  LayoutBlockFlow {DIV} at (2,7) size 167x18
    LayoutText {#text} at (0,0) size 55x18
      text run at (0,0) width 55: "ABCgjy"
