layer at (0,0) size 800x600
  LayoutView at (0,0) size 800x600
layer at (0,0) size 800x34
  LayoutBlockFlow {HTML} at (0,0) size 800x34
    LayoutBlockFlow {BODY} at (8,8) size 784x18
      LayoutTextControl {INPUT} at (0,2) size 100x0 [bgcolor=#FFFFFF]
      LayoutText {#text} at (0,0) size 0x0
      LayoutText {#text} at (0,0) size 0x0
layer at (8,-9) size 100x38 backgroundClip at (8,0) size 100x29 clip at (8,0) size 100x29
  LayoutBlockFlow {DIV} at (0,-19) size 100x38
    LayoutText {#text} at (0,0) size 65x38
      text run at (0,0) width 65: "FAIL"
