layer at (0,0) size 800x600
  LayoutView at (0,0) size 800x600
layer at (0,0) size 800x600
  LayoutBlockFlow {HTML} at (0,0) size 800x600
    LayoutBlockFlow {BODY} at (8,8) size 784x584
      LayoutBlockFlow {DIV} at (0,0) size 100x54 [color=#ADD8E6] [bgcolor=#90EE90]
        LayoutText {#text} at (0,7) size 25x14
          text run at (0,7) width 25: "xx"
        LayoutInline {SPAN} at (0,0) size 65x14 [border: none (40px solid #C0C0C0)]
          LayoutText {#text} at (64,7) size 25x14
            text run at (64,7) width 25: " x"
        LayoutText {#text} at (0,34) size 37x14
          text run at (0,34) width 37: "x x"
      LayoutBlockFlow {DIV} at (0,54) size 100x27 [color=#ADD8E6] [bgcolor=#90EE90]
        LayoutInline {SPAN} at (0,0) size 53x14 [border: none (40px solid #C0C0C0)]
          LayoutText {#text} at (40,7) size 13x14
            text run at (40,7) width 13: "x"
        LayoutText {#text} at (52,7) size 49x14
          text run at (52,7) width 49: " x x"
