layer at (0,0) size 800x600
  LayoutView at (0,0) size 800x600
layer at (0,0) size 800x600
  LayoutBlockFlow {HTML} at (0,0) size 800x600
    LayoutBlockFlow {BODY} at (8,8) size 784x584
      LayoutBlockFlow {DIV} at (0,0) size 100x108
        LayoutText {#text} at (0,2) size 40x36
          text run at (0,2) width 40: "a"
        LayoutInline {SPAN} at (0,0) size 61x36 [color=#0000FF]
          LayoutText {#text} at (0,57) size 61x36
            text run at (0,57) width 61: ".."
        LayoutText {#text} at (0,0) size 0x0
