layer at (0,0) size 800x600
  LayoutView at (0,0) size 800x600
layer at (0,0) size 800x600
  LayoutBlockFlow {HTML} at (0,0) size 800x600
    LayoutBlockFlow {BODY} at (8,8) size 784x584
      LayoutBlockFlow {DIV} at (0,0) size 784x188
        LayoutBlockFlow {DIV} at (0,8) size 96.02x172
          LayoutText {#text} at (0,10) size 97x23
            text run at (0,10) width 97: "1111 "
          LayoutBR {BR} at (0,0) size 0x0
          LayoutInline {SPAN} at (0,0) size 77x23
            LayoutText {#text} at (0,53) size 77x23
              text run at (0,53) width 77: "2222"
          LayoutText {#text} at (76,53) size 21x23
            text run at (76,53) width 21: " "
          LayoutBR {BR} at (0,0) size 0x0
          LayoutInline {SPAN} at (0,0) size 77x23 [color=#0000FF]
            LayoutText {#text} at (0,96) size 77x23
              text run at (0,96) width 77: "3333"
          LayoutText {#text} at (76,96) size 21x23
            text run at (76,96) width 21: " "
          LayoutBR {BR} at (0,0) size 0x0
          LayoutText {#text} at (0,139) size 77x23
            text run at (0,139) width 77: "4444"
        LayoutText {#text} at (96,156) size 5x18
          text run at (96,156) width 5: " "
        LayoutBlockFlow {DIV} at (100.02,8) size 96.02x172
          LayoutText {#text} at (0,10) size 97x23
            text run at (0,10) width 97: "1111 "
          LayoutBR {BR} at (0,0) size 0x0
          LayoutInline {SPAN} at (0,0) size 77x23 [color=#008000]
            LayoutText {#text} at (0,53) size 77x23
              text run at (0,53) width 77: "2222"
          LayoutText {#text} at (76,53) size 21x23
            text run at (76,53) width 21: " "
          LayoutBR {BR} at (0,0) size 0x0
          LayoutInline {SPAN} at (0,0) size 77x23
            LayoutText {#text} at (0,96) size 77x23
              text run at (0,96) width 77: "3333"
          LayoutText {#text} at (76,96) size 21x23
            text run at (76,96) width 21: " "
          LayoutBR {BR} at (0,0) size 0x0
          LayoutText {#text} at (0,139) size 77x23
            text run at (0,139) width 77: "4444"
        LayoutText {#text} at (196,156) size 5x18
          text run at (196,156) width 5: " "
        LayoutBlockFlow {DIV} at (200.03,8) size 96.02x172
          LayoutText {#text} at (0,10) size 97x23
            text run at (0,10) width 97: "1111 "
          LayoutBR {BR} at (0,0) size 0x0
          LayoutInline {SPAN} at (0,0) size 77x23 [color=#008000]
            LayoutText {#text} at (0,53) size 77x23
              text run at (0,53) width 77: "2222"
          LayoutText {#text} at (76,53) size 21x23
            text run at (76,53) width 21: " "
          LayoutBR {BR} at (0,0) size 0x0
          LayoutInline {SPAN} at (0,0) size 77x23 [color=#0000FF]
            LayoutText {#text} at (0,96) size 77x23
              text run at (0,96) width 77: "3333"
          LayoutText {#text} at (76,96) size 21x23
            text run at (76,96) width 21: " "
          LayoutBR {BR} at (0,0) size 0x0
          LayoutText {#text} at (0,139) size 77x23
            text run at (0,139) width 77: "4444"
        LayoutText {#text} at (0,0) size 0x0
      LayoutBlockFlow {DIV} at (0,188) size 784x188
        LayoutBlockFlow {DIV} at (0,8) size 96.02x172
          LayoutText {#text} at (0,10) size 97x23
            text run at (0,10) width 97: "1111 "
          LayoutBR {BR} at (0,0) size 0x0
          LayoutInline {SPAN} at (0,0) size 77x23
            LayoutText {#text} at (0,53) size 77x23
              text run at (0,53) width 77: "2222"
          LayoutText {#text} at (76,53) size 21x23
            text run at (76,53) width 21: " "
          LayoutBR {BR} at (0,0) size 0x0
          LayoutInline {SPAN} at (0,0) size 77x23 [color=#008000]
            LayoutText {#text} at (0,96) size 77x23
              text run at (0,96) width 77: "3333"
          LayoutText {#text} at (76,96) size 21x23
            text run at (76,96) width 21: " "
          LayoutBR {BR} at (0,0) size 0x0
          LayoutText {#text} at (0,139) size 77x23
            text run at (0,139) width 77: "4444"
        LayoutText {#text} at (96,14) size 5x18
          text run at (96,14) width 5: " "
        LayoutBlockFlow {DIV} at (100.02,8) size 96.02x172
          LayoutText {#text} at (0,10) size 97x23
            text run at (0,10) width 97: "1111 "
          LayoutBR {BR} at (0,0) size 0x0
          LayoutInline {SPAN} at (0,0) size 77x23 [color=#0000FF]
            LayoutText {#text} at (0,53) size 77x23
              text run at (0,53) width 77: "2222"
          LayoutText {#text} at (76,53) size 21x23
            text run at (76,53) width 21: " "
          LayoutBR {BR} at (0,0) size 0x0
          LayoutInline {SPAN} at (0,0) size 77x23
            LayoutText {#text} at (0,96) size 77x23
              text run at (0,96) width 77: "3333"
          LayoutText {#text} at (76,96) size 21x23
            text run at (76,96) width 21: " "
          LayoutBR {BR} at (0,0) size 0x0
          LayoutText {#text} at (0,139) size 77x23
            text run at (0,139) width 77: "4444"
        LayoutText {#text} at (196,14) size 5x18
          text run at (196,14) width 5: " "
        LayoutBlockFlow {DIV} at (200.03,8) size 96.02x172
          LayoutText {#text} at (0,10) size 97x23
            text run at (0,10) width 97: "1111 "
          LayoutBR {BR} at (0,0) size 0x0
          LayoutInline {SPAN} at (0,0) size 77x23 [color=#0000FF]
            LayoutText {#text} at (0,53) size 77x23
              text run at (0,53) width 77: "2222"
          LayoutText {#text} at (76,53) size 21x23
            text run at (76,53) width 21: " "
          LayoutBR {BR} at (0,0) size 0x0
          LayoutInline {SPAN} at (0,0) size 77x23 [color=#008000]
            LayoutText {#text} at (0,96) size 77x23
              text run at (0,96) width 77: "3333"
          LayoutText {#text} at (76,96) size 21x23
            text run at (76,96) width 21: " "
          LayoutBR {BR} at (0,0) size 0x0
          LayoutText {#text} at (0,139) size 77x23
            text run at (0,139) width 77: "4444"
        LayoutText {#text} at (0,0) size 0x0
