layer at (0,0) size 800x600
  LayoutView at (0,0) size 800x600
layer at (0,0) size 800x600
  LayoutBlockFlow {HTML} at (0,0) size 800x600
    LayoutBlockFlow {BODY} at (8,8) size 784x584
      LayoutBlockFlow {DIV} at (0,0) size 656x106 [border: (3px solid #0000FF)]
        LayoutInline {SPAN} at (0,0) size 115x18
          LayoutText {#text} at (3,19) size 115x18
            text run at (3,19) width 115: "a b c d "
        LayoutText {#text} at (117,19) size 301x18
          text run at (117,19) width 301: "e f g h xxxxxxxxxxx "
        LayoutBR {BR} at (0,0) size 0x0
        LayoutInline {SPAN} at (0,0) size 115x18
          LayoutText {#text} at (3,69) size 115x18
            text run at (3,69) width 115: "a b c d "
        LayoutText {#text} at (117,69) size 286x18
          text run at (117,69) width 286: "e f g h xxxxxxxxxxx"
