layer at (0,0) size 800x600
  LayoutView at (0,0) size 800x600
layer at (0,0) size 800x600
  LayoutBlockFlow {HTML} at (0,0) size 800x600
layer at (8,8) size 784x584
  LayoutBlockFlow (relative positioned) {BODY} at (8,8) size 784x584
layer at (8,8) size 200x106
  LayoutBlockFlow (positioned) {DIV} at (0,0) size 200x106 [color=#FF0000]
    LayoutText {#text} at (0,12) size 169x82
      text run at (0,12) width 169: ".AAAA B"
      text run at (0,65) width 121: "CC D "
    LayoutText {#text} at (120,65) size 25x29
      text run at (120,65) width 25: "E"
layer at (8,8) size 200x106
  LayoutBlockFlow (positioned) {DIV} at (0,0) size 200x106 [color=#008000]
    LayoutText {#text} at (0,12) size 169x82
      text run at (0,12) width 169: ".AAAA B"
      text run at (0,65) width 145: "CC D E"
