layer at (0,0) size 800x600
  LayoutView at (0,0) size 800x600
layer at (0,0) size 800x600
  LayoutBlockFlow {HTML} at (0,0) size 800x600
    LayoutBlockFlow {BODY} at (8,8) size 784x584
      LayoutBlockFlow {DIV} at (0,0) size 100x54 [color=#008000] [bgcolor=#FF0000]
        LayoutText {#text} at (0,7) size 65x41
          text run at (0,7) width 65: "hen\x{AD}a\x{AD}" + hyphen string "-"
          text run at (0,34) width 61: "tion."
      LayoutBlockFlow {DIV} at (0,54) size 100x54 [color=#008000] [bgcolor=#FF0000]
        LayoutText {#text} at (0,7) size 65x41
          text run at (0,7) width 65: "hena\x{AD}" + hyphen string "-"
          text run at (0,34) width 61: "tion."
      LayoutBlockFlow {DIV} at (0,108) size 100x27 [color=#008000] [bgcolor=#FF0000]
        LayoutText {#text} at (0,7) size 61x14
          text run at (0,7) width 61: "5x5sq"
