layer at (0,0) size 800x600
  LayoutView at (0,0) size 800x600
layer at (0,0) size 800x600
  LayoutBlockFlow {HTML} at (0,0) size 800x600
    LayoutBlockFlow {BODY} at (8,8) size 784x576
      LayoutBlockFlow {P} at (0,0) size 784x0
      LayoutBlockFlow {DIV} at (0,0) size 344x79 [border: (3px solid #000000)]
        LayoutText {#text} at (7,13) size 271x13
          text run at (7,13) width 271: "12345678901 anti\x{AD}aliasing"
        LayoutBR {BR} at (277,26) size 1x0
        LayoutBR {BR} at (7,33) size 0x13
        LayoutText {#text} at (7,53) size 271x13
          text run at (7,53) width 271: "12345678901 anti\x{AD}aliasing"
        LayoutText {#text} at (0,0) size 0x0
      LayoutBlockFlow {P} at (0,95) size 784x0
