layer at (0,0) size 800x600
  LayoutView at (0,0) size 800x600
layer at (0,0) size 800x94
  LayoutBlockFlow {html} at (0,0) size 800x94
    LayoutBlockFlow {body} at (8,16) size 784x70
      LayoutBlockFlow {p} at (0,0) size 784x36
        LayoutText {#text} at (0,0) size 768x36
          text run at (0,0) width 768: "Test passes if the \"Filler Text\" below has a line over it, a line under it, and user agents may also blink the text on and off"
          text run at (0,18) width 69: "the screen."
      LayoutBlockFlow {div} at (0,52) size 784x18
        LayoutText {#text} at (0,0) size 67x18
          text run at (0,0) width 67: "Filler Text"
