layer at (0,0) size 800x600
  LayoutView at (0,0) size 800x600
layer at (0,0) size 800x76
  LayoutBlockFlow {html} at (0,0) size 800x76
    LayoutBlockFlow {body} at (8,16) size 784x52
      LayoutBlockFlow {p} at (0,0) size 784x18
        LayoutText {#text} at (0,0) size 752x18
          text run at (0,0) width 752: "Test passes if the \"Filler Text\" below has a line under it, and user agents may also blink the text on and off the screen."
      LayoutBlockFlow {div} at (0,34) size 784x18
        LayoutText {#text} at (0,0) size 67x18
          text run at (0,0) width 67: "Filler Text"
