layer at (0,0) size 800x600
  LayoutView at (0,0) size 800x600
layer at (0,0) size 800x600
  LayoutBlockFlow {HTML} at (0,0) size 800x600
    LayoutBlockFlow {BODY} at (8,8) size 784x584
      LayoutBlockFlow {P} at (0,0) size 784x40
        LayoutText {#text} at (0,0) size 756x39
          text run at (0,0) width 599: "This tests to make sure that a drag-selecting through a -webkit-user-select:ignore region works. "
          text run at (598,0) width 158: "The selection should end"
          text run at (0,20) width 268: "somewhere inside the word 'World' below."
      LayoutBlockFlow {DIV} at (0,56) size 784x20
        LayoutInline {SPAN} at (0,0) size 35x19
          LayoutText {#text} at (0,0) size 35x19
            text run at (0,0) width 35: "Hello"
        LayoutText {#text} at (35,0) size 4x19
          text run at (35,0) width 4: " "
        LayoutInline {SPAN} at (0,0) size 39x19
          LayoutText {#text} at (39,0) size 39x19
            text run at (39,0) width 39: "World"
selection start: position 0 of child 0 {#text} of child 0 {SPAN} of child 2 {DIV} of body
selection end:   position 2 of child 0 {#text} of child 2 {SPAN} of child 2 {DIV} of body
