CONSOLE ERROR: line 28: Discontiguous selection is not supported.
CONSOLE ERROR: line 34: Discontiguous selection is not supported.
layer at (0,0) size 800x600
  LayoutView at (0,0) size 800x600
layer at (0,0) size 800x600
  LayoutBlockFlow {HTML} at (0,0) size 800x600
    LayoutBlockFlow {BODY} at (8,8) size 784x584
      LayoutBlockFlow {P} at (0,0) size 784x40
        LayoutText {#text} at (0,0) size 758x39
          text run at (0,0) width 211: "This tests Selection::addRange(). "
          text run at (211,0) width 547: "It should have no effect if the range passed to it does not intersect the currently selected"
          text run at (0,20) width 43: "range. "
          text run at (43,20) width 161: "'3456' should be selected."
      LayoutBlockFlow {DIV} at (0,56) size 784x20
        LayoutText {#text} at (0,0) size 72x19
          text run at (0,0) width 72: "123456789"
selection start: position 2 of child 0 {#text} of child 2 {DIV} of body
selection end:   position 6 of child 0 {#text} of child 2 {DIV} of body
