layer at (0,0) size 800x600 clip at (0,0) size 785x600 scrollHeight 2362
  LayoutView at (0,0) size 800x600
layer at (0,0) size 785x2362 backgroundClip at (0,0) size 785x600 clip at (0,0) size 785x600
  LayoutBlockFlow {HTML} at (0,0) size 785x2362
    LayoutBlockFlow {BODY} at (8,16) size 769x2338
      LayoutBlockFlow {OL} at (0,0) size 769x280
        LayoutListItem {LI} at (40,0) size 729x40
          LayoutListMarker (anonymous) at (-16,0) size 16x19: "1"
          LayoutText {#text} at (0,0) size 291x19
            text run at (0,0) width 291: "If the user-agent does not claim to support the "
          LayoutInline {CODE} at (0,0) size 49x16
            LayoutText {#text} at (290,3) size 49x16
              text run at (290,3) width 49: ":hover"
          LayoutText {#text} at (338,0) size 666x39
            text run at (338,0) width 328: " pseudo-class (e.g. the pointing device cannot detect"
            text run at (0,20) width 190: "hovering), then SKIP this test."
        LayoutListItem {LI} at (40,40) size 729x40
          LayoutListMarker (anonymous) at (-16,0) size 16x19: "2"
          LayoutText {#text} at (0,0) size 723x39
            text run at (0,0) width 723: "If the user-agent does not allow scrolling the document while leaving the pointer in the same position relative to the"
            text run at (0,20) width 185: "viewport, then SKIP this test."
        LayoutListItem {LI} at (40,80) size 729x20
          LayoutListMarker (anonymous) at (-16,0) size 16x19: "3"
          LayoutText {#text} at (0,0) size 370x19
            text run at (0,0) width 370: "Ensure that this document is scrolled all the way to the top."
        LayoutListItem {LI} at (40,100) size 729x20
          LayoutListMarker (anonymous) at (-16,0) size 16x19: "4"
          LayoutText {#text} at (0,0) size 301x19
            text run at (0,0) width 301: "Hover the pointer device over the button below."
        LayoutListItem {LI} at (40,120) size 729x20
          LayoutListMarker (anonymous) at (-16,0) size 16x19: "5"
          LayoutText {#text} at (0,0) size 357x19
            text run at (0,0) width 357: "If the button is not blue, then the test result is FAILURE."
        LayoutListItem {LI} at (40,140) size 729x120
          LayoutBlockFlow (anonymous) at (0,0) size 729x40
            LayoutListMarker (anonymous) at (-16,0) size 16x19: "6"
            LayoutText {#text} at (0,0) size 709x39
              text run at (0,0) width 709: "Scroll this document down while not moving the pointer at all, until the pointer no longer touches the button. For"
              text run at (0,20) width 705: "example, on a traditional desktop or laptop computer, keep the mouse perfectly still and do one of the following:"
          LayoutBlockFlow {UL} at (0,40) size 729x80
            LayoutListItem {LI} at (40,0) size 689x20
              LayoutListMarker (anonymous) at (-18,0) size 7x19: white bullet
              LayoutText {#text} at (0,0) size 286x19
                text run at (0,0) width 286: "Press the \"Page Down\" key on the keyboard."
            LayoutListItem {LI} at (40,20) size 689x20
              LayoutListMarker (anonymous) at (-18,0) size 7x19: white bullet
              LayoutText {#text} at (0,0) size 219x19
                text run at (0,0) width 219: "Press the \"\x{2193}\" key on the keyboard."
            LayoutListItem {LI} at (40,40) size 689x20
              LayoutListMarker (anonymous) at (-18,0) size 7x19: white bullet
              LayoutText {#text} at (0,0) size 184x19
                text run at (0,0) width 184: "Roll the mouse's scrollwheel."
            LayoutListItem {LI} at (40,60) size 689x20
              LayoutListMarker (anonymous) at (-18,0) size 7x19: white bullet
              LayoutText {#text} at (0,0) size 304x19
                text run at (0,0) width 304: "Perform a \"scroll down\" gesture on the trackpad"
        LayoutListItem {LI} at (40,260) size 729x20
          LayoutListMarker (anonymous) at (-16,0) size 16x19: "7"
          LayoutText {#text} at (0,0) size 681x19
            text run at (0,0) width 681: "If the button is blue, then the test result is FAILURE. If the button is white, then the test result is SUCCESS."
      LayoutBlockFlow (anonymous) at (0,296) size 769x42
        LayoutBR {BR} at (0,0) size 0x19
        LayoutButton {BUTTON} at (0,20) size 105x22 [bgcolor=#FFFFFF] [border: (2px outset #C0C0C0)]
          LayoutBlockFlow (anonymous) at (8,3) size 89x16
            LayoutText {#text} at (0,0) size 89x16
              text run at (0,0) width 89: "Hover over me."
        LayoutText {#text} at (0,0) size 0x0
      LayoutBlockFlow {DIV} at (0,338) size 100x2000
