layer at (0,0) size 800x600
  LayoutView at (0,0) size 800x600
layer at (0,0) size 800x228
  LayoutBlockFlow {html} at (0,0) size 800x228
    LayoutBlockFlow {body} at (8,16) size 784x204
      LayoutBlockFlow {p} at (0,0) size 784x60
        LayoutText {#text} at (0,0) size 761x59
          text run at (0,0) width 451: "Slowly resize the window, causing the text below to wrap into multiple "
          text run at (450,0) width 311: "lines at different points in the text. At all points in"
          text run at (0,20) width 105: "time, each word "
          text run at (105,20) width 480: "should be enclosed in an hollow blue rectangle and there should be no stray "
          text run at (585,20) width 148: "pieces of blue rectangle"
          text run at (0,40) width 171: "anywhere else on the page."
      LayoutBlockFlow {div} at (0,76) size 784x128
        LayoutInline {span} at (0,0) size 172x46 [border: (5px solid #0000FF)]
          LayoutText {#text} at (37,14) size 98x36
            text run at (37,14) width 98: "Resize"
        LayoutText {#text} at (172,14) size 9x36
          text run at (172,14) width 9: " "
        LayoutInline {span} at (0,0) size 119x46 [border: (5px solid #0000FF)]
          LayoutText {#text} at (218,14) size 45x36
            text run at (218,14) width 45: "the"
        LayoutText {#text} at (300,14) size 9x36
          text run at (300,14) width 9: " "
        LayoutInline {span} at (0,0) size 181x46 [border: (5px solid #0000FF)]
          LayoutText {#text} at (346,14) size 107x36
            text run at (346,14) width 107: "window"
        LayoutText {#text} at (490,14) size 9x36
          text run at (490,14) width 9: " "
        LayoutInline {span} at (0,0) size 108x46 [border: (5px solid #0000FF)]
          LayoutText {#text} at (536,14) size 34x36
            text run at (536,14) width 34: "so"
        LayoutText {#text} at (607,14) size 9x36
          text run at (607,14) width 9: " "
        LayoutInline {span} at (0,0) size 128x46 [border: (5px solid #0000FF)]
          LayoutText {#text} at (653,14) size 54x36
            text run at (653,14) width 54: "that"
        LayoutText {#text} at (0,0) size 0x0
        LayoutInline {span} at (0,0) size 124x46 [border: (5px solid #0000FF)]
          LayoutText {#text} at (37,78) size 50x36
            text run at (37,78) width 50: "this"
        LayoutText {#text} at (124,78) size 9x36
          text run at (124,78) width 9: " "
        LayoutInline {span} at (0,0) size 160x46 [border: (5px solid #0000FF)]
          LayoutText {#text} at (170,78) size 86x36
            text run at (170,78) width 86: "wraps"
        LayoutText {#text} at (0,0) size 0x0
