layer at (0,0) size 800x600
  LayoutView at (0,0) size 800x600
layer at (0,0) size 800x512
  LayoutBlockFlow {html} at (0,0) size 800x512
    LayoutBlockFlow {body} at (8,16) size 784x480
      LayoutBlockFlow {p} at (0,0) size 784x80
        LayoutText {#text} at (0,0) size 768x79
          text run at (0,0) width 420: "Make your window slightly wider than the width of one blue box: "
          text run at (420,0) width 330: "all boxes should be the same size. Try increasing the"
          text run at (0,20) width 96: "window width "
          text run at (96,20) width 437: "so that boxes wrap in two or more columns: the boxes should remain "
          text run at (533,20) width 196: "the same size. Try reducing the"
          text run at (0,40) width 233: "window width to less than the width "
          text run at (233,40) width 451: "of one blue box: the words inside the boxes should wrap and the boxes "
          text run at (684,40) width 84: "resize around"
          text run at (0,60) width 354: "them so that the boxes continue to fit inside the window."
      LayoutBlockFlow {p} at (0,96) size 784x20
        LayoutText {#text} at (0,0) size 635x19
          text run at (0,0) width 439: "There is filler text in the first line, it should merely indent the first line "
          text run at (439,0) width 196: "but not affect the resulting size."
      LayoutBlockFlow {p} at (0,132) size 784x348
        LayoutText {#text} at (0,19) size 70x19
          text run at (0,19) width 70: "(filler text) "
        LayoutBlockFlow {span} at (78,8) size 256x42 [color=#C0C0C0] [border: (3px solid #0000FF)]
          LayoutText {#text} at (11,11) size 234x19
            text run at (11,11) width 234: "this is filler text inside an inline block"
        LayoutText {#text} at (342,19) size 4x19
          text run at (342,19) width 4: " "
        LayoutBlockFlow {span} at (354,8) size 256x42 [color=#C0C0C0] [border: (3px solid #0000FF)]
          LayoutText {#text} at (11,11) size 234x19
            text run at (11,11) width 234: "this is filler text inside an inline block"
        LayoutText {#text} at (0,0) size 0x0
        LayoutBlockFlow {span} at (8,66) size 256x42 [color=#C0C0C0] [border: (3px solid #0000FF)]
          LayoutText {#text} at (11,11) size 234x19
            text run at (11,11) width 234: "this is filler text inside an inline block"
        LayoutText {#text} at (272,77) size 4x19
          text run at (272,77) width 4: " "
        LayoutBlockFlow {span} at (284,66) size 256x42 [color=#C0C0C0] [border: (3px solid #0000FF)]
          LayoutText {#text} at (11,11) size 234x19
            text run at (11,11) width 234: "this is filler text inside an inline block"
        LayoutText {#text} at (0,0) size 0x0
        LayoutBlockFlow {span} at (8,124) size 256x42 [color=#C0C0C0] [border: (3px solid #0000FF)]
          LayoutText {#text} at (11,11) size 234x19
            text run at (11,11) width 234: "this is filler text inside an inline block"
        LayoutText {#text} at (272,135) size 4x19
          text run at (272,135) width 4: " "
        LayoutBlockFlow {span} at (284,124) size 256x42 [color=#C0C0C0] [border: (3px solid #0000FF)]
          LayoutText {#text} at (11,11) size 234x19
            text run at (11,11) width 234: "this is filler text inside an inline block"
        LayoutText {#text} at (0,0) size 0x0
        LayoutBlockFlow {span} at (8,182) size 256x42 [color=#C0C0C0] [border: (3px solid #0000FF)]
          LayoutText {#text} at (11,11) size 234x19
            text run at (11,11) width 234: "this is filler text inside an inline block"
        LayoutText {#text} at (272,193) size 4x19
          text run at (272,193) width 4: " "
        LayoutBlockFlow {span} at (284,182) size 256x42 [color=#C0C0C0] [border: (3px solid #0000FF)]
          LayoutText {#text} at (11,11) size 234x19
            text run at (11,11) width 234: "this is filler text inside an inline block"
        LayoutText {#text} at (0,0) size 0x0
        LayoutBlockFlow {span} at (8,240) size 256x42 [color=#C0C0C0] [border: (3px solid #0000FF)]
          LayoutText {#text} at (11,11) size 234x19
            text run at (11,11) width 234: "this is filler text inside an inline block"
        LayoutText {#text} at (272,251) size 4x19
          text run at (272,251) width 4: " "
        LayoutBlockFlow {span} at (284,240) size 256x42 [color=#C0C0C0] [border: (3px solid #0000FF)]
          LayoutText {#text} at (11,11) size 234x19
            text run at (11,11) width 234: "this is filler text inside an inline block"
        LayoutText {#text} at (0,0) size 0x0
        LayoutBlockFlow {span} at (8,298) size 256x42 [color=#C0C0C0] [border: (3px solid #0000FF)]
          LayoutText {#text} at (11,11) size 234x19
            text run at (11,11) width 234: "this is filler text inside an inline block"
        LayoutText {#text} at (272,309) size 4x19
          text run at (272,309) width 4: " "
        LayoutBlockFlow {span} at (284,298) size 256x42 [color=#C0C0C0] [border: (3px solid #0000FF)]
          LayoutText {#text} at (11,11) size 234x19
            text run at (11,11) width 234: "this is filler text inside an inline block"
        LayoutText {#text} at (0,0) size 0x0
