layer at (0,0) size 800x600
  LayoutView at (0,0) size 800x600
layer at (0,0) size 800x492
  LayoutBlockFlow {html} at (0,0) size 800x492
    LayoutBlockFlow {body} at (8,16) size 784x460
      LayoutBlockFlow {p} at (0,0) size 784x40
        LayoutText {#text} at (80,0) size 770x39
          text run at (80,0) width 410: "Make your window an inch or two bigger than than the width of "
          text run at (490,0) width 280: "one inline-block. All inline-blocks should be"
          text run at (0,20) width 118: "the same size. Try "
          text run at (117,20) width 387: "resizing the window so that inline-blocks wrap in one or two "
          text run at (503,20) width 58: "columns."
      LayoutBlockFlow {p} at (0,56) size 784x40
        LayoutText {#text} at (80,0) size 758x39
          text run at (80,0) width 458: "The first line is indented. Therefore, the first block on the first line, if the "
          text run at (538,0) width 220: "line is short enough, should end up"
          text run at (0,20) width 329: "wrapping onto two lines internally. The other boxes "
          text run at (328,20) width 153: "should be the same size "
        LayoutInline {a} at (0,0) size 198x19 [color=#0000EE]
          LayoutText {#text} at (480,20) size 198x19
            text run at (480,20) width 198: "as they were without the indent"
        LayoutText {#text} at (677,20) size 5x19
          text run at (677,20) width 5: "."
      LayoutBlockFlow {p} at (0,112) size 784x348
        LayoutBlockFlow {span} at (88,8) size 294x42 [color=#C0C0C0] [border: (3px solid #0000FF)]
          LayoutText {#text} at (11,11) size 272x19
            text run at (11,11) width 272: "this is an inline-block this is an inline-block"
        LayoutText {#text} at (390,19) size 4x19
          text run at (390,19) width 4: " "
        LayoutBlockFlow {span} at (402,8) size 294x42 [color=#C0C0C0] [border: (3px solid #0000FF)]
          LayoutText {#text} at (11,11) size 272x19
            text run at (11,11) width 272: "this is an inline-block this is an inline-block"
        LayoutText {#text} at (0,0) size 0x0
        LayoutBlockFlow {span} at (8,66) size 294x42 [color=#C0C0C0] [border: (3px solid #0000FF)]
          LayoutText {#text} at (11,11) size 272x19
            text run at (11,11) width 272: "this is an inline-block this is an inline-block"
        LayoutText {#text} at (310,77) size 4x19
          text run at (310,77) width 4: " "
        LayoutBlockFlow {span} at (322,66) size 294x42 [color=#C0C0C0] [border: (3px solid #0000FF)]
          LayoutText {#text} at (11,11) size 272x19
            text run at (11,11) width 272: "this is an inline-block this is an inline-block"
        LayoutText {#text} at (0,0) size 0x0
        LayoutBlockFlow {span} at (8,124) size 294x42 [color=#C0C0C0] [border: (3px solid #0000FF)]
          LayoutText {#text} at (11,11) size 272x19
            text run at (11,11) width 272: "this is an inline-block this is an inline-block"
        LayoutText {#text} at (310,135) size 4x19
          text run at (310,135) width 4: " "
        LayoutBlockFlow {span} at (322,124) size 294x42 [color=#C0C0C0] [border: (3px solid #0000FF)]
          LayoutText {#text} at (11,11) size 272x19
            text run at (11,11) width 272: "this is an inline-block this is an inline-block"
        LayoutText {#text} at (0,0) size 0x0
        LayoutBlockFlow {span} at (8,182) size 294x42 [color=#C0C0C0] [border: (3px solid #0000FF)]
          LayoutText {#text} at (11,11) size 272x19
            text run at (11,11) width 272: "this is an inline-block this is an inline-block"
        LayoutText {#text} at (310,193) size 4x19
          text run at (310,193) width 4: " "
        LayoutBlockFlow {span} at (322,182) size 294x42 [color=#C0C0C0] [border: (3px solid #0000FF)]
          LayoutText {#text} at (11,11) size 272x19
            text run at (11,11) width 272: "this is an inline-block this is an inline-block"
        LayoutText {#text} at (0,0) size 0x0
        LayoutBlockFlow {span} at (8,240) size 294x42 [color=#C0C0C0] [border: (3px solid #0000FF)]
          LayoutText {#text} at (11,11) size 272x19
            text run at (11,11) width 272: "this is an inline-block this is an inline-block"
        LayoutText {#text} at (310,251) size 4x19
          text run at (310,251) width 4: " "
        LayoutBlockFlow {span} at (322,240) size 294x42 [color=#C0C0C0] [border: (3px solid #0000FF)]
          LayoutText {#text} at (11,11) size 272x19
            text run at (11,11) width 272: "this is an inline-block this is an inline-block"
        LayoutText {#text} at (0,0) size 0x0
        LayoutBlockFlow {span} at (8,298) size 294x42 [color=#C0C0C0] [border: (3px solid #0000FF)]
          LayoutText {#text} at (11,11) size 272x19
            text run at (11,11) width 272: "this is an inline-block this is an inline-block"
        LayoutText {#text} at (310,309) size 4x19
          text run at (310,309) width 4: " "
        LayoutBlockFlow {span} at (322,298) size 294x42 [color=#C0C0C0] [border: (3px solid #0000FF)]
          LayoutText {#text} at (11,11) size 272x19
            text run at (11,11) width 272: "this is an inline-block this is an inline-block"
        LayoutText {#text} at (0,0) size 0x0
layer at (0,0) size 600x600
  LayoutBlockFlow (positioned) {<pseudo:before>} at (0,0) size 600x600 [border: (1px solid #000000)]
    LayoutTextFragment (anonymous) at (0,0) size 0x0
