layer at (0,0) size 800x600
  LayoutView at (0,0) size 800x600
layer at (0,0) size 800x128
  LayoutBlockFlow {html} at (0,0) size 800x128
    LayoutBlockFlow {body} at (8,16) size 784x96
      LayoutBlockFlow {p} at (0,0) size 784x20
        LayoutText {#text} at (0,0) size 769x19
          text run at (0,0) width 426: "Resize your window slowly from a wide size to a narrow size. The "
          text run at (426,0) width 343: "Xs below should always be perfectly aligned in a grid."
      LayoutBlockFlow {p} at (0,36) size 784x60
        LayoutInline {span} at (0,0) size 12x19 [color=#0000FF]
          LayoutText {#text} at (0,0) size 12x19
            text run at (0,0) width 12: "X"
        LayoutText {#text} at (12,0) size 4x19
          text run at (12,0) width 4: " "
        LayoutInline {span} at (0,0) size 12x19 [color=#0000FF]
          LayoutText {#text} at (16,0) size 12x19
            text run at (16,0) width 12: "X"
        LayoutText {#text} at (28,0) size 4x19
          text run at (28,0) width 4: " "
        LayoutInline {span} at (0,0) size 12x19 [color=#0000FF]
          LayoutText {#text} at (32,0) size 12x19
            text run at (32,0) width 12: "X"
        LayoutText {#text} at (44,0) size 4x19
          text run at (44,0) width 4: " "
        LayoutInline {span} at (0,0) size 12x19 [color=#0000FF]
          LayoutText {#text} at (48,0) size 12x19
            text run at (48,0) width 12: "X"
        LayoutText {#text} at (60,0) size 4x19
          text run at (60,0) width 4: " "
        LayoutInline {span} at (0,0) size 12x19 [color=#0000FF]
          LayoutText {#text} at (64,0) size 12x19
            text run at (64,0) width 12: "X"
        LayoutText {#text} at (76,0) size 4x19
          text run at (76,0) width 4: " "
        LayoutInline {span} at (0,0) size 12x19 [color=#0000FF]
          LayoutText {#text} at (80,0) size 12x19
            text run at (80,0) width 12: "X"
        LayoutText {#text} at (92,0) size 4x19
          text run at (92,0) width 4: " "
        LayoutInline {span} at (0,0) size 12x19 [color=#0000FF]
          LayoutText {#text} at (96,0) size 12x19
            text run at (96,0) width 12: "X"
        LayoutText {#text} at (108,0) size 4x19
          text run at (108,0) width 4: " "
        LayoutInline {span} at (0,0) size 12x19 [color=#0000FF]
          LayoutText {#text} at (112,0) size 12x19
            text run at (112,0) width 12: "X"
        LayoutText {#text} at (124,0) size 4x19
          text run at (124,0) width 4: " "
        LayoutInline {span} at (0,0) size 12x19 [color=#0000FF]
          LayoutText {#text} at (128,0) size 12x19
            text run at (128,0) width 12: "X"
        LayoutText {#text} at (140,0) size 4x19
          text run at (140,0) width 4: " "
        LayoutInline {span} at (0,0) size 12x19 [color=#0000FF]
          LayoutText {#text} at (144,0) size 12x19
            text run at (144,0) width 12: "X"
        LayoutText {#text} at (156,0) size 4x19
          text run at (156,0) width 4: " "
        LayoutInline {span} at (0,0) size 12x19 [color=#0000FF]
          LayoutText {#text} at (160,0) size 12x19
            text run at (160,0) width 12: "X"
        LayoutText {#text} at (172,0) size 4x19
          text run at (172,0) width 4: " "
        LayoutInline {span} at (0,0) size 12x19 [color=#0000FF]
          LayoutText {#text} at (176,0) size 12x19
            text run at (176,0) width 12: "X"
        LayoutText {#text} at (188,0) size 4x19
          text run at (188,0) width 4: " "
        LayoutInline {span} at (0,0) size 12x19 [color=#0000FF]
          LayoutText {#text} at (192,0) size 12x19
            text run at (192,0) width 12: "X"
        LayoutText {#text} at (204,0) size 4x19
          text run at (204,0) width 4: " "
        LayoutInline {span} at (0,0) size 12x19 [color=#0000FF]
          LayoutText {#text} at (208,0) size 12x19
            text run at (208,0) width 12: "X"
        LayoutText {#text} at (220,0) size 4x19
          text run at (220,0) width 4: " "
        LayoutInline {span} at (0,0) size 12x19 [color=#0000FF]
          LayoutText {#text} at (224,0) size 12x19
            text run at (224,0) width 12: "X"
        LayoutText {#text} at (236,0) size 4x19
          text run at (236,0) width 4: " "
        LayoutInline {span} at (0,0) size 12x19 [color=#0000FF]
          LayoutText {#text} at (240,0) size 12x19
            text run at (240,0) width 12: "X"
        LayoutText {#text} at (252,0) size 4x19
          text run at (252,0) width 4: " "
        LayoutInline {span} at (0,0) size 12x19 [color=#0000FF]
          LayoutText {#text} at (256,0) size 12x19
            text run at (256,0) width 12: "X"
        LayoutText {#text} at (268,0) size 4x19
          text run at (268,0) width 4: " "
        LayoutInline {span} at (0,0) size 12x19 [color=#0000FF]
          LayoutText {#text} at (272,0) size 12x19
            text run at (272,0) width 12: "X"
        LayoutText {#text} at (284,0) size 4x19
          text run at (284,0) width 4: " "
        LayoutInline {span} at (0,0) size 12x19 [color=#0000FF]
          LayoutText {#text} at (288,0) size 12x19
            text run at (288,0) width 12: "X"
        LayoutText {#text} at (300,0) size 4x19
          text run at (300,0) width 4: " "
        LayoutInline {span} at (0,0) size 12x19 [color=#0000FF]
          LayoutText {#text} at (304,0) size 12x19
            text run at (304,0) width 12: "X"
        LayoutText {#text} at (316,0) size 4x19
          text run at (316,0) width 4: " "
        LayoutInline {span} at (0,0) size 12x19 [color=#0000FF]
          LayoutText {#text} at (320,0) size 12x19
            text run at (320,0) width 12: "X"
        LayoutText {#text} at (332,0) size 4x19
          text run at (332,0) width 4: " "
        LayoutInline {span} at (0,0) size 12x19 [color=#0000FF]
          LayoutText {#text} at (336,0) size 12x19
            text run at (336,0) width 12: "X"
        LayoutText {#text} at (348,0) size 4x19
          text run at (348,0) width 4: " "
        LayoutInline {span} at (0,0) size 12x19 [color=#0000FF]
          LayoutText {#text} at (352,0) size 12x19
            text run at (352,0) width 12: "X"
        LayoutText {#text} at (364,0) size 4x19
          text run at (364,0) width 4: " "
        LayoutInline {span} at (0,0) size 12x19 [color=#0000FF]
          LayoutText {#text} at (368,0) size 12x19
            text run at (368,0) width 12: "X"
        LayoutText {#text} at (380,0) size 4x19
          text run at (380,0) width 4: " "
        LayoutInline {span} at (0,0) size 12x19 [color=#0000FF]
          LayoutText {#text} at (384,0) size 12x19
            text run at (384,0) width 12: "X"
        LayoutText {#text} at (396,0) size 4x19
          text run at (396,0) width 4: " "
        LayoutInline {span} at (0,0) size 12x19 [color=#0000FF]
          LayoutText {#text} at (400,0) size 12x19
            text run at (400,0) width 12: "X"
        LayoutText {#text} at (412,0) size 4x19
          text run at (412,0) width 4: " "
        LayoutInline {span} at (0,0) size 12x19 [color=#0000FF]
          LayoutText {#text} at (416,0) size 12x19
            text run at (416,0) width 12: "X"
        LayoutText {#text} at (428,0) size 4x19
          text run at (428,0) width 4: " "
        LayoutInline {span} at (0,0) size 12x19 [color=#0000FF]
          LayoutText {#text} at (432,0) size 12x19
            text run at (432,0) width 12: "X"
        LayoutText {#text} at (444,0) size 4x19
          text run at (444,0) width 4: " "
        LayoutInline {span} at (0,0) size 12x19 [color=#0000FF]
          LayoutText {#text} at (448,0) size 12x19
            text run at (448,0) width 12: "X"
        LayoutText {#text} at (460,0) size 4x19
          text run at (460,0) width 4: " "
        LayoutInline {span} at (0,0) size 12x19 [color=#0000FF]
          LayoutText {#text} at (464,0) size 12x19
            text run at (464,0) width 12: "X"
        LayoutText {#text} at (476,0) size 4x19
          text run at (476,0) width 4: " "
        LayoutInline {span} at (0,0) size 12x19 [color=#0000FF]
          LayoutText {#text} at (480,0) size 12x19
            text run at (480,0) width 12: "X"
        LayoutText {#text} at (492,0) size 4x19
          text run at (492,0) width 4: " "
        LayoutInline {span} at (0,0) size 12x19 [color=#0000FF]
          LayoutText {#text} at (496,0) size 12x19
            text run at (496,0) width 12: "X"
        LayoutText {#text} at (508,0) size 4x19
          text run at (508,0) width 4: " "
        LayoutInline {span} at (0,0) size 12x19 [color=#0000FF]
          LayoutText {#text} at (512,0) size 12x19
            text run at (512,0) width 12: "X"
        LayoutText {#text} at (524,0) size 4x19
          text run at (524,0) width 4: " "
        LayoutInline {span} at (0,0) size 12x19 [color=#0000FF]
          LayoutText {#text} at (528,0) size 12x19
            text run at (528,0) width 12: "X"
        LayoutText {#text} at (540,0) size 4x19
          text run at (540,0) width 4: " "
        LayoutInline {span} at (0,0) size 12x19 [color=#0000FF]
          LayoutText {#text} at (544,0) size 12x19
            text run at (544,0) width 12: "X"
        LayoutText {#text} at (556,0) size 4x19
          text run at (556,0) width 4: " "
        LayoutInline {span} at (0,0) size 12x19 [color=#0000FF]
          LayoutText {#text} at (560,0) size 12x19
            text run at (560,0) width 12: "X"
        LayoutText {#text} at (572,0) size 4x19
          text run at (572,0) width 4: " "
        LayoutInline {span} at (0,0) size 12x19 [color=#0000FF]
          LayoutText {#text} at (576,0) size 12x19
            text run at (576,0) width 12: "X"
        LayoutText {#text} at (588,0) size 4x19
          text run at (588,0) width 4: " "
        LayoutInline {span} at (0,0) size 12x19 [color=#0000FF]
          LayoutText {#text} at (592,0) size 12x19
            text run at (592,0) width 12: "X"
        LayoutText {#text} at (604,0) size 4x19
          text run at (604,0) width 4: " "
        LayoutInline {span} at (0,0) size 12x19 [color=#0000FF]
          LayoutText {#text} at (608,0) size 12x19
            text run at (608,0) width 12: "X"
        LayoutText {#text} at (620,0) size 4x19
          text run at (620,0) width 4: " "
        LayoutInline {span} at (0,0) size 12x19 [color=#0000FF]
          LayoutText {#text} at (624,0) size 12x19
            text run at (624,0) width 12: "X"
        LayoutText {#text} at (636,0) size 4x19
          text run at (636,0) width 4: " "
        LayoutInline {span} at (0,0) size 12x19 [color=#0000FF]
          LayoutText {#text} at (640,0) size 12x19
            text run at (640,0) width 12: "X"
        LayoutText {#text} at (652,0) size 4x19
          text run at (652,0) width 4: " "
        LayoutInline {span} at (0,0) size 12x19 [color=#0000FF]
          LayoutText {#text} at (656,0) size 12x19
            text run at (656,0) width 12: "X"
        LayoutText {#text} at (668,0) size 4x19
          text run at (668,0) width 4: " "
        LayoutInline {span} at (0,0) size 12x19 [color=#0000FF]
          LayoutText {#text} at (672,0) size 12x19
            text run at (672,0) width 12: "X"
        LayoutText {#text} at (684,0) size 4x19
          text run at (684,0) width 4: " "
        LayoutInline {span} at (0,0) size 12x19 [color=#0000FF]
          LayoutText {#text} at (688,0) size 12x19
            text run at (688,0) width 12: "X"
        LayoutText {#text} at (700,0) size 4x19
          text run at (700,0) width 4: " "
        LayoutInline {span} at (0,0) size 12x19 [color=#0000FF]
          LayoutText {#text} at (704,0) size 12x19
            text run at (704,0) width 12: "X"
        LayoutText {#text} at (716,0) size 4x19
          text run at (716,0) width 4: " "
        LayoutInline {span} at (0,0) size 12x19 [color=#0000FF]
          LayoutText {#text} at (720,0) size 12x19
            text run at (720,0) width 12: "X"
        LayoutText {#text} at (732,0) size 4x19
          text run at (732,0) width 4: " "
        LayoutInline {span} at (0,0) size 12x19 [color=#0000FF]
          LayoutText {#text} at (736,0) size 12x19
            text run at (736,0) width 12: "X"
        LayoutText {#text} at (748,0) size 4x19
          text run at (748,0) width 4: " "
        LayoutInline {span} at (0,0) size 12x19 [color=#0000FF]
          LayoutText {#text} at (752,0) size 12x19
            text run at (752,0) width 12: "X"
        LayoutText {#text} at (764,0) size 4x19
          text run at (764,0) width 4: " "
        LayoutInline {span} at (0,0) size 12x19 [color=#0000FF]
          LayoutText {#text} at (768,0) size 12x19
            text run at (768,0) width 12: "X"
        LayoutText {#text} at (0,0) size 0x0
        LayoutInline {span} at (0,0) size 12x19 [color=#0000FF]
          LayoutText {#text} at (0,20) size 12x19
            text run at (0,20) width 12: "X"
        LayoutText {#text} at (12,20) size 4x19
          text run at (12,20) width 4: " "
        LayoutInline {span} at (0,0) size 12x19 [color=#0000FF]
          LayoutText {#text} at (16,20) size 12x19
            text run at (16,20) width 12: "X"
        LayoutText {#text} at (28,20) size 4x19
          text run at (28,20) width 4: " "
        LayoutInline {span} at (0,0) size 12x19 [color=#0000FF]
          LayoutText {#text} at (32,20) size 12x19
            text run at (32,20) width 12: "X"
        LayoutText {#text} at (44,20) size 4x19
          text run at (44,20) width 4: " "
        LayoutInline {span} at (0,0) size 12x19 [color=#0000FF]
          LayoutText {#text} at (48,20) size 12x19
            text run at (48,20) width 12: "X"
        LayoutText {#text} at (60,20) size 4x19
          text run at (60,20) width 4: " "
        LayoutInline {span} at (0,0) size 12x19 [color=#0000FF]
          LayoutText {#text} at (64,20) size 12x19
            text run at (64,20) width 12: "X"
        LayoutText {#text} at (76,20) size 4x19
          text run at (76,20) width 4: " "
        LayoutInline {span} at (0,0) size 12x19 [color=#0000FF]
          LayoutText {#text} at (80,20) size 12x19
            text run at (80,20) width 12: "X"
        LayoutText {#text} at (92,20) size 4x19
          text run at (92,20) width 4: " "
        LayoutInline {span} at (0,0) size 12x19 [color=#0000FF]
          LayoutText {#text} at (96,20) size 12x19
            text run at (96,20) width 12: "X"
        LayoutText {#text} at (108,20) size 4x19
          text run at (108,20) width 4: " "
        LayoutInline {span} at (0,0) size 12x19 [color=#0000FF]
          LayoutText {#text} at (112,20) size 12x19
            text run at (112,20) width 12: "X"
        LayoutText {#text} at (124,20) size 4x19
          text run at (124,20) width 4: " "
        LayoutInline {span} at (0,0) size 12x19 [color=#0000FF]
          LayoutText {#text} at (128,20) size 12x19
            text run at (128,20) width 12: "X"
        LayoutText {#text} at (140,20) size 4x19
          text run at (140,20) width 4: " "
        LayoutInline {span} at (0,0) size 12x19 [color=#0000FF]
          LayoutText {#text} at (144,20) size 12x19
            text run at (144,20) width 12: "X"
        LayoutText {#text} at (156,20) size 4x19
          text run at (156,20) width 4: " "
        LayoutInline {span} at (0,0) size 12x19 [color=#0000FF]
          LayoutText {#text} at (160,20) size 12x19
            text run at (160,20) width 12: "X"
        LayoutText {#text} at (172,20) size 4x19
          text run at (172,20) width 4: " "
        LayoutInline {span} at (0,0) size 12x19 [color=#0000FF]
          LayoutText {#text} at (176,20) size 12x19
            text run at (176,20) width 12: "X"
        LayoutText {#text} at (188,20) size 4x19
          text run at (188,20) width 4: " "
        LayoutInline {span} at (0,0) size 12x19 [color=#0000FF]
          LayoutText {#text} at (192,20) size 12x19
            text run at (192,20) width 12: "X"
        LayoutText {#text} at (204,20) size 4x19
          text run at (204,20) width 4: " "
        LayoutInline {span} at (0,0) size 12x19 [color=#0000FF]
          LayoutText {#text} at (208,20) size 12x19
            text run at (208,20) width 12: "X"
        LayoutText {#text} at (220,20) size 4x19
          text run at (220,20) width 4: " "
        LayoutInline {span} at (0,0) size 12x19 [color=#0000FF]
          LayoutText {#text} at (224,20) size 12x19
            text run at (224,20) width 12: "X"
        LayoutText {#text} at (236,20) size 4x19
          text run at (236,20) width 4: " "
        LayoutInline {span} at (0,0) size 12x19 [color=#0000FF]
          LayoutText {#text} at (240,20) size 12x19
            text run at (240,20) width 12: "X"
        LayoutText {#text} at (252,20) size 4x19
          text run at (252,20) width 4: " "
        LayoutInline {span} at (0,0) size 12x19 [color=#0000FF]
          LayoutText {#text} at (256,20) size 12x19
            text run at (256,20) width 12: "X"
        LayoutText {#text} at (268,20) size 4x19
          text run at (268,20) width 4: " "
        LayoutInline {span} at (0,0) size 12x19 [color=#0000FF]
          LayoutText {#text} at (272,20) size 12x19
            text run at (272,20) width 12: "X"
        LayoutText {#text} at (284,20) size 4x19
          text run at (284,20) width 4: " "
        LayoutInline {span} at (0,0) size 12x19 [color=#0000FF]
          LayoutText {#text} at (288,20) size 12x19
            text run at (288,20) width 12: "X"
        LayoutText {#text} at (300,20) size 4x19
          text run at (300,20) width 4: " "
        LayoutInline {span} at (0,0) size 12x19 [color=#0000FF]
          LayoutText {#text} at (304,20) size 12x19
            text run at (304,20) width 12: "X"
        LayoutText {#text} at (316,20) size 4x19
          text run at (316,20) width 4: " "
        LayoutInline {span} at (0,0) size 12x19 [color=#0000FF]
          LayoutText {#text} at (320,20) size 12x19
            text run at (320,20) width 12: "X"
        LayoutText {#text} at (332,20) size 4x19
          text run at (332,20) width 4: " "
        LayoutInline {span} at (0,0) size 12x19 [color=#0000FF]
          LayoutText {#text} at (336,20) size 12x19
            text run at (336,20) width 12: "X"
        LayoutText {#text} at (348,20) size 4x19
          text run at (348,20) width 4: " "
        LayoutInline {span} at (0,0) size 12x19 [color=#0000FF]
          LayoutText {#text} at (352,20) size 12x19
            text run at (352,20) width 12: "X"
        LayoutText {#text} at (364,20) size 4x19
          text run at (364,20) width 4: " "
        LayoutInline {span} at (0,0) size 12x19 [color=#0000FF]
          LayoutText {#text} at (368,20) size 12x19
            text run at (368,20) width 12: "X"
        LayoutText {#text} at (380,20) size 4x19
          text run at (380,20) width 4: " "
        LayoutInline {span} at (0,0) size 12x19 [color=#0000FF]
          LayoutText {#text} at (384,20) size 12x19
            text run at (384,20) width 12: "X"
        LayoutText {#text} at (396,20) size 4x19
          text run at (396,20) width 4: " "
        LayoutInline {span} at (0,0) size 12x19 [color=#0000FF]
          LayoutText {#text} at (400,20) size 12x19
            text run at (400,20) width 12: "X"
        LayoutText {#text} at (412,20) size 4x19
          text run at (412,20) width 4: " "
        LayoutInline {span} at (0,0) size 12x19 [color=#0000FF]
          LayoutText {#text} at (416,20) size 12x19
            text run at (416,20) width 12: "X"
        LayoutText {#text} at (428,20) size 4x19
          text run at (428,20) width 4: " "
        LayoutInline {span} at (0,0) size 12x19 [color=#0000FF]
          LayoutText {#text} at (432,20) size 12x19
            text run at (432,20) width 12: "X"
        LayoutText {#text} at (444,20) size 4x19
          text run at (444,20) width 4: " "
        LayoutInline {span} at (0,0) size 12x19 [color=#0000FF]
          LayoutText {#text} at (448,20) size 12x19
            text run at (448,20) width 12: "X"
        LayoutText {#text} at (460,20) size 4x19
          text run at (460,20) width 4: " "
        LayoutInline {span} at (0,0) size 12x19 [color=#0000FF]
          LayoutText {#text} at (464,20) size 12x19
            text run at (464,20) width 12: "X"
        LayoutText {#text} at (476,20) size 4x19
          text run at (476,20) width 4: " "
        LayoutInline {span} at (0,0) size 12x19 [color=#0000FF]
          LayoutText {#text} at (480,20) size 12x19
            text run at (480,20) width 12: "X"
        LayoutText {#text} at (492,20) size 4x19
          text run at (492,20) width 4: " "
        LayoutInline {span} at (0,0) size 12x19 [color=#0000FF]
          LayoutText {#text} at (496,20) size 12x19
            text run at (496,20) width 12: "X"
        LayoutText {#text} at (508,20) size 4x19
          text run at (508,20) width 4: " "
        LayoutInline {span} at (0,0) size 12x19 [color=#0000FF]
          LayoutText {#text} at (512,20) size 12x19
            text run at (512,20) width 12: "X"
        LayoutText {#text} at (524,20) size 4x19
          text run at (524,20) width 4: " "
        LayoutInline {span} at (0,0) size 12x19 [color=#0000FF]
          LayoutText {#text} at (528,20) size 12x19
            text run at (528,20) width 12: "X"
        LayoutText {#text} at (540,20) size 4x19
          text run at (540,20) width 4: " "
        LayoutInline {span} at (0,0) size 12x19 [color=#0000FF]
          LayoutText {#text} at (544,20) size 12x19
            text run at (544,20) width 12: "X"
        LayoutText {#text} at (556,20) size 4x19
          text run at (556,20) width 4: " "
        LayoutInline {span} at (0,0) size 12x19 [color=#0000FF]
          LayoutText {#text} at (560,20) size 12x19
            text run at (560,20) width 12: "X"
        LayoutText {#text} at (572,20) size 4x19
          text run at (572,20) width 4: " "
        LayoutInline {span} at (0,0) size 12x19 [color=#0000FF]
          LayoutText {#text} at (576,20) size 12x19
            text run at (576,20) width 12: "X"
        LayoutText {#text} at (588,20) size 4x19
          text run at (588,20) width 4: " "
        LayoutInline {span} at (0,0) size 12x19 [color=#0000FF]
          LayoutText {#text} at (592,20) size 12x19
            text run at (592,20) width 12: "X"
        LayoutText {#text} at (604,20) size 4x19
          text run at (604,20) width 4: " "
        LayoutInline {span} at (0,0) size 12x19 [color=#0000FF]
          LayoutText {#text} at (608,20) size 12x19
            text run at (608,20) width 12: "X"
        LayoutText {#text} at (620,20) size 4x19
          text run at (620,20) width 4: " "
        LayoutInline {span} at (0,0) size 12x19 [color=#0000FF]
          LayoutText {#text} at (624,20) size 12x19
            text run at (624,20) width 12: "X"
        LayoutText {#text} at (636,20) size 4x19
          text run at (636,20) width 4: " "
        LayoutInline {span} at (0,0) size 12x19 [color=#0000FF]
          LayoutText {#text} at (640,20) size 12x19
            text run at (640,20) width 12: "X"
        LayoutText {#text} at (652,20) size 4x19
          text run at (652,20) width 4: " "
        LayoutInline {span} at (0,0) size 12x19 [color=#0000FF]
          LayoutText {#text} at (656,20) size 12x19
            text run at (656,20) width 12: "X"
        LayoutText {#text} at (668,20) size 4x19
          text run at (668,20) width 4: " "
        LayoutInline {span} at (0,0) size 12x19 [color=#0000FF]
          LayoutText {#text} at (672,20) size 12x19
            text run at (672,20) width 12: "X"
        LayoutText {#text} at (684,20) size 4x19
          text run at (684,20) width 4: " "
        LayoutInline {span} at (0,0) size 12x19 [color=#0000FF]
          LayoutText {#text} at (688,20) size 12x19
            text run at (688,20) width 12: "X"
        LayoutText {#text} at (700,20) size 4x19
          text run at (700,20) width 4: " "
        LayoutInline {span} at (0,0) size 12x19 [color=#0000FF]
          LayoutText {#text} at (704,20) size 12x19
            text run at (704,20) width 12: "X"
        LayoutText {#text} at (716,20) size 4x19
          text run at (716,20) width 4: " "
        LayoutInline {span} at (0,0) size 12x19 [color=#0000FF]
          LayoutText {#text} at (720,20) size 12x19
            text run at (720,20) width 12: "X"
        LayoutText {#text} at (732,20) size 4x19
          text run at (732,20) width 4: " "
        LayoutInline {span} at (0,0) size 12x19 [color=#0000FF]
          LayoutText {#text} at (736,20) size 12x19
            text run at (736,20) width 12: "X"
        LayoutText {#text} at (748,20) size 4x19
          text run at (748,20) width 4: " "
        LayoutInline {span} at (0,0) size 12x19 [color=#0000FF]
          LayoutText {#text} at (752,20) size 12x19
            text run at (752,20) width 12: "X"
        LayoutText {#text} at (764,20) size 4x19
          text run at (764,20) width 4: " "
        LayoutInline {span} at (0,0) size 12x19 [color=#0000FF]
          LayoutText {#text} at (768,20) size 12x19
            text run at (768,20) width 12: "X"
        LayoutText {#text} at (0,0) size 0x0
        LayoutInline {span} at (0,0) size 12x19 [color=#0000FF]
          LayoutText {#text} at (0,40) size 12x19
            text run at (0,40) width 12: "X"
        LayoutText {#text} at (12,40) size 4x19
          text run at (12,40) width 4: " "
        LayoutInline {span} at (0,0) size 12x19 [color=#0000FF]
          LayoutText {#text} at (16,40) size 12x19
            text run at (16,40) width 12: "X"
        LayoutText {#text} at (28,40) size 4x19
          text run at (28,40) width 4: " "
        LayoutInline {span} at (0,0) size 12x19 [color=#0000FF]
          LayoutText {#text} at (32,40) size 12x19
            text run at (32,40) width 12: "X"
        LayoutText {#text} at (44,40) size 4x19
          text run at (44,40) width 4: " "
        LayoutInline {span} at (0,0) size 12x19 [color=#0000FF]
          LayoutText {#text} at (48,40) size 12x19
            text run at (48,40) width 12: "X"
        LayoutText {#text} at (60,40) size 4x19
          text run at (60,40) width 4: " "
        LayoutInline {span} at (0,0) size 12x19 [color=#0000FF]
          LayoutText {#text} at (64,40) size 12x19
            text run at (64,40) width 12: "X"
        LayoutText {#text} at (76,40) size 4x19
          text run at (76,40) width 4: " "
        LayoutInline {span} at (0,0) size 12x19 [color=#0000FF]
          LayoutText {#text} at (80,40) size 12x19
            text run at (80,40) width 12: "X"
        LayoutText {#text} at (92,40) size 4x19
          text run at (92,40) width 4: " "
        LayoutInline {span} at (0,0) size 12x19 [color=#0000FF]
          LayoutText {#text} at (96,40) size 12x19
            text run at (96,40) width 12: "X"
        LayoutText {#text} at (108,40) size 4x19
          text run at (108,40) width 4: " "
        LayoutInline {span} at (0,0) size 12x19 [color=#0000FF]
          LayoutText {#text} at (112,40) size 12x19
            text run at (112,40) width 12: "X"
        LayoutText {#text} at (124,40) size 4x19
          text run at (124,40) width 4: " "
        LayoutInline {span} at (0,0) size 12x19 [color=#0000FF]
          LayoutText {#text} at (128,40) size 12x19
            text run at (128,40) width 12: "X"
        LayoutText {#text} at (140,40) size 4x19
          text run at (140,40) width 4: " "
        LayoutInline {span} at (0,0) size 12x19 [color=#0000FF]
          LayoutText {#text} at (144,40) size 12x19
            text run at (144,40) width 12: "X"
        LayoutText {#text} at (156,40) size 4x19
          text run at (156,40) width 4: " "
        LayoutInline {span} at (0,0) size 12x19 [color=#0000FF]
          LayoutText {#text} at (160,40) size 12x19
            text run at (160,40) width 12: "X"
        LayoutText {#text} at (172,40) size 4x19
          text run at (172,40) width 4: " "
        LayoutInline {span} at (0,0) size 12x19 [color=#0000FF]
          LayoutText {#text} at (176,40) size 12x19
            text run at (176,40) width 12: "X"
        LayoutText {#text} at (188,40) size 4x19
          text run at (188,40) width 4: " "
        LayoutInline {span} at (0,0) size 12x19 [color=#0000FF]
          LayoutText {#text} at (192,40) size 12x19
            text run at (192,40) width 12: "X"
        LayoutText {#text} at (204,40) size 4x19
          text run at (204,40) width 4: " "
        LayoutInline {span} at (0,0) size 12x19 [color=#0000FF]
          LayoutText {#text} at (208,40) size 12x19
            text run at (208,40) width 12: "X"
        LayoutText {#text} at (220,40) size 4x19
          text run at (220,40) width 4: " "
        LayoutInline {span} at (0,0) size 12x19 [color=#0000FF]
          LayoutText {#text} at (224,40) size 12x19
            text run at (224,40) width 12: "X"
        LayoutText {#text} at (236,40) size 4x19
          text run at (236,40) width 4: " "
        LayoutInline {span} at (0,0) size 12x19 [color=#0000FF]
          LayoutText {#text} at (240,40) size 12x19
            text run at (240,40) width 12: "X"
        LayoutText {#text} at (252,40) size 4x19
          text run at (252,40) width 4: " "
        LayoutInline {span} at (0,0) size 12x19 [color=#0000FF]
          LayoutText {#text} at (256,40) size 12x19
            text run at (256,40) width 12: "X"
        LayoutText {#text} at (268,40) size 4x19
          text run at (268,40) width 4: " "
        LayoutInline {span} at (0,0) size 12x19 [color=#0000FF]
          LayoutText {#text} at (272,40) size 12x19
            text run at (272,40) width 12: "X"
        LayoutText {#text} at (284,40) size 4x19
          text run at (284,40) width 4: " "
        LayoutInline {span} at (0,0) size 12x19 [color=#0000FF]
          LayoutText {#text} at (288,40) size 12x19
            text run at (288,40) width 12: "X"
        LayoutText {#text} at (300,40) size 4x19
          text run at (300,40) width 4: " "
        LayoutInline {span} at (0,0) size 12x19 [color=#0000FF]
          LayoutText {#text} at (304,40) size 12x19
            text run at (304,40) width 12: "X"
        LayoutText {#text} at (316,40) size 4x19
          text run at (316,40) width 4: " "
        LayoutInline {span} at (0,0) size 12x19 [color=#0000FF]
          LayoutText {#text} at (320,40) size 12x19
            text run at (320,40) width 12: "X"
        LayoutText {#text} at (332,40) size 4x19
          text run at (332,40) width 4: " "
        LayoutInline {span} at (0,0) size 12x19 [color=#0000FF]
          LayoutText {#text} at (336,40) size 12x19
            text run at (336,40) width 12: "X"
        LayoutText {#text} at (348,40) size 4x19
          text run at (348,40) width 4: " "
        LayoutInline {span} at (0,0) size 12x19 [color=#0000FF]
          LayoutText {#text} at (352,40) size 12x19
            text run at (352,40) width 12: "X"
        LayoutText {#text} at (364,40) size 4x19
          text run at (364,40) width 4: " "
        LayoutInline {span} at (0,0) size 12x19 [color=#0000FF]
          LayoutText {#text} at (368,40) size 12x19
            text run at (368,40) width 12: "X"
        LayoutText {#text} at (380,40) size 4x19
          text run at (380,40) width 4: " "
        LayoutInline {span} at (0,0) size 12x19 [color=#0000FF]
          LayoutText {#text} at (384,40) size 12x19
            text run at (384,40) width 12: "X"
        LayoutText {#text} at (396,40) size 4x19
          text run at (396,40) width 4: " "
        LayoutInline {span} at (0,0) size 12x19 [color=#0000FF]
          LayoutText {#text} at (400,40) size 12x19
            text run at (400,40) width 12: "X"
        LayoutText {#text} at (412,40) size 4x19
          text run at (412,40) width 4: " "
        LayoutInline {span} at (0,0) size 12x19 [color=#0000FF]
          LayoutText {#text} at (416,40) size 12x19
            text run at (416,40) width 12: "X"
        LayoutText {#text} at (428,40) size 4x19
          text run at (428,40) width 4: " "
        LayoutInline {span} at (0,0) size 12x19 [color=#0000FF]
          LayoutText {#text} at (432,40) size 12x19
            text run at (432,40) width 12: "X"
        LayoutText {#text} at (444,40) size 4x19
          text run at (444,40) width 4: " "
        LayoutInline {span} at (0,0) size 12x19 [color=#0000FF]
          LayoutText {#text} at (448,40) size 12x19
            text run at (448,40) width 12: "X"
        LayoutText {#text} at (460,40) size 4x19
          text run at (460,40) width 4: " "
        LayoutInline {span} at (0,0) size 12x19 [color=#0000FF]
          LayoutText {#text} at (464,40) size 12x19
            text run at (464,40) width 12: "X"
        LayoutText {#text} at (476,40) size 4x19
          text run at (476,40) width 4: " "
        LayoutInline {span} at (0,0) size 12x19 [color=#0000FF]
          LayoutText {#text} at (480,40) size 12x19
            text run at (480,40) width 12: "X"
        LayoutText {#text} at (492,40) size 4x19
          text run at (492,40) width 4: " "
        LayoutInline {span} at (0,0) size 12x19 [color=#0000FF]
          LayoutText {#text} at (496,40) size 12x19
            text run at (496,40) width 12: "X"
        LayoutText {#text} at (508,40) size 4x19
          text run at (508,40) width 4: " "
        LayoutInline {span} at (0,0) size 12x19 [color=#0000FF]
          LayoutText {#text} at (512,40) size 12x19
            text run at (512,40) width 12: "X"
        LayoutText {#text} at (524,40) size 4x19
          text run at (524,40) width 4: " "
        LayoutInline {span} at (0,0) size 12x19 [color=#0000FF]
          LayoutText {#text} at (528,40) size 12x19
            text run at (528,40) width 12: "X"
        LayoutText {#text} at (0,0) size 0x0
