layer at (0,0) size 800x600
  LayoutView at (0,0) size 800x600
layer at (0,0) size 800x260
  LayoutBlockFlow {HTML} at (0,0) size 800x260
    LayoutBlockFlow {BODY} at (8,8) size 784x244
      LayoutText {#text} at (0,0) size 0x0
layer at (8,8) size 320x240
  LayoutVideo {VIDEO} at (0,0) size 320x240
    LayoutBlockFlow {DIV} at (0,0) size 320x240
layer at (0,0) size 17x600
  LayoutBlockFlow (positioned) {DIV} at (0,0) size 17x600
    LayoutBlockFlow {DIV} at (0,0) size 17x600
      LayoutText {#text} at (2,246) size 14x108
        text run at (2,246) width 107: "Cue 1: \x{79C1}\x{306F}\x{7ACB}\x{6D3E}\x{306A}\x{4EBA}"
layer at (0,0) size 17x600
  LayoutBlockFlow (positioned) {DIV} at (0,0) size 17x600
    LayoutBlockFlow {DIV} at (0,0) size 17x600
      LayoutText {#text} at (2,246) size 14x108
        text run at (2,246) width 107: "Cue 2: \x{79C1}\x{306F}\x{7ACB}\x{6D3E}\x{306A}\x{4EBA}"
layer at (0,0) size 17x600
  LayoutBlockFlow (positioned) {DIV} at (0,0) size 17x600
    LayoutBlockFlow {DIV} at (0,0) size 17x600
      LayoutText {#text} at (2,246) size 14x108
        text run at (2,246) width 107: "Cue 3: \x{79C1}\x{306F}\x{7ACB}\x{6D3E}\x{306A}\x{4EBA}"
layer at (0,0) size 17x600
  LayoutBlockFlow (positioned) {DIV} at (0,0) size 17x600
    LayoutBlockFlow {DIV} at (0,0) size 17x600
      LayoutText {#text} at (2,246) size 14x108
        text run at (2,246) width 107: "Cue 4: \x{79C1}\x{306F}\x{7ACB}\x{6D3E}\x{306A}\x{4EBA}"
layer at (0,0) size 17x600
  LayoutBlockFlow (positioned) {DIV} at (0,0) size 17x600
    LayoutBlockFlow {DIV} at (0,0) size 17x600
      LayoutText {#text} at (2,246) size 14x108
        text run at (2,246) width 107: "Cue 5: \x{79C1}\x{306F}\x{7ACB}\x{6D3E}\x{306A}\x{4EBA}"
layer at (0,0) size 17x600
  LayoutBlockFlow (positioned) {DIV} at (0,0) size 17x600
    LayoutBlockFlow {DIV} at (0,0) size 17x600
      LayoutText {#text} at (2,246) size 14x108
        text run at (2,246) width 107: "Cue 6: \x{79C1}\x{306F}\x{7ACB}\x{6D3E}\x{306A}\x{4EBA}"
layer at (8,8) size 320x240
  LayoutFlexibleBox (relative positioned) {DIV} at (0,0) size 320x240
    LayoutFlexibleBox {DIV} at (0,0) size 320x240
