layer at (0,0) size 800x600
  LayoutView at (0,0) size 800x600
layer at (0,0) size 800x112
  LayoutBlockFlow {html} at (0,0) size 800x112
    LayoutBlockFlow {body} at (8,16) size 784x88
      LayoutBlockFlow {p} at (0,0) size 784x24
        LayoutText {#text} at (0,4) size 327x18
          text run at (0,4) width 327: "Test passes if the 2 \"Text sample \x{30B5}\x{30F3}\x{30D7}\x{30EB}\x{6587}\" are "
        LayoutInline {strong} at (0,0) size 60x18
          LayoutText {#text} at (326,4) size 60x18
            text run at (326,4) width 60: "identical"
        LayoutText {#text} at (385,4) size 32x18
          text run at (385,4) width 32: " and "
        LayoutInline {strong} at (0,0) size 37x18
          LayoutText {#text} at (416,4) size 37x18
            text run at (416,4) width 37: "blink"
        LayoutText {#text} at (452,4) size 264x18
          text run at (452,4) width 264: " (alternate between visible and invisible)."
      LayoutBlockFlow {div} at (0,40) size 784x24
        LayoutText {#text} at (0,3) size 162x18
          text run at (0,3) width 162: "Text sample \x{30B5}\x{30F3}\x{30D7}\x{30EB}\x{6587}"
      LayoutBlockFlow {div} at (0,64) size 784x24
        LayoutText {#text} at (0,3) size 162x18
          text run at (0,3) width 162: "Text sample \x{30B5}\x{30F3}\x{30D7}\x{30EB}\x{6587}"
