layer at (0,0) size 800x600
  LayoutView at (0,0) size 800x600
layer at (0,0) size 800x600
  LayoutBlockFlow {HTML} at (0,0) size 800x600
    LayoutBlockFlow {BODY} at (8,8) size 784x576
      LayoutBlockFlow {P} at (0,0) size 784x20
        LayoutText {#text} at (0,0) size 547x19
          text run at (0,0) width 547: "Follow this link to open a new browsing context and then confirm it says \"idonteven\": "
        LayoutInline {A} at (0,0) size 24x19 [color=#0000EE]
          LayoutText {#text} at (547,0) size 24x19
            text run at (547,0) width 24: "link"
        LayoutText {#text} at (571,0) size 4x19
          text run at (571,0) width 4: "."
