layer at (0,0) size 800x600
  LayoutView at (0,0) size 800x600
layer at (0,0) size 800x600
  LayoutBlockFlow {HTML} at (0,0) size 800x600
    LayoutBlockFlow {BODY} at (8,8) size 784x576
      LayoutBlockFlow {P} at (0,0) size 784x40
        LayoutText {#text} at (0,0) size 771x39
          text run at (0,0) width 771: "Follow this link to open a new browsing context in a separate origin. Follow the instructions in that new window, and then"
          text run at (0,20) width 173: "come back to this window. "
        LayoutInline {A} at (0,0) size 25x19 [color=#0000EE]
          LayoutText {#text} at (172,20) size 25x19
            text run at (172,20) width 25: "link"
        LayoutText {#text} at (196,20) size 5x19
          text run at (196,20) width 5: "."
      LayoutBlockFlow {P} at (0,56) size 784x20
        LayoutText {#text} at (0,0) size 321x19
          text run at (0,0) width 321: "Once you come back to this page, follow this link. "
        LayoutInline {A} at (0,0) size 24x19 [color=#0000EE]
          LayoutText {#text} at (321,0) size 24x19
            text run at (321,0) width 24: "link"
        LayoutText {#text} at (345,0) size 4x19
          text run at (345,0) width 4: "."
      LayoutBlockFlow {P} at (0,92) size 784x20
        LayoutText {#text} at (0,0) size 456x19
          text run at (0,0) width 456: "After clicking that link, you should have three additional windows open."
