layer at (0,0) size 800x600
  LayoutView at (0,0) size 800x600
layer at (0,0) size 800x600
  LayoutBlockFlow {HTML} at (0,0) size 800x600
    LayoutBlockFlow {BODY} at (8,8) size 784x584
      LayoutBlockFlow {P} at (0,0) size 784x18
        LayoutText {#text} at (0,0) size 759x18
          text run at (0,0) width 667: "This tests that in a standalone media document with audio content, the media element repaints correctly "
          text run at (666,0) width 93: "while playing."
      LayoutBlockFlow (anonymous) at (0,34) size 784x334
        LayoutText {#text} at (0,0) size 0x0
layer at (8,42) size 384x334
  LayoutIFrame {IFRAME} at (0,0) size 384x334 [border: (2px inset #EEEEEE)]
    layer at (0,0) size 380x330
      LayoutView at (0,0) size 380x330
    layer at (0,0) size 380x330
      LayoutBlockFlow {HTML} at (0,0) size 380x330
        LayoutBlockFlow {BODY} at (8,8) size 364x314 [bgcolor=#000000]
    layer at (8,8) size 300x1
      LayoutVideo {VIDEO} at (0,0) size 300x1
    layer at (8,8) size 300x1
      LayoutFlexibleBox (relative positioned) {DIV} at (0,0) size 300x1
        LayoutFlexibleBox {DIV} at (0,0) size 300x1
    layer at (8,8) size 300x12
      LayoutFlexibleBox {DIV} at (0,0) size 300x12
        LayoutSlider {INPUT} at (16,-6.47) size 268x1.47 [color=#909090]
          LayoutFlexibleBox {DIV} at (0,0) size 268x1.47
    layer at (8,8) size 300x5 clip at (9,9) size 298x3 scrollHeight 59
      LayoutButton {INPUT} at (0,0) size 300x5 [border: (1px solid #D8D8D8) (1px solid #D1D1D1) (1px solid #BABABA) (1px solid #D1D1D1)]
        LayoutFlexibleBox (anonymous) at (8,2) size 284x56
          LayoutBlockFlow {DIV} at (114,0) size 56x56 [bgcolor=#FFFFFFE6]
    layer at (8,-27) size 300x24 backgroundClip at (0,0) size 0x0 clip at (0,0) size 0x0
      LayoutFlexibleBox (relative positioned) {DIV} at (0,-35) size 300x23.53
        LayoutButton {INPUT} at (258,-8.47) size 32x32
    layer at (24,-33) size 27x30 backgroundClip at (0,0) size 0x0 clip at (0,0) size 0x0 transparent
      LayoutBlockFlow {DIV} at (16,-6.47) size 27.25x30
        LayoutText {#text} at (0,7) size 28x16
          text run at (0,7) width 28: "0:00"
    layer at (55,-33) size 211x30 backgroundClip at (0,0) size 0x0 clip at (0,0) size 0x0 transparent
      LayoutBlockFlow {DIV} at (47.25,-6.47) size 210.75x30
        LayoutText {#text} at (0,7) size 36x16
          text run at (0,7) width 36: "/ 0:01"
    layer at (24,2) size 268x1 backgroundClip at (8,8) size 300x12 clip at (8,8) size 300x12
      LayoutBlockFlow (relative positioned) {DIV} at (0,0) size 268x1.47 [bgcolor=#00000033]
        LayoutBlockFlow {DIV} at (128.98,-4) size 10x10 [bgcolor=#000000DE]
    layer at (24,2) size 268x0
      LayoutBlockFlow (positioned) {DIV} at (0,0) size 268x0
    layer at (157,2) size 134x2 backgroundClip at (8,8) size 300x12 clip at (8,8) size 300x12
      LayoutBlockFlow (positioned) {DIV} at (133,0) size 134x2 [bgcolor=#0000008A]
    layer at (24,2) size 133x2 backgroundClip at (8,8) size 300x12 clip at (8,8) size 300x12
      LayoutBlockFlow (positioned) {DIV} at (0,0) size 133x2 [bgcolor=#000000DE]
