layer at (0,0) size 800x600
  LayoutView at (0,0) size 800x600
layer at (0,0) size 800x324
  LayoutBlockFlow {HTML} at (0,0) size 800x324
    LayoutBlockFlow {BODY} at (8,8) size 784x308
      LayoutBlockFlow {DIV} at (0,0) size 784x154
      LayoutBlockFlow {DIV} at (0,154) size 784x154
layer at (8,8) size 300x150
  LayoutVideo {VIDEO} at (0,0) size 300x150
layer at (308,158) size 0x0
  LayoutMedia {AUDIO} at (300,150) size 0x0
layer at (8,162) size 300x150
  LayoutVideo {VIDEO} at (0,0) size 300x150
layer at (308,312) size 0x0
  LayoutMedia {AUDIO} at (300,150) size 0x0
layer at (8,8) size 300x150
  LayoutFlexibleBox (relative positioned) {DIV} at (0,0) size 300x150
    LayoutFlexibleBox {DIV} at (0,0) size 300x150
layer at (8,8) size 300x150
  LayoutFlexibleBox {DIV} at (0,0) size 300x150
    LayoutSlider {INPUT} at (16,131) size 268x2 [color=#909090]
      LayoutFlexibleBox {DIV} at (0,0) size 268x2
layer at (8,8) size 300x134 clip at (9,9) size 298x132
  LayoutButton {INPUT} at (0,0) size 300x134 [border: (1px solid #D8D8D8) (1px solid #D1D1D1) (1px solid #BABABA) (1px solid #D1D1D1)]
    LayoutFlexibleBox (anonymous) at (8,38.50) size 284x56
      LayoutBlockFlow {DIV} at (114,0) size 56x56 [bgcolor=#FFFFFFE6]
layer at (8,102) size 300x32
  LayoutFlexibleBox (relative positioned) {DIV} at (0,94) size 300x32
layer at (24,104) size 27x30 transparent
  LayoutBlockFlow {DIV} at (16,2) size 27.25x30
    LayoutText {#text} at (0,7) size 28x16
      text run at (0,7) width 28: "0:00"
layer at (55,104) size 243x30 transparent
  LayoutBlockFlow {DIV} at (47.25,2) size 242.75x30
    LayoutText {#text} at (0,7) size 36x16
      text run at (0,7) width 36: "/ 0:00"
layer at (24,139) size 268x2
  LayoutBlockFlow (relative positioned) {DIV} at (0,0) size 268x2 [bgcolor=#00000033]
layer at (24,139) size 268x0
  LayoutBlockFlow (positioned) {DIV} at (0,0) size 268x0
layer at (24,139) size 0x2
  LayoutBlockFlow (positioned) {DIV} at (0,0) size 0x2 [bgcolor=#0000008A]
layer at (24,139) size 0x2
  LayoutBlockFlow (positioned) {DIV} at (0,0) size 0x2 [bgcolor=#000000DE]
layer at (308,158) size 240x0 scrollHeight 16
  LayoutFlexibleBox (relative positioned) {DIV} at (0,0) size 240x0 [bgcolor=#F1F3F4]
    LayoutFlexibleBox {DIV} at (0,-16) size 240x32
layer at (308,142) size 240x32 backgroundClip at (0,0) size 0x0 clip at (0,0) size 0x0
  LayoutFlexibleBox {DIV} at (0,0) size 240x32
    LayoutButton {INPUT} at (10,0) size 32x32
    LayoutSlider {INPUT} at (129.28,15) size 84.72x2 [color=#909090]
      LayoutFlexibleBox {DIV} at (0,0) size 84.72x2
layer at (355,150) size 27x16 backgroundClip at (0,0) size 0x0 clip at (0,0) size 0x0 transparent
  LayoutBlockFlow {DIV} at (47,8) size 27.25x16
    LayoutText {#text} at (0,0) size 28x16
      text run at (0,0) width 28: "0:00"
layer at (386,150) size 35x16 backgroundClip at (0,0) size 0x0 clip at (0,0) size 0x0 transparent
  LayoutBlockFlow {DIV} at (78.25,8) size 35.03x16
    LayoutText {#text} at (0,0) size 36x16
      text run at (0,0) width 36: "/ 0:00"
layer at (437,157) size 85x2 backgroundClip at (0,0) size 0x0 clip at (0,0) size 0x0
  LayoutBlockFlow (relative positioned) {DIV} at (0,0) size 84.72x2 [bgcolor=#00000033]
layer at (437,157) size 85x0
  LayoutBlockFlow (positioned) {DIV} at (0,0) size 84.72x0
layer at (437,157) size 0x2
  LayoutBlockFlow (positioned) {DIV} at (0,0) size 0x2 [bgcolor=#0000008A]
layer at (437,157) size 0x2
  LayoutBlockFlow (positioned) {DIV} at (0,0) size 0x2 [bgcolor=#000000DE]
layer at (8,162) size 300x150
  LayoutFlexibleBox (relative positioned) {DIV} at (0,0) size 300x150
    LayoutFlexibleBox {DIV} at (0,0) size 300x150
layer at (8,162) size 300x150
  LayoutFlexibleBox {DIV} at (0,0) size 300x150
    LayoutSlider {INPUT} at (16,131) size 268x2 [color=#909090]
      LayoutFlexibleBox {DIV} at (0,0) size 268x2
layer at (8,162) size 300x134 clip at (9,163) size 298x132
  LayoutButton {INPUT} at (0,0) size 300x134 [border: (1px solid #D8D8D8) (1px solid #D1D1D1) (1px solid #BABABA) (1px solid #D1D1D1)]
    LayoutFlexibleBox (anonymous) at (8,38.50) size 284x56
      LayoutBlockFlow {DIV} at (114,0) size 56x56 [bgcolor=#FFFFFFE6]
layer at (8,256) size 300x32
  LayoutFlexibleBox (relative positioned) {DIV} at (0,94) size 300x32
layer at (24,258) size 27x30 transparent
  LayoutBlockFlow {DIV} at (16,2) size 27.25x30
    LayoutText {#text} at (0,7) size 28x16
      text run at (0,7) width 28: "0:00"
layer at (55,258) size 243x30 transparent
  LayoutBlockFlow {DIV} at (47.25,2) size 242.75x30
    LayoutText {#text} at (0,7) size 36x16
      text run at (0,7) width 36: "/ 0:00"
layer at (24,293) size 268x2
  LayoutBlockFlow (relative positioned) {DIV} at (0,0) size 268x2 [bgcolor=#00000033]
layer at (24,293) size 268x0
  LayoutBlockFlow (positioned) {DIV} at (0,0) size 268x0
layer at (24,293) size 0x2
  LayoutBlockFlow (positioned) {DIV} at (0,0) size 0x2 [bgcolor=#0000008A]
layer at (24,293) size 0x2
  LayoutBlockFlow (positioned) {DIV} at (0,0) size 0x2 [bgcolor=#000000DE]
layer at (308,312) size 240x0 scrollHeight 16
  LayoutFlexibleBox (relative positioned) {DIV} at (0,0) size 240x0 [bgcolor=#F1F3F4]
    LayoutFlexibleBox {DIV} at (0,-16) size 240x32
layer at (308,296) size 240x32 backgroundClip at (0,0) size 0x0 clip at (0,0) size 0x0
  LayoutFlexibleBox {DIV} at (0,0) size 240x32
    LayoutButton {INPUT} at (10,0) size 32x32
    LayoutSlider {INPUT} at (129.28,15) size 84.72x2 [color=#909090]
      LayoutFlexibleBox {DIV} at (0,0) size 84.72x2
layer at (355,304) size 27x16 backgroundClip at (0,0) size 0x0 clip at (0,0) size 0x0 transparent
  LayoutBlockFlow {DIV} at (47,8) size 27.25x16
    LayoutText {#text} at (0,0) size 28x16
      text run at (0,0) width 28: "0:00"
layer at (386,304) size 35x16 backgroundClip at (0,0) size 0x0 clip at (0,0) size 0x0 transparent
  LayoutBlockFlow {DIV} at (78.25,8) size 35.03x16
    LayoutText {#text} at (0,0) size 36x16
      text run at (0,0) width 36: "/ 0:00"
layer at (437,311) size 85x2 backgroundClip at (0,0) size 0x0 clip at (0,0) size 0x0
  LayoutBlockFlow (relative positioned) {DIV} at (0,0) size 84.72x2 [bgcolor=#00000033]
layer at (437,311) size 85x0
  LayoutBlockFlow (positioned) {DIV} at (0,0) size 84.72x0
layer at (437,311) size 0x2
  LayoutBlockFlow (positioned) {DIV} at (0,0) size 0x2 [bgcolor=#0000008A]
layer at (437,311) size 0x2
  LayoutBlockFlow (positioned) {DIV} at (0,0) size 0x2 [bgcolor=#000000DE]
