layer at (0,0) size 800x600
  LayoutView at (0,0) size 800x600
layer at (0,0) size 800x600
  LayoutBlockFlow {HTML} at (0,0) size 800x600
    LayoutBlockFlow {BODY} at (12,12) size 776x543
      LayoutBlockFlow {P} at (0,0) size 776x28
        LayoutText {#text} at (0,0) size 278x28
          text run at (0,0) width 278: "Zoomed video with controls."
layer at (57,85) size 240x180
  LayoutVideo {VIDEO} at (45,73) size 240x180
layer at (57,85) size 240x180
  LayoutFlexibleBox (relative positioned) {DIV} at (0,0) size 240x180
    LayoutFlexibleBox {DIV} at (0,0) size 240x180
layer at (57,85) size 240x180 scrollWidth 312
  LayoutFlexibleBox {DIV} at (0,0) size 240x180
    LayoutSlider {INPUT} at (24,151.50) size 192x3 [color=#909090]
      LayoutFlexibleBox {DIV} at (0,0) size 192x3
layer at (57,85) size 240x156 clip at (59,87) size 237x153
  LayoutButton {INPUT} at (0,0) size 240x156 [border: (1.50px solid #D8D8D8) (1.50px solid #D1D1D1) (1.50px solid #BABABA) (1.50px solid #D1D1D1)]
    LayoutFlexibleBox (anonymous) at (12,35.25) size 216x84
      LayoutBlockFlow {DIV} at (66,0) size 84x84 [bgcolor=#FFFFFFE6]
layer at (57,181) size 240x48
  LayoutFlexibleBox (relative positioned) {DIV} at (0,96) size 240x48
    LayoutButton {INPUT} at (129,0) size 48x48
    LayoutButton {INPUT} at (177,0) size 48x48
layer at (81,184) size 41x45 transparent
  LayoutBlockFlow {DIV} at (24,3) size 40.88x45
    LayoutText {#text} at (0,10) size 41x24
      text run at (0,10) width 41: "0:00"
layer at (128,184) size 58x45 transparent
  LayoutBlockFlow {DIV} at (70.88,3) size 58.13x45
    LayoutText {#text} at (0,10) size 53x24
      text run at (0,10) width 53: "/ 0:06"
layer at (81,237) size 192x3
  LayoutBlockFlow (relative positioned) {DIV} at (0,0) size 192x3 [bgcolor=#00000033]
    LayoutBlockFlow {DIV} at (0,-6) size 15x15 [bgcolor=#000000DE]
layer at (81,237) size 192x0
  LayoutBlockFlow (positioned) {DIV} at (0,0) size 192x0
layer at (81,237) size 288x3 backgroundClip at (57,85) size 240x180 clip at (57,85) size 240x180
  LayoutBlockFlow (positioned) {DIV} at (0,0) size 288x3 [bgcolor=#0000008A]
layer at (81,237) size 0x3
  LayoutBlockFlow (positioned) {DIV} at (0,0) size 0x3 [bgcolor=#000000DE]
layer at (57,310) size 240x180
  LayoutVideo {VIDEO} at (45,298) size 240x180
layer at (57,310) size 240x180
  LayoutFlexibleBox (relative positioned) {DIV} at (0,0) size 240x180
    LayoutFlexibleBox {DIV} at (0,0) size 240x180
layer at (57,310) size 240x180 scrollWidth 312
  LayoutFlexibleBox {DIV} at (0,0) size 240x180
    LayoutSlider {INPUT} at (24,151.50) size 192x3 [color=#909090]
      LayoutFlexibleBox {DIV} at (0,0) size 192x3
layer at (57,310) size 240x156 backgroundClip at (74,310) size 223x156 clip at (74,312) size 222x153
  LayoutButton {INPUT} at (0,0) size 240x156 [border: (1.50px solid #D8D8D8) (1.50px solid #D1D1D1) (1.50px solid #BABABA) (1.50px solid #D1D1D1)]
    LayoutFlexibleBox (anonymous) at (12,35.25) size 216x84
      LayoutBlockFlow {DIV} at (66,0) size 84x84 [bgcolor=#FFFFFFE6]
layer at (57,406) size 240x48 backgroundClip at (74,406) size 223x48 clip at (74,406) size 223x48
  LayoutFlexibleBox (relative positioned) {DIV} at (0,96) size 240x48
    LayoutButton {INPUT} at (129,0) size 48x48
    LayoutButton {INPUT} at (177,0) size 48x48
layer at (81,409) size 41x45 backgroundClip at (74,385) size 224x48 clip at (74,385) size 224x48 transparent
  LayoutBlockFlow {DIV} at (24,3) size 40.88x45
    LayoutText {#text} at (0,10) size 41x24
      text run at (0,10) width 41: "0:00"
layer at (128,409) size 58x45 backgroundClip at (74,385) size 224x48 clip at (74,385) size 224x48 transparent
  LayoutBlockFlow {DIV} at (70.88,3) size 58.13x45
    LayoutText {#text} at (0,10) size 53x24
      text run at (0,10) width 53: "/ 0:06"
layer at (81,462) size 192x3
  LayoutBlockFlow (relative positioned) {DIV} at (0,0) size 192x3 [bgcolor=#00000033]
    LayoutBlockFlow {DIV} at (0,-6) size 15x15 [bgcolor=#000000DE]
layer at (81,462) size 192x0
  LayoutBlockFlow (positioned) {DIV} at (0,0) size 192x0
layer at (81,462) size 288x3 backgroundClip at (74,291) size 240x180 clip at (74,291) size 240x180
  LayoutBlockFlow (positioned) {DIV} at (0,0) size 288x3 [bgcolor=#0000008A]
layer at (81,462) size 0x3
  LayoutBlockFlow (positioned) {DIV} at (0,0) size 0x3 [bgcolor=#000000DE]
