layer at (0,0) size 800x600
  LayoutView at (0,0) size 800x600
layer at (0,0) size 800x600
  LayoutBlockFlow {HTML} at (0,0) size 800x600
    LayoutBlockFlow {BODY} at (8,8) size 784x584
      LayoutText {#text} at (0,0) size 504x18
        text run at (0,0) width 504: "This tests that toggling the display property won't make the controls disappear."
      LayoutBR {BR} at (503,14) size 1x0
      LayoutText {#text} at (0,0) size 0x0
layer at (8,26) size 320x240
  LayoutVideo {VIDEO} at (0,18) size 320x240
layer at (8,26) size 320x240
  LayoutFlexibleBox (relative positioned) {DIV} at (0,0) size 320x240
    LayoutFlexibleBox {DIV} at (0,0) size 320x240
layer at (8,26) size 320x240
  LayoutFlexibleBox {DIV} at (0,0) size 320x240
    LayoutSlider {INPUT} at (16,221) size 288x2 [color=#909090]
      LayoutFlexibleBox {DIV} at (0,0) size 288x2
layer at (8,26) size 320x224 clip at (9,27) size 318x222
  LayoutButton {INPUT} at (0,0) size 320x224 [border: (1px solid #D8D8D8) (1px solid #D1D1D1) (1px solid #BABABA) (1px solid #D1D1D1)]
    LayoutFlexibleBox (anonymous) at (8,83.50) size 304x56
      LayoutBlockFlow {DIV} at (124,0) size 56x56 [bgcolor=#FFFFFFE6]
layer at (8,210) size 320x32
  LayoutFlexibleBox (relative positioned) {DIV} at (0,184) size 320x32
    LayoutButton {INPUT} at (246,0) size 32x32
    LayoutButton {INPUT} at (278,0) size 32x32
layer at (24,212) size 27x30 transparent
  LayoutBlockFlow {DIV} at (16,2) size 27.25x30
    LayoutText {#text} at (0,7) size 28x16
      text run at (0,7) width 28: "0:00"
layer at (55,212) size 199x30 transparent
  LayoutBlockFlow {DIV} at (47.25,2) size 198.75x30
    LayoutText {#text} at (0,7) size 36x16
      text run at (0,7) width 36: "/ 0:06"
layer at (24,247) size 288x2
  LayoutBlockFlow (relative positioned) {DIV} at (0,0) size 288x2 [bgcolor=#00000033]
    LayoutBlockFlow {DIV} at (0,-4) size 10x10 [bgcolor=#000000DE]
layer at (24,247) size 288x0
  LayoutBlockFlow (positioned) {DIV} at (0,0) size 288x0
layer at (24,247) size 288x2
  LayoutBlockFlow (positioned) {DIV} at (0,0) size 288x2 [bgcolor=#0000008A]
layer at (24,247) size 0x2
  LayoutBlockFlow (positioned) {DIV} at (0,0) size 0x2 [bgcolor=#000000DE]
