layer at (0,0) size 800x600
  LayoutView at (0,0) size 800x600
layer at (0,0) size 800x506
  LayoutBlockFlow {HTML} at (0,0) size 800x506
    LayoutBlockFlow {BODY} at (8,8) size 784x490
      LayoutBlockFlow (anonymous) at (0,0) size 784x245
        LayoutText {#text} at (215,0) size 4x17
          text run at (215,0) width 4: " "
        LayoutText {#text} at (434,0) size 4x17
          text run at (434,0) width 4: " "
        LayoutText {#text} at (0,0) size 0x0
      LayoutBlockFlow {DIV} at (0,245) size 784x245
        LayoutText {#text} at (215,0) size 4x17
          text run at (215,0) width 4: " "
        LayoutText {#text} at (434,0) size 4x17
          text run at (434,0) width 4: " "
        LayoutText {#text} at (0,0) size 0x0
layer at (8,8) size 215x245
  LayoutBlockFlow (relative positioned) {DIV} at (0,0) size 215x245 [border: (2px solid #FFA500)]
    LayoutBlockFlow {DIV} at (3,3) size 92.86x126 [border: (1px solid #00FF00)]
      LayoutBlockFlow {DIV} at (1,1) size 70.44x21 [border: (1px solid #00FF00)]
        LayoutInline {U} at (0,0) size 69x17
          LayoutText {#text} at (1,2) size 69x17
            text run at (1,2) width 69: "\x{6F22}efg\x{6DF7}\x{690D}"
      LayoutBR {BR} at (71,3) size 1x17
      LayoutBlockFlow {DIV} at (1,22) size 74x21 [border: (1px solid #00FF00)]
        LayoutInline {U} at (0,0) size 72x16
          LayoutText {#text} at (1,2) size 72x16
            text run at (1,2) width 72: "\x{6F22}efg\x{6DF7}\x{690D}"
      LayoutBR {BR} at (75,24) size 0x17
      LayoutBlockFlow {DIV} at (1,43) size 74.31x21 [border: (1px solid #00FF00)]
        LayoutInline {U} at (0,0) size 73x24
          LayoutText {#text} at (1,-2) size 73x24
            text run at (1,-2) width 73: "\x{6F22}efg\x{6DF7}\x{690D}"
      LayoutBR {BR} at (75,44) size 1x17
      LayoutBlockFlow {DIV} at (1,64) size 70.44x21 [border: (1px solid #00FF00)]
        LayoutInline {U} at (0,0) size 69x17
          LayoutText {#text} at (1,2) size 69x17
            text run at (1,2) width 69: "\x{6F22}efg\x{6DF7}\x{690D}"
      LayoutBR {BR} at (71,66) size 1x17
      LayoutBlockFlow {DIV} at (1,85) size 90.86x40 [border: (1px solid #00FF00)]
        LayoutInline {U} at (0,0) size 89x17
          LayoutText {#text} at (1,17) size 16x17
            text run at (1,17) width 16: "\x{6F22}"
          LayoutInline {SPAN} at (0,0) size 41x36
            LayoutText {#text} at (17,2) size 41x36
              text run at (17,2) width 41: "efg"
          LayoutText {#text} at (57,17) size 33x17
            text run at (57,17) width 33: "\x{6DF7}\x{690D}"
      LayoutBR {BR} at (91,102) size 1x17
    LayoutBR {BR} at (95,105) size 1x17
    LayoutBlockFlow {DIV} at (3,168) size 21x70.44 [border: (1px solid #00FF00)]
      LayoutInline {U} at (0,0) size 17x69
        LayoutText {#text} at (2,1) size 17x69
          text run at (2,1) width 69: "\x{6F22}efg\x{6DF7}\x{690D}"
    LayoutText {#text} at (24,224) size 4x17
      text run at (24,224) width 4: " "
    LayoutBlockFlow {DIV} at (28,164) size 21x74.31 [border: (1px solid #00FF00)]
      LayoutInline {U} at (0,0) size 24x73
        LayoutText {#text} at (-2,1) size 24x73
          text run at (-2,1) width 73: "\x{6F22}efg\x{6DF7}\x{690D}"
    LayoutText {#text} at (49,224) size 4x17
      text run at (49,224) width 4: " "
    LayoutBlockFlow {DIV} at (53,168) size 21x70.44 [border: (1px solid #00FF00)]
      LayoutInline {U} at (0,0) size 17x69
        LayoutText {#text} at (2,1) size 17x69
          text run at (2,1) width 69: "\x{6F22}efg\x{6DF7}\x{690D}"
    LayoutText {#text} at (74,224) size 4x17
      text run at (74,224) width 4: " "
    LayoutBlockFlow {DIV} at (78,152) size 21x85.75 [border: (1px solid #00FF00)]
      LayoutInline {U} at (0,0) size 17x84
        LayoutText {#text} at (2,1) size 17x84
          text run at (2,1) width 84: "\x{182E}\x{1823}\x{1828}\x{182D}\x{182D}\x{1823}\x{182F} \x{182C}\x{1821}\x{182F}\x{1821} efg\x{6F22}"
    LayoutText {#text} at (99,224) size 4x17
      text run at (99,224) width 4: " "
    LayoutBlockFlow {DIV} at (103,152) size 21x85.75 [border: (1px solid #00FF00)]
      LayoutInline {U} at (0,0) size 17x84
        LayoutText {#text} at (2,1) size 17x84
          text run at (2,1) width 84: "\x{182E}\x{1823}\x{1828}\x{182D}\x{182D}\x{1823}\x{182F} \x{182C}\x{1821}\x{182F}\x{1821} efg\x{6F22}"
    LayoutText {#text} at (124,224) size 4x17
      text run at (124,224) width 4: " "
    LayoutBlockFlow {DIV} at (128,129) size 40x108.66 [border: (1px solid #00FF00)]
      LayoutInline {U} at (0,0) size 17x107
        LayoutText {#text} at (11,1) size 17x16
          text run at (11,1) width 16: "\x{6F22}"
        LayoutInline {SPAN} at (0,0) size 36x59
          LayoutText {#text} at (2,17) size 36x59
            text run at (2,17) width 59: "\x{6F22}fg"
        LayoutText {#text} at (11,75) size 17x33
          text run at (11,75) width 32: "\x{6DF7}\x{690D}"
    LayoutText {#text} at (168,224) size 4x17
      text run at (168,224) width 4: " "
    LayoutBlockFlow {DIV} at (172,129) size 40x108.66 [border: (1px solid #00FF00)]
      LayoutInline {U} at (0,0) size 17x107
        LayoutText {#text} at (12,1) size 17x16
          text run at (12,1) width 16: "\x{6F22}"
        LayoutInline {SPAN} at (0,0) size 36x59
          LayoutText {#text} at (2,17) size 36x59
            text run at (2,17) width 59: "\x{6F22}fg"
        LayoutText {#text} at (12,75) size 17x33
          text run at (12,75) width 32: "\x{6DF7}\x{690D}"
    LayoutText {#text} at (0,0) size 0x0
layer at (174,10) size 47x26
  LayoutBlockFlow (positioned) {<pseudo:before>} at (166.16,2) size 46.84x26.38 [bgcolor=#FFFFFF] [border: (2px solid #808080)]
    LayoutTextFragment (anonymous) at (5,4) size 37x17
      text run at (5,4) width 37: "initial"
layer at (227,8) size 215x245
  LayoutBlockFlow (relative positioned) {DIV} at (219,0) size 215x245 [border: (2px solid #FFA500)]
    LayoutBlockFlow {DIV} at (3,3) size 92.86x126 [border: (1px solid #00FF00)]
      LayoutBlockFlow {DIV} at (1,1) size 70.44x21 [border: (1px solid #00FF00)]
        LayoutInline {U} at (0,0) size 69x17
          LayoutText {#text} at (1,2) size 69x17
            text run at (1,2) width 69: "\x{6F22}efg\x{6DF7}\x{690D}"
      LayoutBR {BR} at (71,3) size 1x17
      LayoutBlockFlow {DIV} at (1,22) size 74x21 [border: (1px solid #00FF00)]
        LayoutInline {U} at (0,0) size 72x16
          LayoutText {#text} at (1,2) size 72x16
            text run at (1,2) width 72: "\x{6F22}efg\x{6DF7}\x{690D}"
      LayoutBR {BR} at (75,24) size 0x17
      LayoutBlockFlow {DIV} at (1,43) size 74.31x21 [border: (1px solid #00FF00)]
        LayoutInline {U} at (0,0) size 73x24
          LayoutText {#text} at (1,-2) size 73x24
            text run at (1,-2) width 73: "\x{6F22}efg\x{6DF7}\x{690D}"
      LayoutBR {BR} at (75,44) size 1x17
      LayoutBlockFlow {DIV} at (1,64) size 70.44x21 [border: (1px solid #00FF00)]
        LayoutInline {U} at (0,0) size 69x17
          LayoutText {#text} at (1,2) size 69x17
            text run at (1,2) width 69: "\x{6F22}efg\x{6DF7}\x{690D}"
      LayoutBR {BR} at (71,66) size 1x17
      LayoutBlockFlow {DIV} at (1,85) size 90.86x40 [border: (1px solid #00FF00)]
        LayoutInline {U} at (0,0) size 89x17
          LayoutText {#text} at (1,17) size 16x17
            text run at (1,17) width 16: "\x{6F22}"
          LayoutInline {SPAN} at (0,0) size 41x36
            LayoutText {#text} at (17,2) size 41x36
              text run at (17,2) width 41: "efg"
          LayoutText {#text} at (57,17) size 33x17
            text run at (57,17) width 33: "\x{6DF7}\x{690D}"
      LayoutBR {BR} at (91,102) size 1x17
    LayoutBR {BR} at (95,105) size 1x17
    LayoutBlockFlow {DIV} at (3,168) size 21x70.44 [border: (1px solid #00FF00)]
      LayoutInline {U} at (0,0) size 17x69
        LayoutText {#text} at (2,1) size 17x69
          text run at (2,1) width 69: "\x{6F22}efg\x{6DF7}\x{690D}"
    LayoutText {#text} at (24,224) size 4x17
      text run at (24,224) width 4: " "
    LayoutBlockFlow {DIV} at (28,164) size 21x74.31 [border: (1px solid #00FF00)]
      LayoutInline {U} at (0,0) size 24x73
        LayoutText {#text} at (-2,1) size 24x73
          text run at (-2,1) width 73: "\x{6F22}efg\x{6DF7}\x{690D}"
    LayoutText {#text} at (49,224) size 4x17
      text run at (49,224) width 4: " "
    LayoutBlockFlow {DIV} at (53,168) size 21x70.44 [border: (1px solid #00FF00)]
      LayoutInline {U} at (0,0) size 17x69
        LayoutText {#text} at (2,1) size 17x69
          text run at (2,1) width 69: "\x{6F22}efg\x{6DF7}\x{690D}"
    LayoutText {#text} at (74,224) size 4x17
      text run at (74,224) width 4: " "
    LayoutBlockFlow {DIV} at (78,152) size 21x85.75 [border: (1px solid #00FF00)]
      LayoutInline {U} at (0,0) size 17x84
        LayoutText {#text} at (2,1) size 17x84
          text run at (2,1) width 84: "\x{182E}\x{1823}\x{1828}\x{182D}\x{182D}\x{1823}\x{182F} \x{182C}\x{1821}\x{182F}\x{1821} efg\x{6F22}"
    LayoutText {#text} at (99,224) size 4x17
      text run at (99,224) width 4: " "
    LayoutBlockFlow {DIV} at (103,152) size 21x85.75 [border: (1px solid #00FF00)]
      LayoutInline {U} at (0,0) size 17x84
        LayoutText {#text} at (2,1) size 17x84
          text run at (2,1) width 84: "\x{182E}\x{1823}\x{1828}\x{182D}\x{182D}\x{1823}\x{182F} \x{182C}\x{1821}\x{182F}\x{1821} efg\x{6F22}"
    LayoutText {#text} at (124,224) size 4x17
      text run at (124,224) width 4: " "
    LayoutBlockFlow {DIV} at (128,129) size 40x108.66 [border: (1px solid #00FF00)]
      LayoutInline {U} at (0,0) size 17x107
        LayoutText {#text} at (11,1) size 17x16
          text run at (11,1) width 16: "\x{6F22}"
        LayoutInline {SPAN} at (0,0) size 36x59
          LayoutText {#text} at (2,17) size 36x59
            text run at (2,17) width 59: "\x{6F22}fg"
        LayoutText {#text} at (11,75) size 17x33
          text run at (11,75) width 32: "\x{6DF7}\x{690D}"
    LayoutText {#text} at (168,224) size 4x17
      text run at (168,224) width 4: " "
    LayoutBlockFlow {DIV} at (172,129) size 40x108.66 [border: (1px solid #00FF00)]
      LayoutInline {U} at (0,0) size 17x107
        LayoutText {#text} at (12,1) size 17x16
          text run at (12,1) width 16: "\x{6F22}"
        LayoutInline {SPAN} at (0,0) size 36x59
          LayoutText {#text} at (2,17) size 36x59
            text run at (2,17) width 59: "\x{6F22}fg"
        LayoutText {#text} at (12,75) size 17x33
          text run at (12,75) width 32: "\x{6DF7}\x{690D}"
    LayoutText {#text} at (0,0) size 0x0
layer at (373,10) size 67x26
  LayoutBlockFlow (positioned) {<pseudo:before>} at (146.13,2) size 66.88x26.38 [bgcolor=#FFFFFF] [border: (2px solid #808080)]
    LayoutTextFragment (anonymous) at (5,4) size 57x17
      text run at (5,4) width 57: "lang=zh"
layer at (446,8) size 215x245
  LayoutBlockFlow (relative positioned) {DIV} at (438,0) size 215x245 [border: (2px solid #FFA500)]
    LayoutBlockFlow {DIV} at (3,3) size 92.86x126 [border: (1px solid #00FF00)]
      LayoutBlockFlow {DIV} at (1,1) size 70.44x21 [border: (1px solid #00FF00)]
        LayoutInline {U} at (0,0) size 69x17
          LayoutText {#text} at (1,2) size 69x17
            text run at (1,2) width 69: "\x{6F22}efg\x{6DF7}\x{690D}"
      LayoutBR {BR} at (71,3) size 1x17
      LayoutBlockFlow {DIV} at (1,22) size 74x21 [border: (1px solid #00FF00)]
        LayoutInline {U} at (0,0) size 72x16
          LayoutText {#text} at (1,2) size 72x16
            text run at (1,2) width 72: "\x{6F22}efg\x{6DF7}\x{690D}"
      LayoutBR {BR} at (75,24) size 0x17
      LayoutBlockFlow {DIV} at (1,43) size 74.31x21 [border: (1px solid #00FF00)]
        LayoutInline {U} at (0,0) size 73x24
          LayoutText {#text} at (1,-2) size 73x24
            text run at (1,-2) width 73: "\x{6F22}efg\x{6DF7}\x{690D}"
      LayoutBR {BR} at (75,44) size 1x17
      LayoutBlockFlow {DIV} at (1,64) size 70.44x21 [border: (1px solid #00FF00)]
        LayoutInline {U} at (0,0) size 69x17
          LayoutText {#text} at (1,2) size 69x17
            text run at (1,2) width 69: "\x{6F22}efg\x{6DF7}\x{690D}"
      LayoutBR {BR} at (71,66) size 1x17
      LayoutBlockFlow {DIV} at (1,85) size 90.86x40 [border: (1px solid #00FF00)]
        LayoutInline {U} at (0,0) size 89x17
          LayoutText {#text} at (1,17) size 16x17
            text run at (1,17) width 16: "\x{6F22}"
          LayoutInline {SPAN} at (0,0) size 41x36
            LayoutText {#text} at (17,2) size 41x36
              text run at (17,2) width 41: "efg"
          LayoutText {#text} at (57,17) size 33x17
            text run at (57,17) width 33: "\x{6DF7}\x{690D}"
      LayoutBR {BR} at (91,102) size 1x17
    LayoutBR {BR} at (95,105) size 1x17
    LayoutBlockFlow {DIV} at (3,168) size 21x70.44 [border: (1px solid #00FF00)]
      LayoutInline {U} at (0,0) size 17x69
        LayoutText {#text} at (2,1) size 17x69
          text run at (2,1) width 69: "\x{6F22}efg\x{6DF7}\x{690D}"
    LayoutText {#text} at (24,224) size 4x17
      text run at (24,224) width 4: " "
    LayoutBlockFlow {DIV} at (28,164) size 21x74.31 [border: (1px solid #00FF00)]
      LayoutInline {U} at (0,0) size 24x73
        LayoutText {#text} at (-2,1) size 24x73
          text run at (-2,1) width 73: "\x{6F22}efg\x{6DF7}\x{690D}"
    LayoutText {#text} at (49,224) size 4x17
      text run at (49,224) width 4: " "
    LayoutBlockFlow {DIV} at (53,168) size 21x70.44 [border: (1px solid #00FF00)]
      LayoutInline {U} at (0,0) size 17x69
        LayoutText {#text} at (2,1) size 17x69
          text run at (2,1) width 69: "\x{6F22}efg\x{6DF7}\x{690D}"
    LayoutText {#text} at (74,224) size 4x17
      text run at (74,224) width 4: " "
    LayoutBlockFlow {DIV} at (78,152) size 21x85.75 [border: (1px solid #00FF00)]
      LayoutInline {U} at (0,0) size 17x84
        LayoutText {#text} at (2,1) size 17x84
          text run at (2,1) width 84: "\x{182E}\x{1823}\x{1828}\x{182D}\x{182D}\x{1823}\x{182F} \x{182C}\x{1821}\x{182F}\x{1821} efg\x{6F22}"
    LayoutText {#text} at (99,224) size 4x17
      text run at (99,224) width 4: " "
    LayoutBlockFlow {DIV} at (103,152) size 21x85.75 [border: (1px solid #00FF00)]
      LayoutInline {U} at (0,0) size 17x84
        LayoutText {#text} at (2,1) size 17x84
          text run at (2,1) width 84: "\x{182E}\x{1823}\x{1828}\x{182D}\x{182D}\x{1823}\x{182F} \x{182C}\x{1821}\x{182F}\x{1821} efg\x{6F22}"
    LayoutText {#text} at (124,224) size 4x17
      text run at (124,224) width 4: " "
    LayoutBlockFlow {DIV} at (128,129) size 40x108.66 [border: (1px solid #00FF00)]
      LayoutInline {U} at (0,0) size 17x107
        LayoutText {#text} at (11,1) size 17x16
          text run at (11,1) width 16: "\x{6F22}"
        LayoutInline {SPAN} at (0,0) size 36x59
          LayoutText {#text} at (2,17) size 36x59
            text run at (2,17) width 59: "\x{6F22}fg"
        LayoutText {#text} at (11,75) size 17x33
          text run at (11,75) width 32: "\x{6DF7}\x{690D}"
    LayoutText {#text} at (168,224) size 4x17
      text run at (168,224) width 4: " "
    LayoutBlockFlow {DIV} at (172,129) size 40x108.66 [border: (1px solid #00FF00)]
      LayoutInline {U} at (0,0) size 17x107
        LayoutText {#text} at (12,1) size 17x16
          text run at (12,1) width 16: "\x{6F22}"
        LayoutInline {SPAN} at (0,0) size 36x59
          LayoutText {#text} at (2,17) size 36x59
            text run at (2,17) width 59: "\x{6F22}fg"
        LayoutText {#text} at (12,75) size 17x33
          text run at (12,75) width 32: "\x{6DF7}\x{690D}"
    LayoutText {#text} at (0,0) size 0x0
layer at (597,10) size 62x26
  LayoutBlockFlow (positioned) {<pseudo:before>} at (150.58,2) size 62.42x26.38 [bgcolor=#FFFFFF] [border: (2px solid #808080)]
    LayoutTextFragment (anonymous) at (5,4) size 53x17
      text run at (5,4) width 53: "lang=ja"
layer at (8,253) size 215x245
  LayoutBlockFlow (relative positioned) {DIV} at (0,0) size 215x245 [border: (2px solid #FFA500)]
    LayoutBlockFlow {DIV} at (3,3) size 92.86x126 [border: (1px solid #00FF00)]
      LayoutBlockFlow {DIV} at (1,1) size 70.44x21 [border: (1px solid #00FF00)]
        LayoutInline {U} at (0,0) size 69x17
          LayoutText {#text} at (1,2) size 69x17
            text run at (1,2) width 69: "\x{6F22}efg\x{6DF7}\x{690D}"
      LayoutBR {BR} at (71,3) size 1x17
      LayoutBlockFlow {DIV} at (1,22) size 74x21 [border: (1px solid #00FF00)]
        LayoutInline {U} at (0,0) size 72x16
          LayoutText {#text} at (1,2) size 72x16
            text run at (1,2) width 72: "\x{6F22}efg\x{6DF7}\x{690D}"
      LayoutBR {BR} at (75,24) size 0x17
      LayoutBlockFlow {DIV} at (1,43) size 74.31x21 [border: (1px solid #00FF00)]
        LayoutInline {U} at (0,0) size 73x24
          LayoutText {#text} at (1,-2) size 73x24
            text run at (1,-2) width 73: "\x{6F22}efg\x{6DF7}\x{690D}"
      LayoutBR {BR} at (75,44) size 1x17
      LayoutBlockFlow {DIV} at (1,64) size 70.44x21 [border: (1px solid #00FF00)]
        LayoutInline {U} at (0,0) size 69x17
          LayoutText {#text} at (1,2) size 69x17
            text run at (1,2) width 69: "\x{6F22}efg\x{6DF7}\x{690D}"
      LayoutBR {BR} at (71,66) size 1x17
      LayoutBlockFlow {DIV} at (1,85) size 90.86x40 [border: (1px solid #00FF00)]
        LayoutInline {U} at (0,0) size 89x17
          LayoutText {#text} at (1,17) size 16x17
            text run at (1,17) width 16: "\x{6F22}"
          LayoutInline {SPAN} at (0,0) size 41x36
            LayoutText {#text} at (17,2) size 41x36
              text run at (17,2) width 41: "efg"
          LayoutText {#text} at (57,17) size 33x17
            text run at (57,17) width 33: "\x{6DF7}\x{690D}"
      LayoutBR {BR} at (91,102) size 1x17
    LayoutBR {BR} at (95,105) size 1x17
    LayoutBlockFlow {DIV} at (3,168) size 21x70.44 [border: (1px solid #00FF00)]
      LayoutInline {U} at (0,0) size 17x69
        LayoutText {#text} at (2,1) size 17x69
          text run at (2,1) width 69: "\x{6F22}efg\x{6DF7}\x{690D}"
    LayoutText {#text} at (24,224) size 4x17
      text run at (24,224) width 4: " "
    LayoutBlockFlow {DIV} at (28,164) size 21x74.31 [border: (1px solid #00FF00)]
      LayoutInline {U} at (0,0) size 24x73
        LayoutText {#text} at (-2,1) size 24x73
          text run at (-2,1) width 73: "\x{6F22}efg\x{6DF7}\x{690D}"
    LayoutText {#text} at (49,224) size 4x17
      text run at (49,224) width 4: " "
    LayoutBlockFlow {DIV} at (53,168) size 21x70.44 [border: (1px solid #00FF00)]
      LayoutInline {U} at (0,0) size 17x69
        LayoutText {#text} at (2,1) size 17x69
          text run at (2,1) width 69: "\x{6F22}efg\x{6DF7}\x{690D}"
    LayoutText {#text} at (74,224) size 4x17
      text run at (74,224) width 4: " "
    LayoutBlockFlow {DIV} at (78,152) size 21x85.75 [border: (1px solid #00FF00)]
      LayoutInline {U} at (0,0) size 17x84
        LayoutText {#text} at (2,1) size 17x84
          text run at (2,1) width 84: "\x{182E}\x{1823}\x{1828}\x{182D}\x{182D}\x{1823}\x{182F} \x{182C}\x{1821}\x{182F}\x{1821} efg\x{6F22}"
    LayoutText {#text} at (99,224) size 4x17
      text run at (99,224) width 4: " "
    LayoutBlockFlow {DIV} at (103,152) size 21x85.75 [border: (1px solid #00FF00)]
      LayoutInline {U} at (0,0) size 17x84
        LayoutText {#text} at (2,1) size 17x84
          text run at (2,1) width 84: "\x{182E}\x{1823}\x{1828}\x{182D}\x{182D}\x{1823}\x{182F} \x{182C}\x{1821}\x{182F}\x{1821} efg\x{6F22}"
    LayoutText {#text} at (124,224) size 4x17
      text run at (124,224) width 4: " "
    LayoutBlockFlow {DIV} at (128,129) size 40x108.66 [border: (1px solid #00FF00)]
      LayoutInline {U} at (0,0) size 17x107
        LayoutText {#text} at (11,1) size 17x16
          text run at (11,1) width 16: "\x{6F22}"
        LayoutInline {SPAN} at (0,0) size 36x59
          LayoutText {#text} at (2,17) size 36x59
            text run at (2,17) width 59: "\x{6F22}fg"
        LayoutText {#text} at (11,75) size 17x33
          text run at (11,75) width 32: "\x{6DF7}\x{690D}"
    LayoutText {#text} at (168,224) size 4x17
      text run at (168,224) width 4: " "
    LayoutBlockFlow {DIV} at (172,129) size 40x108.66 [border: (1px solid #00FF00)]
      LayoutInline {U} at (0,0) size 17x107
        LayoutText {#text} at (12,1) size 17x16
          text run at (12,1) width 16: "\x{6F22}"
        LayoutInline {SPAN} at (0,0) size 36x59
          LayoutText {#text} at (2,17) size 36x59
            text run at (2,17) width 59: "\x{6F22}fg"
        LayoutText {#text} at (12,75) size 17x33
          text run at (12,75) width 32: "\x{6DF7}\x{690D}"
    LayoutText {#text} at (0,0) size 0x0
layer at (170,255) size 51x26
  LayoutBlockFlow (positioned) {<pseudo:before>} at (161.70,2) size 51.30x26.38 [bgcolor=#FFFFFF] [border: (2px solid #808080)]
    LayoutTextFragment (anonymous) at (5,4) size 42x17
      text run at (5,4) width 42: "under"
layer at (227,253) size 215x245
  LayoutBlockFlow (relative positioned) {DIV} at (219,0) size 215x245 [border: (2px solid #FFA500)]
    LayoutBlockFlow {DIV} at (3,3) size 92.86x126 [border: (1px solid #00FF00)]
      LayoutBlockFlow {DIV} at (1,1) size 70.44x21 [border: (1px solid #00FF00)]
        LayoutInline {U} at (0,0) size 69x17
          LayoutText {#text} at (1,2) size 69x17
            text run at (1,2) width 69: "\x{6F22}efg\x{6DF7}\x{690D}"
      LayoutBR {BR} at (71,3) size 1x17
      LayoutBlockFlow {DIV} at (1,22) size 74x21 [border: (1px solid #00FF00)]
        LayoutInline {U} at (0,0) size 72x16
          LayoutText {#text} at (1,2) size 72x16
            text run at (1,2) width 72: "\x{6F22}efg\x{6DF7}\x{690D}"
      LayoutBR {BR} at (75,24) size 0x17
      LayoutBlockFlow {DIV} at (1,43) size 74.31x21 [border: (1px solid #00FF00)]
        LayoutInline {U} at (0,0) size 73x24
          LayoutText {#text} at (1,-2) size 73x24
            text run at (1,-2) width 73: "\x{6F22}efg\x{6DF7}\x{690D}"
      LayoutBR {BR} at (75,44) size 1x17
      LayoutBlockFlow {DIV} at (1,64) size 70.44x21 [border: (1px solid #00FF00)]
        LayoutInline {U} at (0,0) size 69x17
          LayoutText {#text} at (1,2) size 69x17
            text run at (1,2) width 69: "\x{6F22}efg\x{6DF7}\x{690D}"
      LayoutBR {BR} at (71,66) size 1x17
      LayoutBlockFlow {DIV} at (1,85) size 90.86x40 [border: (1px solid #00FF00)]
        LayoutInline {U} at (0,0) size 89x17
          LayoutText {#text} at (1,17) size 16x17
            text run at (1,17) width 16: "\x{6F22}"
          LayoutInline {SPAN} at (0,0) size 41x36
            LayoutText {#text} at (17,2) size 41x36
              text run at (17,2) width 41: "efg"
          LayoutText {#text} at (57,17) size 33x17
            text run at (57,17) width 33: "\x{6DF7}\x{690D}"
      LayoutBR {BR} at (91,102) size 1x17
    LayoutBR {BR} at (95,105) size 1x17
    LayoutBlockFlow {DIV} at (3,168) size 21x70.44 [border: (1px solid #00FF00)]
      LayoutInline {U} at (0,0) size 17x69
        LayoutText {#text} at (2,1) size 17x69
          text run at (2,1) width 69: "\x{6F22}efg\x{6DF7}\x{690D}"
    LayoutText {#text} at (24,224) size 4x17
      text run at (24,224) width 4: " "
    LayoutBlockFlow {DIV} at (28,164) size 21x74.31 [border: (1px solid #00FF00)]
      LayoutInline {U} at (0,0) size 24x73
        LayoutText {#text} at (-2,1) size 24x73
          text run at (-2,1) width 73: "\x{6F22}efg\x{6DF7}\x{690D}"
    LayoutText {#text} at (49,224) size 4x17
      text run at (49,224) width 4: " "
    LayoutBlockFlow {DIV} at (53,168) size 21x70.44 [border: (1px solid #00FF00)]
      LayoutInline {U} at (0,0) size 17x69
        LayoutText {#text} at (2,1) size 17x69
          text run at (2,1) width 69: "\x{6F22}efg\x{6DF7}\x{690D}"
    LayoutText {#text} at (74,224) size 4x17
      text run at (74,224) width 4: " "
    LayoutBlockFlow {DIV} at (78,152) size 21x85.75 [border: (1px solid #00FF00)]
      LayoutInline {U} at (0,0) size 17x84
        LayoutText {#text} at (2,1) size 17x84
          text run at (2,1) width 84: "\x{182E}\x{1823}\x{1828}\x{182D}\x{182D}\x{1823}\x{182F} \x{182C}\x{1821}\x{182F}\x{1821} efg\x{6F22}"
    LayoutText {#text} at (99,224) size 4x17
      text run at (99,224) width 4: " "
    LayoutBlockFlow {DIV} at (103,152) size 21x85.75 [border: (1px solid #00FF00)]
      LayoutInline {U} at (0,0) size 17x84
        LayoutText {#text} at (2,1) size 17x84
          text run at (2,1) width 84: "\x{182E}\x{1823}\x{1828}\x{182D}\x{182D}\x{1823}\x{182F} \x{182C}\x{1821}\x{182F}\x{1821} efg\x{6F22}"
    LayoutText {#text} at (124,224) size 4x17
      text run at (124,224) width 4: " "
    LayoutBlockFlow {DIV} at (128,129) size 40x108.66 [border: (1px solid #00FF00)]
      LayoutInline {U} at (0,0) size 17x107
        LayoutText {#text} at (11,1) size 17x16
          text run at (11,1) width 16: "\x{6F22}"
        LayoutInline {SPAN} at (0,0) size 36x59
          LayoutText {#text} at (2,17) size 36x59
            text run at (2,17) width 59: "\x{6F22}fg"
        LayoutText {#text} at (11,75) size 17x33
          text run at (11,75) width 32: "\x{6DF7}\x{690D}"
    LayoutText {#text} at (168,224) size 4x17
      text run at (168,224) width 4: " "
    LayoutBlockFlow {DIV} at (172,129) size 40x108.66 [border: (1px solid #00FF00)]
      LayoutInline {U} at (0,0) size 17x107
        LayoutText {#text} at (12,1) size 17x16
          text run at (12,1) width 16: "\x{6F22}"
        LayoutInline {SPAN} at (0,0) size 36x59
          LayoutText {#text} at (2,17) size 36x59
            text run at (2,17) width 59: "\x{6F22}fg"
        LayoutText {#text} at (12,75) size 17x33
          text run at (12,75) width 32: "\x{6DF7}\x{690D}"
    LayoutText {#text} at (0,0) size 0x0
layer at (367,255) size 73x26
  LayoutBlockFlow (positioned) {<pseudo:before>} at (140.36,2) size 72.64x26.38 [bgcolor=#FFFFFF] [border: (2px solid #808080)]
    LayoutTextFragment (anonymous) at (5,4) size 63x17
      text run at (5,4) width 63: "under zh"
layer at (446,253) size 215x245
  LayoutBlockFlow (relative positioned) {DIV} at (438,0) size 215x245 [border: (2px solid #FFA500)]
    LayoutBlockFlow {DIV} at (3,3) size 92.86x126 [border: (1px solid #00FF00)]
      LayoutBlockFlow {DIV} at (1,1) size 70.44x21 [border: (1px solid #00FF00)]
        LayoutInline {U} at (0,0) size 69x17
          LayoutText {#text} at (1,2) size 69x17
            text run at (1,2) width 69: "\x{6F22}efg\x{6DF7}\x{690D}"
      LayoutBR {BR} at (71,3) size 1x17
      LayoutBlockFlow {DIV} at (1,22) size 74x21 [border: (1px solid #00FF00)]
        LayoutInline {U} at (0,0) size 72x16
          LayoutText {#text} at (1,2) size 72x16
            text run at (1,2) width 72: "\x{6F22}efg\x{6DF7}\x{690D}"
      LayoutBR {BR} at (75,24) size 0x17
      LayoutBlockFlow {DIV} at (1,43) size 74.31x21 [border: (1px solid #00FF00)]
        LayoutInline {U} at (0,0) size 73x24
          LayoutText {#text} at (1,-2) size 73x24
            text run at (1,-2) width 73: "\x{6F22}efg\x{6DF7}\x{690D}"
      LayoutBR {BR} at (75,44) size 1x17
      LayoutBlockFlow {DIV} at (1,64) size 70.44x21 [border: (1px solid #00FF00)]
        LayoutInline {U} at (0,0) size 69x17
          LayoutText {#text} at (1,2) size 69x17
            text run at (1,2) width 69: "\x{6F22}efg\x{6DF7}\x{690D}"
      LayoutBR {BR} at (71,66) size 1x17
      LayoutBlockFlow {DIV} at (1,85) size 90.86x40 [border: (1px solid #00FF00)]
        LayoutInline {U} at (0,0) size 89x17
          LayoutText {#text} at (1,17) size 16x17
            text run at (1,17) width 16: "\x{6F22}"
          LayoutInline {SPAN} at (0,0) size 41x36
            LayoutText {#text} at (17,2) size 41x36
              text run at (17,2) width 41: "efg"
          LayoutText {#text} at (57,17) size 33x17
            text run at (57,17) width 33: "\x{6DF7}\x{690D}"
      LayoutBR {BR} at (91,102) size 1x17
    LayoutBR {BR} at (95,105) size 1x17
    LayoutBlockFlow {DIV} at (3,168) size 21x70.44 [border: (1px solid #00FF00)]
      LayoutInline {U} at (0,0) size 17x69
        LayoutText {#text} at (2,1) size 17x69
          text run at (2,1) width 69: "\x{6F22}efg\x{6DF7}\x{690D}"
    LayoutText {#text} at (24,224) size 4x17
      text run at (24,224) width 4: " "
    LayoutBlockFlow {DIV} at (28,164) size 21x74.31 [border: (1px solid #00FF00)]
      LayoutInline {U} at (0,0) size 24x73
        LayoutText {#text} at (-2,1) size 24x73
          text run at (-2,1) width 73: "\x{6F22}efg\x{6DF7}\x{690D}"
    LayoutText {#text} at (49,224) size 4x17
      text run at (49,224) width 4: " "
    LayoutBlockFlow {DIV} at (53,168) size 21x70.44 [border: (1px solid #00FF00)]
      LayoutInline {U} at (0,0) size 17x69
        LayoutText {#text} at (2,1) size 17x69
          text run at (2,1) width 69: "\x{6F22}efg\x{6DF7}\x{690D}"
    LayoutText {#text} at (74,224) size 4x17
      text run at (74,224) width 4: " "
    LayoutBlockFlow {DIV} at (78,152) size 21x85.75 [border: (1px solid #00FF00)]
      LayoutInline {U} at (0,0) size 17x84
        LayoutText {#text} at (2,1) size 17x84
          text run at (2,1) width 84: "\x{182E}\x{1823}\x{1828}\x{182D}\x{182D}\x{1823}\x{182F} \x{182C}\x{1821}\x{182F}\x{1821} efg\x{6F22}"
    LayoutText {#text} at (99,224) size 4x17
      text run at (99,224) width 4: " "
    LayoutBlockFlow {DIV} at (103,152) size 21x85.75 [border: (1px solid #00FF00)]
      LayoutInline {U} at (0,0) size 17x84
        LayoutText {#text} at (2,1) size 17x84
          text run at (2,1) width 84: "\x{182E}\x{1823}\x{1828}\x{182D}\x{182D}\x{1823}\x{182F} \x{182C}\x{1821}\x{182F}\x{1821} efg\x{6F22}"
    LayoutText {#text} at (124,224) size 4x17
      text run at (124,224) width 4: " "
    LayoutBlockFlow {DIV} at (128,129) size 40x108.66 [border: (1px solid #00FF00)]
      LayoutInline {U} at (0,0) size 17x107
        LayoutText {#text} at (11,1) size 17x16
          text run at (11,1) width 16: "\x{6F22}"
        LayoutInline {SPAN} at (0,0) size 36x59
          LayoutText {#text} at (2,17) size 36x59
            text run at (2,17) width 59: "\x{6F22}fg"
        LayoutText {#text} at (11,75) size 17x33
          text run at (11,75) width 32: "\x{6DF7}\x{690D}"
    LayoutText {#text} at (168,224) size 4x17
      text run at (168,224) width 4: " "
    LayoutBlockFlow {DIV} at (172,129) size 40x108.66 [border: (1px solid #00FF00)]
      LayoutInline {U} at (0,0) size 17x107
        LayoutText {#text} at (12,1) size 17x16
          text run at (12,1) width 16: "\x{6F22}"
        LayoutInline {SPAN} at (0,0) size 36x59
          LayoutText {#text} at (2,17) size 36x59
            text run at (2,17) width 59: "\x{6F22}fg"
        LayoutText {#text} at (12,75) size 17x33
          text run at (12,75) width 32: "\x{6DF7}\x{690D}"
    LayoutText {#text} at (0,0) size 0x0
layer at (591,255) size 68x26
  LayoutBlockFlow (positioned) {<pseudo:before>} at (144.80,2) size 68.20x26.38 [bgcolor=#FFFFFF] [border: (2px solid #808080)]
    LayoutTextFragment (anonymous) at (5,4) size 58x17
      text run at (5,4) width 58: "under ja"
