layer at (0,0) size 800x600
  LayoutView at (0,0) size 800x600
layer at (0,0) size 800x272
  LayoutBlockFlow {HTML} at (0,0) size 800x272
    LayoutBlockFlow {BODY} at (8,16) size 784x248
      LayoutBlockFlow {P} at (0,0) size 784x40
        LayoutText {#text} at (0,0) size 748x39
          text run at (0,0) width 748: "This test is only relevant on platforms where it is possible to switch applications in mid-drag (eg. alt+tab, dragging over"
          text run at (0,20) width 341: "taskbar buttons, dragging between restored windows)."
      LayoutBlockFlow {P} at (0,56) size 784x40
        LayoutText {#text} at (0,0) size 777x39
          text run at (0,0) width 777: "This testcase requires an external application that accepts dropping of text from other applications - eg. Wordpad (write.exe)"
          text run at (0,20) width 363: "on Windows. Ensure that the external application is open."
      LayoutBlockFlow {P} at (0,112) size 784x20
        LayoutText {#text} at (0,0) size 737x19
          text run at (0,0) width 737: "Drag the orange block to the other application and release it. Fail if the word \"FAIL\" appears in the other application."
      LayoutBlockFlow {DIV} at (0,148) size 100x100 [bgcolor=#FFA500]
