layer at (0,0) size 800x600
  LayoutView at (0,0) size 800x600
layer at (0,0) size 800x152
  LayoutBlockFlow {HTML} at (0,0) size 800x152
    LayoutBlockFlow {BODY} at (8,16) size 784x20
      LayoutBlockFlow {P} at (0,0) size 784x20
        LayoutText {#text} at (0,0) size 776x19
          text run at (0,0) width 776: "Drag the orange square over the blue square then back to the orange square, then release it. Fail if this text does not change."
      LayoutBlockFlow (floating) {DIV} at (0,36) size 100x100 [bgcolor=#FFA500]
      LayoutBlockFlow (floating) {DIV} at (100,36) size 100x100 [bgcolor=#0000FF]
