layer at (0,0) size 800x600
  LayoutView at (0,0) size 800x600
layer at (0,0) size 800x216
  LayoutBlockFlow {HTML} at (0,0) size 800x216
    LayoutBlockFlow {BODY} at (8,16) size 784x192
      LayoutBlockFlow {P} at (0,0) size 784x20
        LayoutText {#text} at (0,0) size 713x19
          text run at (0,0) width 713: "This test is only relevant on platforms where it is possible to drop data onto the browser UI (eg. the address field)."
      LayoutBlockFlow {P} at (0,36) size 784x40
        LayoutText {#text} at (0,0) size 755x39
          text run at (0,0) width 755: "Drag the orange block to the address field and release it. Fail if the word \"FAIL\" appears in the address field. Repeat for"
          text run at (0,20) width 95: "other UI fields."
      LayoutBlockFlow {DIV} at (0,92) size 100x100 [bgcolor=#FFA500]
