layer at (0,0) size 800x600
  LayoutView at (0,0) size 800x600
layer at (0,0) size 800x36
  LayoutBlockFlow {HTML} at (0,0) size 800x36
    LayoutBlockFlow {BODY} at (8,8) size 784x20
      LayoutBlockFlow (anonymous) at (0,0) size 784x20
        LayoutText {#text} at (0,0) size 295x19
          text run at (0,0) width 295: "This must be tested on http://web-platform.test/"
