layer at (0,0) size 800x600
  LayoutView at (0,0) size 800x600
layer at (0,0) size 800x160
  LayoutBlockFlow {HTML} at (0,0) size 800x160
    LayoutBlockFlow {BODY} at (8,16) size 784x136
      LayoutBlockFlow {P} at (0,0) size 784x20
        LayoutText {#text} at (0,0) size 737x19
          text run at (0,0) width 737: "Drag the orange square to the right until the drag placeholder appears, then release it. Fail if this text does not change."
      LayoutBlockFlow {DIV} at (0,36) size 100x100 [bgcolor=#FFA500]
      LayoutBlockFlow {DIV} at (0,136) size 784x0
