layer at (0,0) size 800x600
  LayoutView at (0,0) size 800x600
layer at (0,0) size 800x600
  LayoutBlockFlow {HTML} at (0,0) size 800x600
    LayoutBlockFlow {BODY} at (8,8) size 784x584
      LayoutBlockFlow (anonymous) at (0,0) size 784x54
        LayoutText {#text} at (0,0) size 674x18
          text run at (0,0) width 674: "This tests that when an option is dynamically added to a menu list, and it is too big for the current height,"
        LayoutBR {BR} at (673,14) size 1x0
        LayoutText {#text} at (0,18) size 379x18
          text run at (0,18) width 379: "that the select automatically recalculates the correct height."
        LayoutBR {BR} at (378,32) size 1x0
        LayoutMenuList {SELECT} at (0,36) size 360x18 [bgcolor=#F8F8F8]
          LayoutBlockFlow (anonymous) at (0,0) size 360x18
            LayoutText (anonymous) at (8,2) size 59x13
              text run at (8,2) width 59: "Normal text"
        LayoutText {#text} at (0,0) size 0x0
      LayoutBlockFlow {DIV} at (0,54) size 784x0
