layer at (0,0) size 800x600
  LayoutView at (0,0) size 800x600
layer at (0,0) size 800x38
  LayoutBlockFlow {HTML} at (0,0) size 800x38
    LayoutBlockFlow {BODY} at (8,8) size 784x22 [bgcolor=#666666]
      LayoutMenuList {SELECT} at (0,0) size 30x22 [border: (1px solid #A6A6A6)]
        LayoutBlockFlow (anonymous) at (1,3) size 28x16
          LayoutText (anonymous) at (8,1) size 7x13
            text run at (8,1) width 7: "1"
      LayoutText {#text} at (0,0) size 0x0
