layer at (0,0) size 800x600
  LayoutView at (0,0) size 800x600
layer at (0,0) size 800x600
  LayoutBlockFlow {HTML} at (0,0) size 800x600
    LayoutBlockFlow {BODY} at (8,8) size 784x584
      LayoutMenuList {SELECT} at (0,0) size 60x25.33 [color=#808080] [bgcolor=#FFFFFF] [border: (1px solid #A9A9A9)]
        LayoutBlockFlow (anonymous) at (1,3.66) size 58x18
          LayoutText (anonymous) at (4,1) size 35x16
            text run at (4,1) width 35: "PASS"
      LayoutBR {BR} at (60,17) size 0x0
      LayoutMenuList {SELECT} at (0,25) size 60x25.33 [color=#808080] [bgcolor=#FFFFFF] [border: (1px solid #A9A9A9)]
        LayoutBlockFlow (anonymous) at (1,3.66) size 58x18
          LayoutText (anonymous) at (4,1) size 35x16
            text run at (4,1) width 35: "PASS"
      LayoutBR {BR} at (60,42) size 0x0
      LayoutMenuList {SELECT} at (0,50) size 60x25.33 [bgcolor=#FFFFFF] [border: (1px solid #A9A9A9)]
        LayoutBlockFlow (anonymous) at (1,3.66) size 58x18
          LayoutText (anonymous) at (4,1) size 35x16
            text run at (4,1) width 35: "PASS"
      LayoutBR {BR} at (60,67) size 0x0
      LayoutMenuList {SELECT} at (0,75) size 60x25.33 [bgcolor=#FFFFFF] [border: (1px solid #A9A9A9)]
        LayoutBlockFlow (anonymous) at (1,3.66) size 58x18
          LayoutText (anonymous) at (4,1) size 35x16
            text run at (4,1) width 35: "PASS"
      LayoutBR {BR} at (60,92) size 0x0
      LayoutBR {BR} at (56,133) size 1x0
      LayoutBR {BR} at (56,169) size 1x0
      LayoutBR {BR} at (56,205) size 1x0
      LayoutBR {BR} at (56,241) size 1x0
      LayoutText {#text} at (0,244) size 495x17
        text run at (0,244) width 495: "PASS: sel1 correctly set to selectedIndex 1 by sel1.options[1].selected = true."
      LayoutBR {BR} at (494,258) size 1x0
      LayoutText {#text} at (0,262) size 445x17
        text run at (0,262) width 445: "PASS: sel2 correctly set to selectedIndex 1 by sel2.selectedIndex = 1."
      LayoutBR {BR} at (444,276) size 1x0
      LayoutText {#text} at (0,280) size 495x17
        text run at (0,280) width 495: "PASS: sel3 correctly set to selectedIndex 1 by sel3.options[1].selected = true."
      LayoutBR {BR} at (494,294) size 1x0
      LayoutText {#text} at (0,298) size 445x17
        text run at (0,298) width 445: "PASS: sel4 correctly set to selectedIndex 1 by sel4.selectedIndex = 1."
      LayoutBR {BR} at (444,312) size 1x0
      LayoutText {#text} at (0,316) size 495x17
        text run at (0,316) width 495: "PASS: sel5 correctly set to selectedIndex 1 by sel5.options[1].selected = true."
      LayoutBR {BR} at (494,330) size 1x0
      LayoutText {#text} at (0,334) size 445x17
        text run at (0,334) width 445: "PASS: sel6 correctly set to selectedIndex 1 by sel6.selectedIndex = 1."
      LayoutBR {BR} at (444,348) size 1x0
      LayoutText {#text} at (0,352) size 495x17
        text run at (0,352) width 495: "PASS: sel7 correctly set to selectedIndex 1 by sel7.options[1].selected = true."
      LayoutBR {BR} at (494,366) size 1x0
      LayoutText {#text} at (0,370) size 445x17
        text run at (0,370) width 445: "PASS: sel8 correctly set to selectedIndex 1 by sel8.selectedIndex = 1."
      LayoutBR {BR} at (444,384) size 1x0
layer at (8,108) size 56x36 clip at (9,109) size 39x34
  LayoutListBox {SELECT} at (0,100) size 56.02x36 [color=#808080] [bgcolor=#FFFFFF] [border: (1px solid #A9A9A9)]
    LayoutBlockFlow {OPTION} at (1,1) size 39.02x17
      LayoutText {#text} at (2,0) size 27x16
        text run at (2,0) width 27: "FAIL"
    LayoutBlockFlow {OPTION} at (1,18) size 39.02x17 [bgcolor=#999999]
      LayoutText {#text} at (2,0) size 35x16
        text run at (2,0) width 35: "PASS"
layer at (8,144) size 56x36 clip at (9,145) size 39x34
  LayoutListBox {SELECT} at (0,136) size 56.02x36 [color=#808080] [bgcolor=#FFFFFF] [border: (1px solid #A9A9A9)]
    LayoutBlockFlow {OPTION} at (1,1) size 39.02x17
      LayoutText {#text} at (2,0) size 27x16
        text run at (2,0) width 27: "FAIL"
    LayoutBlockFlow {OPTION} at (1,18) size 39.02x17 [bgcolor=#999999]
      LayoutText {#text} at (2,0) size 35x16
        text run at (2,0) width 35: "PASS"
layer at (8,180) size 56x36 clip at (9,181) size 39x34
  LayoutListBox {SELECT} at (0,172) size 56.02x36 [bgcolor=#FFFFFF] [border: (1px solid #A9A9A9)]
    LayoutBlockFlow {OPTION} at (1,1) size 39.02x17
      LayoutText {#text} at (2,0) size 27x16
        text run at (2,0) width 27: "FAIL"
    LayoutBlockFlow {OPTION} at (1,18) size 39.02x17 [color=#808080] [bgcolor=#999999]
      LayoutText {#text} at (2,0) size 35x16
        text run at (2,0) width 35: "PASS"
layer at (8,216) size 56x36 clip at (9,217) size 39x34
  LayoutListBox {SELECT} at (0,208) size 56.02x36 [bgcolor=#FFFFFF] [border: (1px solid #A9A9A9)]
    LayoutBlockFlow {OPTION} at (1,1) size 39.02x17
      LayoutText {#text} at (2,0) size 27x16
        text run at (2,0) width 27: "FAIL"
    LayoutBlockFlow {OPTION} at (1,18) size 39.02x17 [color=#808080] [bgcolor=#999999]
      LayoutText {#text} at (2,0) size 35x16
        text run at (2,0) width 35: "PASS"
