layer at (0,0) size 800x600
  LayoutView at (0,0) size 800x600
layer at (0,0) size 800x600
  LayoutBlockFlow {HTML} at (0,0) size 800x600
    LayoutBlockFlow {BODY} at (8,8) size 784x584
      LayoutBlockFlow {P} at (0,0) size 784x18
        LayoutText {#text} at (0,0) size 411x17
          text run at (0,0) width 411: "All of these selects should have the same amount of whitespace."
      LayoutBlockFlow (anonymous) at (0,34) size 784x292
        LayoutText {#text} at (0,53) size 71x17
          text run at (0,53) width 71: "Five Tabs: "
        LayoutBR {BR} at (145,67) size 1x0
        LayoutBR {BR} at (0,71) size 0x17
        LayoutText {#text} at (0,142) size 86x17
          text run at (0,142) width 86: "Five Spaces: "
        LayoutBR {BR} at (159,156) size 1x0
        LayoutBR {BR} at (0,160) size 0x17
        LayoutText {#text} at (0,183) size 306x17
          text run at (0,183) width 306: "Five Spaces (with leading/trailing whitespace): "
        LayoutMenuList {SELECT} at (305.25,178) size 95x28.33 [bgcolor=#FFFFFF] [border: (1px solid #A9A9A9)]
          LayoutBlockFlow (anonymous) at (1,5.16) size 93x18
            LayoutText (anonymous) at (4,1) size 71x16
              text run at (4,1) width 71: "Five Spaces"
        LayoutBR {BR} at (400,197) size 1x0
        LayoutBR {BR} at (0,206) size 0x17
        LayoutText {#text} at (0,227) size 291x17
          text run at (0,227) width 291: "Five Tabs (with leading/trailing whitespace): "
        LayoutMenuList {SELECT} at (290.80,224) size 78x25.33 [bgcolor=#FFFFFF] [border: (1px solid #A9A9A9)]
          LayoutBlockFlow (anonymous) at (1,3.66) size 76x18
            LayoutText (anonymous) at (4,1) size 54x16
              text run at (4,1) width 54: "Five Tabs"
        LayoutBR {BR} at (368,241) size 1x0
        LayoutBR {BR} at (0,249) size 0x17
        LayoutText {#text} at (0,270) size 129x17
          text run at (0,270) width 129: "Mixed Whitespace: "
        LayoutMenuList {SELECT} at (128.84,267) size 78x25.33 [bgcolor=#FFFFFF] [border: (1px solid #A9A9A9)]
          LayoutBlockFlow (anonymous) at (1,3.66) size 76x18
            LayoutText (anonymous) at (4,1) size 54x16
              text run at (4,1) width 54: "Five Tabs"
        LayoutText {#text} at (0,0) size 0x0
layer at (79,42) size 74x70 clip at (80,43) size 57x68
  LayoutListBox {SELECT} at (70.88,0) size 74.53x70 [bgcolor=#FFFFFF] [border: (1px solid #A9A9A9)]
    LayoutBlockFlow {OPTION} at (1,1) size 57.53x17
      LayoutText {#text} at (2,0) size 54x16
        text run at (2,0) width 54: "Five Tabs"
layer at (93,131) size 75x70 clip at (94,132) size 58x68
  LayoutListBox {SELECT} at (85.31,89) size 74.53x70 [bgcolor=#FFFFFF] [border: (1px solid #A9A9A9)]
    LayoutBlockFlow {OPTION} at (1,1) size 57.53x17
      LayoutText {#text} at (2,0) size 54x16
        text run at (2,0) width 54: "Five Tabs"
