layer at (0,0) size 800x600
  LayoutView at (0,0) size 800x600
layer at (0,0) size 800x600
  LayoutBlockFlow {HTML} at (0,0) size 800x600
    LayoutBlockFlow {BODY} at (8,8) size 784x584
      LayoutText {#text} at (0,0) size 98x17
        text run at (0,0) width 98: "initial selected:"
      LayoutBR {BR} at (97,14) size 1x0
      LayoutText {#text} at (155,71) size 4x17
        text run at (155,71) width 4: " "
      LayoutBR {BR} at (159,85) size 0x0
      LayoutText {#text} at (0,89) size 165x17
        text run at (0,89) width 165: "dynamic selected change:"
      LayoutBR {BR} at (164,103) size 1x0
      LayoutText {#text} at (155,160) size 4x17
        text run at (155,160) width 4: " "
      LayoutText {#text} at (0,0) size 0x0
      LayoutBR {BR} at (0,0) size 0x0
      LayoutText {#text} at (0,178) size 217x17
        text run at (0,178) width 217: "dynamic insert of selected option:"
      LayoutBR {BR} at (216,192) size 1x0
      LayoutText {#text} at (155,249) size 4x17
        text run at (155,249) width 4: " "
      LayoutBR {BR} at (159,263) size 0x0
      LayoutText {#text} at (0,267) size 98x17
        text run at (0,267) width 98: "initial selected:"
      LayoutBR {BR} at (97,281) size 1x0
      LayoutMenuList {SELECT} at (0,285) size 158x27.33 [bgcolor=#FFFFFF] [border: (1px solid #A9A9A9)]
        LayoutBlockFlow (anonymous) at (1,4.66) size 156x18
          LayoutText (anonymous) at (4,1) size 134x16
            text run at (4,1) width 134: "this should be selected"
      LayoutText {#text} at (158,289) size 4x17
        text run at (158,289) width 4: " "
      LayoutBR {BR} at (162,303) size 0x0
      LayoutText {#text} at (0,312) size 165x17
        text run at (0,312) width 165: "dynamic selected change:"
      LayoutBR {BR} at (164,326) size 1x0
      LayoutMenuList {SELECT} at (0,330) size 158x27.33 [bgcolor=#FFFFFF] [border: (1px solid #A9A9A9)]
        LayoutBlockFlow (anonymous) at (1,4.66) size 156x18
          LayoutText (anonymous) at (4,1) size 134x16
            text run at (4,1) width 134: "this should be selected"
      LayoutText {#text} at (158,334) size 4x17
        text run at (158,334) width 4: " "
      LayoutText {#text} at (0,0) size 0x0
      LayoutBR {BR} at (0,0) size 0x0
      LayoutText {#text} at (0,357) size 217x17
        text run at (0,357) width 217: "dynamic insert of selected option:"
      LayoutBR {BR} at (216,371) size 1x0
      LayoutMenuList {SELECT} at (0,375) size 158x27.33 [bgcolor=#FFFFFF] [border: (1px solid #A9A9A9)]
        LayoutBlockFlow (anonymous) at (1,4.66) size 156x18
          LayoutText (anonymous) at (4,1) size 134x16
            text run at (4,1) width 134: "this should be selected"
      LayoutText {#text} at (0,0) size 0x0
layer at (8,26) size 155x70 clip at (9,27) size 138x68 scrollY 119.00 scrollHeight 238
  LayoutListBox {SELECT} at (0,18) size 155x70 [bgcolor=#FFFFFF] [border: (1px solid #A9A9A9)]
    LayoutBlockFlow {OPTION} at (1,1) size 138x17
      LayoutText {#text} at (2,0) size 18x16
        text run at (2,0) width 18: "opt"
    LayoutBlockFlow {OPTION} at (1,18) size 138x17
      LayoutText {#text} at (2,0) size 18x16
        text run at (2,0) width 18: "opt"
    LayoutBlockFlow {OPTION} at (1,35) size 138x17
      LayoutText {#text} at (2,0) size 18x16
        text run at (2,0) width 18: "opt"
    LayoutBlockFlow {OPTION} at (1,52) size 138x17
      LayoutText {#text} at (2,0) size 18x16
        text run at (2,0) width 18: "opt"
    LayoutBlockFlow {OPTION} at (1,69) size 138x17
      LayoutText {#text} at (2,0) size 18x16
        text run at (2,0) width 18: "opt"
    LayoutBlockFlow {OPTION} at (1,86) size 138x17
      LayoutText {#text} at (2,0) size 18x16
        text run at (2,0) width 18: "opt"
    LayoutBlockFlow {OPTION} at (1,103) size 138x17
      LayoutText {#text} at (2,0) size 18x16
        text run at (2,0) width 18: "opt"
    LayoutBlockFlow {OPTION} at (1,120) size 138x17
      LayoutText {#text} at (2,0) size 18x16
        text run at (2,0) width 18: "opt"
    LayoutBlockFlow {OPTION} at (1,137) size 138x17
      LayoutText {#text} at (2,0) size 18x16
        text run at (2,0) width 18: "opt"
    LayoutBlockFlow {OPTION} at (1,154) size 138x17
      LayoutText {#text} at (2,0) size 18x16
        text run at (2,0) width 18: "opt"
    LayoutBlockFlow {OPTION} at (1,171) size 138x17 [color=#FFFFFF] [bgcolor=#999999]
      LayoutText {#text} at (2,0) size 134x16
        text run at (2,0) width 134: "this should be selected"
    LayoutBlockFlow {OPTION} at (1,188) size 138x17
      LayoutText {#text} at (2,0) size 18x16
        text run at (2,0) width 18: "opt"
    LayoutBlockFlow {OPTION} at (1,205) size 138x17
      LayoutText {#text} at (2,0) size 18x16
        text run at (2,0) width 18: "opt"
    LayoutBlockFlow {OPTION} at (1,222) size 138x17
      LayoutText {#text} at (2,0) size 18x16
        text run at (2,0) width 18: "opt"
layer at (8,115) size 155x70 clip at (9,116) size 138x68 scrollY 119.00 scrollHeight 238
  LayoutListBox {SELECT} at (0,107) size 155x70 [bgcolor=#FFFFFF] [border: (1px solid #A9A9A9)]
    LayoutBlockFlow {OPTION} at (1,1) size 138x17
      LayoutText {#text} at (2,0) size 18x16
        text run at (2,0) width 18: "opt"
    LayoutBlockFlow {OPTION} at (1,18) size 138x17
      LayoutText {#text} at (2,0) size 18x16
        text run at (2,0) width 18: "opt"
    LayoutBlockFlow {OPTION} at (1,35) size 138x17
      LayoutText {#text} at (2,0) size 18x16
        text run at (2,0) width 18: "opt"
    LayoutBlockFlow {OPTION} at (1,52) size 138x17
      LayoutText {#text} at (2,0) size 18x16
        text run at (2,0) width 18: "opt"
    LayoutBlockFlow {OPTION} at (1,69) size 138x17
      LayoutText {#text} at (2,0) size 18x16
        text run at (2,0) width 18: "opt"
    LayoutBlockFlow {OPTION} at (1,86) size 138x17
      LayoutText {#text} at (2,0) size 18x16
        text run at (2,0) width 18: "opt"
    LayoutBlockFlow {OPTION} at (1,103) size 138x17
      LayoutText {#text} at (2,0) size 18x16
        text run at (2,0) width 18: "opt"
    LayoutBlockFlow {OPTION} at (1,120) size 138x17
      LayoutText {#text} at (2,0) size 18x16
        text run at (2,0) width 18: "opt"
    LayoutBlockFlow {OPTION} at (1,137) size 138x17
      LayoutText {#text} at (2,0) size 18x16
        text run at (2,0) width 18: "opt"
    LayoutBlockFlow {OPTION} at (1,154) size 138x17
      LayoutText {#text} at (2,0) size 18x16
        text run at (2,0) width 18: "opt"
    LayoutBlockFlow {OPTION} at (1,171) size 138x17 [color=#FFFFFF] [bgcolor=#999999]
      LayoutText {#text} at (2,0) size 134x16
        text run at (2,0) width 134: "this should be selected"
    LayoutBlockFlow {OPTION} at (1,188) size 138x17
      LayoutText {#text} at (2,0) size 18x16
        text run at (2,0) width 18: "opt"
    LayoutBlockFlow {OPTION} at (1,205) size 138x17
      LayoutText {#text} at (2,0) size 18x16
        text run at (2,0) width 18: "opt"
    LayoutBlockFlow {OPTION} at (1,222) size 138x17
      LayoutText {#text} at (2,0) size 18x16
        text run at (2,0) width 18: "opt"
layer at (8,204) size 155x70 clip at (9,205) size 138x68 scrollY 51.00 scrollHeight 136
  LayoutListBox {SELECT} at (0,196) size 155x70 [bgcolor=#FFFFFF] [border: (1px solid #A9A9A9)]
    LayoutBlockFlow {OPTION} at (1,1) size 138x17
      LayoutText {#text} at (2,0) size 18x16
        text run at (2,0) width 18: "opt"
    LayoutBlockFlow {OPTION} at (1,18) size 138x17
      LayoutText {#text} at (2,0) size 18x16
        text run at (2,0) width 18: "opt"
    LayoutBlockFlow {OPTION} at (1,35) size 138x17
      LayoutText {#text} at (2,0) size 18x16
        text run at (2,0) width 18: "opt"
    LayoutBlockFlow {OPTION} at (1,52) size 138x17
      LayoutText {#text} at (2,0) size 18x16
        text run at (2,0) width 18: "opt"
    LayoutBlockFlow {OPTION} at (1,69) size 138x17
      LayoutText {#text} at (2,0) size 18x16
        text run at (2,0) width 18: "opt"
    LayoutBlockFlow {OPTION} at (1,86) size 138x17
      LayoutText {#text} at (2,0) size 18x16
        text run at (2,0) width 18: "opt"
    LayoutBlockFlow {OPTION} at (1,103) size 138x17 [color=#FFFFFF] [bgcolor=#999999]
      LayoutText {#text} at (2,0) size 134x16
        text run at (2,0) width 134: "this should be selected"
    LayoutBlockFlow {OPTION} at (1,120) size 138x17
      LayoutText {#text} at (2,0) size 18x16
        text run at (2,0) width 18: "opt"
