layer at (0,0) size 800x600
  LayoutView at (0,0) size 800x600
layer at (0,0) size 800x600
  LayoutBlockFlow {HTML} at (0,0) size 800x600
    LayoutBlockFlow {BODY} at (8,8) size 784x584
      LayoutBlockFlow {P} at (0,0) size 784x18
        LayoutText {#text} at (0,0) size 591x17
          text run at (0,0) width 591: "The following select elements should all be rendered on the left, with their text left justified."
      LayoutBlockFlow (anonymous) at (0,34) size 784x140
        LayoutMenuList {SELECT} at (0,0) size 300x28.33 [bgcolor=#FFFFFF] [border: (1px solid #A9A9A9)]
          LayoutBlockFlow (anonymous) at (1,5.16) size 298x18
            LayoutText (anonymous) at (4,1) size 171x16
              text run at (4,1) width 171: "This is should be left justified."
        LayoutText {#text} at (300,5) size 4x17
          text run at (300,5) width 4: " "
        LayoutBR {BR} at (0,0) size 0x0
        LayoutMenuList {SELECT} at (0,28) size 300x28.33 [bgcolor=#FFFFFF] [border: (1px solid #A9A9A9)]
          LayoutBlockFlow (anonymous) at (1,5.16) size 298x18
            LayoutText (anonymous) at (4,1) size 171x16
              text run at (4,1) width 171: "This is should be left justified."
        LayoutText {#text} at (300,33) size 4x17
          text run at (300,33) width 4: " "
        LayoutBR {BR} at (0,0) size 0x0
        LayoutMenuList {SELECT} at (0,56) size 300x28.33 [bgcolor=#FFFFFF] [border: (1px solid #A9A9A9)]
          LayoutBlockFlow (anonymous) at (1,5.16) size 298x18
            LayoutText (anonymous) at (4,1) size 171x16
              text run at (4,1) width 171: "This is should be left justified."
        LayoutText {#text} at (300,61) size 4x17
          text run at (300,61) width 4: " "
        LayoutBR {BR} at (0,0) size 0x0
        LayoutMenuList {SELECT} at (0,84) size 300x28.33 [bgcolor=#FFFFFF] [border: (1px solid #A9A9A9)]
          LayoutBlockFlow (anonymous) at (1,5.16) size 298x18
            LayoutText (anonymous) at (4,1) size 171x16
              text run at (4,1) width 171: "This is should be left justified."
        LayoutText {#text} at (300,89) size 4x17
          text run at (300,89) width 4: " "
        LayoutBR {BR} at (0,0) size 0x0
        LayoutMenuList {SELECT} at (0,112) size 300x28.33 [bgcolor=#FFFFFF] [border: (1px solid #A9A9A9)]
          LayoutBlockFlow (anonymous) at (1,5.16) size 298x18
            LayoutText (anonymous) at (4,1) size 171x16
              text run at (4,1) width 171: "This is should be left justified."
        LayoutText {#text} at (0,0) size 0x0
        LayoutText {#text} at (0,0) size 0x0
      LayoutBlockFlow {DIV} at (0,174) size 784x28
        LayoutMenuList {SELECT} at (0,0) size 300x28.33 [bgcolor=#FFFFFF] [border: (1px solid #A9A9A9)]
          LayoutBlockFlow (anonymous) at (1,5.16) size 298x18
            LayoutText (anonymous) at (4,1) size 171x16
              text run at (4,1) width 171: "This is should be left justified."
