layer at (0,0) size 800x600
  LayoutView at (0,0) size 800x600
layer at (0,0) size 800x600
  LayoutBlockFlow {HTML} at (0,0) size 800x600
    LayoutBlockFlow {BODY} at (8,8) size 784x584
      LayoutText {#text} at (0,0) size 565x17
        text run at (0,0) width 256: "This tests that styled popups look right. "
        text run at (255,0) width 310: "(Aqua for now- later, we will honor the styling)."
      LayoutBR {BR} at (564,14) size 1x0
      LayoutMenuList {SELECT} at (0,18) size 46x24.33 [bgcolor=#FF0000] [border: (1px solid #A9A9A9)]
        LayoutBlockFlow (anonymous) at (1,3.16) size 44x18
          LayoutText (anonymous) at (4,1) size 22x16
            text run at (4,1) width 22: "test"
      LayoutText {#text} at (46,21) size 4x17
        text run at (46,21) width 4: " "
      LayoutBR {BR} at (50,35) size 0x0
      LayoutText {#text} at (0,42) size 541x17
        text run at (0,42) width 541: "This tests that background color is white by default regardless of the parent element."
      LayoutBR {BR} at (540,56) size 1x0
      LayoutInline {SPAN} at (0,0) size 60x27 [bgcolor=#FF0000]
        LayoutText {#text} at (0,0) size 0x0
        LayoutMenuList {SELECT} at (5,60) size 46x24.33 [bgcolor=#FFFFFF] [border: (1px solid #A9A9A9)]
          LayoutBlockFlow (anonymous) at (1,3.16) size 44x18
            LayoutText (anonymous) at (4,1) size 22x16
              text run at (4,1) width 22: "test"
        LayoutText {#text} at (51,63) size 4x17
          text run at (51,63) width 4: " "
      LayoutText {#text} at (0,0) size 0x0
      LayoutBR {BR} at (0,0) size 0x0
      LayoutText {#text} at (0,84) size 642x17
        text run at (0,84) width 642: "This tests that background color is inherited from the parent if background-color:inherit is specified."
      LayoutBR {BR} at (641,98) size 1x0
      LayoutInline {SPAN} at (0,0) size 60x27 [bgcolor=#FF0000]
        LayoutText {#text} at (0,0) size 0x0
        LayoutMenuList {SELECT} at (5,102) size 46x24.33 [border: (1px solid #A9A9A9)]
          LayoutBlockFlow (anonymous) at (1,3.16) size 44x18
            LayoutText (anonymous) at (4,1) size 22x16
              text run at (4,1) width 22: "test"
        LayoutText {#text} at (51,105) size 4x17
          text run at (51,105) width 4: " "
      LayoutText {#text} at (0,0) size 0x0
      LayoutBR {BR} at (0,0) size 0x0
      LayoutText {#text} at (0,126) size 653x17
        text run at (0,126) width 653: "This tests that background color is the same as the parent if background-color:transparent is specified."
      LayoutBR {BR} at (652,140) size 1x0
      LayoutInline {SPAN} at (0,0) size 60x27 [bgcolor=#FF0000]
        LayoutText {#text} at (0,0) size 0x0
        LayoutMenuList {SELECT} at (5,144) size 46x24.33 [border: (1px solid #A9A9A9)]
          LayoutBlockFlow (anonymous) at (1,3.16) size 44x18
            LayoutText (anonymous) at (4,1) size 22x16
              text run at (4,1) width 22: "test"
        LayoutText {#text} at (51,147) size 4x17
          text run at (51,147) width 4: " "
      LayoutText {#text} at (0,0) size 0x0
      LayoutBR {BR} at (0,0) size 0x0
      LayoutText {#text} at (0,168) size 509x17
        text run at (0,168) width 509: "This tests that background is white if only background-image:none is specified."
      LayoutBR {BR} at (508,182) size 1x0
      LayoutMenuList {SELECT} at (0,186) size 46x24.33 [bgcolor=#FFFFFF] [border: (1px solid #A9A9A9)]
        LayoutBlockFlow (anonymous) at (1,3.16) size 44x18
          LayoutText (anonymous) at (4,1) size 22x16
            text run at (4,1) width 22: "test"
      LayoutText {#text} at (46,189) size 4x17
        text run at (46,189) width 4: " "
      LayoutBR {BR} at (50,203) size 0x0
      LayoutText {#text} at (0,210) size 430x17
        text run at (0,210) width 430: "This tests that the image specified for background-image is visible."
      LayoutBR {BR} at (429,224) size 1x0
      LayoutMenuList {SELECT} at (0,228) size 46x24.33 [bgcolor=#FFFFFF] [border: (1px solid #A9A9A9)]
        LayoutBlockFlow (anonymous) at (1,3.16) size 44x18
          LayoutText (anonymous) at (4,1) size 22x16
            text run at (4,1) width 22: "test"
      LayoutText {#text} at (0,0) size 0x0
