layer at (0,0) size 800x600
  LayoutView at (0,0) size 800x600
layer at (0,0) size 800x600
  LayoutBlockFlow {HTML} at (0,0) size 800x600
    LayoutBlockFlow {BODY} at (8,8) size 784x584
      LayoutBlockFlow {P} at (0,0) size 784x32
        LayoutText {#text} at (0,0) size 768x32
          text run at (0,0) width 768: "This is a regression test for https://bugs.webkit.org/show_bug.cgi?id=50434. It verifies that a marquee does not animate"
          text run at (0,16) width 256: "when scrollAmount is set to 0 by script."
      LayoutBlockFlow (anonymous) at (0,48) size 784x16
        LayoutText {#text} at (0,0) size 0x0
layer at (8,56) size 100x16 scrollWidth 196
  LayoutBlockFlow {MARQUEE} at (0,0) size 100x16 [color=#FFFFFF]
layer at (8,56) size 100x16
  LayoutBlockFlow {DIV} at (0,0) size 100x16
    LayoutText {#text} at (0,0) size 28x16
      text run at (0,0) width 28: "Test"
