layer at (0,0) size 800x600
  LayoutView at (0,0) size 800x600
layer at (0,0) size 800x174
  LayoutBlockFlow {HTML} at (0,0) size 800x174
    LayoutBlockFlow {BODY} at (8,8) size 784x158
      LayoutBlockFlow {DIV} at (0,0) size 784x18
        LayoutText {#text} at (0,0) size 610x18
          text run at (0,0) width 610: "When the caret is scrolled out, on starting typing it must be brought to the center of the control."
      LayoutBlockFlow (anonymous) at (0,18) size 784x140
        LayoutText {#text} at (0,0) size 0x0
layer at (8,26) size 81x136 clip at (9,27) size 64x134 scrollY 98.00 scrollHeight 420
  LayoutTextControl {TEXTAREA} at (0,0) size 81x136 [bgcolor=#FFFFFF] [border: (1px solid #000000)]
    LayoutBlockFlow {DIV} at (3,3) size 60x416
      LayoutText {#text} at (0,0) size 22x403
        text run at (0,0) width 15: "00"
        text run at (14,0) width 1: " "
        text run at (0,13) width 15: "01"
        text run at (14,13) width 1: " "
        text run at (0,26) width 15: "02"
        text run at (14,26) width 1: " "
        text run at (0,39) width 15: "03"
        text run at (14,39) width 1: " "
        text run at (0,52) width 15: "04"
        text run at (14,52) width 1: " "
        text run at (0,65) width 15: "05"
        text run at (14,65) width 1: " "
        text run at (0,78) width 15: "06"
        text run at (14,78) width 1: " "
        text run at (0,91) width 15: "07"
        text run at (14,91) width 1: " "
        text run at (0,104) width 15: "08"
        text run at (14,104) width 1: " "
        text run at (0,117) width 15: "09"
        text run at (14,117) width 1: " "
        text run at (0,130) width 15: "10"
        text run at (14,130) width 1: " "
        text run at (0,143) width 15: "11"
        text run at (14,143) width 1: " "
        text run at (0,156) width 22: ">12"
        text run at (21,156) width 1: " "
        text run at (0,169) width 15: "13"
        text run at (14,169) width 1: " "
        text run at (0,182) width 15: "14"
        text run at (14,182) width 1: " "
        text run at (0,195) width 15: "15"
        text run at (14,195) width 1: " "
        text run at (0,208) width 15: "16"
        text run at (14,208) width 1: " "
        text run at (0,221) width 15: "17"
        text run at (14,221) width 1: " "
        text run at (0,234) width 15: "18"
        text run at (14,234) width 1: " "
        text run at (0,247) width 15: "19"
        text run at (14,247) width 1: " "
        text run at (0,260) width 15: "20"
        text run at (14,260) width 1: " "
        text run at (0,273) width 15: "21"
        text run at (14,273) width 1: " "
        text run at (0,286) width 15: "22"
        text run at (14,286) width 1: " "
        text run at (0,299) width 15: "23"
        text run at (14,299) width 1: " "
        text run at (0,312) width 15: "24"
        text run at (14,312) width 1: " "
        text run at (0,325) width 15: "25"
        text run at (14,325) width 1: " "
        text run at (0,338) width 15: "26"
        text run at (14,338) width 1: " "
        text run at (0,351) width 15: "27"
        text run at (14,351) width 1: " "
        text run at (0,364) width 15: "28"
        text run at (14,364) width 1: " "
        text run at (0,377) width 15: "29"
        text run at (14,377) width 1: " "
        text run at (0,390) width 15: "30"
        text run at (14,390) width 1: " "
      LayoutBR {BR} at (0,403) size 0x13
caret: position 37 of child 0 {#text} of child 0 {DIV} of {#document-fragment} of child 3 {TEXTAREA} of body
