layer at (0,0) size 800x600
  LayoutView at (0,0) size 800x600
layer at (0,0) size 800x544
  LayoutBlockFlow {HTML} at (0,0) size 800x544
    LayoutBlockFlow {BODY} at (8,16) size 784x520 [color=#FFFFFF] [bgcolor=#000000]
      LayoutBlockFlow {P} at (0,0) size 784x16
        LayoutText {#text} at (0,0) size 210x16
          text run at (0,0) width 210: "Images should all look the same."
      LayoutBlockFlow {DIV} at (0,32) size 784x244
        LayoutImage {IMG} at (0,0) size 360x240
        LayoutText {#text} at (360,228) size 4x16
          text run at (360,228) width 4: " "
        LayoutImage {IMG} at (364,0) size 360x240
        LayoutText {#text} at (0,0) size 0x0
      LayoutBlockFlow {DIV} at (0,276) size 784x244
        LayoutText {#text} at (360,228) size 4x16
          text run at (360,228) width 4: " "
        LayoutText {#text} at (0,0) size 0x0
layer at (8,292) size 360x240
  LayoutImage {IMG} at (0,0) size 360x240
layer at (372,292) size 360x240
  LayoutImage {IMG} at (364,0) size 360x240
