layer at (0,0) size 800x600
  RenderView at (0,0) size 800x600
layer at (0,0) size 800x426
  RenderBlock {HTML} at (0,0) size 800x426
    RenderBody {BODY} at (8,8) size 784x410
      RenderBlock {DIV} at (0,0) size 784x410 [border: (1px solid #FF0000)]
        RenderText {#text} at (1,0) size 164x18
          text run at (1,0) width 164: "Whitespace in option text:"
        RenderMenuList {SELECT} at (165,1) size 56x18 [bgcolor=#FFFFFF]
          RenderBlock (anonymous) at (0,0) size 56x18
            RenderText at (8,2) size 25x13
              text run at (8,2) width 25: "f o o"
        RenderText {#text} at (221,0) size 7x18
          text run at (221,0) width 7: "a"
        RenderMenuList {SELECT} at (228,1) size 56x18 [bgcolor=#FFFFFF]
          RenderBlock (anonymous) at (0,0) size 56x18
            RenderText at (8,2) size 25x13
              text run at (8,2) width 25: "f o o"
        RenderText {#text} at (284,0) size 8x18
          text run at (284,0) width 8: "b"
        RenderBR {BR} at (292,0) size 0x18
        RenderBR {BR} at (1,18) size 0x18
        RenderText {#text} at (1,34) size 135x18
          text run at (1,34) width 135: "Simple select control:"
        RenderMenuList {SELECT} at (136,35) size 49x18 [bgcolor=#FFFFFF]
          RenderBlock (anonymous) at (0,0) size 49x18
            RenderText at (8,2) size 18x13
              text run at (8,2) width 18: "foo"
        RenderText {#text} at (185,34) size 7x18
          text run at (185,34) width 7: "a"
        RenderMenuList {SELECT} at (192,35) size 49x18 [color=#808080] [bgcolor=#FFFFFF]
          RenderBlock (anonymous) at (0,0) size 49x18
            RenderText at (8,2) size 18x13
              text run at (8,2) width 18: "foo"
        RenderText {#text} at (241,34) size 8x18
          text run at (241,34) width 8: "b"
        RenderBR {BR} at (249,34) size 0x18
        RenderBR {BR} at (1,52) size 0x18
        RenderText {#text} at (1,68) size 194x18
          text run at (1,68) width 194: "Line-height should be ignored:"
        RenderMenuList {SELECT} at (195,69) size 49x18 [bgcolor=#FFFFFF]
          RenderBlock (anonymous) at (0,0) size 49x18
            RenderText at (8,2) size 18x13
              text run at (8,2) width 18: "foo"
        RenderText {#text} at (244,68) size 7x18
          text run at (244,68) width 7: "a"
        RenderMenuList {SELECT} at (251,69) size 49x18 [color=#808080] [bgcolor=#FFFFFF]
          RenderBlock (anonymous) at (0,0) size 49x18
            RenderText at (8,2) size 18x13
              text run at (8,2) width 18: "foo"
        RenderText {#text} at (300,68) size 8x18
          text run at (300,68) width 8: "b"
        RenderBR {BR} at (308,68) size 0x18
        RenderBR {BR} at (1,86) size 0x18
        RenderText {#text} at (1,102) size 434x18
          text run at (1,102) width 434: "Padding should be respected, the arrow button shouldn't change size:"
        RenderMenuList {SELECT} at (435,103) size 49x18 [bgcolor=#FFFFFF]
          RenderBlock (anonymous) at (0,0) size 49x18
            RenderText at (8,2) size 18x13
              text run at (8,2) width 18: "foo"
        RenderText {#text} at (484,102) size 7x18
          text run at (484,102) width 7: "a"
        RenderMenuList {SELECT} at (491,103) size 49x18 [color=#808080] [bgcolor=#FFFFFF]
          RenderBlock (anonymous) at (0,0) size 49x18
            RenderText at (8,2) size 18x13
              text run at (8,2) width 18: "foo"
        RenderText {#text} at (540,102) size 8x18
          text run at (540,102) width 8: "b"
        RenderBR {BR} at (548,102) size 0x18
        RenderBR {BR} at (1,120) size 0x18
        RenderText {#text} at (1,136) size 176x18
          text run at (1,136) width 176: "Border should be respected:"
        RenderMenuList {SELECT} at (177,137) size 47x18 [bgcolor=#FFFFFF]
          RenderBlock (anonymous) at (0,1) size 47x16
            RenderText at (8,1) size 18x13
              text run at (8,1) width 18: "foo"
        RenderText {#text} at (224,136) size 7x18
          text run at (224,136) width 7: "a"
        RenderMenuList {SELECT} at (231,137) size 47x18 [color=#808080] [bgcolor=#FFFFFF]
          RenderBlock (anonymous) at (0,1) size 47x16
            RenderText at (8,1) size 18x13
              text run at (8,1) width 18: "foo"
        RenderText {#text} at (278,136) size 8x18
          text run at (278,136) width 8: "b"
        RenderBR {BR} at (286,136) size 0x18
        RenderBR {BR} at (1,154) size 0x18
        RenderText {#text} at (1,170) size 116x18
          text run at (1,170) width 116: "Border + padding:"
        RenderMenuList {SELECT} at (117,171) size 47x18 [bgcolor=#FFFFFF]
          RenderBlock (anonymous) at (0,1) size 47x16
            RenderText at (8,1) size 18x13
              text run at (8,1) width 18: "foo"
        RenderText {#text} at (164,170) size 7x18
          text run at (164,170) width 7: "a"
        RenderMenuList {SELECT} at (171,171) size 47x18 [color=#808080] [bgcolor=#FFFFFF]
          RenderBlock (anonymous) at (0,1) size 47x16
            RenderText at (8,1) size 18x13
              text run at (8,1) width 18: "foo"
        RenderText {#text} at (218,170) size 8x18
          text run at (218,170) width 8: "b"
        RenderBR {BR} at (226,170) size 0x18
        RenderBR {BR} at (1,188) size 0x18
        RenderText {#text} at (1,204) size 481x18
          text run at (1,204) width 481: "Height larger than font-size, button should grow, text baseline should center:"
        RenderMenuList {SELECT} at (482,205) size 49x18 [bgcolor=#FFFFFF]
          RenderBlock (anonymous) at (0,0) size 49x18
            RenderText at (8,2) size 18x13
              text run at (8,2) width 18: "foo"
        RenderText {#text} at (531,204) size 7x18
          text run at (531,204) width 7: "a"
        RenderMenuList {SELECT} at (538,205) size 49x18 [color=#808080] [bgcolor=#FFFFFF]
          RenderBlock (anonymous) at (0,0) size 49x18
            RenderText at (8,2) size 18x13
              text run at (8,2) width 18: "foo"
        RenderText {#text} at (587,204) size 8x18
          text run at (587,204) width 8: "b"
        RenderBR {BR} at (595,204) size 0x18
        RenderBR {BR} at (1,222) size 0x18
        RenderText {#text} at (1,238) size 502x18
          text run at (1,238) width 502: "Heigh smaller than font-size, whole select shrinks and is baselined with the text:"
        RenderMenuList {SELECT} at (503,239) size 49x18 [bgcolor=#FFFFFF]
          RenderBlock (anonymous) at (0,0) size 49x18
            RenderText at (8,2) size 18x13
              text run at (8,2) width 18: "foo"
        RenderText {#text} at (552,238) size 7x18
          text run at (552,238) width 7: "a"
        RenderMenuList {SELECT} at (559,239) size 49x18 [bgcolor=#FFFFFF]
          RenderBlock (anonymous) at (0,0) size 49x18
            RenderText at (8,2) size 18x13
              text run at (8,2) width 18: "foo"
        RenderText {#text} at (608,238) size 8x18
          text run at (608,238) width 8: "b"
        RenderBR {BR} at (616,238) size 0x18
        RenderBR {BR} at (1,256) size 0x18
        RenderText {#text} at (1,272) size 168x18
          text run at (1,272) width 168: "select control with size=0: "
        RenderBR {BR} at (169,272) size 0x18
        RenderMenuList {SELECT} at (1,289) size 199x18 [bgcolor=#FFFFFF]
          RenderBlock (anonymous) at (0,0) size 199x18
            RenderText at (8,2) size 70x13
              text run at (8,2) width 70: "Future Series"
        RenderText {#text} at (200,288) size 4x18
          text run at (200,288) width 4: " "
        RenderBR {BR} at (0,0) size 0x0
        RenderText {#text} at (1,306) size 168x18
          text run at (1,306) width 168: "select control with size=1: "
        RenderBR {BR} at (169,306) size 0x18
        RenderMenuList {SELECT} at (1,323) size 199x18 [bgcolor=#FFFFFF]
          RenderBlock (anonymous) at (0,0) size 199x18
            RenderText at (8,2) size 70x13
              text run at (8,2) width 70: "Future Series"
        RenderText {#text} at (200,322) size 4x18
          text run at (200,322) width 4: " "
        RenderBR {BR} at (0,0) size 0x0
        RenderText {#text} at (1,340) size 165x18
          text run at (1,340) width 165: "Non-styled select control: "
        RenderBR {BR} at (166,340) size 0x18
        RenderMenuList {SELECT} at (1,357) size 197x18 [bgcolor=#FFFFFF]
          RenderBlock (anonymous) at (0,1) size 197x16
            RenderText at (8,1) size 70x13
              text run at (8,1) width 70: "Future Series"
        RenderText {#text} at (198,356) size 4x18
          text run at (198,356) width 4: " "
        RenderBR {BR} at (0,0) size 0x0
        RenderText {#text} at (1,374) size 290x18
          text run at (1,374) width 290: "Styled select control with large border-radius: "
        RenderBR {BR} at (291,374) size 0x18
        RenderMenuList {SELECT} at (1,391) size 197x18 [bgcolor=#33CCFF]
          RenderBlock (anonymous) at (0,1) size 197x16
            RenderText at (8,1) size 70x13
              text run at (8,1) width 70: "Future Series"
        RenderText {#text} at (198,390) size 4x18
          text run at (198,390) width 4: " "
        RenderBR {BR} at (0,0) size 0x0
