layer at (0,0) size 800x600
  LayoutView at (0,0) size 800x600
layer at (0,0) size 800x600
  LayoutBlockFlow {HTML} at (0,0) size 800x600
    LayoutBlockFlow {BODY} at (8,8) size 784x576
      LayoutBlockFlow {P} at (0,0) size 784x36
        LayoutText {#text} at (0,0) size 230x17
          text run at (0,0) width 230: "This test requires Chromium Linux "
        LayoutInline {TT} at (0,0) size 81x16
          LayoutText {#text} at (229,2) size 81x16
            text run at (229,2) width 81: "test_shell"
        LayoutText {#text} at (309,0) size 22x17
          text run at (309,0) width 22: " in "
        LayoutInline {TT} at (0,0) size 105x16
          LayoutText {#text} at (330,2) size 105x16
            text run at (330,2) width 105: "--layout-test"
        LayoutText {#text} at (434,0) size 772x35
          text run at (434,0) width 326: " mode, as that forces some rendering settings used "
          text run at (759,0) width 13: "in"
          text run at (0,18) width 123: "the following tests."
      LayoutBlockFlow {OL} at (0,52) size 784x446
        LayoutListItem {LI} at (40,0) size 744x52
          LayoutBlockFlow {P} at (0,0) size 744x18
            LayoutListMarker (anonymous) at (-20,0) size 16x17: "1"
            LayoutText {#text} at (0,0) size 352x17
              text run at (0,0) width 352: "The following text should render without anti-aliasing:"
          LayoutBlockFlow {P} at (0,34) size 744x18
            LayoutText {#text} at (0,0) size 141x17
              text run at (0,0) width 141: "Non anti-aliased sans."
        LayoutListItem {LI} at (40,68) size 744x70
          LayoutBlockFlow {P} at (0,0) size 744x36
            LayoutListMarker (anonymous) at (-20,0) size 16x17: "2"
            LayoutText {#text} at (0,0) size 717x35
              text run at (0,0) width 346: "The following text should be slightly-hinted Georgia. "
              text run at (345,0) width 61: "The dots "
              text run at (405,0) width 312: "should be equally spaced, and letters in the word"
              text run at (0,18) width 94: "\"government\" "
              text run at (93,18) width 422: "should be naturally spaced (without an ugly space before the \"e\")."
          LayoutBlockFlow {P} at (0,52) size 744x18
            LayoutText {#text} at (0,0) size 209x17
              text run at (0,0) width 209: "government ................................"
        LayoutListItem {LI} at (40,154) size 744x70
          LayoutBlockFlow {P} at (0,0) size 744x36
            LayoutListMarker (anonymous) at (-20,0) size 16x17: "3"
            LayoutText {#text} at (0,0) size 734x35
              text run at (0,0) width 411: "The following text should be unhinted Verdana. The fontconfig "
              text run at (410,0) width 324: "configuration for this is contradictory, setting both"
              text run at (0,18) width 77: "full-hinting "
              text run at (76,18) width 268: "and no-hinting. The latter should win out."
          LayoutBlockFlow {P} at (0,52) size 744x18
            LayoutText {#text} at (0,0) size 505x17
              text run at (0,0) width 354: "Here is Tigger doing what tiggers do best \x{2026} operating "
              text run at (353,0) width 152: "hydraulic exoskeletons."
        LayoutListItem {LI} at (40,240) size 744x52
          LayoutBlockFlow {P} at (0,0) size 744x18
            LayoutListMarker (anonymous) at (-20,0) size 16x17: "4"
            LayoutText {#text} at (0,0) size 647x17
              text run at (0,0) width 406: "The following text should show a difference caused by forcing "
              text run at (405,0) width 242: "autohinting. Note: the effect is subtle."
          LayoutBlockFlow {P} at (0,34) size 744x18
            LayoutInline {SPAN} at (0,0) size 42x11
              LayoutText {#text} at (0,5) size 42x11
                text run at (0,5) width 42: "autohinted"
            LayoutText {#text} at (42,0) size 4x17
              text run at (42,0) width 4: " "
            LayoutInline {I} at (0,0) size 14x17
              LayoutText {#text} at (46,0) size 14x17
                text run at (46,0) width 14: "vs"
            LayoutText {#text} at (59,0) size 5x17
              text run at (59,0) width 5: " "
            LayoutInline {SPAN} at (0,0) size 59x11
              LayoutText {#text} at (63,5) size 59x11
                text run at (63,5) width 59: "not-autohinted"
        LayoutListItem {LI} at (40,308) size 744x70
          LayoutBlockFlow {P} at (0,0) size 744x36
            LayoutListMarker (anonymous) at (-20,0) size 16x17: "5"
            LayoutText {#text} at (0,0) size 557x17
              text run at (0,0) width 557: "The following text should be the same. It verifies that, given the contradictory settings "
            LayoutInline {TT} at (0,0) size 65x16
              LayoutText {#text} at (556,2) size 65x16
                text run at (556,2) width 65: "hintfull"
            LayoutText {#text} at (620,0) size 32x17
              text run at (620,0) width 32: " and "
            LayoutInline {TT} at (0,0) size 65x16
              LayoutText {#text} at (651,2) size 65x16
                text run at (651,2) width 65: "autohint"
            LayoutText {#text} at (715,0) size 743x35
              text run at (715,0) width 28: ", the"
              text run at (0,18) width 96: "latter wins out:"
          LayoutBlockFlow {P} at (0,52) size 744x18
            LayoutInline {SPAN} at (0,0) size 42x11
              LayoutText {#text} at (0,5) size 42x11
                text run at (0,5) width 42: "autohinted"
            LayoutText {#text} at (42,0) size 4x17
              text run at (42,0) width 4: " "
            LayoutInline {I} at (0,0) size 14x17
              LayoutText {#text} at (46,0) size 14x17
                text run at (46,0) width 14: "vs"
            LayoutText {#text} at (59,0) size 5x17
              text run at (59,0) width 5: " "
            LayoutInline {SPAN} at (0,0) size 83x11
              LayoutText {#text} at (63,5) size 83x11
                text run at (63,5) width 83: "hopefully autohinted"
        LayoutListItem {LI} at (40,394) size 744x52
          LayoutBlockFlow {P} at (0,0) size 744x18
            LayoutListMarker (anonymous) at (-20,0) size 16x17: "6"
            LayoutText {#text} at (0,0) size 638x17
              text run at (0,0) width 447: "The following text should show that fontconfig can be used to enable "
              text run at (447,0) width 191: "or disable subpixel rendering."
          LayoutBlockFlow {P} at (0,34) size 744x18
            LayoutInline {SPAN} at (0,0) size 55x17
              LayoutText {#text} at (0,0) size 55x17
                text run at (0,0) width 55: "subpixel"
            LayoutText {#text} at (54,0) size 5x17
              text run at (54,0) width 5: " "
            LayoutInline {I} at (0,0) size 14x17
              LayoutText {#text} at (58,0) size 14x17
                text run at (58,0) width 14: "vs"
            LayoutText {#text} at (71,0) size 5x17
              text run at (71,0) width 5: " "
            LayoutInline {SPAN} at (0,0) size 75x17
              LayoutText {#text} at (75,0) size 75x17
                text run at (75,0) width 75: "no subpixel"
