layer at (0,0) size 800x600
  RenderView at (0,0) size 800x600
layer at (0,0) size 800x600
  RenderBlock {HTML} at (0,0) size 800x600
    RenderBody {BODY} at (8,8) size 784x576
      RenderBlock {CENTER} at (0,0) size 784x134
        RenderTable {TABLE} at (339,0) size 106x80 [border: none]
          RenderTableSection {THEAD} at (0,0) size 105x20
            RenderTableRow {TR} at (0,0) size 105x20
              RenderTableCell {TD} at (0,0) size 36x20 [border: none none none (1px solid #808080)] [r=0 c=0 rs=1 cs=1]
                RenderText {#text} at (2,1) size 29x18
                  text run at (2,1) width 29: "EST"
              RenderTableCell {TD} at (36,0) size 30x20 [border: none none none (1px solid #808080)] [r=0 c=1 rs=1 cs=1]
                RenderText {#text} at (2,1) size 27x18
                  text run at (2,1) width 27: "1am"
              RenderTableCell {TD} at (66,0) size 39x20 [border: none none none (1px solid #808080)] [r=0 c=2 rs=1 cs=1]
                RenderText {#text} at (2,1) size 28x18
                  text run at (2,1) width 28: "8pm"
          RenderTableSection {TBODY} at (0,20) size 105x40
            RenderTableRow {TR} at (0,0) size 105x20
              RenderTableCell {TD} at (0,0) size 36x20 [border: none none none (1px solid #808080)] [r=0 c=0 rs=1 cs=1]
                RenderText {#text} at (2,1) size 30x18
                  text run at (2,1) width 30: "CST"
              RenderTableCell {TD} at (36,0) size 30x20 [border: none none none (1px solid #808080)] [r=0 c=1 rs=1 cs=1]
                RenderText {#text} at (2,1) size 27x18
                  text run at (2,1) width 27: "2am"
              RenderTableCell {TD} at (66,0) size 39x20 [border: none none none (1px solid #808080)] [r=0 c=2 rs=1 cs=1]
                RenderText {#text} at (2,1) size 28x18
                  text run at (2,1) width 28: "9pm"
            RenderTableRow {TR} at (0,20) size 105x20
              RenderTableCell {TD} at (0,20) size 36x20 [border: none none none (1px solid #808080)] [r=1 c=0 rs=1 cs=1]
                RenderText {#text} at (2,1) size 33x18
                  text run at (2,1) width 33: "MST"
              RenderTableCell {TD} at (36,20) size 30x20 [border: none none none (1px solid #808080)] [r=1 c=1 rs=1 cs=1]
                RenderText {#text} at (2,1) size 27x18
                  text run at (2,1) width 27: "3am"
              RenderTableCell {TD} at (66,20) size 39x20 [border: none none none (1px solid #808080)] [r=1 c=2 rs=1 cs=1]
                RenderText {#text} at (2,1) size 36x18
                  text run at (2,1) width 36: "10pm"
          RenderTableSection {TFOOT} at (0,60) size 105x20
            RenderTableRow {TR} at (0,0) size 105x20
              RenderTableCell {TD} at (0,0) size 36x20 [border: none none none (1px solid #808080)] [r=0 c=0 rs=1 cs=1]
                RenderText {#text} at (2,1) size 28x18
                  text run at (2,1) width 28: "PST"
              RenderTableCell {TD} at (36,0) size 30x20 [border: none none none (1px solid #808080)] [r=0 c=1 rs=1 cs=1]
                RenderText {#text} at (2,1) size 27x18
                  text run at (2,1) width 27: "4am"
              RenderTableCell {TD} at (66,0) size 39x20 [border: none none none (1px solid #808080)] [r=0 c=2 rs=1 cs=1]
                RenderText {#text} at (2,1) size 36x18
                  text run at (2,1) width 36: "11pm"
        RenderBlock {P} at (0,96) size 784x38
          RenderButton {BUTTON} at (259,0) size 82x19 [bgcolor=#C0C0C0] [border: (2px outset #C0C0C0)]
            RenderBlock (anonymous) at (8,2) size 66x15
              RenderText {#text} at (3,1) size 60x13
                text run at (3,1) width 18: "No "
                text run at (21,1) width 42: "borders"
          RenderButton {BUTTON} at (341,0) size 103x19 [bgcolor=#C0C0C0] [border: (2px outset #C0C0C0)]
            RenderBlock (anonymous) at (8,2) size 87x15
              RenderText {#text} at (3,1) size 81x13
                text run at (3,1) width 45: "Exterior "
                text run at (48,1) width 36: "border"
          RenderButton {BUTTON} at (444,0) size 81x19 [bgcolor=#C0C0C0] [border: (2px outset #C0C0C0)]
            RenderBlock (anonymous) at (8,2) size 65x15
              RenderText {#text} at (3,1) size 59x13
                text run at (3,1) width 17: "All "
                text run at (20,1) width 42: "borders"
          RenderBR {BR} at (525,14) size 0x0
          RenderButton {BUTTON} at (224,19) size 109x19 [bgcolor=#C0C0C0] [border: (2px outset #C0C0C0)]
            RenderBlock (anonymous) at (8,2) size 93x15
              RenderText {#text} at (3,1) size 87x13
                text run at (3,1) width 45: "Column "
                text run at (48,1) width 42: "borders"
          RenderButton {BUTTON} at (333,19) size 106x19 [bgcolor=#C0C0C0] [border: (2px outset #C0C0C0)]
            RenderBlock (anonymous) at (8,2) size 90x15
              RenderText {#text} at (3,1) size 84x13
                text run at (3,1) width 42: "Groups "
                text run at (45,1) width 42: "borders"
          RenderButton {BUTTON} at (439,19) size 120x19 [bgcolor=#C0C0C0] [border: (2px outset #C0C0C0)]
            RenderBlock (anonymous) at (8,2) size 104x15
              RenderText {#text} at (3,1) size 98x13
                text run at (3,1) width 33: "Table "
                text run at (36,1) width 65: "row borders"
          RenderText {#text} at (0,0) size 0x0
