layer at (0,0) size 800x600
  RenderView at (0,0) size 800x600
layer at (0,0) size 800x600
  RenderBlock {HTML} at (0,0) size 800x600
    RenderBody {BODY} at (8,8) size 784x584
      RenderText {#text} at (0,0) size 20x18
        text run at (0,0) width 20: "bar"
      RenderBR {BR} at (20,14) size 0x0
      RenderText {#text} at (0,18) size 20x18
        text run at (0,18) width 20: "bar"
      RenderBR {BR} at (20,32) size 0x0
      RenderText {#text} at (0,36) size 20x18
        text run at (0,36) width 20: "bar"
      RenderBR {BR} at (20,50) size 0x0
      RenderText {#text} at (0,54) size 20x18
        text run at (0,54) width 20: "bar"
      RenderBR {BR} at (20,68) size 0x0
