layer at (0,0) size 800x600
  LayoutView at (0,0) size 800x600
layer at (0,0) size 800x478
  LayoutBlockFlow {html} at (0,0) size 800x478
    LayoutBlockFlow {body} at (8,16) size 784x454
      LayoutBlockFlow {p} at (0,0) size 784x36
        LayoutText {#text} at (0,0) size 735x36
          text run at (0,0) width 735: "The svg area contained in the div element (red box), should fill out the whole area (blue rectangle), especially after"
          text run at (0,18) width 269: "resizing the content box to a different size"
      LayoutBlockFlow {div} at (0,52) size 102x402 [border: (1px solid #FF0000)]
        LayoutSVGRoot {svg} at (9,69) size 100x400
          LayoutSVGImage {image} at (9,69) size 100x400
        LayoutText {#text} at (0,0) size 0x0
