layer at (0,0) size 800x600
  LayoutView at (0,0) size 800x600
layer at (0,0) size 800x600
  LayoutBlockFlow {HTML} at (0,0) size 800x600
    LayoutBlockFlow {BODY} at (8,8) size 784x584
      LayoutButton {INPUT} at (0,0) size 50.89x18 [bgcolor=#FFFFFF]
        LayoutBlockFlow (anonymous) at (8,2) size 34.89x13
          LayoutText {#text} at (0,0) size 35x13
            text run at (0,0) width 35: "Submit"
      LayoutBR {BR} at (50,13) size 1x0
      LayoutButton {INPUT} at (0,18) size 44.05x18 [bgcolor=#FFFFFF]
        LayoutBlockFlow (anonymous) at (8,2) size 28.05x13
          LayoutText {#text} at (0,0) size 29x13
            text run at (0,0) width 29: "Reset"
      LayoutBR {BR} at (44,31) size 1x0
