layer at (0,0) size 800x600
  LayoutView at (0,0) size 800x600
layer at (0,0) size 800x600
  LayoutBlockFlow {HTML} at (0,0) size 800x600
    LayoutBlockFlow {BODY} at (8,8) size 784x584
      LayoutBlockFlow (anonymous) at (0,0) size 784x18
        LayoutText {#text} at (0,0) size 351x18
          text run at (0,0) width 351: "This tests that buttons don't honor table display styles. "
        LayoutBR {BR} at (350,14) size 1x0
      LayoutButton {INPUT} at (0,18) size 81.09x18 [bgcolor=#FFFFFF]
        LayoutBlockFlow (anonymous) at (8,2) size 65.09x13
          LayoutText {#text} at (0,0) size 66x13
            text run at (0,0) width 66: "display: table"
      LayoutButton {INPUT} at (0,36) size 81.09x18 [bgcolor=#FFFFFF]
        LayoutBlockFlow (anonymous) at (8,2) size 65.09x13
          LayoutText {#text} at (0,0) size 66x13
            text run at (0,0) width 66: "display: table"
      LayoutBlockFlow (anonymous) at (0,54) size 784x351
        LayoutBR {BR} at (0,0) size 0x18
        LayoutBR {BR} at (0,18) size 0x18
        LayoutButton {INPUT} at (0,37) size 111.75x18 [bgcolor=#FFFFFF]
          LayoutBlockFlow (anonymous) at (8,2) size 95.75x13
            LayoutText {#text} at (0,0) size 96x13
              text run at (0,0) width 96: "display: inline-table"
        LayoutText {#text} at (111,36) size 5x18
          text run at (111,36) width 5: " "
        LayoutButton {INPUT} at (115.75,37) size 111.75x18 [bgcolor=#FFFFFF]
          LayoutBlockFlow (anonymous) at (8,2) size 95.75x13
            LayoutText {#text} at (0,0) size 96x13
              text run at (0,0) width 96: "display: inline-table"
        LayoutText {#text} at (227,36) size 5x18
          text run at (227,36) width 5: " "
        LayoutBR {BR} at (231,50) size 1x0
        LayoutBR {BR} at (0,55) size 0x18
        LayoutButton {INPUT} at (0,74) size 137.92x18 [bgcolor=#FFFFFF]
          LayoutBlockFlow (anonymous) at (8,2) size 121.92x13
            LayoutText {#text} at (0,0) size 122x13
              text run at (0,0) width 122: "display: table-row-group"
        LayoutText {#text} at (137,73) size 5x18
          text run at (137,73) width 5: " "
        LayoutButton {INPUT} at (141.92,74) size 137.92x18 [bgcolor=#FFFFFF]
          LayoutBlockFlow (anonymous) at (8,2) size 121.92x13
            LayoutText {#text} at (0,0) size 122x13
              text run at (0,0) width 122: "display: table-row-group"
        LayoutText {#text} at (279,73) size 5x18
          text run at (279,73) width 5: " "
        LayoutBR {BR} at (283,87) size 1x0
        LayoutBR {BR} at (0,92) size 0x18
        LayoutButton {INPUT} at (0,111) size 154.09x18 [bgcolor=#FFFFFF]
          LayoutBlockFlow (anonymous) at (8,2) size 138.09x13
            LayoutText {#text} at (0,0) size 139x13
              text run at (0,0) width 139: "display: table-header-group"
        LayoutText {#text} at (154,110) size 5x18
          text run at (154,110) width 5: " "
        LayoutButton {INPUT} at (158.09,111) size 154.09x18 [bgcolor=#FFFFFF]
          LayoutBlockFlow (anonymous) at (8,2) size 138.09x13
            LayoutText {#text} at (0,0) size 139x13
              text run at (0,0) width 139: "display: table-header-group"
        LayoutText {#text} at (312,110) size 5x18
          text run at (312,110) width 5: " "
        LayoutBR {BR} at (316,124) size 1x0
        LayoutBR {BR} at (0,129) size 0x18
        LayoutButton {INPUT} at (0,148) size 149.11x18 [bgcolor=#FFFFFF]
          LayoutBlockFlow (anonymous) at (8,2) size 133.11x13
            LayoutText {#text} at (0,0) size 133x13
              text run at (0,0) width 133: "display: table-footer-group"
        LayoutText {#text} at (149,147) size 5x18
          text run at (149,147) width 5: " "
        LayoutButton {INPUT} at (153.11,148) size 149.11x18 [bgcolor=#FFFFFF]
          LayoutBlockFlow (anonymous) at (8,2) size 133.11x13
            LayoutText {#text} at (0,0) size 133x13
              text run at (0,0) width 133: "display: table-footer-group"
        LayoutText {#text} at (302,147) size 5x18
          text run at (302,147) width 5: " "
        LayoutBR {BR} at (306,161) size 1x0
        LayoutBR {BR} at (0,166) size 0x18
        LayoutButton {INPUT} at (0,185) size 104.06x18 [bgcolor=#FFFFFF]
          LayoutBlockFlow (anonymous) at (8,2) size 88.06x13
            LayoutText {#text} at (0,0) size 89x13
              text run at (0,0) width 89: "display: table-row"
        LayoutText {#text} at (104,184) size 5x18
          text run at (104,184) width 5: " "
        LayoutButton {INPUT} at (108.06,185) size 104.06x18 [bgcolor=#FFFFFF]
          LayoutBlockFlow (anonymous) at (8,2) size 88.06x13
            LayoutText {#text} at (0,0) size 89x13
              text run at (0,0) width 89: "display: table-row"
        LayoutText {#text} at (212,184) size 5x18
          text run at (212,184) width 5: " "
        LayoutBR {BR} at (216,198) size 1x0
        LayoutBR {BR} at (0,203) size 0x18
        LayoutButton {INPUT} at (0,222) size 156.25x18 [bgcolor=#FFFFFF]
          LayoutBlockFlow (anonymous) at (8,2) size 140.25x13
            LayoutText {#text} at (0,0) size 141x13
              text run at (0,0) width 141: "display: table-column-group"
        LayoutText {#text} at (156,221) size 5x18
          text run at (156,221) width 5: " "
        LayoutButton {INPUT} at (160.25,222) size 156.25x18 [bgcolor=#FFFFFF]
          LayoutBlockFlow (anonymous) at (8,2) size 140.25x13
            LayoutText {#text} at (0,0) size 141x13
              text run at (0,0) width 141: "display: table-column-group"
        LayoutText {#text} at (316,221) size 5x18
          text run at (316,221) width 5: " "
        LayoutBR {BR} at (320,235) size 1x0
        LayoutBR {BR} at (0,240) size 0x18
        LayoutButton {INPUT} at (0,259) size 122.28x18 [bgcolor=#FFFFFF]
          LayoutBlockFlow (anonymous) at (8,2) size 106.28x13
            LayoutText {#text} at (0,0) size 107x13
              text run at (0,0) width 107: "display: table-column"
        LayoutText {#text} at (122,258) size 5x18
          text run at (122,258) width 5: " "
        LayoutButton {INPUT} at (126.28,259) size 122.28x18 [bgcolor=#FFFFFF]
          LayoutBlockFlow (anonymous) at (8,2) size 106.28x13
            LayoutText {#text} at (0,0) size 107x13
              text run at (0,0) width 107: "display: table-column"
        LayoutText {#text} at (248,258) size 5x18
          text run at (248,258) width 5: " "
        LayoutBR {BR} at (252,272) size 1x0
        LayoutBR {BR} at (0,277) size 0x18
        LayoutButton {INPUT} at (0,296) size 102.95x18 [bgcolor=#FFFFFF]
          LayoutBlockFlow (anonymous) at (8,2) size 86.95x13
            LayoutText {#text} at (0,0) size 87x13
              text run at (0,0) width 87: "display: table-cell"
        LayoutText {#text} at (102,295) size 5x18
          text run at (102,295) width 5: " "
        LayoutButton {INPUT} at (106.95,296) size 102.95x18 [bgcolor=#FFFFFF]
          LayoutBlockFlow (anonymous) at (8,2) size 86.95x13
            LayoutText {#text} at (0,0) size 87x13
              text run at (0,0) width 87: "display: table-cell"
        LayoutText {#text} at (209,295) size 5x18
          text run at (209,295) width 5: " "
        LayoutBR {BR} at (213,309) size 1x0
        LayoutBR {BR} at (0,314) size 0x18
        LayoutButton {INPUT} at (0,333) size 122.72x18 [bgcolor=#FFFFFF]
          LayoutBlockFlow (anonymous) at (8,2) size 106.72x13
            LayoutText {#text} at (0,0) size 107x13
              text run at (0,0) width 107: "display: table-caption"
        LayoutText {#text} at (122,332) size 5x18
          text run at (122,332) width 5: " "
        LayoutButton {INPUT} at (126.72,333) size 122.72x18 [bgcolor=#FFFFFF]
          LayoutBlockFlow (anonymous) at (8,2) size 106.72x13
            LayoutText {#text} at (0,0) size 107x13
              text run at (0,0) width 107: "display: table-caption"
        LayoutText {#text} at (0,0) size 0x0
