layer at (0,0) size 800x600
  LayoutView at (0,0) size 800x600
layer at (0,0) size 800x600
  LayoutBlockFlow {HTML} at (0,0) size 800x600
    LayoutBlockFlow {BODY} at (8,8) size 784x584
      LayoutButton {BUTTON} at (0,7) size 41.83x15 [bgcolor=#FFFFFF] [border: (1px solid #D8D8D8) (1px solid #D1D1D1) (1px solid #BABABA) (1px solid #D1D1D1)]
        LayoutBlockFlow (anonymous) at (8,4) size 25.83x6
          LayoutText {#text} at (0,0) size 26x6
            text run at (0,0) width 26: "Test Button"
      LayoutText {#text} at (41,2) size 5x18
        text run at (41,2) width 5: " "
      LayoutButton {BUTTON} at (45.83,6.50) size 46.98x15 [bgcolor=#FFFFFF] [border: (1px solid #D8D8D8) (1px solid #D1D1D1) (1px solid #BABABA) (1px solid #D1D1D1)]
        LayoutBlockFlow (anonymous) at (8,3.50) size 30.98x7
          LayoutText {#text} at (0,0) size 31x7
            text run at (0,0) width 31: "Test Button"
      LayoutText {#text} at (92,2) size 5x18
        text run at (92,2) width 5: " "
      LayoutButton {BUTTON} at (96.81,6) size 52.14x15 [bgcolor=#FFFFFF] [border: (1px solid #D8D8D8) (1px solid #D1D1D1) (1px solid #BABABA) (1px solid #D1D1D1)]
        LayoutBlockFlow (anonymous) at (8,3) size 36.14x8
          LayoutText {#text} at (0,0) size 37x8
            text run at (0,0) width 37: "Test Button"
      LayoutText {#text} at (148,2) size 5x18
        text run at (148,2) width 5: " "
      LayoutButton {BUTTON} at (152.95,6) size 57.31x15 [bgcolor=#FFFFFF] [border: (1px solid #D8D8D8) (1px solid #D1D1D1) (1px solid #BABABA) (1px solid #D1D1D1)]
        LayoutBlockFlow (anonymous) at (8,2) size 41.31x10
          LayoutText {#text} at (0,0) size 42x10
            text run at (0,0) width 42: "Test Button"
      LayoutText {#text} at (210,2) size 5x18
        text run at (210,2) width 5: " "
      LayoutButton {BUTTON} at (214.27,5) size 62.47x16 [bgcolor=#FFFFFF] [border: (1px solid #D8D8D8) (1px solid #D1D1D1) (1px solid #BABABA) (1px solid #D1D1D1)]
        LayoutBlockFlow (anonymous) at (8,2) size 46.47x11
          LayoutText {#text} at (0,0) size 47x11
            text run at (0,0) width 47: "Test Button"
      LayoutText {#text} at (276,2) size 5x18
        text run at (276,2) width 5: " "
      LayoutButton {BUTTON} at (280.73,4) size 67.64x17 [bgcolor=#FFFFFF] [border: (1px solid #D8D8D8) (1px solid #D1D1D1) (1px solid #BABABA) (1px solid #D1D1D1)]
        LayoutBlockFlow (anonymous) at (8,2) size 51.64x12
          LayoutText {#text} at (0,0) size 52x12
            text run at (0,0) width 52: "Test Button"
      LayoutText {#text} at (348,2) size 5x18
        text run at (348,2) width 5: " "
      LayoutButton {BUTTON} at (352.38,3) size 72.80x18 [bgcolor=#FFFFFF] [border: (1px solid #D8D8D8) (1px solid #D1D1D1) (1px solid #BABABA) (1px solid #D1D1D1)]
        LayoutBlockFlow (anonymous) at (8,2) size 56.80x13
          LayoutText {#text} at (0,0) size 57x13
            text run at (0,0) width 57: "Test Button"
      LayoutText {#text} at (425,2) size 5x18
        text run at (425,2) width 5: " "
      LayoutButton {INPUT} at (429.17,3) size 72.80x18 [bgcolor=#FFFFFF]
        LayoutBlockFlow (anonymous) at (8,2) size 56.80x13
          LayoutText {#text} at (0,0) size 57x13
            text run at (0,0) width 57: "Test Button"
      LayoutText {#text} at (501,2) size 5x18
        text run at (501,2) width 5: " "
      LayoutButton {BUTTON} at (505.97,2) size 77.95x20 [bgcolor=#FFFFFF] [border: (1px solid #D8D8D8) (1px solid #D1D1D1) (1px solid #BABABA) (1px solid #D1D1D1)]
        LayoutBlockFlow (anonymous) at (8,2) size 61.95x15
          LayoutText {#text} at (0,0) size 62x15
            text run at (0,0) width 62: "Test Button"
      LayoutText {#text} at (583,2) size 5x18
        text run at (583,2) width 5: " "
      LayoutButton {BUTTON} at (587.92,1) size 83.13x21 [bgcolor=#FFFFFF] [border: (1px solid #D8D8D8) (1px solid #D1D1D1) (1px solid #BABABA) (1px solid #D1D1D1)]
        LayoutBlockFlow (anonymous) at (8,2) size 67.13x16
          LayoutText {#text} at (0,0) size 68x16
            text run at (0,0) width 68: "Test Button"
      LayoutText {#text} at (671,2) size 5x18
        text run at (671,2) width 5: " "
      LayoutButton {BUTTON} at (675.05,0) size 88.28x22 [bgcolor=#FFFFFF] [border: (1px solid #D8D8D8) (1px solid #D1D1D1) (1px solid #BABABA) (1px solid #D1D1D1)]
        LayoutBlockFlow (anonymous) at (8,2) size 72.28x17
          LayoutText {#text} at (0,0) size 73x17
            text run at (0,0) width 73: "Test Button"
      LayoutText {#text} at (763,2) size 5x18
        text run at (763,2) width 5: " "
      LayoutButton {BUTTON} at (0,27) size 93.45x23 [bgcolor=#FFFFFF] [border: (1px solid #D8D8D8) (1px solid #D1D1D1) (1px solid #BABABA) (1px solid #D1D1D1)]
        LayoutBlockFlow (anonymous) at (8,2) size 77.45x18
          LayoutText {#text} at (0,0) size 78x18
            text run at (0,0) width 78: "Test Button"
      LayoutText {#text} at (93,30) size 5x18
        text run at (93,30) width 5: " "
      LayoutButton {BUTTON} at (97.45,27) size 98.61x23 [bgcolor=#FFFFFF] [border: (1px solid #D8D8D8) (1px solid #D1D1D1) (1px solid #BABABA) (1px solid #D1D1D1)]
        LayoutBlockFlow (anonymous) at (8,2) size 82.61x18
          LayoutText {#text} at (0,0) size 83x18
            text run at (0,0) width 83: "Test Button"
      LayoutText {#text} at (196,30) size 5x18
        text run at (196,30) width 5: " "
      LayoutButton {BUTTON} at (200.06,26) size 103.77x25 [bgcolor=#FFFFFF] [border: (1px solid #D8D8D8) (1px solid #D1D1D1) (1px solid #BABABA) (1px solid #D1D1D1)]
        LayoutBlockFlow (anonymous) at (8,2) size 87.77x20
          LayoutText {#text} at (0,0) size 88x20
            text run at (0,0) width 88: "Test Button"
      LayoutText {#text} at (303,30) size 5x18
        text run at (303,30) width 5: " "
      LayoutButton {BUTTON} at (307.83,25) size 108.94x26 [bgcolor=#FFFFFF] [border: (1px solid #D8D8D8) (1px solid #D1D1D1) (1px solid #BABABA) (1px solid #D1D1D1)]
        LayoutBlockFlow (anonymous) at (8,2) size 92.94x21
          LayoutText {#text} at (0,0) size 93x21
            text run at (0,0) width 93: "Test Button"
      LayoutText {#text} at (416,30) size 5x18
        text run at (416,30) width 5: " "
      LayoutButton {BUTTON} at (420.77,24) size 114.09x27 [bgcolor=#FFFFFF] [border: (1px solid #D8D8D8) (1px solid #D1D1D1) (1px solid #BABABA) (1px solid #D1D1D1)]
        LayoutBlockFlow (anonymous) at (8,2) size 98.09x22
          LayoutText {#text} at (0,0) size 99x22
            text run at (0,0) width 99: "Test Button"
      LayoutText {#text} at (534,30) size 5x18
        text run at (534,30) width 5: " "
      LayoutButton {BUTTON} at (538.86,23) size 114.05x28 [bgcolor=#FFFFFF] [border: (1px solid #D8D8D8) (1px solid #D1D1D1) (1px solid #BABABA) (1px solid #D1D1D1)]
        LayoutBlockFlow (anonymous) at (8,2) size 98.05x23
          LayoutText {#text} at (0,0) size 99x23
            text run at (0,0) width 99: "Test Button"
      LayoutText {#text} at (652,30) size 5x18
        text run at (652,30) width 5: " "
      LayoutButton {BUTTON} at (656.91,22) size 118.95x29 [bgcolor=#FFFFFF] [border: (1px solid #D8D8D8) (1px solid #D1D1D1) (1px solid #BABABA) (1px solid #D1D1D1)]
        LayoutBlockFlow (anonymous) at (8,2) size 102.95x24
          LayoutText {#text} at (0,0) size 103x24
            text run at (0,0) width 103: "Test Button"
      LayoutText {#text} at (0,0) size 0x0
