layer at (0,0) size 800x600
  LayoutView at (0,0) size 800x600
layer at (0,0) size 800x600
  LayoutBlockFlow {HTML} at (0,0) size 800x600
    LayoutBlockFlow {BODY} at (8,8) size 784x584
layer at (8,8) size 141x18
  LayoutButton (positioned) {BUTTON} at (8,8) size 140.52x18 [bgcolor=#FFFFFF] [border: (1px solid #D8D8D8) (1px solid #D1D1D1) (1px solid #BABABA) (1px solid #D1D1D1)]
    LayoutBlockFlow (anonymous) at (8,2) size 124.52x13
      LayoutText {#text} at (0,0) size 125x13
        text run at (0,0) width 125: "This button is positioned."
layer at (8,8) size 160x18
  LayoutButton (positioned) {INPUT} at (8,8) size 160.41x18 [bgcolor=#FFFFFF]
    LayoutBlockFlow (anonymous) at (8,2) size 144.41x13
      LayoutText {#text} at (0,0) size 145x13
        text run at (0,0) width 145: "This button is also positioned"
