layer at (0,0) size 800x600
  LayoutView at (0,0) size 800x600
layer at (0,0) size 800x600
  LayoutBlockFlow {HTML} at (0,0) size 800x600
    LayoutBlockFlow {BODY} at (8,8) size 784x584
      LayoutButton {INPUT} at (0,3) size 62.47x15 [bgcolor=#FFFFFF]
        LayoutBlockFlow (anonymous) at (8,2) size 46.47x11
          LayoutText {#text} at (0,0) size 47x11
            text run at (0,0) width 47: "Test Button"
      LayoutText {#text} at (62,0) size 5x18
        text run at (62,0) width 5: " "
      LayoutButton {INPUT} at (66.47,3) size 62.47x15 [bgcolor=#FFFFFF]
        LayoutBlockFlow (anonymous) at (8,2) size 46.47x11
          LayoutText {#text} at (0,0) size 47x11
            text run at (0,0) width 47: "Test Button"
      LayoutText {#text} at (128,0) size 5x18
        text run at (128,0) width 5: " "
      LayoutButton {INPUT} at (132.94,3) size 62.47x15 [bgcolor=#FFFFFF]
        LayoutBlockFlow (anonymous) at (8,2) size 46.47x11
          LayoutText {#text} at (0,0) size 47x11
            text run at (0,0) width 47: "Test Button"
      LayoutText {#text} at (195,0) size 5x18
        text run at (195,0) width 5: " "
      LayoutButton {INPUT} at (199.41,3) size 62.47x15 [bgcolor=#FFFFFF]
        LayoutBlockFlow (anonymous) at (8,2) size 46.47x11
          LayoutText {#text} at (0,0) size 47x11
            text run at (0,0) width 47: "Test Button"
      LayoutText {#text} at (261,0) size 5x18
        text run at (261,0) width 5: " "
      LayoutButton {INPUT} at (265.88,3) size 62.47x15 [bgcolor=#FFFFFF]
        LayoutBlockFlow (anonymous) at (8,2) size 46.47x11
          LayoutText {#text} at (0,0) size 47x11
            text run at (0,0) width 47: "Test Button"
      LayoutText {#text} at (328,0) size 5x18
        text run at (328,0) width 5: " "
      LayoutButton {INPUT} at (332.34,3) size 62.47x15 [bgcolor=#FFFFFF]
        LayoutBlockFlow (anonymous) at (8,2) size 46.47x11
          LayoutText {#text} at (0,0) size 47x11
            text run at (0,0) width 47: "Test Button"
      LayoutText {#text} at (394,0) size 5x18
        text run at (394,0) width 5: " "
      LayoutButton {INPUT} at (398.81,1) size 72.80x18 [bgcolor=#FFFFFF]
        LayoutBlockFlow (anonymous) at (8,2) size 56.80x13
          LayoutText {#text} at (0,0) size 57x13
            text run at (0,0) width 57: "Test Button"
      LayoutText {#text} at (471,0) size 5x18
        text run at (471,0) width 5: " "
      LayoutButton {INPUT} at (475.61,1) size 72.80x18 [bgcolor=#FFFFFF]
        LayoutBlockFlow (anonymous) at (8,2) size 56.80x13
          LayoutText {#text} at (0,0) size 57x13
            text run at (0,0) width 57: "Test Button"
      LayoutText {#text} at (548,0) size 5x18
        text run at (548,0) width 5: " "
      LayoutButton {INPUT} at (552.41,1) size 72.80x18 [bgcolor=#FFFFFF]
        LayoutBlockFlow (anonymous) at (8,2) size 56.80x13
          LayoutText {#text} at (0,0) size 57x13
            text run at (0,0) width 57: "Test Button"
      LayoutText {#text} at (625,0) size 5x18
        text run at (625,0) width 5: " "
      LayoutButton {INPUT} at (629.20,1) size 72.80x18 [bgcolor=#FFFFFF]
        LayoutBlockFlow (anonymous) at (8,2) size 56.80x13
          LayoutText {#text} at (0,0) size 57x13
            text run at (0,0) width 57: "Test Button"
      LayoutText {#text} at (702,0) size 4x18
        text run at (702,0) width 4: " "
      LayoutButton {INPUT} at (706,1) size 72.80x18 [bgcolor=#FFFFFF]
        LayoutBlockFlow (anonymous) at (8,2) size 56.80x13
          LayoutText {#text} at (0,0) size 57x13
            text run at (0,0) width 57: "Test Button"
      LayoutText {#text} at (778,0) size 5x18
        text run at (778,0) width 5: " "
      LayoutButton {INPUT} at (0,19) size 83.13x21 [bgcolor=#FFFFFF]
        LayoutBlockFlow (anonymous) at (8,2) size 67.13x16
          LayoutText {#text} at (0,0) size 68x16
            text run at (0,0) width 68: "Test Button"
      LayoutText {#text} at (83,20) size 5x18
        text run at (83,20) width 5: " "
      LayoutButton {INPUT} at (87.13,19) size 83.13x21 [bgcolor=#FFFFFF]
        LayoutBlockFlow (anonymous) at (8,2) size 67.13x16
          LayoutText {#text} at (0,0) size 68x16
            text run at (0,0) width 68: "Test Button"
      LayoutText {#text} at (170,20) size 5x18
        text run at (170,20) width 5: " "
      LayoutButton {INPUT} at (174.25,19) size 83.13x21 [bgcolor=#FFFFFF]
        LayoutBlockFlow (anonymous) at (8,2) size 67.13x16
          LayoutText {#text} at (0,0) size 68x16
            text run at (0,0) width 68: "Test Button"
      LayoutText {#text} at (257,20) size 5x18
        text run at (257,20) width 5: " "
      LayoutButton {INPUT} at (261.38,19) size 83.13x21 [bgcolor=#FFFFFF]
        LayoutBlockFlow (anonymous) at (8,2) size 67.13x16
          LayoutText {#text} at (0,0) size 68x16
            text run at (0,0) width 68: "Test Button"
      LayoutText {#text} at (344,20) size 5x18
        text run at (344,20) width 5: " "
      LayoutButton {INPUT} at (348.50,19) size 83.13x21 [bgcolor=#FFFFFF]
        LayoutBlockFlow (anonymous) at (8,2) size 67.13x16
          LayoutText {#text} at (0,0) size 68x16
            text run at (0,0) width 68: "Test Button"
      LayoutText {#text} at (431,20) size 5x18
        text run at (431,20) width 5: " "
      LayoutButton {INPUT} at (435.63,19) size 83.13x21 [bgcolor=#FFFFFF]
        LayoutBlockFlow (anonymous) at (8,2) size 67.13x16
          LayoutText {#text} at (0,0) size 68x16
            text run at (0,0) width 68: "Test Button"
      LayoutText {#text} at (0,0) size 0x0
