layer at (0,0) size 800x600
  LayoutView at (0,0) size 800x600
layer at (0,0) size 800x110
  LayoutBlockFlow {HTML} at (0,0) size 800x110
    LayoutBlockFlow {BODY} at (8,16) size 784x86
      LayoutBlockFlow {P} at (0,0) size 784x20
        LayoutText {#text} at (0,0) size 405x19
          text run at (0,0) width 405: "Test passes if the text \"Test2\" moves faster than the text \"Test1\"."
      LayoutBlockFlow (anonymous) at (0,36) size 784x50
        LayoutText {#text} at (0,0) size 0x0
        LayoutText {#text} at (0,0) size 0x0
layer at (8,52) size 784x20
  LayoutBlockFlow {MARQUEE} at (0,0) size 784x20
layer at (8,77) size 784x20
  LayoutBlockFlow {MARQUEE} at (0,25) size 784x20
layer at (8,52) size 784x20
  LayoutBlockFlow {DIV} at (0,0) size 784x20
    LayoutText {#text} at (0,0) size 34x19
      text run at (0,0) width 34: "Test1"
layer at (8,77) size 784x20
  LayoutBlockFlow {DIV} at (0,0) size 784x20
    LayoutText {#text} at (0,0) size 34x19
      text run at (0,0) width 34: "Test2"
