layer at (0,0) size 800x600
  LayoutView at (0,0) size 800x600
layer at (0,0) size 800x245
  LayoutBlockFlow {HTML} at (0,0) size 800x244.63
    LayoutBlockFlow {BODY} at (8,19.91) size 784x216.72
      LayoutBlockFlow {H2} at (0,0) size 784x27
        LayoutText {#text} at (0,0) size 62x26
          text run at (0,0) width 62: "Steps:"
      LayoutBlockFlow {OL} at (0,46.91) size 784x20
        LayoutListItem {LI} at (40,0) size 744x20
          LayoutListMarker (anonymous) at (-16,0) size 16x19: "1"
          LayoutText {#text} at (0,0) size 324x19
            text run at (0,0) width 324: "Click the 'Start' button to start the marquee element."
      LayoutBlockFlow {H2} at (0,86.81) size 784x27
        LayoutText {#text} at (0,0) size 168x26
          text run at (0,0) width 168: "Expected result:"
      LayoutBlockFlow {UL} at (0,133.72) size 784x20
        LayoutListItem {LI} at (40,0) size 744x20
          LayoutListMarker (anonymous) at (-18,0) size 7x19: bullet
          LayoutText {#text} at (0,0) size 453x19
            text run at (0,0) width 453: "The text \"Test Marquee\" start to move when the 'Start' button is clicked."
      LayoutBlockFlow (anonymous) at (0,169.72) size 784x47
        LayoutButton {INPUT} at (0,0) size 44x22 [bgcolor=#C0C0C0] [border: (2px outset #C0C0C0)]
          LayoutBlockFlow (anonymous) at (8,3) size 28x16
            LayoutText {#text} at (0,0) size 28x16
              text run at (0,0) width 28: "Start"
        LayoutText {#text} at (44,1) size 4x19
          text run at (44,1) width 4: " "
        LayoutText {#text} at (0,0) size 0x0
layer at (8,212) size 784x20
  LayoutBlockFlow {MARQUEE} at (0,22) size 784x20
layer at (8,212) size 784x20
  LayoutBlockFlow {DIV} at (0,0) size 784x20
    LayoutText {#text} at (0,0) size 86x19
      text run at (0,0) width 86: "Test Marquee"
