layer at (0,0) size 800x600
  LayoutView at (0,0) size 800x600
layer at (0,0) size 800x85
  LayoutBlockFlow {HTML} at (0,0) size 800x85
    LayoutBlockFlow {BODY} at (8,16) size 784x61
      LayoutBlockFlow {P} at (0,0) size 784x20
        LayoutText {#text} at (0,0) size 408x19
          text run at (0,0) width 408: "Test passes if the text \"Test Marquee\" moves from bottom to top."
      LayoutBlockFlow (anonymous) at (0,36) size 784x25
        LayoutText {#text} at (0,0) size 0x0
layer at (8,52) size 784x20
  LayoutBlockFlow {MARQUEE} at (0,0) size 784x20
layer at (8,52) size 784x20
  LayoutBlockFlow {DIV} at (0,0) size 784x20
    LayoutText {#text} at (0,0) size 86x19
      text run at (0,0) width 86: "Test Marquee"
