layer at (0,0) size 800x600
  LayoutView at (0,0) size 800x600
layer at (0,0) size 800x600
  LayoutBlockFlow {HTML} at (0,0) size 800x600
    LayoutBlockFlow {BODY} at (8,8) size 784x584
      LayoutBlockFlow {P} at (0,0) size 784x20
        LayoutText {#text} at (0,0) size 146x19
          text run at (0,0) width 146: "Test controls placement."
      LayoutBlockFlow (anonymous) at (0,36) size 784x124
        LayoutBR {BR} at (300,32) size 0x0
        LayoutBR {BR} at (0,32) size 0x19
        LayoutBR {BR} at (320,84) size 0x0
        LayoutBR {BR} at (0,84) size 0x19
        LayoutBR {BR} at (0,104) size 0x19
layer at (8,44) size 300x32
  LayoutMedia {AUDIO} at (0,0) size 300x32 [bgcolor=#0000FF]
layer at (8,96) size 320x32
  LayoutMedia {AUDIO} at (0,52) size 320x32 [bgcolor=#0000FF]
layer at (8,44) size 300x32
  LayoutFlexibleBox (relative positioned) {DIV} at (0,0) size 300x32
    LayoutBlockFlow {DIV} at (0,0) size 300x32
layer at (8,44) size 300x32 scrollHeight 40
  LayoutFlexibleBox (relative positioned) {DIV} at (0,0) size 300x32 [bgcolor=#FAFAFA]
    LayoutButton {INPUT} at (0,0) size 32x32
    LayoutFlexibleBox {DIV} at (32,0) size 24x32 [color=#5A5A5A]
      LayoutBlockFlow (anonymous) at (0,0) size 24x32
        LayoutText {#text} at (0,9) size 24x14
          text run at (0,9) width 24: "0:00"
    LayoutFlexibleBox {DIV} at (56,0) size 35x32 [color=#5A5A5A]
      LayoutBlockFlow (anonymous) at (4,0) size 31x32
        LayoutText {#text} at (0,9) size 31x14
          text run at (0,9) width 31: "/ 0:07"
    LayoutSlider {INPUT} at (109,15) size 80x2
      LayoutFlexibleBox {DIV} at (0,0) size 80x2
        LayoutBlockFlow {DIV} at (-18,-23) size 116x48
          LayoutBlockFlow {DIV} at (0,0) size 36x48
    LayoutButton {INPUT} at (207,0) size 32x32
    LayoutSlider {INPUT} at (257,15) size 25x2
      LayoutFlexibleBox {DIV} at (0,0) size 25x2
        LayoutBlockFlow {DIV} at (-18,-23) size 61x48
          LayoutBlockFlow {DIV} at (25,0) size 36x48
layer at (8,96) size 320x32
  LayoutFlexibleBox (relative positioned) {DIV} at (0,0) size 320x32
    LayoutBlockFlow {DIV} at (0,0) size 320x32
layer at (8,96) size 320x32 scrollHeight 40
  LayoutFlexibleBox (relative positioned) {DIV} at (0,0) size 320x32 [bgcolor=#FAFAFA]
    LayoutButton {INPUT} at (0,0) size 32x32
    LayoutFlexibleBox {DIV} at (32,0) size 24x32 [color=#5A5A5A]
      LayoutBlockFlow (anonymous) at (0,0) size 24x32
        LayoutText {#text} at (0,9) size 24x14
          text run at (0,9) width 24: "0:00"
    LayoutFlexibleBox {DIV} at (56,0) size 35x32 [color=#5A5A5A]
      LayoutBlockFlow (anonymous) at (4,0) size 31x32
        LayoutText {#text} at (0,9) size 31x14
          text run at (0,9) width 31: "/ 0:07"
    LayoutSlider {INPUT} at (109,15) size 92.56x2
      LayoutFlexibleBox {DIV} at (0,0) size 92.56x2
        LayoutBlockFlow {DIV} at (-18,-23) size 128.56x48
          LayoutBlockFlow {DIV} at (0,0) size 36x48
    LayoutButton {INPUT} at (219.56,0) size 32x32
    LayoutSlider {INPUT} at (269.56,15) size 32.44x2
      LayoutFlexibleBox {DIV} at (0,0) size 32.44x2
        LayoutBlockFlow {DIV} at (-18,-23) size 68.44x48
          LayoutBlockFlow {DIV} at (32.44,0) size 36x48
layer at (8,148) size 320x100
  LayoutMedia (positioned) {AUDIO} at (8,148) size 320x100 [bgcolor=#0000FF]
layer at (8,148) size 320x100
  LayoutFlexibleBox (relative positioned) {DIV} at (0,0) size 320x100
    LayoutBlockFlow {DIV} at (0,68) size 320x32
layer at (8,216) size 320x32 scrollHeight 40
  LayoutFlexibleBox (relative positioned) {DIV} at (0,0) size 320x32 [bgcolor=#FAFAFA]
    LayoutButton {INPUT} at (0,0) size 32x32
    LayoutFlexibleBox {DIV} at (32,0) size 24x32 [color=#5A5A5A]
      LayoutBlockFlow (anonymous) at (0,0) size 24x32
        LayoutText {#text} at (0,9) size 24x14
          text run at (0,9) width 24: "0:00"
    LayoutFlexibleBox {DIV} at (56,0) size 35x32 [color=#5A5A5A]
      LayoutBlockFlow (anonymous) at (4,0) size 31x32
        LayoutText {#text} at (0,9) size 31x14
          text run at (0,9) width 31: "/ 0:07"
    LayoutSlider {INPUT} at (109,15) size 92.56x2
      LayoutFlexibleBox {DIV} at (0,0) size 92.56x2
        LayoutBlockFlow {DIV} at (-18,-23) size 128.56x48
          LayoutBlockFlow {DIV} at (0,0) size 36x48
    LayoutButton {INPUT} at (219.56,0) size 32x32
    LayoutSlider {INPUT} at (269.56,15) size 32.44x2
      LayoutFlexibleBox {DIV} at (0,0) size 32.44x2
        LayoutBlockFlow {DIV} at (-18,-23) size 68.44x48
          LayoutBlockFlow {DIV} at (32.44,0) size 36x48
