layer at (0,0) size 800x600
  LayoutView at (0,0) size 800x600
layer at (0,0) size 800x600
  LayoutBlockFlow {HTML} at (0,0) size 800x600
    LayoutBlockFlow {BODY} at (12,12) size 776x543
      LayoutBlockFlow {P} at (0,0) size 776x27
        LayoutText {#text} at (0,0) size 278x26
          text run at (0,0) width 278: "Zoomed video with controls."
layer at (57,84) size 240x180
  LayoutVideo {VIDEO} at (45,72) size 240x180
layer at (57,84) size 240x180
  LayoutFlexibleBox (relative positioned) {DIV} at (0,0) size 240x180
    LayoutBlockFlow {DIV} at (0,132) size 240x48
layer at (57,84) size 240x117
  LayoutFlexibleBox (relative positioned) {DIV} at (0,0) size 240x117
layer at (57,216) size 240x48 scrollWidth 271 scrollHeight 60
  LayoutFlexibleBox (relative positioned) {DIV} at (0,0) size 240x48 [bgcolor=#FAFAFA]
    LayoutButton {INPUT} at (0,0) size 48x48
    LayoutFlexibleBox {DIV} at (48,0) size 35.05x48 [color=#5A5A5A]
      LayoutBlockFlow (anonymous) at (0,0) size 35.05x48
        LayoutText {#text} at (0,14) size 36x20
          text run at (0,14) width 36: "0:00"
    LayoutSlider {INPUT} at (110.05,22.50) size 37.50x3
      LayoutFlexibleBox {DIV} at (0,0) size 37.50x3
        LayoutBlockFlow {DIV} at (-27,-34.50) size 91.50x72
          LayoutBlockFlow {DIV} at (0,0) size 54x72
    LayoutButton {INPUT} at (174.55,0) size 48x48
layer at (280,216) size 48x48 backgroundClip at (280,216) size 17x48 clip at (280,216) size 17x48
  LayoutButton {INPUT} at (222.55,0) size 48x48
layer at (57,309) size 240x180
  LayoutVideo {VIDEO} at (45,297) size 240x180
layer at (57,309) size 240x180
  LayoutFlexibleBox (relative positioned) {DIV} at (0,0) size 240x180
    LayoutBlockFlow {DIV} at (0,132) size 240x48
layer at (57,309) size 240x117
  LayoutFlexibleBox (relative positioned) {DIV} at (0,0) size 240x117
layer at (57,441) size 240x48 scrollWidth 271 scrollHeight 60
  LayoutFlexibleBox (relative positioned) {DIV} at (0,0) size 240x48 [bgcolor=#FAFAFA]
    LayoutButton {INPUT} at (0,0) size 48x48
    LayoutFlexibleBox {DIV} at (48,0) size 35.05x48 [color=#5A5A5A]
      LayoutBlockFlow (anonymous) at (0,0) size 35.05x48
        LayoutText {#text} at (0,14) size 36x20
          text run at (0,14) width 36: "0:00"
    LayoutSlider {INPUT} at (110.05,22.50) size 37.50x3
      LayoutFlexibleBox {DIV} at (0,0) size 37.50x3
        LayoutBlockFlow {DIV} at (-27,-34.50) size 91.50x72
          LayoutBlockFlow {DIV} at (0,0) size 54x72
    LayoutButton {INPUT} at (174.55,0) size 48x48
layer at (280,441) size 48x48 backgroundClip at (280,441) size 12x27 clip at (280,441) size 12x27
  LayoutButton {INPUT} at (222.55,0) size 48x48
