layer at (0,0) size 800x600 clip at (0,0) size 785x600 scrollHeight 1378
  LayoutView at (0,0) size 800x600
layer at (0,0) size 785x1378 backgroundClip at (0,0) size 785x600 clip at (0,0) size 785x600
  LayoutBlockFlow {html} at (0,0) size 785x1378.38
    LayoutBlockFlow {body} at (8,8) size 769x0
      LayoutBlockFlow (floating) {div} at (0,0) size 769x1370.38
        LayoutBlockFlow {h1} at (0,21.44) size 769x37
          LayoutText {#text} at (0,0) size 443x36
            text run at (0,0) width 443: "SVG grid with percentage width"
        LayoutBlockFlow {h4} at (0,79.88) size 769x20
          LayoutText {#text} at (0,0) size 146x19
            text run at (0,0) width 146: "WICD Core 1.0 #20-3"
        LayoutBlockFlow {p} at (0,121.14) size 769x0
          LayoutBlockFlow (floating) {div} at (256.30,128.16) size 256.30x448.52
            LayoutBR {br} at (256,0) size 1x19
          LayoutBlockFlow (floating) {div} at (512.59,128.16) size 256.30x448.52
          LayoutBlockFlow (floating) {div} at (0,704.83) size 384.50x192.25
          LayoutBlockFlow (floating) {div} at (384.50,704.83) size 384.50x192.25
          LayoutBlockFlow (floating) {div} at (384.50,897.08) size 384.50x128.16
        LayoutBlockFlow {p} at (0,121.14) size 769x1045.23 [color=#FFFFFF]
          LayoutBR {br} at (769,0) size 0x19
          LayoutText {#text} at (0,1025) size 8x19
            text run at (0,1025) width 8: ".."
        LayoutBlockFlow {p} at (0,1182.38) size 769x60
          LayoutText {#text} at (0,0) size 735x59
            text run at (0,0) width 603: "Above, you should see a grid of 17 SVG child elements sticked together to build one rectangle grid. "
            text run at (603,0) width 132: "You should be able to"
            text run at (0,20) width 697: "resize your browser window and the grid rendering should adjust to it. The outcome should look like in these sample"
            text run at (0,40) width 77: "screenshots: "
          LayoutInline {a} at (0,0) size 30x19 [color=#0000EE]
            LayoutText {#text} at (77,40) size 30x19
              text run at (77,40) width 30: "small"
          LayoutText {#text} at (107,40) size 8x19
            text run at (107,40) width 8: ", "
          LayoutInline {a} at (0,0) size 37x19 [color=#0000EE]
            LayoutText {#text} at (115,40) size 37x19
              text run at (115,40) width 37: "bigger"
          LayoutText {#text} at (152,40) size 30x19
            text run at (152,40) width 30: " and "
          LayoutInline {a} at (0,0) size 18x19 [color=#0000EE]
            LayoutText {#text} at (182,40) size 18x19
              text run at (182,40) width 18: "big"
          LayoutText {#text} at (200,40) size 4x19
            text run at (200,40) width 4: "."
        LayoutBlockFlow {p} at (0,1258.38) size 769x40
          LayoutText {#text} at (0,0) size 754x39
            text run at (0,0) width 754: "The test is successful, if all SVG elements resize exacly dependend on the width of the browser window, but keep their aspect"
            text run at (0,20) width 553: "ratio and relative position. The complete grid should always show a perfect rectangle object."
        LayoutBlockFlow {p} at (0,1314.38) size 769x40
          LayoutBR {br} at (0,0) size 0x19
          LayoutInline {a} at (0,0) size 32x19 [color=#0000EE]
            LayoutText {#text} at (0,20) size 32x19
              text run at (0,20) width 32: "Back"
layer at (8,129) size 385x128
  LayoutEmbeddedObject (floating) {object} at (0,0) size 384.50x128.16
    layer at (0,0) size 385x128
      LayoutView at (0,0) size 385x128
    layer at (0,0) size 385x128
      LayoutSVGRoot {svg} at (0,0) size 385x128
        LayoutSVGHiddenContainer {defs} at (0,0) size 0x0
          LayoutSVGResourceLinearGradient {linearGradient} [id="surface"] [gradientUnits=objectBoundingBox] [start=(1,0)] [end=(1,1)]
            LayoutSVGGradientStop {stop} [offset=0.00] [color=#FFFFFF]
            LayoutSVGGradientStop {stop} [offset=1.00] [color=#FFEEAA]
        LayoutSVGRect {rect} at (0,0) size 385x128 [stroke={[type=SOLID] [color=#FFCC33] [stroke width=2.00]}] [fill={[type=LINEAR-GRADIENT] [id="surface"]}] [x=1.00] [y=1.00] [width=118.00] [height=38.00]
        LayoutSVGText {text} at (52,8) size 16x24 contains 1 chunk(s)
          LayoutSVGInlineText {#text} at (0,0) size 15x23
            chunk 1 (middle anchor) text run 1 at (52.97,27.00) startOffset 0 endOffset 1 width 14.06: "A"
layer at (393,129) size 384x128
  LayoutEmbeddedObject (floating) {object} at (384.50,0) size 384.50x128.16
    layer at (0,0) size 385x128
      LayoutView at (0,0) size 385x128
    layer at (0,0) size 385x128
      LayoutSVGRoot {svg} at (0,0) size 385x128
        LayoutSVGHiddenContainer {defs} at (0,0) size 0x0
          LayoutSVGResourceLinearGradient {linearGradient} [id="surface"] [gradientUnits=objectBoundingBox] [start=(1,0)] [end=(1,1)]
            LayoutSVGGradientStop {stop} [offset=0.00] [color=#FFFFFF]
            LayoutSVGGradientStop {stop} [offset=1.00] [color=#FFEEAA]
        LayoutSVGRect {rect} at (0,0) size 385x128 [stroke={[type=SOLID] [color=#FFCC33] [stroke width=2.00]}] [fill={[type=LINEAR-GRADIENT] [id="surface"]}] [x=1.00] [y=1.00] [width=118.00] [height=38.00]
        LayoutSVGText {text} at (54,8) size 12x24 contains 1 chunk(s)
          LayoutSVGInlineText {#text} at (0,0) size 12x23
            chunk 1 (middle anchor) text run 1 at (54.06,27.00) startOffset 0 endOffset 1 width 11.88: "L"
layer at (8,257) size 256x449 backgroundClip at (0,0) size 785x600 clip at (0,0) size 785x600
  LayoutEmbeddedObject (floating) {object} at (0,128.16) size 256.30x448.52
    layer at (0,0) size 256x449
      LayoutView at (0,0) size 256x449
    layer at (0,0) size 256x449
      LayoutSVGRoot {svg} at (0,0) size 256x449
        LayoutSVGHiddenContainer {defs} at (0,0) size 0x0
          LayoutSVGResourceLinearGradient {linearGradient} [id="surface"] [gradientUnits=objectBoundingBox] [start=(1,0)] [end=(1,1)]
            LayoutSVGGradientStop {stop} [offset=0.00] [color=#FFFFFF]
            LayoutSVGGradientStop {stop} [offset=1.00] [color=#FFEEAA]
        LayoutSVGContainer {a} at (0,0) size 128x129
          LayoutSVGRect {rect} at (0,0) size 128x129 [stroke={[type=SOLID] [color=#FFCC33] [stroke width=2.00]}] [fill={[type=LINEAR-GRADIENT] [id="surface"]}] [x=1.00] [y=1.00] [width=38.00] [height=38.00]
          LayoutSVGText {text} at (13,8) size 14x24 contains 1 chunk(s)
            LayoutSVGInlineText {#text} at (0,0) size 14x23
              chunk 1 (middle anchor) text run 1 at (13.44,27.00) startOffset 0 endOffset 1 width 13.13: "B"
        LayoutSVGContainer {a} at (128,0) size 128x129
          LayoutSVGRect {rect} at (128,0) size 128x129 [stroke={[type=SOLID] [color=#FFCC33] [stroke width=2.00]}] [fill={[type=LINEAR-GRADIENT] [id="surface"]}] [x=41.00] [y=1.00] [width=38.00] [height=38.00]
        LayoutSVGContainer {a} at (0,160) size 128x129
          LayoutSVGEllipse {circle} at (0,160) size 128x129 [stroke={[type=SOLID] [color=#FFCC33] [stroke width=2.00]}] [fill={[type=LINEAR-GRADIENT] [id="surface"]}] [cx=20.00] [cy=70.00] [r=19.00]
          LayoutSVGText {text} at (13,58) size 14x24 contains 1 chunk(s)
            LayoutSVGInlineText {#text} at (0,0) size 14x23
              chunk 1 (middle anchor) text run 1 at (13.28,77.00) startOffset 0 endOffset 1 width 13.44: "C"
        LayoutSVGContainer {a} at (128,160) size 128x129
          LayoutSVGEllipse {circle} at (128,160) size 128x129 [stroke={[type=SOLID] [color=#FFCC33] [stroke width=2.00]}] [fill={[type=LINEAR-GRADIENT] [id="surface"]}] [cx=60.00] [cy=70.00] [r=19.00]
        LayoutSVGContainer {a} at (0,320) size 128x129
          LayoutSVGEllipse {circle} at (0,320) size 128x129 [stroke={[type=SOLID] [color=#FFCC33] [stroke width=2.00]}] [fill={[type=LINEAR-GRADIENT] [id="surface"]}] [cx=20.00] [cy=120.00] [r=19.00]
          LayoutSVGText {text} at (12,108) size 16x24 contains 1 chunk(s)
            LayoutSVGInlineText {#text} at (0,0) size 15x23
              chunk 1 (middle anchor) text run 1 at (12.81,127.00) startOffset 0 endOffset 1 width 14.38: "D"
        LayoutSVGContainer {a} at (128,320) size 128x129
          LayoutSVGEllipse {circle} at (128,320) size 128x129 [stroke={[type=SOLID] [color=#FFCC33] [stroke width=2.00]}] [fill={[type=LINEAR-GRADIENT] [id="surface"]}] [cx=60.00] [cy=120.00] [r=19.00]
          LayoutSVGText {text} at (53,108) size 14x24 contains 1 chunk(s)
            LayoutSVGInlineText {#text} at (0,0) size 13x23
              chunk 1 (middle anchor) text run 1 at (53.91,127.00) startOffset 0 endOffset 1 width 12.19: "E"
layer at (264,257) size 256x256
  LayoutEmbeddedObject (floating) {object} at (0,0) size 256.30x256.30
    layer at (0,0) size 256x256
      LayoutView at (0,0) size 256x256
    layer at (0,0) size 256x256
      LayoutSVGRoot {svg} at (0,0) size 256x256
        LayoutSVGHiddenContainer {defs} at (0,0) size 0x0
          LayoutSVGResourceLinearGradient {linearGradient} [id="surface"] [gradientUnits=objectBoundingBox] [start=(1,0)] [end=(1,1)]
            LayoutSVGGradientStop {stop} [offset=0.00] [color=#FFFFFF]
            LayoutSVGGradientStop {stop} [offset=1.00] [color=#FFEEAA]
        LayoutSVGRect {rect} at (0,0) size 256x256 [stroke={[type=SOLID] [color=#FFCC33] [stroke width=2.00]}] [fill={[type=LINEAR-GRADIENT] [id="surface"]}] [x=1.00] [y=1.00] [width=78.00] [height=78.00]
        LayoutSVGText {text} at (32,28) size 16x24 contains 1 chunk(s)
          LayoutSVGInlineText {#text} at (0,0) size 15x23
            chunk 1 (middle anchor) text run 1 at (32.81,47.00) startOffset 0 endOffset 1 width 14.38: "K"
layer at (264,514) size 256x193 backgroundClip at (0,0) size 785x600 clip at (0,0) size 785x600
  LayoutEmbeddedObject (floating) {object} at (0,256.30) size 256.30x192.22
    layer at (0,0) size 256x192
      LayoutView at (0,0) size 256x192
    layer at (0,0) size 256x192
      LayoutSVGRoot {svg} at (0,0) size 256x192
        LayoutSVGHiddenContainer {defs} at (0,0) size 0x0
          LayoutSVGResourceLinearGradient {linearGradient} [id="surface"] [gradientUnits=objectBoundingBox] [start=(1,0)] [end=(1,1)]
            LayoutSVGGradientStop {stop} [offset=0.00] [color=#FFFFFF]
            LayoutSVGGradientStop {stop} [offset=1.00] [color=#FFEEAA]
        LayoutSVGRect {rect} at (0,0) size 256x192 [stroke={[type=SOLID] [color=#FFCC33] [stroke width=2.00]}] [fill={[type=LINEAR-GRADIENT] [id="surface"]}] [x=1.00] [y=1.00] [width=78.00] [height=58.00]
        LayoutSVGText {text} at (36,18) size 8x24 contains 1 chunk(s)
          LayoutSVGInlineText {#text} at (0,0) size 8x23
            chunk 1 (middle anchor) text run 1 at (36.09,37.00) startOffset 0 endOffset 1 width 7.81: "J"
layer at (521,257) size 256x256
  LayoutEmbeddedObject (floating) {object} at (0,0) size 256.30x256.30
    layer at (0,0) size 256x256
      LayoutView at (0,0) size 256x256
    layer at (0,0) size 256x256
      LayoutSVGRoot {svg} at (0,0) size 256x256
        LayoutSVGHiddenContainer {defs} at (0,0) size 0x0
          LayoutSVGResourceLinearGradient {linearGradient} [id="surface"] [gradientUnits=objectBoundingBox] [start=(1,0)] [end=(1,1)]
            LayoutSVGGradientStop {stop} [offset=0.00] [color=#FFFFFF]
            LayoutSVGGradientStop {stop} [offset=1.00] [color=#FFEEAA]
        LayoutSVGContainer {a} at (0,0) size 128x128
          LayoutSVGRect {rect} at (0,0) size 128x128 [stroke={[type=SOLID] [color=#FFCC33] [stroke width=2.00]}] [fill={[type=LINEAR-GRADIENT] [id="surface"]}] [x=1.00] [y=1.00] [width=38.00] [height=38.00]
          LayoutSVGText {text} at (11,8) size 18x24 contains 1 chunk(s)
            LayoutSVGInlineText {#text} at (0,0) size 18x23
              chunk 1 (middle anchor) text run 1 at (11.09,27.00) startOffset 0 endOffset 1 width 17.81: "M"
        LayoutSVGContainer {a} at (128,0) size 128x128
          LayoutSVGRect {rect} at (128,0) size 128x128 [stroke={[type=SOLID] [color=#FFCC33] [stroke width=2.00]}] [fill={[type=LINEAR-GRADIENT] [id="surface"]}] [x=41.00] [y=1.00] [width=38.00] [height=38.00]
          LayoutSVGText {text} at (52,8) size 16x24 contains 1 chunk(s)
            LayoutSVGInlineText {#text} at (0,0) size 15x23
              chunk 1 (middle anchor) text run 1 at (52.81,27.00) startOffset 0 endOffset 1 width 14.38: "N"
        LayoutSVGContainer {a} at (0,128) size 128x128
          LayoutSVGRect {rect} at (0,128) size 128x128 [stroke={[type=SOLID] [color=#FFCC33] [stroke width=2.00]}] [fill={[type=LINEAR-GRADIENT] [id="surface"]}] [x=1.00] [y=41.00] [width=38.00] [height=38.00]
          LayoutSVGText {text} at (14,48) size 12x24 contains 1 chunk(s)
            LayoutSVGInlineText {#text} at (0,0) size 12x23
              chunk 1 (middle anchor) text run 1 at (14.38,67.00) startOffset 0 endOffset 1 width 11.25: "P"
        LayoutSVGContainer {a} at (128,128) size 128x128
          LayoutSVGRect {rect} at (128,128) size 128x128 [stroke={[type=SOLID] [color=#FFCC33] [stroke width=2.00]}] [fill={[type=LINEAR-GRADIENT] [id="surface"]}] [x=41.00] [y=41.00] [width=38.00] [height=38.00]
          LayoutSVGText {text} at (52,48) size 16x24 contains 1 chunk(s)
            LayoutSVGInlineText {#text} at (0,0) size 15x23
              chunk 1 (middle anchor) text run 1 at (52.81,67.00) startOffset 0 endOffset 1 width 14.38: "O"
layer at (521,514) size 256x193 backgroundClip at (0,0) size 785x600 clip at (0,0) size 785x600
  LayoutEmbeddedObject (floating) {object} at (0,256.30) size 256.30x192.22
    layer at (0,0) size 256x192
      LayoutView at (0,0) size 256x192
    layer at (0,0) size 256x192
      LayoutSVGRoot {svg} at (0,0) size 256x192
        LayoutSVGHiddenContainer {defs} at (0,0) size 0x0
          LayoutSVGResourceLinearGradient {linearGradient} [id="surface"] [gradientUnits=objectBoundingBox] [start=(1,0)] [end=(1,1)]
            LayoutSVGGradientStop {stop} [offset=0.00] [color=#FFFFFF]
            LayoutSVGGradientStop {stop} [offset=1.00] [color=#FFEEAA]
        LayoutSVGEllipse {ellipse} at (0,0) size 256x192 [stroke={[type=SOLID] [color=#FFCC33] [stroke width=2.00]}] [fill={[type=LINEAR-GRADIENT] [id="surface"]}] [cx=40.00] [cy=30.00] [rx=39.00] [ry=29.00]
        LayoutSVGText {text} at (32,18) size 16x24 contains 1 chunk(s)
          LayoutSVGInlineText {#text} at (0,0) size 15x23
            chunk 1 (middle anchor) text run 1 at (32.81,37.00) startOffset 0 endOffset 1 width 14.38: "Q"
layer at (8,706) size 385x128 backgroundClip at (0,0) size 785x600 clip at (0,0) size 785x600
  LayoutEmbeddedObject (floating) {object} at (0,576.67) size 384.50x128.16
    layer at (0,0) size 385x128
      LayoutView at (0,0) size 385x128
    layer at (0,0) size 385x128
      LayoutSVGRoot {svg} at (0,0) size 385x128
        LayoutSVGHiddenContainer {defs} at (0,0) size 0x0
          LayoutSVGResourceLinearGradient {linearGradient} [id="surface"] [gradientUnits=objectBoundingBox] [start=(1,0)] [end=(1,1)]
            LayoutSVGGradientStop {stop} [offset=0.00] [color=#FFFFFF]
            LayoutSVGGradientStop {stop} [offset=1.00] [color=#FFEEAA]
        LayoutSVGRect {rect} at (0,0) size 385x128 [stroke={[type=SOLID] [color=#FFCC33] [stroke width=2.00]}] [fill={[type=LINEAR-GRADIENT] [id="surface"]}] [x=1.00] [y=1.00] [width=118.00] [height=38.00]
        LayoutSVGText {text} at (54,8) size 12x24 contains 1 chunk(s)
          LayoutSVGInlineText {#text} at (0,0) size 11x23
            chunk 1 (middle anchor) text run 1 at (54.53,27.00) startOffset 0 endOffset 1 width 10.94: "F"
layer at (393,706) size 384x128 backgroundClip at (0,0) size 785x600 clip at (0,0) size 785x600
  LayoutEmbeddedObject (floating) {object} at (384.50,576.67) size 384.50x128.16
    layer at (0,0) size 385x128
      LayoutView at (0,0) size 385x128
    layer at (0,0) size 385x128
      LayoutSVGRoot {svg} at (0,0) size 385x128
        LayoutSVGHiddenContainer {defs} at (0,0) size 0x0
          LayoutSVGResourceLinearGradient {linearGradient} [id="surface"] [gradientUnits=objectBoundingBox] [start=(1,0)] [end=(1,1)]
            LayoutSVGGradientStop {stop} [offset=0.00] [color=#FFFFFF]
            LayoutSVGGradientStop {stop} [offset=1.00] [color=#FFEEAA]
        LayoutSVGRect {rect} at (0,0) size 385x128 [stroke={[type=SOLID] [color=#FFCC33] [stroke width=2.00]}] [fill={[type=LINEAR-GRADIENT] [id="surface"]}] [x=1.00] [y=1.00] [width=118.00] [height=38.00]
        LayoutSVGText {text} at (56,8) size 8x24 contains 1 chunk(s)
          LayoutSVGInlineText {#text} at (0,0) size 7x23
            chunk 1 (middle anchor) text run 1 at (56.88,27.00) startOffset 0 endOffset 1 width 6.25: "I"
layer at (8,834) size 96x192 backgroundClip at (0,0) size 785x600 clip at (0,0) size 785x600
  LayoutEmbeddedObject (floating) {object} at (0,0) size 96.13x192.25
    layer at (0,0) size 96x192
      LayoutView at (0,0) size 96x192
    layer at (0,0) size 96x192
      LayoutSVGRoot {svg} at (0,0) size 96x192
        LayoutSVGHiddenContainer {defs} at (0,0) size 0x0
          LayoutSVGResourceLinearGradient {linearGradient} [id="surface"] [gradientUnits=objectBoundingBox] [start=(1,0)] [end=(1,1)]
            LayoutSVGGradientStop {stop} [offset=0.00] [color=#FFFFFF]
            LayoutSVGGradientStop {stop} [offset=1.00] [color=#FFEEAA]
        LayoutSVGRect {rect} at (0,0) size 96x192 [stroke={[type=SOLID] [color=#FFCC33] [stroke width=2.00]}] [fill={[type=LINEAR-GRADIENT] [id="surface"]}] [x=1.00] [y=1.00] [width=28.00] [height=58.00]
layer at (104,834) size 289x192 backgroundClip at (0,0) size 785x600 clip at (0,0) size 785x600
  LayoutEmbeddedObject (floating) {object} at (96.13,0) size 288.38x192.25
    layer at (0,0) size 288x192
      LayoutView at (0,0) size 288x192
    layer at (0,0) size 288x192
      LayoutSVGRoot {svg} at (0,0) size 288x192
        LayoutSVGHiddenContainer {defs} at (0,0) size 0x0
          LayoutSVGResourceLinearGradient {linearGradient} [id="surface"] [gradientUnits=objectBoundingBox] [start=(1,0)] [end=(1,1)]
            LayoutSVGGradientStop {stop} [offset=0.00] [color=#FFFFFF]
            LayoutSVGGradientStop {stop} [offset=1.00] [color=#FFEEAA]
        LayoutSVGRect {rect} at (0,0) size 288x192 [stroke={[type=SOLID] [color=#FFCC33] [stroke width=2.00]}] [fill={[type=LINEAR-GRADIENT] [id="surface"]}] [x=1.00] [y=1.00] [width=88.00] [height=58.00]
        LayoutSVGText {text} at (37,18) size 16x24 contains 1 chunk(s)
          LayoutSVGInlineText {#text} at (0,0) size 15x23
            chunk 1 (middle anchor) text run 1 at (37.81,37.00) startOffset 0 endOffset 1 width 14.38: "G"
layer at (393,834) size 192x192 backgroundClip at (0,0) size 785x600 clip at (0,0) size 785x600
  LayoutEmbeddedObject (floating) {object} at (0,0) size 192.25x192.25
    layer at (0,0) size 192x192
      LayoutView at (0,0) size 192x192
    layer at (0,0) size 192x192
      LayoutSVGRoot {svg} at (0,0) size 192x192
        LayoutSVGHiddenContainer {defs} at (0,0) size 0x0
          LayoutSVGResourceLinearGradient {linearGradient} [id="surface"] [gradientUnits=objectBoundingBox] [start=(1,0)] [end=(1,1)]
            LayoutSVGGradientStop {stop} [offset=0.00] [color=#FFFFFF]
            LayoutSVGGradientStop {stop} [offset=1.00] [color=#FFEEAA]
        LayoutSVGEllipse {ellipse} at (0,0) size 192x192 [stroke={[type=SOLID] [color=#FFCC33] [stroke width=2.00]}] [fill={[type=LINEAR-GRADIENT] [id="surface"]}] [cx=30.00] [cy=30.00] [rx=29.00] [ry=29.00]
        LayoutSVGText {text} at (22,18) size 16x24 contains 1 chunk(s)
          LayoutSVGInlineText {#text} at (0,0) size 15x23
            chunk 1 (middle anchor) text run 1 at (22.81,37.00) startOffset 0 endOffset 1 width 14.38: "H"
layer at (585,834) size 193x192 backgroundClip at (0,0) size 785x600 clip at (0,0) size 785x600
  LayoutEmbeddedObject (floating) {object} at (192.25,0) size 192.25x192.25
    layer at (0,0) size 192x192
      LayoutView at (0,0) size 192x192
    layer at (0,0) size 192x192
      LayoutSVGRoot {svg} at (0,0) size 192x192
        LayoutSVGHiddenContainer {defs} at (0,0) size 0x0
          LayoutSVGResourceLinearGradient {linearGradient} [id="surface"] [gradientUnits=objectBoundingBox] [start=(1,0)] [end=(1,1)]
            LayoutSVGGradientStop {stop} [offset=0.00] [color=#FFFFFF]
            LayoutSVGGradientStop {stop} [offset=1.00] [color=#FFEEAA]
        LayoutSVGRect {rect} at (0,0) size 192x192 [stroke={[type=SOLID] [color=#FFCC33] [stroke width=2.00]}] [fill={[type=LINEAR-GRADIENT] [id="surface"]}] [x=1.00] [y=1.00] [width=58.00] [height=58.00]
        LayoutSVGText {text} at (23,18) size 14x24 contains 1 chunk(s)
          LayoutSVGInlineText {#text} at (0,0) size 14x23
            chunk 1 (middle anchor) text run 1 at (23.28,37.00) startOffset 0 endOffset 1 width 13.44: "R"
layer at (8,1026) size 192x128 backgroundClip at (0,0) size 785x600 clip at (0,0) size 785x600
  LayoutEmbeddedObject (floating) {object} at (0,897.08) size 192.25x128.16
    layer at (0,0) size 192x128
      LayoutView at (0,0) size 192x128
    layer at (0,0) size 192x128
      LayoutSVGRoot {svg} at (0,0) size 192x128
        LayoutSVGHiddenContainer {defs} at (0,0) size 0x0
          LayoutSVGResourceLinearGradient {linearGradient} [id="surface"] [gradientUnits=objectBoundingBox] [start=(1,0)] [end=(1,1)]
            LayoutSVGGradientStop {stop} [offset=0.00] [color=#FFFFFF]
            LayoutSVGGradientStop {stop} [offset=1.00] [color=#FFEEAA]
        LayoutSVGEllipse {ellipse} at (0,0) size 192x128 [stroke={[type=SOLID] [color=#FFCC33] [stroke width=2.00]}] [fill={[type=LINEAR-GRADIENT] [id="surface"]}] [cx=30.00] [cy=20.00] [rx=29.00] [ry=19.00]
layer at (200,1026) size 193x128 backgroundClip at (0,0) size 785x600 clip at (0,0) size 785x600
  LayoutEmbeddedObject (floating) {object} at (192.25,897.08) size 192.25x128.16
    layer at (0,0) size 192x128
      LayoutView at (0,0) size 192x128
    layer at (0,0) size 192x128
      LayoutSVGRoot {svg} at (0,0) size 192x128
        LayoutSVGHiddenContainer {defs} at (0,0) size 0x0
          LayoutSVGResourceLinearGradient {linearGradient} [id="surface"] [gradientUnits=objectBoundingBox] [start=(1,0)] [end=(1,1)]
            LayoutSVGGradientStop {stop} [offset=0.00] [color=#FFFFFF]
            LayoutSVGGradientStop {stop} [offset=1.00] [color=#FFEEAA]
        LayoutSVGEllipse {ellipse} at (0,0) size 192x128 [stroke={[type=SOLID] [color=#FFCC33] [stroke width=2.00]}] [fill={[type=LINEAR-GRADIENT] [id="surface"]}] [cx=30.00] [cy=20.00] [rx=29.00] [ry=19.00]
layer at (393,1026) size 288x128 backgroundClip at (0,0) size 785x600 clip at (0,0) size 785x600
  LayoutEmbeddedObject (floating) {object} at (0,0) size 288.38x128.16
    layer at (0,0) size 288x128
      LayoutView at (0,0) size 288x128
    layer at (0,0) size 288x128
      LayoutSVGRoot {svg} at (0,0) size 288x128
        LayoutSVGHiddenContainer {defs} at (0,0) size 0x0
          LayoutSVGResourceLinearGradient {linearGradient} [id="surface"] [gradientUnits=objectBoundingBox] [start=(1,0)] [end=(1,1)]
            LayoutSVGGradientStop {stop} [offset=0.00] [color=#FFFFFF]
            LayoutSVGGradientStop {stop} [offset=1.00] [color=#FFEEAA]
        LayoutSVGRect {rect} at (0,0) size 288x128 [stroke={[type=SOLID] [color=#FFCC33] [stroke width=2.00]}] [fill={[type=LINEAR-GRADIENT] [id="surface"]}] [x=1.00] [y=1.00] [width=88.00] [height=38.00]
        LayoutSVGText {text} at (39,8) size 12x24 contains 1 chunk(s)
          LayoutSVGInlineText {#text} at (0,0) size 12x23
            chunk 1 (middle anchor) text run 1 at (39.38,27.00) startOffset 0 endOffset 1 width 11.25: "S"
layer at (681,1026) size 97x128 backgroundClip at (0,0) size 785x600 clip at (0,0) size 785x600
  LayoutEmbeddedObject (floating) {object} at (288.38,0) size 96.13x128.16
    layer at (0,0) size 96x128
      LayoutView at (0,0) size 96x128
    layer at (0,0) size 96x128
      LayoutSVGRoot {svg} at (0,0) size 96x128
        LayoutSVGHiddenContainer {defs} at (0,0) size 0x0
          LayoutSVGResourceLinearGradient {linearGradient} [id="surface"] [gradientUnits=objectBoundingBox] [start=(1,0)] [end=(1,1)]
            LayoutSVGGradientStop {stop} [offset=0.00] [color=#FFFFFF]
            LayoutSVGGradientStop {stop} [offset=1.00] [color=#FFEEAA]
        LayoutSVGRect {rect} at (0,0) size 96x128 [stroke={[type=SOLID] [color=#FFCC33] [stroke width=2.00]}] [fill={[type=LINEAR-GRADIENT] [id="surface"]}] [x=1.00] [y=1.00] [width=28.00] [height=38.00]
        LayoutSVGText {text} at (8,8) size 14x24 contains 1 chunk(s)
          LayoutSVGInlineText {#text} at (0,0) size 13x23
            chunk 1 (middle anchor) text run 1 at (8.75,27.00) startOffset 0 endOffset 1 width 12.50: "T"
