CONSOLE ERROR: Blocked script execution in 'data-uri-font.mht' because the document's frame is sandboxed and the 'allow-scripts' permission is not set.
CONSOLE ERROR: Blocked script execution in 'data-uri-font.mht' because the document's frame is sandboxed and the 'allow-scripts' permission is not set.
layer at (0,0) size 800x600
  LayoutView at (0,0) size 800x600
layer at (0,0) size 800x36
  LayoutBlockFlow {HTML} at (0,0) size 800x36
    LayoutBlockFlow {BODY} at (8,8) size 784x20
      LayoutInline {SPAN} at (0,0) size 386x18 [border: (1px solid #000000)]
        LayoutText {#text} at (1,2) size 384x16
          text run at (1,2) width 384: "Should not be monospace."
      LayoutBR {BR} at (386,0) size 0x19
