layer at (0,0) size 800x600
  LayoutView at (0,0) size 800x600
layer at (0,0) size 800x600
  LayoutBlockFlow {HTML} at (0,0) size 800x600
    LayoutBlockFlow {BODY} at (8,8) size 784x570.56
      LayoutBlockFlow {H1} at (0,0) size 784x37
        LayoutText {#text} at (0,0) size 410x37
          text run at (0,0) width 410: "SVG 1.1 dynamic update tests"
      LayoutBlockFlow {P} at (0,58.44) size 784x0
      LayoutBlockFlow {DIV} at (0,58.44) size 784x0
