layer at (0,0) size 800x600
  LayoutView at (0,0) size 800x600
layer at (0,0) size 800x162
  LayoutBlockFlow {HTML} at (0,0) size 800x162
    LayoutBlockFlow {BODY} at (8,16) size 784x138
      LayoutBlockFlow {P} at (0,0) size 784x20
        LayoutText {#text} at (0,0) size 543x19
          text run at (0,0) width 543: "First, use directional navigation to navigate the focus to the \"START\" text field below."
      LayoutBlockFlow {P} at (0,36) size 784x20
        LayoutText {#text} at (0,0) size 666x19
          text run at (0,0) width 666: "Test passes if navigating up moves the focus to the \"FINISH\" text field and not the disabled \"ignore\" one."
      LayoutBlockFlow {DIV} at (0,72) size 784x66
        LayoutTextControl {INPUT} at (0,0) size 154x22 [bgcolor=#FFFFFF] [border: (2px inset #EEEEEE)]
        LayoutTextControl {INPUT} at (0,22) size 154x22 [color=#545454] [bgcolor=#EBEBE4] [border: (2px inset #EEEEEE)]
        LayoutTextControl {INPUT} at (0,44) size 154x22 [bgcolor=#FFFFFF] [border: (2px inset #EEEEEE)]
layer at (10,91) size 150x16
  LayoutBlockFlow {DIV} at (2,3) size 150x16
    LayoutText {#text} at (0,0) size 43x16
      text run at (0,0) width 43: "FINISH"
layer at (10,113) size 150x16
  LayoutBlockFlow {DIV} at (2,3) size 150x16
    LayoutText {#text} at (0,0) size 35x16
      text run at (0,0) width 35: "ignore"
layer at (10,135) size 150x16
  LayoutBlockFlow {DIV} at (2,3) size 150x16
    LayoutText {#text} at (0,0) size 42x16
      text run at (0,0) width 42: "START"
