layer at (0,0) size 800x600
  LayoutView at (0,0) size 800x600
layer at (0,0) size 800x118
  LayoutBlockFlow {HTML} at (0,0) size 800x118
    LayoutBlockFlow {BODY} at (8,16) size 784x94
      LayoutBlockFlow {P} at (0,0) size 784x20
        LayoutText {#text} at (0,0) size 543x19
          text run at (0,0) width 543: "First, use directional navigation to navigate the focus to the \"START\" text field below."
      LayoutBlockFlow {P} at (0,36) size 784x20
        LayoutText {#text} at (0,0) size 670x19
          text run at (0,0) width 670: "Test passes if navigating left moves the focus to the \"FINISH\" text field and not the disabled \"ignore\" one."
      LayoutBlockFlow {DIV} at (0,72) size 784x22
        LayoutTextControl {INPUT} at (0,0) size 154x22 [bgcolor=#FFFFFF] [border: (2px inset #EEEEEE)]
        LayoutText {#text} at (154,1) size 4x19
          text run at (154,1) width 4: " "
        LayoutTextControl {INPUT} at (158,0) size 154x22 [color=#545454] [bgcolor=#EBEBE4] [border: (2px inset #EEEEEE)]
        LayoutText {#text} at (312,1) size 4x19
          text run at (312,1) width 4: " "
        LayoutTextControl {INPUT} at (316,0) size 154x22 [bgcolor=#FFFFFF] [border: (2px inset #EEEEEE)]
        LayoutText {#text} at (0,0) size 0x0
layer at (10,91) size 150x16
  LayoutBlockFlow {DIV} at (2,3) size 150x16
    LayoutText {#text} at (0,0) size 43x16
      text run at (0,0) width 43: "FINISH"
layer at (168,91) size 150x16
  LayoutBlockFlow {DIV} at (2,3) size 150x16
    LayoutText {#text} at (0,0) size 35x16
      text run at (0,0) width 35: "ignore"
layer at (326,91) size 150x16
  LayoutBlockFlow {DIV} at (2,3) size 150x16
    LayoutText {#text} at (0,0) size 42x16
      text run at (0,0) width 42: "START"
