layer at (0,0) size 800x600
  LayoutView at (0,0) size 800x600
layer at (0,0) size 800x136
  LayoutBlockFlow {HTML} at (0,0) size 800x136
    LayoutBlockFlow {BODY} at (8,16) size 784x112
      LayoutBlockFlow {P} at (0,0) size 784x20
        LayoutText {#text} at (0,0) size 512x19
          text run at (0,0) width 512: "First, use directional navigation to navigate the focus to the \"START\" link below."
      LayoutBlockFlow {P} at (0,36) size 784x20
        LayoutText {#text} at (0,0) size 420x19
          text run at (0,0) width 420: "Test passes if navigating up moves the focus to the \"FINISH\" link."
      LayoutBlockFlow (anonymous) at (0,72) size 784x40
        LayoutInline {A} at (0,0) size 52x19 [color=#551A8B]
          LayoutText {#text} at (0,0) size 52x19
            text run at (0,0) width 52: "FINISH"
        LayoutBR {BR} at (52,0) size 0x19
        LayoutInline {A} at (0,0) size 50x19 [color=#551A8B]
          LayoutText {#text} at (0,20) size 50x19
            text run at (0,20) width 50: "START"
        LayoutText {#text} at (0,0) size 0x0
