layer at (0,0) size 800x600
  LayoutView at (0,0) size 800x600
layer at (0,0) size 800x116
  LayoutBlockFlow {HTML} at (0,0) size 800x116
    LayoutBlockFlow {BODY} at (8,16) size 784x92
      LayoutBlockFlow {P} at (0,0) size 784x20
        LayoutText {#text} at (0,0) size 512x19
          text run at (0,0) width 512: "First, use directional navigation to navigate the focus to the \"START\" link below."
      LayoutBlockFlow {P} at (0,36) size 784x20
        LayoutText {#text} at (0,0) size 424x19
          text run at (0,0) width 424: "Test passes if navigating left moves the focus to the \"FINISH\" link."
      LayoutBlockFlow (anonymous) at (0,72) size 784x20
        LayoutInline {A} at (0,0) size 52x19 [color=#551A8B]
          LayoutText {#text} at (0,0) size 52x19
            text run at (0,0) width 52: "FINISH"
        LayoutText {#text} at (52,0) size 4x19
          text run at (52,0) width 4: " "
        LayoutInline {A} at (0,0) size 50x19 [color=#551A8B]
          LayoutText {#text} at (56,0) size 50x19
            text run at (56,0) width 50: "START"
        LayoutText {#text} at (0,0) size 0x0
