layer at (0,0) size 800x600
  LayoutView at (0,0) size 800x600
layer at (0,0) size 800x162
  LayoutBlockFlow {HTML} at (0,0) size 800x162
    LayoutBlockFlow {BODY} at (8,16) size 784x138
      LayoutBlockFlow {P} at (0,0) size 784x20
        LayoutText {#text} at (0,0) size 617x19
          text run at (0,0) width 617: "First, use directional navigation to navigate the focus to the text input containing \"START\" below."
      LayoutBlockFlow {P} at (0,36) size 784x20
        LayoutText {#text} at (0,0) size 466x19
          text run at (0,0) width 466: "Test passes if navigating left once moves the focus to the \"FINISH\" input."
      LayoutBlockFlow {DIV} at (0,72) size 784x22
        LayoutTextControl {INPUT} at (0,0) size 154x22 [bgcolor=#FFFFFF] [border: (2px inset #EEEEEE)]
        LayoutText {#text} at (154,1) size 4x19
          text run at (154,1) width 4: " "
        LayoutTextControl {INPUT} at (158,0) size 154x22 [bgcolor=#FFFFFF] [border: (2px inset #EEEEEE)]
        LayoutText {#text} at (312,1) size 4x19
          text run at (312,1) width 4: " "
        LayoutTextControl {INPUT} at (316,0) size 154x22 [bgcolor=#FFFFFF] [border: (2px inset #EEEEEE)]
      LayoutBlockFlow {DIV} at (0,94) size 784x22
        LayoutTextControl {INPUT} at (0,0) size 154x22 [bgcolor=#FFFFFF] [border: (2px inset #EEEEEE)]
        LayoutText {#text} at (154,1) size 4x19
          text run at (154,1) width 4: " "
        LayoutTextControl {INPUT} at (158,0) size 154x22 [bgcolor=#FFFFFF] [border: (2px inset #EEEEEE)]
        LayoutText {#text} at (312,1) size 4x19
          text run at (312,1) width 4: " "
        LayoutTextControl {INPUT} at (316,0) size 154x22 [bgcolor=#FFFFFF] [border: (2px inset #EEEEEE)]
      LayoutBlockFlow {DIV} at (0,116) size 784x22
        LayoutTextControl {INPUT} at (0,0) size 154x22 [bgcolor=#FFFFFF] [border: (2px inset #EEEEEE)]
        LayoutText {#text} at (154,1) size 4x19
          text run at (154,1) width 4: " "
        LayoutTextControl {INPUT} at (158,0) size 154x22 [bgcolor=#FFFFFF] [border: (2px inset #EEEEEE)]
        LayoutText {#text} at (312,1) size 4x19
          text run at (312,1) width 4: " "
        LayoutTextControl {INPUT} at (316,0) size 154x22 [bgcolor=#FFFFFF] [border: (2px inset #EEEEEE)]
layer at (10,91) size 150x16
  LayoutBlockFlow {DIV} at (2,3) size 150x16
    LayoutText {#text} at (0,0) size 35x16
      text run at (0,0) width 35: "ignore"
layer at (168,91) size 150x16
  LayoutBlockFlow {DIV} at (2,3) size 150x16
    LayoutText {#text} at (0,0) size 42x16
      text run at (0,0) width 42: "START"
layer at (326,91) size 150x16
  LayoutBlockFlow {DIV} at (2,3) size 150x16
    LayoutText {#text} at (0,0) size 35x16
      text run at (0,0) width 35: "ignore"
layer at (10,113) size 150x16
  LayoutBlockFlow {DIV} at (2,3) size 150x16
    LayoutText {#text} at (0,0) size 35x16
      text run at (0,0) width 35: "ignore"
layer at (168,113) size 150x16
  LayoutBlockFlow {DIV} at (2,3) size 150x16
    LayoutText {#text} at (0,0) size 35x16
      text run at (0,0) width 35: "ignore"
layer at (326,113) size 150x16
  LayoutBlockFlow {DIV} at (2,3) size 150x16
    LayoutText {#text} at (0,0) size 35x16
      text run at (0,0) width 35: "ignore"
layer at (10,135) size 150x16
  LayoutBlockFlow {DIV} at (2,3) size 150x16
    LayoutText {#text} at (0,0) size 35x16
      text run at (0,0) width 35: "ignore"
layer at (168,135) size 150x16
  LayoutBlockFlow {DIV} at (2,3) size 150x16
    LayoutText {#text} at (0,0) size 43x16
      text run at (0,0) width 43: "FINISH"
layer at (326,135) size 150x16
  LayoutBlockFlow {DIV} at (2,3) size 150x16
    LayoutText {#text} at (0,0) size 35x16
      text run at (0,0) width 35: "ignore"
