layer at (0,0) size 800x600
  LayoutView at (0,0) size 800x600
layer at (0,0) size 800x136
  LayoutBlockFlow {HTML} at (0,0) size 800x136
    LayoutBlockFlow {BODY} at (8,16) size 784x112
      LayoutBlockFlow {P} at (0,0) size 784x20
        LayoutText {#text} at (0,0) size 512x19
          text run at (0,0) width 512: "First, use directional navigation to navigate the focus to the \"START\" link below."
      LayoutBlockFlow {P} at (0,36) size 784x20
        LayoutText {#text} at (0,0) size 471x19
          text run at (0,0) width 471: "Test passes if navigating right twice moves the focus to the \"FINISH\" link."
      LayoutBlockFlow {DIV} at (0,72) size 784x20
        LayoutInline {A} at (0,0) size 40x19 [color=#551A8B]
          LayoutText {#text} at (0,0) size 40x19
            text run at (0,0) width 40: "ignore"
        LayoutText {#text} at (40,0) size 4x19
          text run at (40,0) width 4: " "
        LayoutInline {A} at (0,0) size 50x19 [color=#551A8B]
          LayoutText {#text} at (44,0) size 50x19
            text run at (44,0) width 50: "START"
        LayoutText {#text} at (93,0) size 5x19
          text run at (93,0) width 5: " "
        LayoutInline {A} at (0,0) size 41x19 [color=#551A8B]
          LayoutText {#text} at (97,0) size 41x19
            text run at (97,0) width 41: "ignore"
        LayoutText {#text} at (137,0) size 5x19
          text run at (137,0) width 5: " "
        LayoutInline {A} at (0,0) size 41x19 [color=#551A8B]
          LayoutText {#text} at (141,0) size 41x19
            text run at (141,0) width 41: "ignore"
        LayoutText {#text} at (0,0) size 0x0
      LayoutBlockFlow {DIV} at (0,92) size 784x20
        LayoutInline {A} at (0,0) size 40x19 [color=#551A8B]
          LayoutText {#text} at (0,0) size 40x19
            text run at (0,0) width 40: "ignore"
        LayoutText {#text} at (40,0) size 4x19
          text run at (40,0) width 4: " "
        LayoutInline {A} at (0,0) size 52x19 [color=#551A8B]
          LayoutText {#text} at (44,0) size 52x19
            text run at (44,0) width 52: "FINISH"
        LayoutText {#text} at (96,0) size 4x19
          text run at (96,0) width 4: " "
        LayoutInline {A} at (0,0) size 40x19 [color=#551A8B]
          LayoutText {#text} at (100,0) size 40x19
            text run at (100,0) width 40: "ignore"
        LayoutText {#text} at (140,0) size 4x19
          text run at (140,0) width 4: " "
        LayoutInline {A} at (0,0) size 40x19 [color=#551A8B]
          LayoutText {#text} at (144,0) size 40x19
            text run at (144,0) width 40: "ignore"
        LayoutText {#text} at (0,0) size 0x0
