layer at (0,0) size 800x600
  LayoutView at (0,0) size 800x600
layer at (0,0) size 800x376
  LayoutBlockFlow {HTML} at (0,0) size 800x376
    LayoutBlockFlow {BODY} at (8,16) size 784x344
      LayoutBlockFlow {P} at (0,0) size 784x20
        LayoutText {#text} at (0,0) size 512x19
          text run at (0,0) width 512: "First, use directional navigation to navigate the focus to the \"START\" link below."
      LayoutBlockFlow {P} at (0,36) size 784x20
        LayoutText {#text} at (0,0) size 458x19
          text run at (0,0) width 458: "Test passes if navigating up twice moves the focus to the \"FINISH\" link."
      LayoutBlockFlow {DIV} at (0,72) size 784x128
        LayoutBlockFlow {P} at (0,0) size 784x20
          LayoutInline {A} at (0,0) size 52x19 [color=#551A8B]
            LayoutText {#text} at (0,0) size 52x19
              text run at (0,0) width 52: "FINISH"
        LayoutBlockFlow {P} at (0,36) size 784x20
          LayoutInline {A} at (0,0) size 40x19 [color=#551A8B]
            LayoutText {#text} at (0,0) size 40x19
              text run at (0,0) width 40: "ignore"
        LayoutBlockFlow {P} at (0,72) size 784x20
          LayoutInline {A} at (0,0) size 50x19 [color=#551A8B]
            LayoutText {#text} at (0,0) size 50x19
              text run at (0,0) width 50: "START"
        LayoutBlockFlow {P} at (0,108) size 784x20
          LayoutInline {A} at (0,0) size 40x19 [color=#551A8B]
            LayoutText {#text} at (0,0) size 40x19
              text run at (0,0) width 40: "ignore"
      LayoutBlockFlow {DIV} at (0,216) size 784x128
        LayoutBlockFlow {P} at (0,0) size 784x20
          LayoutInline {A} at (0,0) size 40x19 [color=#551A8B]
            LayoutText {#text} at (0,0) size 40x19
              text run at (0,0) width 40: "ignore"
        LayoutBlockFlow {P} at (0,36) size 784x20
          LayoutInline {A} at (0,0) size 40x19 [color=#551A8B]
            LayoutText {#text} at (0,0) size 40x19
              text run at (0,0) width 40: "ignore"
        LayoutBlockFlow {P} at (0,72) size 784x20
          LayoutInline {A} at (0,0) size 40x19 [color=#551A8B]
            LayoutText {#text} at (0,0) size 40x19
              text run at (0,0) width 40: "ignore"
        LayoutBlockFlow {P} at (0,108) size 784x20
          LayoutInline {A} at (0,0) size 40x19 [color=#551A8B]
            LayoutText {#text} at (0,0) size 40x19
              text run at (0,0) width 40: "ignore"
