layer at (0,0) size 800x600
  LayoutView at (0,0) size 800x600
layer at (0,0) size 800x116
  LayoutBlockFlow {HTML} at (0,0) size 800x116
    LayoutBlockFlow {BODY} at (8,16) size 784x92
      LayoutBlockFlow {P} at (0,0) size 784x20
        LayoutText {#text} at (0,0) size 512x19
          text run at (0,0) width 512: "First, use directional navigation to navigate the focus to the \"START\" link below."
      LayoutBlockFlow {P} at (0,36) size 784x20
        LayoutText {#text} at (0,0) size 479x19
          text run at (0,0) width 479: "Test passes if the \"START\" element remains focused when navigating right."
      LayoutBlockFlow {DIV} at (0,72) size 784x20
        LayoutInline {A} at (0,0) size 40x19 [color=#551A8B]
          LayoutText {#text} at (0,0) size 40x19
            text run at (0,0) width 40: "ignore"
        LayoutText {#text} at (40,0) size 4x19
          text run at (40,0) width 4: " "
        LayoutInline {A} at (0,0) size 50x19 [color=#551A8B]
          LayoutText {#text} at (44,0) size 50x19
            text run at (44,0) width 50: "START"
        LayoutText {#text} at (93,0) size 5x19
          text run at (93,0) width 5: " "
        LayoutInline {A} at (0,0) size 41x19 [color=#551A8B]
          LayoutText {#text} at (97,0) size 41x19
            text run at (97,0) width 41: "ignore"
        LayoutText {#text} at (0,0) size 0x0
