layer at (0,0) size 800x600
  LayoutView at (0,0) size 800x600
layer at (0,0) size 800x600
  LayoutBlockFlow {HTML} at (0,0) size 800x600
    LayoutBlockFlow {BODY} at (0,0) size 800x600
      LayoutText {#text} at (0,0) size 304x18
        text run at (0,0) width 304: "This must be tested on http://web-platform.test/"
