layer at (0,0) size 800x600
  LayoutView at (0,0) size 800x600
layer at (0,0) size 800x76
  LayoutBlockFlow {HTML} at (0,0) size 800x76
    LayoutBlockFlow {BODY} at (8,16) size 784x52
      LayoutBlockFlow {P} at (0,0) size 784x18
        LayoutText {#text} at (0,0) size 486x18
          text run at (0,0) width 486: "Load the following URL in a new tab (copy & paste it into the address bar):"
      LayoutBlockFlow (anonymous) at (0,34) size 784x18
        LayoutText {#text} at (0,0) size 304x18
          text run at (0,0) width 304: "This must be tested on http://web-platform.test/"
