layer at (0,0) size 800x600
  RenderView at (0,0) size 800x600
layer at (0,0) size 800x600
  RenderBlock {HTML} at (0,0) size 800x600
    RenderBody {BODY} at (8,8) size 784x584
      RenderButton {INPUT} at (0,0) size 60x19 [bgcolor=#C0C0C0] [border: (2px outset #C0C0C0)]
        RenderBlock (anonymous) at (8,2) size 44x15
          RenderText at (3,1) size 38x13
            text run at (3,1) width 38: "Submit"
      RenderBR {BR} at (60,14) size 0x0
      RenderButton {INPUT} at (0,19) size 51x19 [bgcolor=#C0C0C0] [border: (2px outset #C0C0C0)]
        RenderBlock (anonymous) at (8,2) size 35x15
          RenderText at (3,1) size 29x13
            text run at (3,1) width 29: "Reset"
      RenderBR {BR} at (51,33) size 0x0
