layer at (0,0) size 800x600
  RenderView at (0,0) size 800x600
layer at (0,0) size 800x600
  RenderBlock {HTML} at (0,0) size 800x600
    RenderBody {BODY} at (8,8) size 784x579
      RenderBlock {P} at (0,0) size 784x36
        RenderInline {A} at (0,0) size 63x18 [color=#0000EE]
          RenderText {#text} at (0,0) size 63x18
            text run at (0,0) width 63: "Bug 5656"
        RenderText {#text} at (63,0) size 765x36
          text run at (63,0) width 702: " tests whether buttons force a white-space mode or not. These tests will only pass if the white-space mode is not"
          text run at (0,18) width 169: "forced and if it is inherited."
      RenderBlock {DIV} at (0,52) size 784x18
        RenderText {#text} at (0,0) size 358x18
          text run at (0,0) width 358: "Buttons should appear next to each other in a single row:"
      RenderTable {TABLE} at (0,70) size 198x25
        RenderTableSection {TBODY} at (0,0) size 198x25
          RenderTableRow {TR} at (0,2) size 198x21
            RenderTableCell {TD} at (2,2) size 194x21 [r=0 c=0 rs=1 cs=1]
              RenderButton {BUTTON} at (1,1) size 83x19 [bgcolor=#C0C0C0] [border: (2px outset #C0C0C0)]
                RenderBlock (anonymous) at (8,2) size 67x15
                  RenderText {#text} at (3,1) size 61x13
                    text run at (3,1) width 61: "Search Mail"
              RenderText {#text} at (84,1) size 4x18
                text run at (84,1) width 4: " "
              RenderButton {BUTTON} at (88,1) size 105x19 [bgcolor=#C0C0C0] [border: (2px outset #C0C0C0)]
                RenderBlock (anonymous) at (8,2) size 89x15
                  RenderText {#text} at (3,1) size 83x13
                    text run at (3,1) width 83: "Search the Web"
              RenderText {#text} at (0,0) size 0x0
      RenderBlock {DIV} at (0,95) size 784x18
        RenderText {#text} at (0,0) size 188x18
          text run at (0,0) width 188: "Buttons should look identical:"
      RenderBlock {DIV} at (0,113) size 784x19
        RenderButton {BUTTON} at (0,0) size 81x19 [bgcolor=#C0C0C0] [border: (2px outset #C0C0C0)]
          RenderBlock (anonymous) at (8,2) size 65x15
            RenderText {#text} at (3,1) size 59x13
              text run at (3,1) width 59: "test button"
      RenderBlock {DIV} at (0,132) size 784x19
        RenderButton {BUTTON} at (0,0) size 81x19 [bgcolor=#C0C0C0] [border: (2px outset #C0C0C0)]
          RenderBlock (anonymous) at (8,2) size 65x15
            RenderText {#text} at (3,1) size 59x13
              text run at (3,1) width 23: "test "
              text run at (26,1) width 36: "button"
      RenderBlock {DIV} at (0,151) size 784x18
        RenderText {#text} at (0,0) size 344x18
          text run at (0,0) width 344: "Buttons should look identical (ignore vertical spacing):"
      RenderBlock {DIV} at (0,169) size 784x19
        RenderButton {BUTTON} at (0,0) size 96x19 [bgcolor=#C0C0C0] [border: (2px outset #C0C0C0)]
          RenderBlock (anonymous) at (8,2) size 80x15
            RenderText {#text} at (3,1) size 74x13
              text run at (3,1) width 74: "  test  button  "
      RenderBlock {DIV} at (0,188) size 784x19
        RenderButton {BUTTON} at (0,0) size 96x19 [bgcolor=#C0C0C0] [border: (2px outset #C0C0C0)]
          RenderBlock (anonymous) at (8,2) size 80x15
            RenderText {#text} at (3,1) size 74x13
              text run at (3,1) width 74: "  test  button  "
      RenderBlock {DIV} at (0,220) size 784x19
        RenderBlock {PRE} at (0,0) size 784x19
          RenderButton {BUTTON} at (0,0) size 96x19 [bgcolor=#C0C0C0] [border: (2px outset #C0C0C0)]
            RenderBlock (anonymous) at (8,2) size 80x15
              RenderText {#text} at (3,1) size 74x13
                text run at (3,1) width 74: "  test  button  "
