layer at (0,0) size 800x600
  RenderView at (0,0) size 800x600
layer at (0,0) size 800x600
  RenderBlock {HTML} at (0,0) size 800x600
    RenderBody {BODY} at (8,8) size 784x584
      RenderBlock (anonymous) at (0,0) size 784x0
        RenderInline {A} at (0,0) size 0x0
          RenderText {#text} at (0,0) size 0x0
      RenderBlock (anonymous) at (0,0) size 784x0
      RenderBlock (anonymous) at (0,0) size 784x0
        RenderInline {A} at (0,0) size 0x0
      RenderBlock {DIV} at (0,0) size 784x25
        RenderBlock (anonymous) at (0,0) size 784x0
          RenderInline {A} at (0,0) size 0x0
            RenderText {#text} at (0,0) size 0x0
        RenderBlock (anonymous) at (0,0) size 784x25
          RenderTable {TABLE} at (0,0) size 68x25
            RenderTableSection {TBODY} at (0,0) size 68x25
              RenderTableRow {TR} at (0,2) size 68x21
                RenderTableCell {TD} at (2,11) size 2x2 [r=0 c=0 rs=1 cs=1]
                RenderBlock {FORM} at (0,0) size 0x0
                RenderTableCell {TD} at (6,2) size 60x21 [r=0 c=1 rs=1 cs=1]
                  RenderButton {INPUT} at (1,1) size 58x19 [bgcolor=#C0C0C0] [border: (2px outset #C0C0C0)]
                    RenderBlock (anonymous) at (8,2) size 42x15
                      RenderText at (3,1) size 36x13
                        text run at (3,1) width 36: "Search"
        RenderBlock (anonymous) at (0,25) size 784x0
          RenderInline {A} at (0,0) size 0x0
          RenderInline {A} at (0,0) size 0x0 [color=#0000EE]
          RenderText {#text} at (0,0) size 0x0
      RenderBlock (anonymous) at (0,25) size 784x18
        RenderText {#text} at (0,0) size 104x18
          text run at (0,0) width 104: "Form did submit"
        RenderText {#text} at (0,0) size 0x0
