layer at (0,0) size 800x600
  RenderView at (0,0) size 800x600
layer at (0,0) size 800x600
  RenderBlock {HTML} at (0,0) size 800x600
    RenderBody {BODY} at (8,8) size 784x576
      RenderBlock (anonymous) at (0,0) size 784x18
        RenderText {#text} at (0,0) size 762x18
          text run at (0,0) width 762: "This tests the height attribute of form elements. The only element that should honour this value is the Image type of input."
      RenderBlock {FORM} at (0,18) size 784x238
        RenderText {#text} at (0,0) size 36x18
          text run at (0,0) width 36: "input "
        RenderTextControl {INPUT} at (36,0) size 130x19 [bgcolor=#FFFFFF] [border: (2px inset #000000)]
        RenderText {#text} at (166,0) size 4x18
          text run at (166,0) width 4: " "
        RenderBR {BR} at (170,14) size 0x0
        RenderText {#text} at (0,19) size 27x18
          text run at (0,19) width 27: "text "
        RenderTextControl {INPUT} at (27,19) size 130x19 [bgcolor=#FFFFFF] [border: (2px inset #000000)]
        RenderText {#text} at (157,19) size 4x18
          text run at (157,19) width 4: " "
        RenderBR {BR} at (161,33) size 0x0
        RenderText {#text} at (0,39) size 65x18
          text run at (0,39) width 65: "checkbox "
        RenderBlock {INPUT} at (69,41) size 12x12
        RenderText {#text} at (84,39) size 4x18
          text run at (84,39) width 4: " "
        RenderBR {BR} at (88,53) size 0x0
        RenderText {#text} at (0,59) size 24x18
          text run at (0,59) width 24: "file "
        RenderFileUploadControl {INPUT} at (26,59) size 237x19
          RenderButton {INPUT} at (0,0) size 84x19 [bgcolor=#C0C0C0] [border: (2px outset #C0C0C0)]
            RenderBlock (anonymous) at (8,2) size 68x15
              RenderText at (3,1) size 62x13
                text run at (3,1) width 62: "Choose File"
        RenderText {#text} at (265,59) size 4x18
          text run at (265,59) width 4: " "
        RenderBR {BR} at (269,73) size 0x0
        RenderText {#text} at (0,80) size 42x18
          text run at (0,80) width 42: "image "
        RenderImage {INPUT} at (42,93) size 10x1
        RenderText {#text} at (52,80) size 4x18
          text run at (52,80) width 4: " "
        RenderBR {BR} at (56,94) size 0x0
        RenderText {#text} at (0,100) size 36x18
          text run at (0,100) width 36: "radio "
        RenderBlock {INPUT} at (41,101) size 12x13
        RenderText {#text} at (56,100) size 4x18
          text run at (56,100) width 4: " "
        RenderBR {BR} at (60,114) size 0x0
        RenderText {#text} at (0,121) size 39x18
          text run at (0,121) width 39: "range "
        RenderSlider {INPUT} at (41,120) size 129x15 [bgcolor=#FFFFFF]
        RenderText {#text} at (172,121) size 4x18
          text run at (172,121) width 4: " "
        RenderBR {BR} at (176,135) size 0x0
        RenderText {#text} at (0,139) size 33x18
          text run at (0,139) width 33: "reset "
        RenderButton {INPUT} at (33,139) size 51x19 [bgcolor=#C0C0C0] [border: (2px outset #C0C0C0)]
          RenderBlock (anonymous) at (8,2) size 35x15
            RenderText at (3,1) size 29x13
              text run at (3,1) width 29: "Reset"
        RenderText {#text} at (84,139) size 4x18
          text run at (84,139) width 4: " "
        RenderBR {BR} at (88,153) size 0x0
        RenderText {#text} at (0,158) size 46x18
          text run at (0,158) width 46: "submit "
        RenderButton {INPUT} at (46,158) size 60x19 [bgcolor=#C0C0C0] [border: (2px outset #C0C0C0)]
          RenderBlock (anonymous) at (8,2) size 44x15
            RenderText at (3,1) size 38x13
              text run at (3,1) width 38: "Submit"
        RenderText {#text} at (106,158) size 4x18
          text run at (106,158) width 4: " "
        RenderBR {BR} at (110,172) size 0x0
        RenderText {#text} at (0,179) size 49x18
          text run at (0,179) width 49: "isindex "
        RenderTextControl {INPUT} at (51,179) size 132x19 [bgcolor=#FFFFFF] [border: (2px inset #000000)]
        RenderText {#text} at (185,179) size 4x18
          text run at (185,179) width 4: " "
        RenderBR {BR} at (189,193) size 0x0
        RenderText {#text} at (0,200) size 64x18
          text run at (0,200) width 64: "password "
        RenderTextControl {INPUT} at (64,200) size 130x19 [bgcolor=#FFFFFF] [border: (2px inset #000000)]
        RenderText {#text} at (194,200) size 4x18
          text run at (194,200) width 4: " "
        RenderBR {BR} at (198,214) size 0x0
        RenderText {#text} at (0,219) size 44x18
          text run at (0,219) width 44: "search "
        RenderTextControl {INPUT} at (44,219) size 130x19 [bgcolor=#FFFFFF] [border: (2px inset #000000)]
          RenderBlock {DIV} at (2,3) size 126x13
            RenderBlock {DIV} at (0,0) size 8x11
            RenderBlock {DIV} at (113,0) size 13x11
        RenderText {#text} at (0,0) size 0x0
layer at (46,29) size 126x13
  RenderBlock {DIV} at (2,3) size 126x13
layer at (37,48) size 126x13
  RenderBlock {DIV} at (2,3) size 126x13
layer at (62,208) size 126x13
  RenderBlock {DIV} at (3,3) size 126x13
layer at (74,229) size 126x13
  RenderBlock {DIV} at (2,3) size 126x13
layer at (62,248) size 105x13
  RenderBlock {DIV} at (8,0) size 105x13
layer at (106,146) size 15x15
  RenderBlock (relative positioned) {DIV} at (0,0) size 15x15
