layer at (0,0) size 800x600
  RenderView at (0,0) size 800x600
layer at (0,0) size 800x600
  RenderBlock {HTML} at (0,0) size 800x600
    RenderBody {BODY} at (8,8) size 784x584
      RenderBlock {DIV} at (0,0) size 127x25 [bgcolor=#C3D9FF]
        RenderTable {TABLE} at (0,0) size 127x25
          RenderTableSection {TBODY} at (0,0) size 127x25
            RenderTableRow {TR} at (0,2) size 127x21
              RenderTableCell {TD} at (2,2) size 123x21 [r=0 c=0 rs=1 cs=1]
                RenderTextControl {INPUT} at (1,1) size 121x19 [bgcolor=#FFFFFF] [border: (2px inset #000000)]
                RenderText {#text} at (0,0) size 0x0
layer at (13,14) size 117x13 scrollWidth 119
  RenderBlock {DIV} at (2,3) size 117x13
    RenderText {#text} at (1,0) size 117x13
      text run at (1,0) width 117: "Should fit in blue box"
