layer at (0,0) size 800x600
  RenderView at (0,0) size 800x600
layer at (0,0) size 800x600
  RenderBlock {HTML} at (0,0) size 800x600
    RenderBody {BODY} at (8,8) size 784x584
      RenderBlock {P} at (0,0) size 784x18
        RenderText {#text} at (0,0) size 502x18
          text run at (0,0) width 502: "This test should make sure that only one button per group, per form, is checked."
      RenderBlock (anonymous) at (0,34) size 784x20
        RenderText {#text} at (0,2) size 322x18
          text run at (0,2) width 322: "These buttons are in group1 but don't have a form. "
        RenderBlock {INPUT} at (327,3) size 12x13
        RenderText {#text} at (342,2) size 4x18
          text run at (342,2) width 4: " "
        RenderBlock {INPUT} at (351,3) size 12x13
        RenderText {#text} at (0,0) size 0x0
      RenderBlock {FORM} at (0,54) size 784x58
        RenderBR {BR} at (0,0) size 0x18
        RenderText {#text} at (0,20) size 289x18
          text run at (0,20) width 289: "These buttons are in group1, in the first form. "
        RenderBlock {INPUT} at (294,21) size 12x13
        RenderText {#text} at (309,20) size 4x18
          text run at (309,20) width 4: " "
        RenderBlock {INPUT} at (318,21) size 12x13
        RenderText {#text} at (333,20) size 4x18
          text run at (333,20) width 4: " "
        RenderBR {BR} at (0,0) size 0x0
        RenderText {#text} at (0,40) size 289x18
          text run at (0,40) width 289: "These buttons are in group2, in the first form. "
        RenderBlock {INPUT} at (294,41) size 12x13
        RenderText {#text} at (309,40) size 4x18
          text run at (309,40) width 4: " "
        RenderBlock {INPUT} at (318,41) size 12x13
        RenderText {#text} at (0,0) size 0x0
      RenderBlock (anonymous) at (0,128) size 784x20
        RenderText {#text} at (0,2) size 322x18
          text run at (0,2) width 322: "These buttons are in group1 but don't have a form. "
        RenderBlock {INPUT} at (327,3) size 12x13
        RenderText {#text} at (342,2) size 4x18
          text run at (342,2) width 4: " "
        RenderBlock {INPUT} at (351,3) size 12x13
        RenderText {#text} at (0,0) size 0x0
      RenderBlock {FORM} at (0,148) size 784x38
        RenderBR {BR} at (0,0) size 0x18
        RenderText {#text} at (0,20) size 309x18
          text run at (0,20) width 309: "These buttons are in group2, in the second form. "
        RenderBlock {INPUT} at (314,21) size 12x13
        RenderText {#text} at (329,20) size 4x18
          text run at (329,20) width 4: " "
        RenderBlock {INPUT} at (338,21) size 12x13
        RenderText {#text} at (0,0) size 0x0
      RenderBlock {DIV} at (0,202) size 784x18
        RenderText {#text} at (0,0) size 108x18
          text run at (0,0) width 108: "TEST PASSED."
