layer at (0,0) size 800x600
  RenderView at (0,0) size 800x600
layer at (0,0) size 800x600
  RenderBlock {HTML} at (0,0) size 800x600
    RenderBody {BODY} at (8,8) size 784x584
      RenderText {#text} at (0,0) size 462x18
        text run at (0,0) width 462: "This tests that empty select controls and buttons have the correct baseline."
      RenderBR {BR} at (462,14) size 0x0
      RenderMenuList {SELECT} at (0,19) size 36x18 [bgcolor=#FFFFFF]
        RenderBlock (anonymous) at (0,0) size 36x18
          RenderBR at (8,2) size 0x13 [bgcolor=#FFFFFF]
      RenderText {#text} at (36,18) size 29x18
        text run at (36,18) width 29: " test "
      RenderMenuList {SELECT} at (65,19) size 51x18 [bgcolor=#FFFFFF]
        RenderBlock (anonymous) at (0,0) size 51x18
          RenderText at (8,2) size 20x13
            text run at (8,2) width 20: "test"
      RenderText {#text} at (116,18) size 4x18
        text run at (116,18) width 4: " "
      RenderMenuList {SELECT} at (120,19) size 34x18 [color=#00008B] [bgcolor=#ADD8E6]
        RenderBlock (anonymous) at (0,1) size 34x16
          RenderBR at (8,1) size 0x13 [bgcolor=#ADD8E6]
      RenderText {#text} at (154,18) size 29x18
        text run at (154,18) width 29: " test "
      RenderMenuList {SELECT} at (183,19) size 49x18 [color=#00008B] [bgcolor=#ADD8E6]
        RenderBlock (anonymous) at (0,1) size 49x16
          RenderText at (8,1) size 20x13
            text run at (8,1) width 20: "test"
      RenderText {#text} at (232,18) size 4x18
        text run at (232,18) width 4: " "
      RenderButton {BUTTON} at (236,19) size 16x17 [bgcolor=#C0C0C0] [border: (2px outset #C0C0C0)]
      RenderText {#text} at (252,18) size 4x18
        text run at (252,18) width 4: " "
      RenderButton {BUTTON} at (256,18) size 42x19 [bgcolor=#C0C0C0] [border: (2px outset #C0C0C0)]
        RenderBlock (anonymous) at (8,2) size 26x15
          RenderText {#text} at (3,1) size 20x13
            text run at (3,1) width 20: "test"
      RenderText {#text} at (298,18) size 4x18
        text run at (298,18) width 4: " "
      RenderButton {BUTTON} at (302,19) size 16x17 [color=#00008B] [bgcolor=#ADD8E6] [border: (2px outset #C0C0C0)]
      RenderText {#text} at (318,18) size 4x18
        text run at (318,18) width 4: " "
      RenderButton {BUTTON} at (322,18) size 42x19 [color=#00008B] [bgcolor=#ADD8E6] [border: (2px outset #C0C0C0)]
        RenderBlock (anonymous) at (8,2) size 26x15
          RenderText {#text} at (3,1) size 20x13
            text run at (3,1) width 20: "test"
      RenderText {#text} at (0,0) size 0x0
