layer at (0,0) size 800x600
  LayoutView at (0,0) size 800x600
layer at (0,0) size 800x149
  LayoutBlockFlow {HTML} at (0,0) size 800x149
    LayoutBlockFlow {BODY} at (8,16) size 784x125
      LayoutBlockFlow {P} at (0,0) size 784x18
        LayoutText {#text} at (0,0) size 628x18
          text run at (0,0) width 628: "First, use directional navigation to navigate the focus to the text input containing \"START\" below."
      LayoutBlockFlow {P} at (0,34) size 784x18
        LayoutText {#text} at (0,0) size 474x18
          text run at (0,0) width 474: "Test passes if navigating left once moves the focus to the \"FINISH\" input."
      LayoutBlockFlow {DIV} at (0,68) size 784x19
        LayoutTextControl {INPUT} at (0,0) size 123x19 [bgcolor=#FFFFFF] [border: (2px inset #EEEEEE)]
        LayoutText {#text} at (123,0) size 4x18
          text run at (123,0) width 4: " "
        LayoutTextControl {INPUT} at (127,0) size 123x19 [bgcolor=#FFFFFF] [border: (2px inset #EEEEEE)]
        LayoutText {#text} at (250,0) size 4x18
          text run at (250,0) width 4: " "
        LayoutTextControl {INPUT} at (254,0) size 123x19 [bgcolor=#FFFFFF] [border: (2px inset #EEEEEE)]
      LayoutBlockFlow {DIV} at (0,87) size 784x19
        LayoutTextControl {INPUT} at (0,0) size 123x19 [bgcolor=#FFFFFF] [border: (2px inset #EEEEEE)]
        LayoutText {#text} at (123,0) size 4x18
          text run at (123,0) width 4: " "
        LayoutTextControl {INPUT} at (127,0) size 123x19 [bgcolor=#FFFFFF] [border: (2px inset #EEEEEE)]
        LayoutText {#text} at (250,0) size 4x18
          text run at (250,0) width 4: " "
        LayoutTextControl {INPUT} at (254,0) size 123x19 [bgcolor=#FFFFFF] [border: (2px inset #EEEEEE)]
      LayoutBlockFlow {DIV} at (0,106) size 784x19
        LayoutTextControl {INPUT} at (0,0) size 123x19 [bgcolor=#FFFFFF] [border: (2px inset #EEEEEE)]
        LayoutText {#text} at (123,0) size 4x18
          text run at (123,0) width 4: " "
        LayoutTextControl {INPUT} at (127,0) size 123x19 [bgcolor=#FFFFFF] [border: (2px inset #EEEEEE)]
        LayoutText {#text} at (250,0) size 4x18
          text run at (250,0) width 4: " "
        LayoutTextControl {INPUT} at (254,0) size 123x19 [bgcolor=#FFFFFF] [border: (2px inset #EEEEEE)]
layer at (11,87) size 117x13
  LayoutBlockFlow {DIV} at (3,3) size 117x13
    LayoutText {#text} at (0,0) size 35x13
      text run at (0,0) width 35: "ignore"
layer at (138,87) size 117x13
  LayoutBlockFlow {DIV} at (3,3) size 117x13
    LayoutText {#text} at (0,0) size 35x13
      text run at (0,0) width 35: "START"
layer at (265,87) size 117x13
  LayoutBlockFlow {DIV} at (3,3) size 117x13
    LayoutText {#text} at (0,0) size 35x13
      text run at (0,0) width 35: "ignore"
layer at (11,106) size 117x13
  LayoutBlockFlow {DIV} at (3,3) size 117x13
    LayoutText {#text} at (0,0) size 35x13
      text run at (0,0) width 35: "ignore"
layer at (138,106) size 117x13
  LayoutBlockFlow {DIV} at (3,3) size 117x13
    LayoutText {#text} at (0,0) size 35x13
      text run at (0,0) width 35: "ignore"
layer at (265,106) size 117x13
  LayoutBlockFlow {DIV} at (3,3) size 117x13
    LayoutText {#text} at (0,0) size 35x13
      text run at (0,0) width 35: "ignore"
layer at (11,125) size 117x13
  LayoutBlockFlow {DIV} at (3,3) size 117x13
    LayoutText {#text} at (0,0) size 35x13
      text run at (0,0) width 35: "ignore"
layer at (138,125) size 117x13
  LayoutBlockFlow {DIV} at (3,3) size 117x13
    LayoutText {#text} at (0,0) size 35x13
      text run at (0,0) width 35: "FINISH"
layer at (265,125) size 117x13
  LayoutBlockFlow {DIV} at (3,3) size 117x13
    LayoutText {#text} at (0,0) size 35x13
      text run at (0,0) width 35: "ignore"
