layer at (0,0) size 800x600
  LayoutView at (0,0) size 800x600
layer at (0,0) size 800x244
  LayoutBlockFlow {HTML} at (0,0) size 800x244
    LayoutBlockFlow {BODY} at (8,16) size 784x220
      LayoutBlockFlow {P} at (0,0) size 784x18
        LayoutText {#text} at (0,0) size 552x18
          text run at (0,0) width 552: "First, use directional navigation to navigate the focus to the \"START\" text field below."
      LayoutBlockFlow {P} at (0,34) size 784x18
        LayoutText {#text} at (0,0) size 516x18
          text run at (0,0) width 516: "Test passes if navigating down twice moves the focus to the \"FINISH\" text field."
      LayoutBlockFlow {DIV} at (0,68) size 784x76
        LayoutTextControl {INPUT} at (0,0) size 123x19 [bgcolor=#FFFFFF] [border: (2px inset #EEEEEE)]
        LayoutTextControl {INPUT} at (0,19) size 123x19 [bgcolor=#FFFFFF] [border: (2px inset #EEEEEE)]
        LayoutTextControl {INPUT} at (0,38) size 123x19 [bgcolor=#FFFFFF] [border: (2px inset #EEEEEE)]
        LayoutTextControl {INPUT} at (0,57) size 123x19 [bgcolor=#FFFFFF] [border: (2px inset #EEEEEE)]
      LayoutBlockFlow {DIV} at (0,144) size 784x76
        LayoutTextControl {INPUT} at (0,0) size 123x19 [bgcolor=#FFFFFF] [border: (2px inset #EEEEEE)]
        LayoutTextControl {INPUT} at (0,19) size 123x19 [bgcolor=#FFFFFF] [border: (2px inset #EEEEEE)]
        LayoutTextControl {INPUT} at (0,38) size 123x19 [bgcolor=#FFFFFF] [border: (2px inset #EEEEEE)]
        LayoutTextControl {INPUT} at (0,57) size 123x19 [bgcolor=#FFFFFF] [border: (2px inset #EEEEEE)]
layer at (11,87) size 117x13
  LayoutBlockFlow {DIV} at (3,3) size 117x13
    LayoutText {#text} at (0,0) size 35x13
      text run at (0,0) width 35: "ignore"
layer at (11,106) size 117x13
  LayoutBlockFlow {DIV} at (3,3) size 117x13
    LayoutText {#text} at (0,0) size 35x13
      text run at (0,0) width 35: "START"
layer at (11,125) size 117x13
  LayoutBlockFlow {DIV} at (3,3) size 117x13
    LayoutText {#text} at (0,0) size 35x13
      text run at (0,0) width 35: "ignore"
layer at (11,144) size 117x13
  LayoutBlockFlow {DIV} at (3,3) size 117x13
    LayoutText {#text} at (0,0) size 35x13
      text run at (0,0) width 35: "ignore"
layer at (11,163) size 117x13
  LayoutBlockFlow {DIV} at (3,3) size 117x13
    LayoutText {#text} at (0,0) size 35x13
      text run at (0,0) width 35: "ignore"
layer at (11,182) size 117x13
  LayoutBlockFlow {DIV} at (3,3) size 117x13
    LayoutText {#text} at (0,0) size 35x13
      text run at (0,0) width 35: "FINISH"
layer at (11,201) size 117x13
  LayoutBlockFlow {DIV} at (3,3) size 117x13
    LayoutText {#text} at (0,0) size 35x13
      text run at (0,0) width 35: "ignore"
layer at (11,220) size 117x13
  LayoutBlockFlow {DIV} at (3,3) size 117x13
    LayoutText {#text} at (0,0) size 35x13
      text run at (0,0) width 35: "ignore"
