layer at (0,0) size 800x600
  LayoutView at (0,0) size 800x600
layer at (0,0) size 800x111
  LayoutBlockFlow {HTML} at (0,0) size 800x111
    LayoutBlockFlow {BODY} at (8,16) size 784x87
      LayoutBlockFlow {P} at (0,0) size 784x18
        LayoutText {#text} at (0,0) size 552x18
          text run at (0,0) width 552: "First, use directional navigation to navigate the focus to the \"START\" text field below."
      LayoutBlockFlow {P} at (0,34) size 784x18
        LayoutText {#text} at (0,0) size 690x18
          text run at (0,0) width 690: "Test passes if navigating right moves the focus to the \"FINISH\" text field and not the disabled \"ignore\" one."
      LayoutBlockFlow {DIV} at (0,68) size 784x19
        LayoutTextControl {INPUT} at (0,0) size 123x19 [bgcolor=#FFFFFF] [border: (2px inset #EEEEEE)]
        LayoutText {#text} at (123,0) size 4x18
          text run at (123,0) width 4: " "
        LayoutTextControl {INPUT} at (127,0) size 123x19 [color=#545454] [bgcolor=#FFFFFF] [border: (2px inset #EEEEEE)]
        LayoutText {#text} at (250,0) size 4x18
          text run at (250,0) width 4: " "
        LayoutTextControl {INPUT} at (254,0) size 123x19 [bgcolor=#FFFFFF] [border: (2px inset #EEEEEE)]
        LayoutText {#text} at (0,0) size 0x0
layer at (11,87) size 117x13
  LayoutBlockFlow {DIV} at (3,3) size 117x13
    LayoutText {#text} at (0,0) size 35x13
      text run at (0,0) width 35: "START"
layer at (138,87) size 117x13
  LayoutBlockFlow {DIV} at (3,3) size 117x13
    LayoutText {#text} at (0,0) size 35x13
      text run at (0,0) width 35: "ignore"
layer at (265,87) size 117x13
  LayoutBlockFlow {DIV} at (3,3) size 117x13
    LayoutText {#text} at (0,0) size 35x13
      text run at (0,0) width 35: "FINISH"
