layer at (0,0) size 785x3424
  RenderView at (0,0) size 785x600
layer at (0,0) size 785x3424
  RenderBlock {HTML} at (0,0) size 785x3424
    RenderBody {BODY} at (8,21) size 769x3395
      RenderBlock {H1} at (0,0) size 769x37
        RenderText {#text} at (0,0) size 500x37
          text run at (0,0) width 500: "The Residual Style Master Test Case"
      RenderBlock (anonymous) at (0,58) size 769x18
        RenderText {#text} at (0,0) size 739x18
          text run at (0,0) width 364: "This test case illustrates some residual style tag examples. "
          text run at (364,0) width 375: "Unless otherwise noted, the behavior should match Firefox."
      RenderBlock {H2} at (0,95) size 769x28
        RenderText {#text} at (0,0) size 132x28
          text run at (0,0) width 132: "Passing Tags"
      RenderBlock {HR} at (0,142) size 769x2 [border: (1px inset #000000)]
      RenderBlock (anonymous) at (0,152) size 769x18
        RenderText {#text} at (0,0) size 20x18
          text run at (0,0) width 20: "A: "
        RenderInline {A} at (0,0) size 63x18
          RenderInline {FONT} at (0,0) size 63x18 [color=#008000]
            RenderText {#text} at (20,0) size 63x18
              text run at (20,0) width 63: "All of this"
        RenderInline {FONT} at (0,0) size 104x18 [color=#008000]
          RenderText {#text} at (83,0) size 104x18
            text run at (83,0) width 104: " should be green"
        RenderText {#text} at (0,0) size 0x0
      RenderBlock {HR} at (0,178) size 769x2 [border: (1px inset #000000)]
      RenderBlock (anonymous) at (0,188) size 769x18
        RenderText {#text} at (0,0) size 53x18
          text run at (0,0) width 53: "ABBR: "
        RenderInline {ABBR} at (0,0) size 63x18
          RenderInline {FONT} at (0,0) size 63x18 [color=#008000]
            RenderText {#text} at (53,0) size 63x18
              text run at (53,0) width 63: "All of this"
        RenderInline {FONT} at (0,0) size 104x18 [color=#008000]
          RenderText {#text} at (116,0) size 104x18
            text run at (116,0) width 104: " should be green"
        RenderText {#text} at (0,0) size 0x0
      RenderBlock {HR} at (0,214) size 769x2 [border: (1px inset #000000)]
      RenderBlock (anonymous) at (0,224) size 769x18
        RenderText {#text} at (0,0) size 92x18
          text run at (0,0) width 92: "ACRONYM: "
        RenderInline {ACRONYM} at (0,0) size 63x18
          RenderInline {FONT} at (0,0) size 63x18 [color=#008000]
            RenderText {#text} at (92,0) size 63x18
              text run at (92,0) width 63: "All of this"
        RenderInline {FONT} at (0,0) size 104x18 [color=#008000]
          RenderText {#text} at (155,0) size 104x18
            text run at (155,0) width 104: " should be green"
        RenderText {#text} at (0,0) size 0x0
      RenderBlock {HR} at (0,250) size 769x2 [border: (1px inset #000000)]
      RenderBlock (anonymous) at (0,260) size 769x18
        RenderText {#text} at (0,0) size 83x18
          text run at (0,0) width 83: "ADDRESS: "
        RenderInline {ADDRESS} at (0,0) size 63x18
          RenderInline {FONT} at (0,0) size 63x18 [color=#008000]
            RenderText {#text} at (83,0) size 63x18
              text run at (83,0) width 63: "All of this"
        RenderInline {FONT} at (0,0) size 104x18 [color=#008000]
          RenderText {#text} at (146,0) size 104x18
            text run at (146,0) width 104: " should be green"
        RenderText {#text} at (0,0) size 0x0
      RenderBlock {HR} at (0,286) size 769x2 [border: (1px inset #000000)]
      RenderBlock (anonymous) at (0,296) size 769x18
        RenderText {#text} at (0,0) size 68x18
          text run at (0,0) width 68: "APPLET: "
        RenderInline {FONT} at (0,0) size 171x18 [color=#008000]
          RenderText {#text} at (68,0) size 171x18
            text run at (68,0) width 171: "All of this should be green."
        RenderText {#text} at (0,0) size 0x0
      RenderBlock {HR} at (0,322) size 769x2 [border: (1px inset #000000)]
      RenderBlock (anonymous) at (0,332) size 769x18
        RenderText {#text} at (0,0) size 53x18
          text run at (0,0) width 53: "AREA: "
        RenderInline {MAP} at (0,0) size 0x18
          RenderInline {FONT} at (0,0) size 0x18 [color=#008000]
        RenderInline {FONT} at (0,0) size 171x18 [color=#008000]
          RenderText {#text} at (53,0) size 171x18
            text run at (53,0) width 171: "All of this should be green."
        RenderText {#text} at (0,0) size 0x0
      RenderBlock {HR} at (0,358) size 769x2 [border: (1px inset #000000)]
      RenderBlock (anonymous) at (0,368) size 769x18
        RenderText {#text} at (0,0) size 19x18
          text run at (0,0) width 19: "B: "
        RenderInline {B} at (0,0) size 0x18
          RenderInline {FONT} at (0,0) size 0x18 [color=#008000]
        RenderInline {FONT} at (0,0) size 171x18 [color=#008000]
          RenderText {#text} at (19,0) size 171x18
            text run at (19,0) width 171: "All of this should be green."
        RenderText {#text} at (0,0) size 0x0
      RenderBlock {HR} at (0,394) size 769x2 [border: (1px inset #000000)]
      RenderBlock (anonymous) at (0,404) size 769x18
        RenderText {#text} at (0,0) size 43x18
          text run at (0,0) width 43: "BDO: "
        RenderInline {BDO} at (0,0) size 0x18
          RenderInline {FONT} at (0,0) size 0x18 [color=#008000]
        RenderInline {FONT} at (0,0) size 171x18 [color=#008000]
          RenderText {#text} at (43,0) size 171x18
            text run at (43,0) width 171: "All of this should be green."
        RenderText {#text} at (0,0) size 0x0
      RenderBlock {HR} at (0,430) size 769x2 [border: (1px inset #000000)]
      RenderBlock (anonymous) at (0,440) size 769x22
        RenderText {#text} at (0,3) size 36x18
          text run at (0,3) width 36: "BIG: "
        RenderInline {BIG} at (0,0) size 0x22
          RenderInline {FONT} at (0,0) size 0x22 [color=#008000]
        RenderInline {FONT} at (0,0) size 171x18 [color=#008000]
          RenderText {#text} at (36,3) size 171x18
            text run at (36,3) width 171: "All of this should be green."
        RenderText {#text} at (0,0) size 0x0
      RenderBlock {HR} at (0,470) size 769x2 [border: (1px inset #000000)]
      RenderBlock (anonymous) at (0,480) size 769x18
        RenderText {#text} at (0,0) size 120x18
          text run at (0,0) width 120: "BLOCKQUOTE: "
        RenderInline {BLOCKQUOTE} at (0,0) size 0x18
          RenderInline {FONT} at (0,0) size 0x18 [color=#008000]
        RenderInline {FONT} at (0,0) size 171x18 [color=#008000]
          RenderText {#text} at (120,0) size 171x18
            text run at (120,0) width 171: "All of this should be green."
        RenderText {#text} at (0,0) size 0x0
      RenderBlock {HR} at (0,506) size 769x2 [border: (1px inset #000000)]
      RenderBlock (anonymous) at (0,516) size 769x18
        RenderText {#text} at (0,0) size 75x18
          text run at (0,0) width 75: "BUTTON: "
        RenderButton {BUTTON} at (75,8) size 4x6 [bgcolor=#C0C0C0] [border: (2px outset #C0C0C0)]
          RenderBlock (anonymous) at (2,2) size 6x2
            RenderInline {FONT} at (0,0) size 0x0 [color=#008000]
        RenderInline {FONT} at (0,0) size 171x18 [color=#008000]
          RenderText {#text} at (79,0) size 171x18
            text run at (79,0) width 171: "All of this should be green."
        RenderText {#text} at (0,0) size 0x0
      RenderBlock {HR} at (0,542) size 769x2 [border: (1px inset #000000)]
      RenderBlock (anonymous) at (0,552) size 769x18
        RenderText {#text} at (0,0) size 76x18
          text run at (0,0) width 76: "CANVAS: "
        RenderHTMLCanvas {CANVAS} at (76,14) size 0x0
        RenderInline {FONT} at (0,0) size 171x18 [color=#008000]
          RenderText {#text} at (76,0) size 171x18
            text run at (76,0) width 171: "All of this should be green."
        RenderText {#text} at (0,0) size 0x0
      RenderBlock {HR} at (0,578) size 769x2 [border: (1px inset #000000)]
      RenderBlock (anonymous) at (0,588) size 769x18
        RenderText {#text} at (0,0) size 79x18
          text run at (0,0) width 79: "CAPTION: "
        RenderInline {FONT} at (0,0) size 175x18 [color=#008000]
          RenderTable {TABLE} at (79,14) size 4x0
            RenderBlock {CAPTION} at (0,0) size 4x0
              RenderInline {FONT} at (0,0) size 0x0 [color=#FF0000]
          RenderText {#text} at (83,0) size 171x18
            text run at (83,0) width 171: "All of this should be green."
        RenderText {#text} at (0,0) size 0x0
      RenderBlock {HR} at (0,614) size 769x2 [border: (1px inset #000000)]
      RenderBlock (anonymous) at (0,624) size 769x18
        RenderText {#text} at (0,0) size 72x18
          text run at (0,0) width 72: "CENTER: "
        RenderInline {CENTER} at (0,0) size 0x18
          RenderInline {FONT} at (0,0) size 0x18 [color=#008000]
        RenderInline {FONT} at (0,0) size 171x18 [color=#008000]
          RenderText {#text} at (72,0) size 171x18
            text run at (72,0) width 171: "All of this should be green."
        RenderText {#text} at (0,0) size 0x0
      RenderBlock {HR} at (0,650) size 769x2 [border: (1px inset #000000)]
      RenderBlock (anonymous) at (0,660) size 769x18
        RenderText {#text} at (0,0) size 44x18
          text run at (0,0) width 44: "CITE: "
        RenderInline {CITE} at (0,0) size 0x18
          RenderInline {FONT} at (0,0) size 0x18 [color=#008000]
        RenderInline {FONT} at (0,0) size 171x18 [color=#008000]
          RenderText {#text} at (44,0) size 171x18
            text run at (44,0) width 171: "All of this should be green."
        RenderText {#text} at (0,0) size 0x0
      RenderBlock {HR} at (0,686) size 769x2 [border: (1px inset #000000)]
      RenderBlock (anonymous) at (0,696) size 769x18
        RenderText {#text} at (0,0) size 53x18
          text run at (0,0) width 53: "CODE: "
        RenderInline {CODE} at (0,0) size 0x15
          RenderInline {FONT} at (0,0) size 0x15 [color=#008000]
        RenderInline {FONT} at (0,0) size 171x18 [color=#008000]
          RenderText {#text} at (53,0) size 171x18
            text run at (53,0) width 171: "All of this should be green."
        RenderText {#text} at (0,0) size 0x0
      RenderBlock {HR} at (0,722) size 769x2 [border: (1px inset #000000)]
      RenderBlock (anonymous) at (0,732) size 769x18
        RenderText {#text} at (0,0) size 41x18
          text run at (0,0) width 41: "COL: "
        RenderInline {FONT} at (0,0) size 175x18 [color=#008000]
          RenderInline {FONT} at (0,0) size 0x18 [color=#FF0000]
          RenderTable {TABLE} at (41,12) size 4x2
            RenderTableCol {COL} at (0,0) size 0x0
            RenderTableSection {TBODY} at (0,0) size 4x2
          RenderText {#text} at (45,0) size 171x18
            text run at (45,0) width 171: "All of this should be green."
        RenderText {#text} at (0,0) size 0x0
      RenderBlock {HR} at (0,758) size 769x2 [border: (1px inset #000000)]
      RenderBlock (anonymous) at (0,768) size 769x18
        RenderText {#text} at (0,0) size 97x18
          text run at (0,0) width 97: "COLGROUP: "
        RenderInline {FONT} at (0,0) size 175x18 [color=#008000]
          RenderInline {FONT} at (0,0) size 0x18 [color=#FF0000]
          RenderTable {TABLE} at (97,12) size 4x2
            RenderTableCol {COLGROUP} at (0,0) size 0x0
            RenderTableSection {TBODY} at (0,0) size 4x2
          RenderText {#text} at (101,0) size 171x18
            text run at (101,0) width 171: "All of this should be green."
        RenderText {#text} at (0,0) size 0x0
      RenderBlock {HR} at (0,794) size 769x2 [border: (1px inset #000000)]
      RenderBlock (anonymous) at (0,804) size 769x18
        RenderText {#text} at (0,0) size 32x18
          text run at (0,0) width 32: "DD: "
        RenderInline {DL} at (0,0) size 0x18
          RenderInline {DD} at (0,0) size 0x18
            RenderInline {FONT} at (0,0) size 0x18 [color=#008000]
          RenderInline {FONT} at (0,0) size 0x18 [color=#008000]
        RenderInline {FONT} at (0,0) size 171x18 [color=#008000]
          RenderText {#text} at (32,0) size 171x18
            text run at (32,0) width 171: "All of this should be green."
        RenderText {#text} at (0,0) size 0x0
      RenderBlock {HR} at (0,830) size 769x2 [border: (1px inset #000000)]
      RenderBlock (anonymous) at (0,840) size 769x18
        RenderText {#text} at (0,0) size 40x18
          text run at (0,0) width 40: "DEL: "
        RenderInline {DEL} at (0,0) size 0x18
          RenderInline {FONT} at (0,0) size 0x18 [color=#008000]
        RenderInline {FONT} at (0,0) size 171x18 [color=#008000]
          RenderText {#text} at (40,0) size 171x18
            text run at (40,0) width 171: "All of this should be green."
        RenderText {#text} at (0,0) size 0x0
      RenderBlock {HR} at (0,866) size 769x2 [border: (1px inset #000000)]
      RenderBlock (anonymous) at (0,876) size 769x18
        RenderText {#text} at (0,0) size 41x18
          text run at (0,0) width 41: "DFN: "
        RenderInline {DFN} at (0,0) size 0x18
          RenderInline {FONT} at (0,0) size 0x18 [color=#008000]
        RenderInline {FONT} at (0,0) size 171x18 [color=#008000]
          RenderText {#text} at (41,0) size 171x18
            text run at (41,0) width 171: "All of this should be green."
        RenderText {#text} at (0,0) size 0x0
      RenderBlock {HR} at (0,902) size 769x2 [border: (1px inset #000000)]
      RenderBlock (anonymous) at (0,912) size 769x18
        RenderText {#text} at (0,0) size 36x18
          text run at (0,0) width 36: "DIR: "
        RenderInline {DIR} at (0,0) size 0x18
          RenderInline {FONT} at (0,0) size 0x18 [color=#008000]
        RenderInline {FONT} at (0,0) size 171x18 [color=#008000]
          RenderText {#text} at (36,0) size 171x18
            text run at (36,0) width 171: "All of this should be green."
        RenderText {#text} at (0,0) size 0x0
      RenderBlock {HR} at (0,938) size 769x2 [border: (1px inset #000000)]
      RenderBlock (anonymous) at (0,948) size 769x18
        RenderText {#text} at (0,0) size 37x18
          text run at (0,0) width 37: "DIV: "
        RenderInline {DIV} at (0,0) size 0x18
          RenderInline {FONT} at (0,0) size 0x18 [color=#008000]
        RenderInline {FONT} at (0,0) size 171x18 [color=#008000]
          RenderText {#text} at (37,0) size 171x18
            text run at (37,0) width 171: "All of this should be green."
        RenderText {#text} at (0,0) size 0x0
      RenderBlock {HR} at (0,974) size 769x2 [border: (1px inset #000000)]
      RenderBlock (anonymous) at (0,984) size 769x18
        RenderText {#text} at (0,0) size 30x18
          text run at (0,0) width 30: "DL: "
        RenderInline {DL} at (0,0) size 0x18
          RenderInline {FONT} at (0,0) size 0x18 [color=#008000]
        RenderInline {FONT} at (0,0) size 171x18 [color=#008000]
          RenderText {#text} at (30,0) size 171x18
            text run at (30,0) width 171: "All of this should be green."
        RenderText {#text} at (0,0) size 0x0
      RenderBlock {HR} at (0,1010) size 769x2 [border: (1px inset #000000)]
      RenderBlock (anonymous) at (0,1020) size 769x18
        RenderText {#text} at (0,0) size 30x18
          text run at (0,0) width 30: "DT: "
        RenderInline {DL} at (0,0) size 0x18
          RenderInline {DT} at (0,0) size 0x18
            RenderInline {FONT} at (0,0) size 0x18 [color=#008000]
          RenderInline {FONT} at (0,0) size 0x18 [color=#008000]
        RenderInline {FONT} at (0,0) size 171x18 [color=#008000]
          RenderText {#text} at (30,0) size 171x18
            text run at (30,0) width 171: "All of this should be green."
        RenderText {#text} at (0,0) size 0x0
      RenderBlock {HR} at (0,1046) size 769x2 [border: (1px inset #000000)]
      RenderBlock (anonymous) at (0,1056) size 769x18
        RenderText {#text} at (0,0) size 32x18
          text run at (0,0) width 32: "EM: "
        RenderInline {EM} at (0,0) size 0x18
          RenderInline {FONT} at (0,0) size 0x18 [color=#008000]
        RenderInline {FONT} at (0,0) size 171x18 [color=#008000]
          RenderText {#text} at (32,0) size 171x18
            text run at (32,0) width 171: "All of this should be green."
        RenderText {#text} at (0,0) size 0x0
      RenderBlock {HR} at (0,1082) size 769x2 [border: (1px inset #000000)]
      RenderBlock (anonymous) at (0,1092) size 769x18
        RenderText {#text} at (0,0) size 65x18
          text run at (0,0) width 65: "EMBED: "
        RenderPartObject {EMBED} at (65,14) size 0x0
        RenderInline {FONT} at (0,0) size 171x18 [color=#008000]
          RenderText {#text} at (65,0) size 171x18
            text run at (65,0) width 171: "All of this should be green."
        RenderText {#text} at (0,0) size 0x0
      RenderBlock {HR} at (0,1118) size 769x2 [border: (1px inset #000000)]
      RenderBlock (anonymous) at (0,1128) size 769x18
        RenderText {#text} at (0,0) size 83x18
          text run at (0,0) width 83: "FIELDSET: "
        RenderFieldSet {FIELDSET} at (83,14) size 0x0
          RenderInline {FONT} at (0,0) size 0x0 [color=#008000]
        RenderInline {FONT} at (0,0) size 171x18 [color=#008000]
          RenderText {#text} at (83,0) size 171x18
            text run at (83,0) width 171: "All of this should be green."
        RenderText {#text} at (0,0) size 0x0
      RenderBlock {HR} at (0,1154) size 769x2 [border: (1px inset #000000)]
      RenderBlock (anonymous) at (0,1164) size 769x18
        RenderText {#text} at (0,0) size 51x18
          text run at (0,0) width 51: "FONT: "
        RenderInline {FONT} at (0,0) size 0x18 [color=#008000]
          RenderInline {I} at (0,0) size 0x18
        RenderInline {I} at (0,0) size 171x18 [color=#008000]
          RenderText {#text} at (51,0) size 171x18
            text run at (51,0) width 171: "All of this should be green."
        RenderText {#text} at (0,0) size 0x0
      RenderBlock {HR} at (0,1190) size 769x2 [border: (1px inset #000000)]
      RenderBlock (anonymous) at (0,1200) size 769x18
        RenderText {#text} at (0,0) size 54x18
          text run at (0,0) width 54: "FORM: "
        RenderInline {FORM} at (0,0) size 0x18
          RenderInline {FONT} at (0,0) size 0x18 [color=#008000]
        RenderInline {FONT} at (0,0) size 171x18 [color=#008000]
          RenderText {#text} at (54,0) size 171x18
            text run at (54,0) width 171: "All of this should be green."
        RenderText {#text} at (0,0) size 0x0
      RenderBlock {HR} at (0,1226) size 769x2 [border: (1px inset #000000)]
      RenderBlock (anonymous) at (0,1236) size 769x18
        RenderText {#text} at (0,0) size 24x18
          text run at (0,0) width 24: "H1:"
      RenderBlock {H1} at (0,1275) size 769x0
        RenderInline {FONT} at (0,0) size 0x0 [color=#008000]
      RenderBlock (anonymous) at (0,1275) size 769x18
        RenderInline {FONT} at (0,0) size 171x18 [color=#008000]
          RenderText {#text} at (0,0) size 171x18
            text run at (0,0) width 171: "All of this should be green."
        RenderText {#text} at (0,0) size 0x0
      RenderBlock {HR} at (0,1301) size 769x2 [border: (1px inset #000000)]
      RenderBlock (anonymous) at (0,1311) size 769x18
        RenderText {#text} at (0,0) size 24x18
          text run at (0,0) width 24: "H2:"
      RenderBlock {H2} at (0,1348) size 769x0
        RenderInline {FONT} at (0,0) size 0x0 [color=#008000]
      RenderBlock (anonymous) at (0,1348) size 769x18
        RenderInline {FONT} at (0,0) size 171x18 [color=#008000]
          RenderText {#text} at (0,0) size 171x18
            text run at (0,0) width 171: "All of this should be green."
        RenderText {#text} at (0,0) size 0x0
      RenderBlock {HR} at (0,1374) size 769x2 [border: (1px inset #000000)]
      RenderBlock (anonymous) at (0,1384) size 769x18
        RenderText {#text} at (0,0) size 24x18
          text run at (0,0) width 24: "H3:"
      RenderBlock {H3} at (0,1420) size 769x0
        RenderInline {FONT} at (0,0) size 0x0 [color=#008000]
      RenderBlock (anonymous) at (0,1420) size 769x18
        RenderInline {FONT} at (0,0) size 171x18 [color=#008000]
          RenderText {#text} at (0,0) size 171x18
            text run at (0,0) width 171: "All of this should be green."
        RenderText {#text} at (0,0) size 0x0
      RenderBlock {HR} at (0,1446) size 769x2 [border: (1px inset #000000)]
      RenderBlock (anonymous) at (0,1456) size 769x18
        RenderText {#text} at (0,0) size 24x18
          text run at (0,0) width 24: "H4:"
      RenderBlock {H4} at (0,1495) size 769x0
        RenderInline {FONT} at (0,0) size 0x0 [color=#008000]
      RenderBlock (anonymous) at (0,1495) size 769x18
        RenderInline {FONT} at (0,0) size 171x18 [color=#008000]
          RenderText {#text} at (0,0) size 171x18
            text run at (0,0) width 171: "All of this should be green."
        RenderText {#text} at (0,0) size 0x0
      RenderBlock {HR} at (0,1521) size 769x2 [border: (1px inset #000000)]
      RenderBlock (anonymous) at (0,1531) size 769x18
        RenderText {#text} at (0,0) size 24x18
          text run at (0,0) width 24: "H5:"
      RenderBlock {H5} at (0,1571) size 769x0
        RenderInline {FONT} at (0,0) size 0x0 [color=#008000]
      RenderBlock (anonymous) at (0,1571) size 769x18
        RenderInline {FONT} at (0,0) size 171x18 [color=#008000]
          RenderText {#text} at (0,0) size 171x18
            text run at (0,0) width 171: "All of this should be green."
        RenderText {#text} at (0,0) size 0x0
      RenderBlock {HR} at (0,1597) size 769x2 [border: (1px inset #000000)]
      RenderBlock (anonymous) at (0,1607) size 769x18
        RenderText {#text} at (0,0) size 24x18
          text run at (0,0) width 24: "H6:"
      RenderBlock {H6} at (0,1649) size 769x0
        RenderInline {FONT} at (0,0) size 0x0 [color=#008000]
      RenderBlock (anonymous) at (0,1649) size 769x18
        RenderInline {FONT} at (0,0) size 171x18 [color=#008000]
          RenderText {#text} at (0,0) size 171x18
            text run at (0,0) width 171: "All of this should be green."
        RenderText {#text} at (0,0) size 0x0
      RenderBlock {HR} at (0,1675) size 769x2 [border: (1px inset #000000)]
      RenderBlock (anonymous) at (0,1685) size 769x18
        RenderText {#text} at (0,0) size 13x18
          text run at (0,0) width 13: "I: "
        RenderInline {I} at (0,0) size 0x18
          RenderInline {FONT} at (0,0) size 0x18 [color=#008000]
        RenderInline {FONT} at (0,0) size 171x18 [color=#008000]
          RenderText {#text} at (13,0) size 171x18
            text run at (13,0) width 171: "All of this should be green."
        RenderText {#text} at (0,0) size 0x0
      RenderBlock {HR} at (0,1711) size 769x2 [border: (1px inset #000000)]
      RenderBlock (anonymous) at (0,1721) size 769x18
        RenderText {#text} at (0,0) size 34x18
          text run at (0,0) width 34: "INS: "
        RenderInline {INS} at (0,0) size 0x18
          RenderInline {FONT} at (0,0) size 0x18 [color=#008000]
        RenderInline {FONT} at (0,0) size 171x18 [color=#008000]
          RenderText {#text} at (34,0) size 171x18
            text run at (34,0) width 171: "All of this should be green."
        RenderText {#text} at (0,0) size 0x0
      RenderBlock {HR} at (0,1747) size 769x2 [border: (1px inset #000000)]
      RenderBlock (anonymous) at (0,1757) size 769x18
        RenderText {#text} at (0,0) size 69x18
          text run at (0,0) width 69: "ISINDEX:"
        RenderInline {DIV} at (0,0) size 0x0
      RenderBlock (anonymous) at (0,1783) size 769x2
        RenderBlock {HR} at (0,0) size 769x2 [border: (1px inset #000000)]
      RenderBlock (anonymous) at (0,1793) size 769x23
        RenderInline {DIV} at (0,0) size 458x18
          RenderText {#text} at (0,2) size 322x18
            text run at (0,2) width 322: "This is a searchable index. Enter search keywords: "
          RenderTextControl {ISINDEX} at (324,2) size 132x19 [bgcolor=#FFFFFF] [border: (2px inset #000000)]
      RenderBlock (anonymous) at (0,1824) size 769x2
        RenderBlock {HR} at (0,0) size 769x2 [border: (1px inset #000000)]
      RenderBlock (anonymous) at (0,1834) size 769x18
        RenderInline {DIV} at (0,0) size 0x0
        RenderInline {FONT} at (0,0) size 171x18 [color=#008000]
          RenderText {#text} at (0,0) size 171x18
            text run at (0,0) width 171: "All of this should be green."
        RenderText {#text} at (0,0) size 0x0
      RenderBlock {HR} at (0,1860) size 769x2 [border: (1px inset #000000)]
      RenderBlock (anonymous) at (0,1870) size 769x18
        RenderText {#text} at (0,0) size 43x18
          text run at (0,0) width 43: "KBD: "
        RenderInline {KBD} at (0,0) size 0x15
          RenderInline {FONT} at (0,0) size 0x15 [color=#008000]
        RenderInline {FONT} at (0,0) size 171x18 [color=#008000]
          RenderText {#text} at (43,0) size 171x18
            text run at (43,0) width 171: "All of this should be green."
        RenderText {#text} at (0,0) size 0x0
      RenderBlock {HR} at (0,1896) size 769x2 [border: (1px inset #000000)]
      RenderBlock (anonymous) at (0,1906) size 769x19
        RenderText {#text} at (0,0) size 76x18
          text run at (0,0) width 76: "KEYGEN: "
        RenderMenuList {KEYGEN} at (76,1) size 148x18 [bgcolor=#FFFFFF]
          RenderBlock (anonymous) at (0,0) size 148x18
            RenderText at (8,2) size 99x13
              text run at (8,2) width 99: "2048 (High Grade)"
        RenderInline {FONT} at (0,0) size 171x18 [color=#008000]
          RenderText {#text} at (224,0) size 171x18
            text run at (224,0) width 171: "All of this should be green."
        RenderText {#text} at (0,0) size 0x0
      RenderBlock {HR} at (0,1933) size 769x2 [border: (1px inset #000000)]
      RenderBlock (anonymous) at (0,1943) size 769x18
        RenderText {#text} at (0,0) size 61x18
          text run at (0,0) width 61: "LABEL: "
        RenderInline {LABEL} at (0,0) size 0x18
          RenderInline {FONT} at (0,0) size 0x18 [color=#008000]
        RenderInline {FONT} at (0,0) size 171x18 [color=#008000]
          RenderText {#text} at (61,0) size 171x18
            text run at (61,0) width 171: "All of this should be green."
        RenderText {#text} at (0,0) size 0x0
      RenderBlock {HR} at (0,1969) size 769x2 [border: (1px inset #000000)]
      RenderBlock (anonymous) at (0,1979) size 769x18
        RenderText {#text} at (0,0) size 74x18
          text run at (0,0) width 74: "LEGEND: "
        RenderFieldSet {FIELDSET} at (74,14) size 4x0
          RenderLegend {LEGEND} at (0,0) size 4x0
            RenderInline {FONT} at (0,0) size 0x0 [color=#008000]
          RenderBlock (anonymous) at (0,0) size 4x0
            RenderInline {FONT} at (0,0) size 0x0 [color=#008000]
        RenderInline {FONT} at (0,0) size 171x18 [color=#008000]
          RenderText {#text} at (78,0) size 171x18
            text run at (78,0) width 171: "All of this should be green."
        RenderText {#text} at (0,0) size 0x0
      RenderBlock {HR} at (0,2005) size 769x2 [border: (1px inset #000000)]
      RenderBlock (anonymous) at (0,2015) size 769x18
        RenderText {#text} at (0,0) size 23x18
          text run at (0,0) width 23: "LI: "
        RenderInline {LI} at (0,0) size 0x18
          RenderInline {FONT} at (0,0) size 0x18 [color=#008000]
        RenderInline {FONT} at (0,0) size 171x18 [color=#008000]
          RenderText {#text} at (23,0) size 171x18
            text run at (23,0) width 171: "All of this should be green."
        RenderText {#text} at (0,0) size 0x0
      RenderBlock {HR} at (0,2041) size 769x2 [border: (1px inset #000000)]
      RenderBlock (anonymous) at (0,2051) size 769x18
        RenderText {#text} at (0,0) size 67x18
          text run at (0,0) width 67: "LISTING:"
      RenderBlock {LISTING} at (0,2082) size 769x0
        RenderInline {FONT} at (0,0) size 0x0 [color=#008000]
      RenderBlock (anonymous) at (0,2082) size 769x18
        RenderInline {FONT} at (0,0) size 171x18 [color=#008000]
          RenderText {#text} at (0,0) size 171x18
            text run at (0,0) width 171: "All of this should be green."
        RenderText {#text} at (0,0) size 0x0
      RenderBlock {HR} at (0,2108) size 769x2 [border: (1px inset #000000)]
      RenderBlock (anonymous) at (0,2118) size 769x18
        RenderText {#text} at (0,0) size 43x18
          text run at (0,0) width 43: "MAP: "
        RenderInline {MAP} at (0,0) size 0x18
          RenderInline {FONT} at (0,0) size 0x18 [color=#008000]
        RenderInline {FONT} at (0,0) size 171x18 [color=#008000]
          RenderText {#text} at (43,0) size 171x18
            text run at (43,0) width 171: "All of this should be green."
        RenderText {#text} at (0,0) size 0x0
      RenderBlock {HR} at (0,2144) size 769x2 [border: (1px inset #000000)]
      RenderBlock (anonymous) at (0,2154) size 769x54
        RenderText {#text} at (0,0) size 89x18
          text run at (0,0) width 89: "MARQUEE: "
        RenderInline {FONT} at (0,0) size 171x18 [color=#008000]
          RenderText {#text} at (0,36) size 171x18
            text run at (0,36) width 171: "All of this should be green."
        RenderText {#text} at (0,0) size 0x0
      RenderBlock {HR} at (0,2216) size 769x2 [border: (1px inset #000000)]
      RenderBlock (anonymous) at (0,2226) size 769x18
        RenderText {#text} at (0,0) size 52x18
          text run at (0,0) width 52: "MENU:"
      RenderBlock {MENU} at (0,2260) size 769x0
        RenderInline {FONT} at (0,0) size 0x0 [color=#008000]
      RenderBlock (anonymous) at (0,2260) size 769x18
        RenderInline {FONT} at (0,0) size 171x18 [color=#008000]
          RenderText {#text} at (0,0) size 171x18
            text run at (0,0) width 171: "All of this should be green."
        RenderText {#text} at (0,0) size 0x0
      RenderBlock {HR} at (0,2286) size 769x2 [border: (1px inset #000000)]
      RenderBlock (anonymous) at (0,2296) size 769x18
        RenderText {#text} at (0,0) size 54x18
          text run at (0,0) width 54: "NOBR: "
        RenderInline {NOBR} at (0,0) size 0x18
          RenderInline {FONT} at (0,0) size 0x18 [color=#008000]
        RenderInline {FONT} at (0,0) size 171x18 [color=#008000]
          RenderText {#text} at (54,0) size 171x18
            text run at (54,0) width 171: "All of this should be green."
        RenderText {#text} at (0,0) size 0x0
      RenderBlock {HR} at (0,2322) size 769x2 [border: (1px inset #000000)]
      RenderBlock (anonymous) at (0,2332) size 769x18
        RenderText {#text} at (0,0) size 68x18
          text run at (0,0) width 68: "OBJECT: "
        RenderInline {FONT} at (0,0) size 171x18 [color=#008000]
          RenderInline {OBJECT} at (0,0) size 0x18
            RenderInline {FONT} at (0,0) size 0x18 [color=#FF0000]
          RenderText {#text} at (68,0) size 171x18
            text run at (68,0) width 171: "All of this should be green."
        RenderText {#text} at (0,0) size 0x0
      RenderBlock {HR} at (0,2358) size 769x2 [border: (1px inset #000000)]
      RenderBlock (anonymous) at (0,2368) size 769x18
        RenderText {#text} at (0,0) size 26x18
          text run at (0,0) width 26: "OL:"
      RenderBlock {OL} at (0,2402) size 769x0
        RenderInline {FONT} at (0,0) size 0x0 [color=#008000]
      RenderBlock (anonymous) at (0,2402) size 769x18
        RenderInline {FONT} at (0,0) size 171x18 [color=#008000]
          RenderText {#text} at (0,0) size 171x18
            text run at (0,0) width 171: "All of this should be green."
        RenderText {#text} at (0,0) size 0x0
      RenderBlock {HR} at (0,2428) size 769x2 [border: (1px inset #000000)]
      RenderBlock (anonymous) at (0,2438) size 769x19
        RenderText {#text} at (0,0) size 95x18
          text run at (0,0) width 95: "OPTGROUP: "
        RenderInline {FONT} at (0,0) size 228x18 [color=#008000]
          RenderMenuList {SELECT} at (95,1) size 53x18 [color=#000000] [bgcolor=#FFFFFF]
            RenderBlock (anonymous) at (0,0) size 53x18
              RenderText at (8,2) size 22x13
                text run at (8,2) width 22: "One"
          RenderText {#text} at (148,0) size 175x18
            text run at (148,0) width 175: " All of this should be green."
        RenderText {#text} at (0,0) size 0x0
      RenderBlock {HR} at (0,2465) size 769x2 [border: (1px inset #000000)]
      RenderBlock (anonymous) at (0,2475) size 769x19
        RenderText {#text} at (0,0) size 68x18
          text run at (0,0) width 68: "OPTION: "
        RenderInline {FONT} at (0,0) size 229x18 [color=#008000]
          RenderMenuList {SELECT} at (68,1) size 54x18 [color=#000000] [bgcolor=#FFFFFF]
            RenderBlock (anonymous) at (0,0) size 54x18
              RenderText at (8,2) size 22x13
                text run at (8,2) width 22: "One"
          RenderText {#text} at (122,0) size 175x18
            text run at (122,0) width 175: " All of this should be green."
        RenderText {#text} at (0,0) size 0x0
      RenderBlock {HR} at (0,2502) size 769x2 [border: (1px inset #000000)]
      RenderBlock (anonymous) at (0,2512) size 769x18
        RenderText {#text} at (0,0) size 17x18
          text run at (0,0) width 17: "P: "
        RenderInline {P} at (0,0) size 0x18
          RenderInline {FONT} at (0,0) size 0x18 [color=#008000]
        RenderInline {FONT} at (0,0) size 171x18 [color=#008000]
          RenderText {#text} at (17,0) size 171x18
            text run at (17,0) width 171: "All of this should be green."
        RenderText {#text} at (0,0) size 0x0
      RenderBlock {HR} at (0,2538) size 769x2 [border: (1px inset #000000)]
      RenderBlock (anonymous) at (0,2548) size 769x18
        RenderText {#text} at (0,0) size 66x18
          text run at (0,0) width 66: "PARAM: "
        RenderInline {FONT} at (0,0) size 171x18 [color=#008000]
          RenderInline {OBJECT} at (0,0) size 0x18
            RenderInline {FONT} at (0,0) size 0x18 [color=#FF0000]
          RenderText {#text} at (66,0) size 171x18
            text run at (66,0) width 171: "All of this should be green."
        RenderText {#text} at (0,0) size 0x0
      RenderBlock {HR} at (0,2574) size 769x2 [border: (1px inset #000000)]
      RenderBlock (anonymous) at (0,2584) size 769x18
        RenderText {#text} at (0,0) size 34x18
          text run at (0,0) width 34: "PRE:"
      RenderBlock {PRE} at (0,2615) size 769x0
        RenderInline {FONT} at (0,0) size 0x0 [color=#008000]
      RenderBlock (anonymous) at (0,2615) size 769x18
        RenderInline {FONT} at (0,0) size 171x18 [color=#008000]
          RenderText {#text} at (0,0) size 171x18
            text run at (0,0) width 171: "All of this should be green."
        RenderText {#text} at (0,0) size 0x0
      RenderBlock {HR} at (0,2641) size 769x2 [border: (1px inset #000000)]
      RenderBlock (anonymous) at (0,2651) size 769x18
        RenderText {#text} at (0,0) size 20x18
          text run at (0,0) width 20: "Q: "
        RenderInline {Q} at (0,0) size 14x18
          RenderInline (generated) at (0,0) size 7x18
            RenderText at (20,0) size 7x18
              text run at (20,0) width 7: "\""
          RenderInline {FONT} at (0,0) size 0x18 [color=#008000]
          RenderInline (generated) at (0,0) size 7x18
            RenderText at (27,0) size 7x18
              text run at (27,0) width 7: "\""
        RenderInline {FONT} at (0,0) size 171x18 [color=#008000]
          RenderText {#text} at (34,0) size 171x18
            text run at (34,0) width 171: "All of this should be green."
        RenderText {#text} at (0,0) size 0x0
      RenderBlock {HR} at (0,2677) size 769x2 [border: (1px inset #000000)]
      RenderBlock (anonymous) at (0,2687) size 769x18
        RenderText {#text} at (0,0) size 17x18
          text run at (0,0) width 17: "S: "
        RenderInline {S} at (0,0) size 0x18
          RenderInline {FONT} at (0,0) size 0x18 [color=#008000]
        RenderInline {FONT} at (0,0) size 171x18 [color=#008000]
          RenderText {#text} at (17,0) size 171x18
            text run at (17,0) width 171: "All of this should be green."
        RenderText {#text} at (0,0) size 0x0
      RenderBlock {HR} at (0,2713) size 769x2 [border: (1px inset #000000)]
      RenderBlock (anonymous) at (0,2723) size 769x18
        RenderText {#text} at (0,0) size 52x18
          text run at (0,0) width 52: "SAMP: "
        RenderInline {SAMP} at (0,0) size 0x15
          RenderInline {FONT} at (0,0) size 0x15 [color=#008000]
        RenderInline {FONT} at (0,0) size 171x18 [color=#008000]
          RenderText {#text} at (52,0) size 171x18
            text run at (52,0) width 171: "All of this should be green."
        RenderText {#text} at (0,0) size 0x0
      RenderBlock {HR} at (0,2749) size 769x2 [border: (1px inset #000000)]
      RenderBlock (anonymous) at (0,2759) size 769x19
        RenderText {#text} at (0,0) size 68x18
          text run at (0,0) width 68: "SELECT: "
        RenderInline {FONT} at (0,0) size 207x18 [color=#008000]
          RenderMenuList {SELECT} at (68,1) size 36x18 [color=#000000] [bgcolor=#FFFFFF]
            RenderBlock (anonymous) at (0,0) size 36x18
              RenderBR at (8,2) size 0x13 [bgcolor=#FFFFFF]
          RenderText {#text} at (104,0) size 171x18
            text run at (104,0) width 171: "All of this should be green."
        RenderText {#text} at (0,0) size 0x0
      RenderBlock {HR} at (0,2786) size 769x2 [border: (1px inset #000000)]
      RenderBlock (anonymous) at (0,2796) size 769x18
        RenderText {#text} at (0,0) size 63x18
          text run at (0,0) width 63: "SMALL: "
        RenderInline {SMALL} at (0,0) size 0x15
          RenderInline {FONT} at (0,0) size 0x15 [color=#008000]
        RenderInline {FONT} at (0,0) size 171x18 [color=#008000]
          RenderText {#text} at (63,0) size 171x18
            text run at (63,0) width 171: "All of this should be green."
        RenderText {#text} at (0,0) size 0x0
      RenderBlock {HR} at (0,2822) size 769x2 [border: (1px inset #000000)]
      RenderBlock (anonymous) at (0,2832) size 769x18
        RenderText {#text} at (0,0) size 50x18
          text run at (0,0) width 50: "SPAN: "
        RenderInline {SPAN} at (0,0) size 0x18
          RenderInline {FONT} at (0,0) size 0x18 [color=#008000]
        RenderInline {FONT} at (0,0) size 171x18 [color=#008000]
          RenderText {#text} at (50,0) size 171x18
            text run at (50,0) width 171: "All of this should be green."
        RenderText {#text} at (0,0) size 0x0
      RenderBlock {HR} at (0,2858) size 769x2 [border: (1px inset #000000)]
      RenderBlock (anonymous) at (0,2868) size 769x18
        RenderText {#text} at (0,0) size 65x18
          text run at (0,0) width 65: "STRIKE: "
        RenderInline {STRIKE} at (0,0) size 0x18
          RenderInline {FONT} at (0,0) size 0x18 [color=#008000]
        RenderInline {FONT} at (0,0) size 171x18 [color=#008000]
          RenderText {#text} at (65,0) size 171x18
            text run at (65,0) width 171: "All of this should be green."
        RenderText {#text} at (0,0) size 0x0
      RenderBlock {HR} at (0,2894) size 769x2 [border: (1px inset #000000)]
      RenderBlock (anonymous) at (0,2904) size 769x18
        RenderText {#text} at (0,0) size 74x18
          text run at (0,0) width 74: "STRONG: "
        RenderInline {STRONG} at (0,0) size 0x18
          RenderInline {FONT} at (0,0) size 0x18 [color=#008000]
        RenderInline {FONT} at (0,0) size 171x18 [color=#008000]
          RenderText {#text} at (74,0) size 171x18
            text run at (74,0) width 171: "All of this should be green."
        RenderText {#text} at (0,0) size 0x0
      RenderBlock {HR} at (0,2930) size 769x2 [border: (1px inset #000000)]
      RenderBlock (anonymous) at (0,2940) size 769x21
        RenderText {#text} at (0,0) size 40x18
          text run at (0,0) width 40: "SUB: "
        RenderInline {SUB} at (0,0) size 0x15
          RenderInline {FONT} at (0,0) size 0x15 [color=#008000]
        RenderInline {FONT} at (0,0) size 171x18 [color=#008000]
          RenderText {#text} at (40,0) size 171x18
            text run at (40,0) width 171: "All of this should be green."
        RenderText {#text} at (0,0) size 0x0
      RenderBlock {HR} at (0,2969) size 769x2 [border: (1px inset #000000)]
      RenderBlock (anonymous) at (0,2979) size 769x22
        RenderText {#text} at (0,4) size 38x18
          text run at (0,4) width 38: "SUP: "
        RenderInline {SUP} at (0,0) size 0x15
          RenderInline {FONT} at (0,0) size 0x15 [color=#008000]
        RenderInline {FONT} at (0,0) size 171x18 [color=#008000]
          RenderText {#text} at (38,4) size 171x18
            text run at (38,4) width 171: "All of this should be green."
        RenderText {#text} at (0,0) size 0x0
      RenderBlock {HR} at (0,3009) size 769x2 [border: (1px inset #000000)]
      RenderBlock (anonymous) at (0,3019) size 769x18
        RenderText {#text} at (0,0) size 61x18
          text run at (0,0) width 61: "TABLE: "
        RenderInline {FONT} at (0,0) size 175x18 [color=#008000]
          RenderInline {FONT} at (0,0) size 0x18 [color=#FF0000]
          RenderTable {TABLE} at (61,12) size 4x2
            RenderTableSection {TBODY} at (0,0) size 4x2
          RenderText {#text} at (65,0) size 171x18
            text run at (65,0) width 171: "All of this should be green."
        RenderText {#text} at (0,0) size 0x0
      RenderBlock {HR} at (0,3045) size 769x2 [border: (1px inset #000000)]
      RenderBlock (anonymous) at (0,3055) size 769x18
        RenderText {#text} at (0,0) size 65x18
          text run at (0,0) width 65: "TBODY: "
        RenderInline {FONT} at (0,0) size 175x18 [color=#008000]
          RenderInline {FONT} at (0,0) size 0x18
          RenderTable {TABLE} at (65,12) size 4x2
            RenderTableSection {TBODY} at (0,0) size 4x2
          RenderText {#text} at (69,0) size 171x18
            text run at (69,0) width 171: "All of this should be green."
        RenderText {#text} at (0,0) size 0x0
      RenderBlock {HR} at (0,3081) size 769x2 [border: (1px inset #000000)]
      RenderBlock (anonymous) at (0,3091) size 769x18
        RenderText {#text} at (0,0) size 30x18
          text run at (0,0) width 30: "TD: "
        RenderInline {FONT} at (0,0) size 177x18 [color=#008000]
          RenderTable {TABLE} at (30,8) size 6x6
            RenderTableSection {TBODY} at (0,0) size 6x6
              RenderTableRow {TR} at (0,2) size 6x2
                RenderTableCell {TD} at (2,2) size 2x2 [r=0 c=0 rs=1 cs=1]
                  RenderInline {FONT} at (0,0) size 0x0 [color=#FF0000]
          RenderText {#text} at (36,0) size 171x18
            text run at (36,0) width 171: "All of this should be green."
        RenderText {#text} at (0,0) size 0x0
      RenderBlock {HR} at (0,3117) size 769x2 [border: (1px inset #000000)]
      RenderBlock (anonymous) at (0,3127) size 769x18
        RenderText {#text} at (0,0) size 61x18
          text run at (0,0) width 61: "TFOOT: "
        RenderInline {FONT} at (0,0) size 175x18 [color=#008000]
          RenderInline {FONT} at (0,0) size 0x18
          RenderTable {TABLE} at (61,12) size 4x2
            RenderTableSection {TFOOT} at (0,0) size 4x2
          RenderText {#text} at (65,0) size 171x18
            text run at (65,0) width 171: "All of this should be green."
        RenderText {#text} at (0,0) size 0x0
      RenderBlock {HR} at (0,3153) size 769x2 [border: (1px inset #000000)]
      RenderBlock (anonymous) at (0,3163) size 769x18
        RenderText {#text} at (0,0) size 64x18
          text run at (0,0) width 64: "THEAD: "
        RenderInline {FONT} at (0,0) size 175x18 [color=#008000]
          RenderInline {FONT} at (0,0) size 0x18
          RenderTable {TABLE} at (64,12) size 4x2
            RenderTableSection {THEAD} at (0,0) size 4x2
          RenderText {#text} at (68,0) size 171x18
            text run at (68,0) width 171: "All of this should be green."
        RenderText {#text} at (0,0) size 0x0
      RenderBlock {HR} at (0,3189) size 769x2 [border: (1px inset #000000)]
      RenderBlock (anonymous) at (0,3199) size 769x18
        RenderText {#text} at (0,0) size 29x18
          text run at (0,0) width 29: "TR: "
        RenderInline {FONT} at (0,0) size 175x18 [color=#008000]
          RenderInline {FONT} at (0,0) size 0x18
          RenderTable {TABLE} at (29,10) size 4x4
            RenderTableSection {TBODY} at (0,0) size 4x4
              RenderTableRow {TR} at (0,2) size 4x0
          RenderText {#text} at (33,0) size 171x18
            text run at (33,0) width 171: "All of this should be green."
        RenderText {#text} at (0,0) size 0x0
      RenderBlock {HR} at (0,3225) size 769x2 [border: (1px inset #000000)]
      RenderBlock (anonymous) at (0,3235) size 769x18
        RenderText {#text} at (0,0) size 28x18
          text run at (0,0) width 28: "TT: "
        RenderInline {TT} at (0,0) size 0x15
          RenderInline {FONT} at (0,0) size 0x15 [color=#008000]
        RenderInline {FONT} at (0,0) size 171x18 [color=#008000]
          RenderText {#text} at (28,0) size 171x18
            text run at (28,0) width 171: "All of this should be green."
        RenderText {#text} at (0,0) size 0x0
      RenderBlock {HR} at (0,3261) size 769x2 [border: (1px inset #000000)]
      RenderBlock (anonymous) at (0,3271) size 769x18
        RenderText {#text} at (0,0) size 20x18
          text run at (0,0) width 20: "U: "
        RenderInline {U} at (0,0) size 0x18
          RenderInline {FONT} at (0,0) size 0x18 [color=#008000]
        RenderInline {FONT} at (0,0) size 171x18 [color=#008000]
          RenderText {#text} at (20,0) size 171x18
            text run at (20,0) width 171: "All of this should be green."
        RenderText {#text} at (0,0) size 0x0
      RenderBlock {HR} at (0,3297) size 769x2 [border: (1px inset #000000)]
      RenderBlock (anonymous) at (0,3307) size 769x18
        RenderText {#text} at (0,0) size 26x18
          text run at (0,0) width 26: "UL:"
      RenderBlock {UL} at (0,3341) size 769x0
        RenderInline {FONT} at (0,0) size 0x0 [color=#008000]
      RenderBlock (anonymous) at (0,3341) size 769x18
        RenderInline {FONT} at (0,0) size 171x18 [color=#008000]
          RenderText {#text} at (0,0) size 171x18
            text run at (0,0) width 171: "All of this should be green."
        RenderText {#text} at (0,0) size 0x0
      RenderBlock {HR} at (0,3367) size 769x2 [border: (1px inset #000000)]
      RenderBlock (anonymous) at (0,3377) size 769x18
        RenderText {#text} at (0,0) size 43x18
          text run at (0,0) width 43: "VAR: "
        RenderInline {VAR} at (0,0) size 0x18
          RenderInline {FONT} at (0,0) size 0x18 [color=#008000]
        RenderInline {FONT} at (0,0) size 171x18 [color=#008000]
          RenderText {#text} at (43,0) size 171x18
            text run at (43,0) width 171: "All of this should be green."
        RenderText {#text} at (0,0) size 0x0
layer at (335,1819) size 126x13
  RenderBlock {DIV} at (3,3) size 126x13
