layer at (0,0) size 800x600
  RenderView at (0,0) size 800x600
layer at (0,0) size 800x94
  RenderBlock {HTML} at (0,0) size 800x94
    RenderBody {BODY} at (8,16) size 784x70
      RenderBlock {P} at (0,0) size 784x18
        RenderText {#text} at (0,0) size 292x18
          text run at (0,0) width 292: "The following two lines should look the same:"
      RenderBlock {DIV} at (0,34) size 784x18
        RenderInline {SPAN} at (0,0) size 8x18
          RenderInline (generated) at (0,0) size 8x18
            RenderCounter at (0,0) size 8x18
              text run at (0,0) width 8: "\x{10D0}"
        RenderText {#text} at (8,0) size 4x18
          text run at (8,0) width 4: " "
        RenderInline {SPAN} at (0,0) size 10x18
          RenderInline (generated) at (0,0) size 10x18
            RenderCounter at (12,0) size 10x18
              text run at (12,0) width 10: "\x{10D1}"
        RenderText {#text} at (22,0) size 4x18
          text run at (22,0) width 4: " "
        RenderInline {SPAN} at (0,0) size 10x18
          RenderInline (generated) at (0,0) size 10x18
            RenderCounter at (26,0) size 10x18
              text run at (26,0) width 10: "\x{10D2}"
        RenderText {#text} at (36,0) size 4x18
          text run at (36,0) width 4: " "
        RenderInline {SPAN} at (0,0) size 15x18
          RenderInline (generated) at (0,0) size 15x18
            RenderCounter at (40,0) size 15x18
              text run at (40,0) width 15: "\x{10D3}"
        RenderText {#text} at (55,0) size 4x18
          text run at (55,0) width 4: " "
        RenderInline {SPAN} at (0,0) size 9x18
          RenderInline (generated) at (0,0) size 9x18
            RenderCounter at (59,0) size 9x18
              text run at (59,0) width 9: "\x{10D4}"
        RenderText {#text} at (68,0) size 4x18
          text run at (68,0) width 4: " "
        RenderInline {SPAN} at (0,0) size 10x18
          RenderInline (generated) at (0,0) size 10x18
            RenderCounter at (72,0) size 10x18
              text run at (72,0) width 10: "\x{10D5}"
        RenderText {#text} at (82,0) size 4x18
          text run at (82,0) width 4: " "
        RenderInline {SPAN} at (0,0) size 12x18
          RenderInline (generated) at (0,0) size 12x18
            RenderCounter at (86,0) size 12x18
              text run at (86,0) width 12: "\x{10D6}"
        RenderText {#text} at (98,0) size 4x18
          text run at (98,0) width 4: " "
        RenderInline {SPAN} at (0,0) size 11x18
          RenderInline (generated) at (0,0) size 11x18
            RenderCounter at (102,0) size 11x18
              text run at (102,0) width 11: "\x{10F1}"
        RenderText {#text} at (113,0) size 4x18
          text run at (113,0) width 4: " "
        RenderInline {SPAN} at (0,0) size 15x18
          RenderInline (generated) at (0,0) size 15x18
            RenderCounter at (117,0) size 15x18
              text run at (117,0) width 15: "\x{10D7}"
        RenderText {#text} at (132,0) size 4x18
          text run at (132,0) width 4: " "
        RenderInline {SPAN} at (0,0) size 9x18
          RenderInline (generated) at (0,0) size 9x18
            RenderCounter at (136,0) size 9x18
              text run at (136,0) width 9: "\x{10D8}"
        RenderText {#text} at (145,0) size 4x18
          text run at (145,0) width 4: " "
        RenderInline {SPAN} at (0,0) size 17x18
          RenderInline (generated) at (0,0) size 17x18
            RenderCounter at (149,0) size 17x18
              text run at (149,0) width 17: "\x{10D8}\x{10D0}"
        RenderText {#text} at (166,0) size 4x18
          text run at (166,0) width 4: " "
        RenderInline {SPAN} at (0,0) size 19x18
          RenderInline (generated) at (0,0) size 19x18
            RenderCounter at (170,0) size 19x18
              text run at (170,0) width 19: "\x{10D8}\x{10D1}"
        RenderText {#text} at (189,0) size 4x18
          text run at (189,0) width 4: " "
        RenderInline {SPAN} at (0,0) size 9x18
          RenderInline (generated) at (0,0) size 9x18
            RenderCounter at (193,0) size 9x18
              text run at (193,0) width 9: "\x{10D9}"
        RenderText {#text} at (202,0) size 4x18
          text run at (202,0) width 4: " "
        RenderInline {SPAN} at (0,0) size 16x18
          RenderInline (generated) at (0,0) size 16x18
            RenderCounter at (206,0) size 16x18
              text run at (206,0) width 16: "\x{10DA}"
        RenderText {#text} at (222,0) size 4x18
          text run at (222,0) width 4: " "
        RenderInline {SPAN} at (0,0) size 10x18
          RenderInline (generated) at (0,0) size 10x18
            RenderCounter at (226,0) size 10x18
              text run at (226,0) width 10: "\x{10DB}"
        RenderText {#text} at (236,0) size 4x18
          text run at (236,0) width 4: " "
        RenderInline {SPAN} at (0,0) size 10x18
          RenderInline (generated) at (0,0) size 10x18
            RenderCounter at (240,0) size 10x18
              text run at (240,0) width 10: "\x{10DC}"
        RenderText {#text} at (250,0) size 4x18
          text run at (250,0) width 4: " "
        RenderInline {SPAN} at (0,0) size 10x18
          RenderInline (generated) at (0,0) size 10x18
            RenderCounter at (254,0) size 10x18
              text run at (254,0) width 10: "\x{10F2}"
        RenderText {#text} at (264,0) size 4x18
          text run at (264,0) width 4: " "
        RenderInline {SPAN} at (0,0) size 12x18
          RenderInline (generated) at (0,0) size 12x18
            RenderCounter at (268,0) size 12x18
              text run at (268,0) width 12: "\x{10DD}"
        RenderText {#text} at (280,0) size 4x18
          text run at (280,0) width 4: " "
        RenderInline {SPAN} at (0,0) size 10x18
          RenderInline (generated) at (0,0) size 10x18
            RenderCounter at (284,0) size 10x18
              text run at (284,0) width 10: "\x{10DE}"
        RenderText {#text} at (294,0) size 4x18
          text run at (294,0) width 4: " "
        RenderInline {SPAN} at (0,0) size 10x18
          RenderInline (generated) at (0,0) size 10x18
            RenderCounter at (298,0) size 10x18
              text run at (298,0) width 10: "\x{10DF}"
        RenderText {#text} at (308,0) size 4x18
          text run at (308,0) width 4: " "
        RenderInline {SPAN} at (0,0) size 12x18
          RenderInline (generated) at (0,0) size 12x18
            RenderCounter at (312,0) size 12x18
              text run at (312,0) width 12: "\x{10E0}"
        RenderText {#text} at (324,0) size 4x18
          text run at (324,0) width 4: " "
        RenderInline {SPAN} at (0,0) size 10x18
          RenderInline (generated) at (0,0) size 10x18
            RenderCounter at (328,0) size 10x18
              text run at (328,0) width 10: "\x{10E1}"
        RenderText {#text} at (338,0) size 4x18
          text run at (338,0) width 4: " "
        RenderInline {SPAN} at (0,0) size 14x18
          RenderInline (generated) at (0,0) size 14x18
            RenderCounter at (342,0) size 14x18
              text run at (342,0) width 14: "\x{10E2}"
        RenderText {#text} at (356,0) size 4x18
          text run at (356,0) width 4: " "
        RenderInline {SPAN} at (0,0) size 9x18
          RenderInline (generated) at (0,0) size 9x18
            RenderCounter at (360,0) size 9x18
              text run at (360,0) width 9: "\x{10F3}"
        RenderText {#text} at (369,0) size 4x18
          text run at (369,0) width 4: " "
        RenderInline {SPAN} at (0,0) size 13x18
          RenderInline (generated) at (0,0) size 13x18
            RenderCounter at (373,0) size 13x18
              text run at (373,0) width 13: "\x{10E4}"
        RenderText {#text} at (386,0) size 4x18
          text run at (386,0) width 4: " "
        RenderInline {SPAN} at (0,0) size 9x18
          RenderInline (generated) at (0,0) size 9x18
            RenderCounter at (390,0) size 9x18
              text run at (390,0) width 9: "\x{10E5}"
        RenderText {#text} at (399,0) size 4x18
          text run at (399,0) width 4: " "
        RenderInline {SPAN} at (0,0) size 12x18
          RenderInline (generated) at (0,0) size 12x18
            RenderCounter at (403,0) size 12x18
              text run at (403,0) width 12: "\x{10E6}"
        RenderText {#text} at (415,0) size 4x18
          text run at (415,0) width 4: " "
        RenderInline {SPAN} at (0,0) size 9x18
          RenderInline (generated) at (0,0) size 9x18
            RenderCounter at (419,0) size 9x18
              text run at (419,0) width 9: "\x{10E7}"
        RenderText {#text} at (428,0) size 4x18
          text run at (428,0) width 4: " "
        RenderInline {SPAN} at (0,0) size 10x18
          RenderInline (generated) at (0,0) size 10x18
            RenderCounter at (432,0) size 10x18
              text run at (432,0) width 10: "\x{10E8}"
        RenderText {#text} at (442,0) size 4x18
          text run at (442,0) width 4: " "
        RenderInline {SPAN} at (0,0) size 9x18
          RenderInline (generated) at (0,0) size 9x18
            RenderCounter at (446,0) size 9x18
              text run at (446,0) width 9: "\x{10E9}"
        RenderText {#text} at (455,0) size 4x18
          text run at (455,0) width 4: " "
        RenderInline {SPAN} at (0,0) size 10x18
          RenderInline (generated) at (0,0) size 10x18
            RenderCounter at (459,0) size 10x18
              text run at (459,0) width 10: "\x{10EA}"
        RenderText {#text} at (469,0) size 4x18
          text run at (469,0) width 4: " "
        RenderInline {SPAN} at (0,0) size 10x18
          RenderInline (generated) at (0,0) size 10x18
            RenderCounter at (473,0) size 10x18
              text run at (473,0) width 10: "\x{10EB}"
        RenderText {#text} at (483,0) size 4x18
          text run at (483,0) width 4: " "
        RenderInline {SPAN} at (0,0) size 10x18
          RenderInline (generated) at (0,0) size 10x18
            RenderCounter at (487,0) size 10x18
              text run at (487,0) width 10: "\x{10EC}"
        RenderText {#text} at (497,0) size 4x18
          text run at (497,0) width 4: " "
        RenderInline {SPAN} at (0,0) size 10x18
          RenderInline (generated) at (0,0) size 10x18
            RenderCounter at (501,0) size 10x18
              text run at (501,0) width 10: "\x{10ED}"
        RenderText {#text} at (511,0) size 4x18
          text run at (511,0) width 4: " "
        RenderInline {SPAN} at (0,0) size 10x18
          RenderInline (generated) at (0,0) size 10x18
            RenderCounter at (515,0) size 10x18
              text run at (515,0) width 10: "\x{10EE}"
        RenderText {#text} at (525,0) size 4x18
          text run at (525,0) width 4: " "
        RenderInline {SPAN} at (0,0) size 9x18
          RenderInline (generated) at (0,0) size 9x18
            RenderCounter at (529,0) size 9x18
              text run at (529,0) width 9: "\x{10F4}"
        RenderText {#text} at (538,0) size 4x18
          text run at (538,0) width 4: " "
        RenderInline {SPAN} at (0,0) size 13x18
          RenderInline (generated) at (0,0) size 13x18
            RenderCounter at (542,0) size 13x18
              text run at (542,0) width 13: "\x{10EF}"
        RenderText {#text} at (555,0) size 4x18
          text run at (555,0) width 4: " "
        RenderInline {SPAN} at (0,0) size 10x18
          RenderInline (generated) at (0,0) size 10x18
            RenderCounter at (559,0) size 10x18
              text run at (559,0) width 10: "\x{10F0}"
        RenderText {#text} at (569,0) size 4x18
          text run at (569,0) width 4: " "
        RenderInline {SPAN} at (0,0) size 10x18
          RenderInline (generated) at (0,0) size 10x18
            RenderCounter at (573,0) size 10x18
              text run at (573,0) width 10: "\x{10F5}"
        RenderText {#text} at (583,0) size 4x18
          text run at (583,0) width 4: " "
        RenderInline {SPAN} at (0,0) size 55x18
          RenderInline (generated) at (0,0) size 55x18
            RenderCounter at (587,0) size 55x18
              text run at (587,0) width 55: "\x{10F5}\x{10F0}\x{10E8}\x{10DF}\x{10D7}"
        RenderText {#text} at (0,0) size 0x0
      RenderBlock {DIV} at (0,52) size 784x18
        RenderText {#text} at (0,0) size 642x18
          text run at (0,0) width 12: "\x{10D0} "
          text run at (12,0) width 14: "\x{10D1} "
          text run at (26,0) width 14: "\x{10D2} "
          text run at (40,0) width 19: "\x{10D3} "
          text run at (59,0) width 13: "\x{10D4} "
          text run at (72,0) width 14: "\x{10D5} "
          text run at (86,0) width 16: "\x{10D6} "
          text run at (102,0) width 15: "\x{10F1} "
          text run at (117,0) width 19: "\x{10D7} "
          text run at (136,0) width 13: "\x{10D8} "
          text run at (149,0) width 21: "\x{10D8}\x{10D0} "
          text run at (170,0) width 23: "\x{10D8}\x{10D1} "
          text run at (193,0) width 13: "\x{10D9} "
          text run at (206,0) width 20: "\x{10DA} "
          text run at (226,0) width 14: "\x{10DB} "
          text run at (240,0) width 14: "\x{10DC} "
          text run at (254,0) width 14: "\x{10F2} "
          text run at (268,0) width 16: "\x{10DD} "
          text run at (284,0) width 14: "\x{10DE} "
          text run at (298,0) width 14: "\x{10DF} "
          text run at (312,0) width 16: "\x{10E0} "
          text run at (328,0) width 14: "\x{10E1} "
          text run at (342,0) width 18: "\x{10E2} "
          text run at (360,0) width 13: "\x{10F3} "
          text run at (373,0) width 17: "\x{10E4} "
          text run at (390,0) width 13: "\x{10E5} "
          text run at (403,0) width 16: "\x{10E6} "
          text run at (419,0) width 13: "\x{10E7} "
          text run at (432,0) width 14: "\x{10E8} "
          text run at (446,0) width 13: "\x{10E9} "
          text run at (459,0) width 14: "\x{10EA} "
          text run at (473,0) width 14: "\x{10EB} "
          text run at (487,0) width 14: "\x{10EC} "
          text run at (501,0) width 14: "\x{10ED} "
          text run at (515,0) width 14: "\x{10EE} "
          text run at (529,0) width 13: "\x{10F4} "
          text run at (542,0) width 17: "\x{10EF} "
          text run at (559,0) width 14: "\x{10F0} "
          text run at (573,0) width 14: "\x{10F5} "
          text run at (587,0) width 55: "\x{10F5}\x{10F0}\x{10E8}\x{10DF}\x{10D7}"
