layer at (0,0) size 800x600
  RenderView at (0,0) size 800x600
layer at (0,0) size 800x600
  RenderBlock {HTML} at (0,0) size 800x600
    RenderBody {BODY} at (8,8) size 784x584
      RenderBlock (anonymous) at (0,0) size 784x19
        RenderInline {LABEL} at (0,0) size 174x18
          RenderText {#text} at (0,0) size 44x18
            text run at (0,0) width 44: "Label: "
          RenderTextControl {INPUT} at (44,0) size 130x19 [bgcolor=#FFFFFF] [border: (2px inset #000000)]
        RenderText {#text} at (0,0) size 0x0
      RenderBlock {DIV} at (0,19) size 784x18
        RenderText {#text} at (0,0) size 181x18
          text run at (0,0) width 181: "THIS TEST HAS PASSED"
layer at (54,11) size 126x13
  RenderBlock {DIV} at (2,3) size 126x13
caret: position 0 of child 0 {DIV} of child 1 {INPUT} of child 1 {LABEL} of child 0 {BODY} of child 0 {HTML} of document
