layer at (0,0) size 800x600
  LayoutView at (0,0) size 800x600
layer at (0,0) size 800x600
  LayoutBlockFlow {HTML} at (0,0) size 800x600
    LayoutBlockFlow {BODY} at (8,8) size 784x584
      LayoutText {#text} at (200,186) size 4x18
        text run at (200,186) width 4: " "
      LayoutText {#text} at (204,186) size 52x18
        text run at (204,186) width 52: "183 316"
layer at (8,8) size 200x200 clip at (9,9) size 183x198 scrollHeight 316
  LayoutTextControl {TEXTAREA} at (0,0) size 200x200 [bgcolor=#FFFFFF] [border: (1px solid #000000)]
    LayoutBlockFlow {DIV} at (3,3) size 179x312
      LayoutText {#text} at (0,0) size 78x299
        text run at (0,0) width 78: "Lots of content."
        text run at (77,0) width 1: " "
        text run at (0,13) width 78: "Lots of content."
        text run at (77,13) width 1: " "
        text run at (0,26) width 78: "Lots of content."
        text run at (77,26) width 1: " "
        text run at (0,39) width 78: "Lots of content."
        text run at (77,39) width 1: " "
        text run at (0,52) width 0: " "
        text run at (0,65) width 78: "Lots of content."
        text run at (77,65) width 1: " "
        text run at (0,78) width 78: "Lots of content."
        text run at (77,78) width 1: " "
        text run at (0,91) width 0: " "
        text run at (0,104) width 78: "Lots of content."
        text run at (77,104) width 1: " "
        text run at (0,117) width 78: "Lots of content."
        text run at (77,117) width 1: " "
        text run at (0,130) width 0: " "
        text run at (0,143) width 78: "Lots of content."
        text run at (77,143) width 1: " "
        text run at (0,156) width 78: "Lots of content."
        text run at (77,156) width 1: " "
        text run at (0,169) width 0: " "
        text run at (0,182) width 78: "Lots of content."
        text run at (77,182) width 1: " "
        text run at (0,195) width 78: "Lots of content."
        text run at (77,195) width 1: " "
        text run at (0,208) width 0: " "
        text run at (0,221) width 78: "Lots of content."
        text run at (77,221) width 1: " "
        text run at (0,234) width 78: "Lots of content."
        text run at (77,234) width 1: " "
        text run at (0,247) width 0: " "
        text run at (0,260) width 78: "Lots of content."
        text run at (77,260) width 1: " "
        text run at (0,273) width 78: "Lots of content."
        text run at (77,273) width 1: " "
        text run at (0,286) width 0: " "
      LayoutBR {BR} at (0,299) size 0x13
