layer at (0,0) size 800x600
  LayoutView at (0,0) size 800x600
layer at (0,0) size 800x84
  LayoutBlockFlow {html} at (0,0) size 800x84
    LayoutBlockFlow {body} at (8,13) size 784x58
      LayoutBlockFlow {p} at (0,0) size 784x30
        LayoutInline {span} at (0,0) size 492x15 [color=#C0C0C0]
          LayoutText {#text} at (0,0) size 492x15
            text run at (0,0) width 492: "This is filler text. This is filler text. This is filler text. "
        LayoutText {#text} at (491,0) size 102x15
          text run at (491,0) width 102: "The test has "
        LayoutText {#text} at (639,0) size 17x15
          text run at (639,0) width 17: ". "
        LayoutInline {span} at (0,0) size 765x30 [color=#C0C0C0]
          LayoutText {#text} at (655,0) size 765x30
            text run at (655,0) width 110: "This is filler"
            text run at (0,15) width 367: "text. This is filler text. This is filler text."
        LayoutText {#text} at (0,0) size 0x0
      LayoutBlockFlow {p} at (0,43) size 784x15
        LayoutText {#text} at (0,0) size 367x15
          text run at (0,0) width 367: "There should be no red after resizing viewport."
layer at (8,13) size 48x15
  LayoutInline (relative positioned) {span} at (0,0) size 48x15
    LayoutInline {span} at (0,0) size 48x15 [color=#FFFF00] [bgcolor=#FF0000]
      LayoutText {#text} at (592,0) size 48x15
        text run at (592,0) width 48: "FAILED"
layer at (601,13) size 47x15
  LayoutBlockFlow (positioned) {span} at (0,0) size 46.81x15 [color=#FFFFFF] [bgcolor=#008000]
    LayoutText {#text} at (0,0) size 47x15
      text run at (0,0) width 47: "PASSED"
