layer at (0,0) size 800x600 clip at (0,0) size 785x600 scrollHeight 3094
  LayoutView at (0,0) size 800x600
layer at (0,0) size 785x3094 backgroundClip at (0,0) size 785x600 clip at (0,0) size 785x600
  LayoutBlockFlow {html} at (0,0) size 785x3094
    LayoutBlockFlow {body} at (8,16) size 769x3070
      LayoutBlockFlow {p} at (0,0) size 769x54
        LayoutText {#text} at (0,0) size 732x54
          text run at (0,0) width 698: "Test passes if there is no red, if the blue stripe is just as wide and just as tall as its text and if the blue stripe is"
          text run at (0,18) width 732: "completely shifted below the orange line. Also when scrolling, the blue stripe must stay at its same position on the"
          text run at (0,36) width 223: "screen, all other content can scroll."
      LayoutBlockFlow {div} at (0,70) size 769x3000
        LayoutBlockFlow {div} at (0,0) size 769x6 [bgcolor=#FF0000] [border: (3px solid #FFA500)]
layer at (96,168) size 78x18
  LayoutBlockFlow (positioned) {div} at (96,168) size 77.53x18 [color=#FFFFFF] [bgcolor=#0000FF]
    LayoutText {#text} at (0,0) size 78x18
      text run at (0,0) width 78: "Text sample"
