layer at (0,0) size 800x600 clip at (0,0) size 785x600 scrollHeight 2522
  LayoutView at (0,0) size 800x600
layer at (0,0) size 785x600
  LayoutBlockFlow {html} at (0,0) size 785x600
    LayoutBlockFlow {body} at (8,16) size 769x600
      LayoutBlockFlow {p} at (0,0) size 769x18
        LayoutText {#text} at (0,0) size 380x18
          text run at (0,0) width 380: "PREREQUISITE: Switch to print preview or a paged view."
      LayoutBlockFlow {p} at (0,34) size 769x18
        LayoutText {#text} at (0,0) size 492x18
          text run at (0,0) width 492: "Test passes if the \"Filler Text\" is on all five pages when paginated or printed."
      LayoutBlockFlow {div} at (0,68) size 769x18
        LayoutText {#text} at (0,0) size 67x18
          text run at (0,0) width 67: "Filler Text"
      LayoutBlockFlow {div} at (10,96) size 749x2400
