layer at (0,0) size 800x600
  LayoutView at (0,0) size 800x600
layer at (0,0) size 800x97
  LayoutBlockFlow {html} at (0,0) size 800x97
    LayoutBlockFlow {body} at (8,16) size 784x73
      LayoutBlockFlow {p} at (0,0) size 784x18
        LayoutText {#text} at (0,0) size 408x18
          text run at (0,0) width 408: "Test passes if the box can be scrolled to the words \"Filler Text\"."
layer at (8,50) size 206x39 clip at (11,53) size 185x18 scrollWidth 267
  LayoutBlockFlow {div} at (0,34) size 206x39 [border: (3px solid #000000)]
    LayoutText {#text} at (0,0) size 0x0
layer at (208,50) size 67x18 backgroundClip at (11,53) size 185x18 clip at (11,53) size 185x18
  LayoutInline (relative positioned) {span} at (0,0) size 67x18
    LayoutText {#text} at (3,3) size 67x18
      text run at (3,3) width 67: "Filler Text"
