layer at (0,0) size 800x600
  LayoutView at (0,0) size 800x600
layer at (0,0) size 800x103
  LayoutBlockFlow {HTML} at (0,0) size 800x103
    LayoutBlockFlow {BODY} at (8,16) size 784x79
      LayoutBlockFlow {P} at (0,0) size 784x20
        LayoutText {#text} at (0,0) size 307x19
          text run at (0,0) width 307: "Test passes if content of the input area is selected"
      LayoutBlockFlow (anonymous) at (0,36) size 784x43
        LayoutText {#text} at (0,0) size 0x0
layer at (8,52) size 181x38 clip at (9,53) size 179x36
  LayoutTextControl {TEXTAREA} at (0,0) size 181x38 [bgcolor=#FFFFFF] [border: (1px solid #A9A9A9)]
    LayoutBlockFlow {DIV} at (3,3) size 175x16
      LayoutText {#text} at (0,0) size 56x16
        text run at (0,0) width 56: "1234567"
selection start: position 0 of child 0 {#text} of child 0 {DIV} of {#document-fragment} of child 2 {TEXTAREA} of body
selection end:   position 7 of child 0 {#text} of child 0 {DIV} of {#document-fragment} of child 2 {TEXTAREA} of body
