layer at (0,0) size 800x600
  LayoutView at (0,0) size 800x600
layer at (0,0) size 800x171
  LayoutBlockFlow {HTML} at (0,0) size 800x171
    LayoutBlockFlow {BODY} at (8,8) size 784x155
      LayoutText {#text} at (0,0) size 0x0
layer at (8,8) size 300x150
  LayoutVideo {VIDEO} at (0,0) size 300x150
layer at (8,8) size 300x150
  LayoutFlexibleBox (relative positioned) {DIV} at (0,0) size 300x150
    LayoutFlexibleBox {DIV} at (0,0) size 300x150
layer at (8,8) size 300x150
  LayoutFlexibleBox {DIV} at (0,0) size 300x150
    LayoutSlider {INPUT} at (16,131) size 268x2 [color=#C4C4C4]
      LayoutFlexibleBox {DIV} at (0,0) size 268x2
layer at (8,8) size 300x134 clip at (10,10) size 296x130
  LayoutButton {INPUT} at (0,0) size 300x134 [border: (2px outset #C0C0C0)]
    LayoutFlexibleBox (anonymous) at (8,39) size 284x56
      LayoutBlockFlow {DIV} at (114,0) size 56x56 [bgcolor=#FFFFFFE6]
layer at (8,102) size 300x32
  LayoutFlexibleBox (relative positioned) {DIV} at (0,94) size 300x32
    LayoutButton {INPUT} at (226,0) size 32x32
    LayoutButton {INPUT} at (258,0) size 32x32
layer at (24,104) size 28x30 transparent
  LayoutBlockFlow {DIV} at (16,2) size 28x30
    LayoutText {#text} at (0,7) size 28x16
      text run at (0,7) width 28: "0:07"
layer at (56,104) size 178x30 transparent
  LayoutBlockFlow {DIV} at (48,2) size 178x30
    LayoutText {#text} at (0,7) size 36x16
      text run at (0,7) width 36: "/ 0:07"
layer at (24,139) size 268x2
  LayoutBlockFlow (relative positioned) {DIV} at (0,0) size 268x2 [bgcolor=#00000033]
    LayoutBlockFlow {DIV} at (258,-4) size 10x10 [bgcolor=#000000DE]
layer at (24,139) size 268x0
  LayoutBlockFlow (positioned) {DIV} at (0,0) size 268x0
layer at (292,139) size 0x2
  LayoutBlockFlow (positioned) {DIV} at (268,0) size 0x2 [bgcolor=#0000008A]
layer at (24,139) size 268x2
  LayoutBlockFlow (positioned) {DIV} at (0,0) size 268x2 [bgcolor=#000000DE]
