layer at (0,0) size 800x600
  LayoutView at (0,0) size 800x600
layer at (0,0) size 800x84
  LayoutBlockFlow {HTML} at (0,0) size 800x84
    LayoutBlockFlow {BODY} at (8,16) size 784x52
      LayoutBlockFlow {P} at (0,0) size 784x18
        LayoutText {#text} at (0,0) size 374x18
          text run at (0,0) width 374: "Clear all Geolocation permissions before running this test."
      LayoutBlockFlow {P} at (0,34) size 784x18
        LayoutText {#text} at (0,0) size 394x18
          text run at (0,0) width 394: "Test passes if there is a permission prompt including the host "
        LayoutInline {STRONG} at (0,0) size 123x18
          LayoutText {#text} at (393,0) size 123x18
            text run at (393,0) width 123: "web-platform.test"
        LayoutText {#text} at (515,0) size 90x18
          text run at (515,0) width 90: " and no FAIL."
      LayoutBlockFlow {DIV} at (0,68) size 784x0
