layer at (0,0) size 800x600
  LayoutView at (0,0) size 800x600
layer at (0,0) size 800x145
  LayoutBlockFlow {html} at (0,0) size 800x145
    LayoutBlockFlow {body} at (55,16) size 737x105 [bgcolor=#FFFFFF]
      LayoutBlockFlow {p} at (8,0) size 721x60
        LayoutText {#text} at (0,0) size 333x19
          text run at (0,0) width 333: "Check or uncheck as many checkboxes as you want."
        LayoutBR {br} at (333,0) size 0x19
        LayoutText {#text} at (0,20) size 302x19
          text run at (0,20) width 302: "Test passes if the orange rectangle is always just"
        LayoutBR {br} at (301,20) size 1x19
        LayoutText {#text} at (0,40) size 314x19
          text run at (0,40) width 314: "tall enough to contain the tallest black square in it."
      LayoutBlockFlow {div} at (0,84) size 737x0 [bgcolor=#FFA500]
      LayoutBlockFlow {p} at (8,84) size 721x21
        LayoutBlockFlow {input} at (4,3) size 13x13
        LayoutBlockFlow {input} at (24,3) size 13x13
        LayoutBlockFlow {input} at (44,3) size 13x13
        LayoutBlockFlow {input} at (64,3) size 13x13
        LayoutBlockFlow {input} at (84,3) size 13x13
        LayoutBlockFlow {input} at (104,3) size 13x13
        LayoutBlockFlow {input} at (124,3) size 13x13
