layer at (0,0) size 800x600
  LayoutView at (0,0) size 800x600
layer at (0,0) size 800x237
  LayoutBlockFlow {HTML} at (0,0) size 800x236.63
    LayoutBlockFlow {BODY} at (8,19.91) size 784x208.72
      LayoutBlockFlow {H2} at (0,0) size 784x28
        LayoutText {#text} at (0,0) size 63x28
          text run at (0,0) width 63: "Steps:"
      LayoutBlockFlow {OL} at (0,47.91) size 784x18
        LayoutListItem {LI} at (40,0) size 744x18
          LayoutListMarker (anonymous) at (-16,0) size 16x18: "1"
          LayoutText {#text} at (0,0) size 333x18
            text run at (0,0) width 333: "Click the 'Start' button to start the marquee element."
      LayoutBlockFlow {H2} at (0,85.81) size 784x28
        LayoutText {#text} at (0,0) size 167x28
          text run at (0,0) width 167: "Expected result:"
      LayoutBlockFlow {UL} at (0,133.72) size 784x18
        LayoutListItem {LI} at (40,0) size 744x18
          LayoutListMarker (anonymous) at (-17,0) size 7x18: bullet
          LayoutText {#text} at (0,0) size 461x18
            text run at (0,0) width 461: "The text \"Test Marquee\" start to move when the 'Start' button is clicked."
      LayoutBlockFlow (anonymous) at (0,167.72) size 784x41
        LayoutButton {INPUT} at (0,1) size 41.27x18 [bgcolor=#FFFFFF]
          LayoutBlockFlow (anonymous) at (8,2) size 25.27x13
            LayoutText {#text} at (0,0) size 26x13
              text run at (0,0) width 26: "Start"
        LayoutText {#text} at (41,0) size 5x18
          text run at (41,0) width 5: " "
        LayoutText {#text} at (0,0) size 0x0
layer at (8,207) size 784x18
  LayoutBlockFlow {MARQUEE} at (0,19) size 784x18
layer at (8,207) size 784x18
  LayoutBlockFlow {DIV} at (0,0) size 784x18
    LayoutText {#text} at (0,0) size 88x18
      text run at (0,0) width 88: "Test Marquee"
