layer at (0,0) size 800x600
  LayoutView at (0,0) size 800x600
layer at (0,0) size 800x80
  LayoutBlockFlow {HTML} at (0,0) size 800x80
    LayoutBlockFlow {BODY} at (8,16) size 784x56
      LayoutBlockFlow {P} at (0,0) size 784x18
        LayoutText {#text} at (0,0) size 417x18
          text run at (0,0) width 417: "Test passes if the text \"Test Marquee\" moves from top to bottom."
      LayoutBlockFlow (anonymous) at (0,34) size 784x22
        LayoutText {#text} at (0,0) size 0x0
layer at (8,50) size 784x18
  LayoutBlockFlow {MARQUEE} at (0,0) size 784x18
layer at (8,50) size 784x18
  LayoutBlockFlow {DIV} at (0,0) size 784x18
    LayoutText {#text} at (0,0) size 88x18
      text run at (0,0) width 88: "Test Marquee"
