layer at (0,0) size 800x600
  LayoutView at (0,0) size 800x600
layer at (0,0) size 800x102
  LayoutBlockFlow {HTML} at (0,0) size 800x102
    LayoutBlockFlow {BODY} at (8,16) size 784x78
      LayoutBlockFlow {P} at (0,0) size 784x18
        LayoutText {#text} at (0,0) size 412x18
          text run at (0,0) width 412: "Test passes if the text \"Test2\" moves faster than the text \"Test1\"."
      LayoutBlockFlow (anonymous) at (0,34) size 784x44
        LayoutText {#text} at (0,0) size 0x0
        LayoutText {#text} at (0,0) size 0x0
layer at (8,50) size 784x18
  LayoutBlockFlow {MARQUEE} at (0,0) size 784x18
layer at (8,72) size 784x18
  LayoutBlockFlow {MARQUEE} at (0,22) size 784x18
layer at (8,50) size 784x18
  LayoutBlockFlow {DIV} at (0,0) size 784x18
    LayoutText {#text} at (0,0) size 35x18
      text run at (0,0) width 35: "Test1"
layer at (8,72) size 784x18
  LayoutBlockFlow {DIV} at (0,0) size 784x18
    LayoutText {#text} at (0,0) size 35x18
      text run at (0,0) width 35: "Test2"
