layer at (0,0) size 800x600 clip at (0,0) size 785x600 scrollHeight 900
  LayoutView at (0,0) size 800x600
layer at (0,0) size 785x600
  LayoutBlockFlow {HTML} at (0,0) size 785x600
    LayoutFlexibleBox {BODY} at (0,0) size 785x600
      LayoutBlockFlow {DIV} at (0,0) size 785x450
        LayoutText {#text} at (0,0) size 492x18
          text run at (0,0) width 428: "Enter print preview. You should not see red or the word fail on the "
          text run at (427,0) width 65: "first page."
      LayoutBlockFlow {DIV} at (0,450) size 785x450
        LayoutText {#text} at (0,0) size 35x18
          text run at (0,0) width 35: "FAIL"
