layer at (0,0) size 800x600
  LayoutView at (0,0) size 800x600
layer at (0,0) size 800x167
  LayoutBlockFlow {HTML} at (0,0) size 800x166.53
    LayoutBlockFlow {BODY} at (8,21.27) size 784x137.27
      LayoutBlockFlow {H4} at (0,0) size 784x18
        LayoutText {#text} at (0,0) size 679x18
          text run at (0,0) width 455: "Enter fullscreen or print preview. You should not see the word fail "
          text run at (454,0) width 225: "on the first page after doing that."
      LayoutFlexibleBox {DIV} at (0,39.27) size 322x98 [border: (1px solid #FFFFFF)]
        LayoutBlockFlow {P} at (1,1) size 320x32 [bgcolor=#FFFFFF]
        LayoutBlockFlow {P} at (1,33) size 320x32 [bgcolor=#FFFFFF]
        LayoutBlockFlow {P} at (1,65) size 320x32 [bgcolor=#FFFFFF]
          LayoutText {#text} at (0,0) size 22x18
            text run at (0,0) width 22: "fail"
