layer at (0,0) size 800x600
  LayoutView at (0,0) size 800x600
layer at (0,0) size 800x172
  LayoutBlockFlow {HTML} at (0,0) size 800x172
    LayoutBlockFlow {BODY} at (8,8) size 784x84
      LayoutFlexibleBox {DIV} at (0,0) size 784x32
        LayoutBlockFlow {SPAN} at (0,0) size 16x32 [bgcolor=#FFFF00]
          LayoutText {#text} at (0,0) size 8x18
            text run at (0,0) width 8: "x"
        LayoutBlockFlow {SPAN} at (16,0) size 16x32 [bgcolor=#FFFF00]
          LayoutText {#text} at (0,0) size 8x18
            text run at (0,0) width 8: "x"
        LayoutBlockFlow {SPAN} at (32,0) size 16x32 [bgcolor=#FFFF00]
          LayoutText {#text} at (0,0) size 8x18
            text run at (0,0) width 8: "x"
        LayoutBlockFlow {SPAN} at (48,0) size 16x32 [bgcolor=#FFFF00]
          LayoutText {#text} at (0,0) size 8x18
            text run at (0,0) width 8: "x"
        LayoutBlockFlow {SPAN} at (64,0) size 16x32 [bgcolor=#FFFF00]
          LayoutText {#text} at (0,0) size 8x18
            text run at (0,0) width 8: "x"
        LayoutBlockFlow {SPAN} at (80,0) size 16x32 [bgcolor=#FFFF00]
          LayoutText {#text} at (0,0) size 8x18
            text run at (0,0) width 8: "x"
        LayoutBlockFlow {SPAN} at (96,0) size 16x32 [bgcolor=#FFFF00]
          LayoutText {#text} at (0,0) size 8x18
            text run at (0,0) width 8: "x"
        LayoutBlockFlow {SPAN} at (112,0) size 16x32 [bgcolor=#FFFF00]
          LayoutText {#text} at (0,0) size 8x18
            text run at (0,0) width 8: "x"
        LayoutBlockFlow {SPAN} at (128,0) size 16x32 [bgcolor=#3366CC]
          LayoutText {#text} at (0,0) size 8x18
            text run at (0,0) width 8: "x"
        LayoutBlockFlow {SPAN} at (144,0) size 16x32 [bgcolor=#FFFF00]
          LayoutText {#text} at (0,0) size 8x18
            text run at (0,0) width 8: "x"
      LayoutBlockFlow {P} at (0,48) size 784x36
        LayoutText {#text} at (0,0) size 765x36
          text run at (0,0) width 765: "Verify that the box above looks exactly like the first of the boxes below. Then hover the box above and leave the mouse"
          text run at (0,18) width 745: "there for 1+ seconds. After the specified time, the box above should look exactly like the second of the boxes below."
      LayoutBlockFlow (floating) {DIV} at (16,116) size 160x32
        LayoutBlockFlow (floating) {SPAN} at (0,0) size 16x32 [bgcolor=#FFFF00]
          LayoutText {#text} at (0,0) size 8x18
            text run at (0,0) width 8: "x"
        LayoutBlockFlow (floating) {SPAN} at (16,0) size 16x32 [bgcolor=#FFFF00]
          LayoutText {#text} at (0,0) size 8x18
            text run at (0,0) width 8: "x"
        LayoutBlockFlow (floating) {SPAN} at (32,0) size 16x32 [bgcolor=#FFFF00]
          LayoutText {#text} at (0,0) size 8x18
            text run at (0,0) width 8: "x"
        LayoutBlockFlow (floating) {SPAN} at (48,0) size 16x32 [bgcolor=#FFFF00]
          LayoutText {#text} at (0,0) size 8x18
            text run at (0,0) width 8: "x"
        LayoutBlockFlow (floating) {SPAN} at (64,0) size 16x32 [bgcolor=#FFFF00]
          LayoutText {#text} at (0,0) size 8x18
            text run at (0,0) width 8: "x"
        LayoutBlockFlow (floating) {SPAN} at (80,0) size 16x32 [bgcolor=#FFFF00]
          LayoutText {#text} at (0,0) size 8x18
            text run at (0,0) width 8: "x"
        LayoutBlockFlow (floating) {SPAN} at (96,0) size 16x32 [bgcolor=#FFFF00]
          LayoutText {#text} at (0,0) size 8x18
            text run at (0,0) width 8: "x"
        LayoutBlockFlow (floating) {SPAN} at (112,0) size 16x32 [bgcolor=#FFFF00]
          LayoutText {#text} at (0,0) size 8x18
            text run at (0,0) width 8: "x"
        LayoutBlockFlow (floating) {SPAN} at (128,0) size 16x32 [bgcolor=#3366CC]
          LayoutText {#text} at (0,0) size 8x18
            text run at (0,0) width 8: "x"
        LayoutBlockFlow (floating) {SPAN} at (144,0) size 16x32 [bgcolor=#FFFF00]
          LayoutText {#text} at (0,0) size 8x18
            text run at (0,0) width 8: "x"
      LayoutBlockFlow (floating) {DIV} at (208,116) size 160x32
        LayoutBlockFlow (floating) {SPAN} at (0,0) size 16x32 [bgcolor=#3366CC]
          LayoutText {#text} at (0,0) size 8x18
            text run at (0,0) width 8: "x"
        LayoutBlockFlow (floating) {SPAN} at (16,0) size 16x32 [bgcolor=#FFFF00]
          LayoutText {#text} at (0,0) size 8x18
            text run at (0,0) width 8: "x"
        LayoutBlockFlow (floating) {SPAN} at (32,0) size 16x32 [bgcolor=#FFFF00]
          LayoutText {#text} at (0,0) size 8x18
            text run at (0,0) width 8: "x"
        LayoutBlockFlow (floating) {SPAN} at (48,0) size 16x32 [bgcolor=#FFFF00]
          LayoutText {#text} at (0,0) size 8x18
            text run at (0,0) width 8: "x"
        LayoutBlockFlow (floating) {SPAN} at (64,0) size 16x32 [bgcolor=#FFFF00]
          LayoutText {#text} at (0,0) size 8x18
            text run at (0,0) width 8: "x"
        LayoutBlockFlow (floating) {SPAN} at (80,0) size 16x32 [bgcolor=#FFFF00]
          LayoutText {#text} at (0,0) size 8x18
            text run at (0,0) width 8: "x"
        LayoutBlockFlow (floating) {SPAN} at (96,0) size 16x32 [bgcolor=#FFFF00]
          LayoutText {#text} at (0,0) size 8x18
            text run at (0,0) width 8: "x"
        LayoutBlockFlow (floating) {SPAN} at (112,0) size 16x32 [bgcolor=#FFFF00]
          LayoutText {#text} at (0,0) size 8x18
            text run at (0,0) width 8: "x"
        LayoutBlockFlow (floating) {SPAN} at (128,0) size 16x32 [bgcolor=#FFFF00]
          LayoutText {#text} at (0,0) size 8x18
            text run at (0,0) width 8: "x"
        LayoutBlockFlow (floating) {SPAN} at (144,0) size 16x32 [bgcolor=#FFFF00]
          LayoutText {#text} at (0,0) size 8x18
            text run at (0,0) width 8: "x"
