layer at (0,0) size 800x600
  LayoutView at (0,0) size 800x600
layer at (0,0) size 800x103
  LayoutBlockFlow {HTML} at (0,0) size 800x102.53
    LayoutBlockFlow {BODY} at (8,21.27) size 784x73.27
      LayoutBlockFlow {H4} at (0,0) size 784x18
        LayoutText {#text} at (0,0) size 782x18
          text run at (0,0) width 431: "There should not be any red anytime. Enter fullscreen or print "
          text run at (430,0) width 352: "preview. You should not see the word fail after that."
      LayoutFlexibleBox {DIV} at (0,39.27) size 322x34 [bgcolor=#FF0000] [border: (1px solid #FFFFFF)]
        LayoutBlockFlow {P} at (1,1) size 320x32 [bgcolor=#FFFFFF]
          LayoutText {#text} at (0,0) size 22x18
            text run at (0,0) width 22: "fail"
