layer at (0,0) size 800x600
  LayoutView at (0,0) size 800x600
layer at (0,0) size 800x192
  LayoutBlockFlow {HTML} at (0,0) size 800x192.41
    LayoutBlockFlow {BODY} at (8,21.27) size 784x149.70
      LayoutBlockFlow {H4} at (0,0) size 784x36
        LayoutText {#text} at (0,0) size 747x36
          text run at (0,0) width 426: "There should not be any red on the first page either onload, in "
          text run at (425,0) width 322: "print preview, or fullscreen. Enter fullscreen or"
          text run at (0,18) width 100: "print preview. "
          text run at (99,18) width 291: "You should not see the word fail after that."
      LayoutFlexibleBox {DIV} at (0,57.27) size 322x34 [bgcolor=#FF0000] [border: (1px solid #FFFFFF)]
        LayoutBlockFlow {P} at (1,1) size 320x32 [bgcolor=#FFFFFF]
      LayoutBlockFlow {H1} at (0,112.70) size 784x37
        LayoutText {#text} at (0,0) size 45x37
          text run at (0,0) width 45: "fail"
